[    0.000000] Initializing cgroup subsys cpuset
[    0.000000] Initializing cgroup subsys cpu
[    0.000000] Initializing cgroup subsys cpuacct
[    0.000000] Linux version 3.13.0-35-generic (buildd@panlong) (gcc version 4.8.2 (Ubuntu 4.8.2-19ubuntu1) ) #62-Ubuntu SMP Fri Aug 15 01:58:42 UTC 2014 (Ubuntu 3.13.0-35.62-generic 3.13.11.6)
[    0.000000] Command line: BOOT_IMAGE=/boot/vmlinuz-3.13.0-35-generic.efi.signed root=UUID=f54f0253-3e5a-4046-afe7-62f154b956d9 ro splash quiet crashkernel=384M-:128M vt.handoff=7 pci=noacpi
[    0.000000] KERNEL supported cpus:
[    0.000000]   Intel GenuineIntel
[    0.000000]   AMD AuthenticAMD
[    0.000000]   Centaur CentaurHauls
[    0.000000] e820: BIOS-provided physical RAM map:
[    0.000000] BIOS-e820: [mem 0x0000000000000000-0x000000000009efff] usable
[    0.000000] BIOS-e820: [mem 0x000000000009f000-0x000000000009ffff] reserved
[    0.000000] BIOS-e820: [mem 0x0000000000100000-0x000000001fffffff] usable
[    0.000000] BIOS-e820: [mem 0x0000000020000000-0x00000000201fffff] reserved
[    0.000000] BIOS-e820: [mem 0x0000000020200000-0x0000000040003fff] usable
[    0.000000] BIOS-e820: [mem 0x0000000040004000-0x0000000040004fff] reserved
[    0.000000] BIOS-e820: [mem 0x0000000040005000-0x000000007dfddfff] usable
[    0.000000] BIOS-e820: [mem 0x000000007dfde000-0x000000007e302fff] reserved
[    0.000000] BIOS-e820: [mem 0x000000007e303000-0x000000007e312fff] ACPI data
[    0.000000] BIOS-e820: [mem 0x000000007e313000-0x000000007e428fff] ACPI NVS
[    0.000000] BIOS-e820: [mem 0x000000007e429000-0x000000007e60afff] reserved
[    0.000000] BIOS-e820: [mem 0x000000007e60b000-0x000000007e69bfff] type 20
[    0.000000] BIOS-e820: [mem 0x000000007e69c000-0x000000007e69cfff] usable
[    0.000000] BIOS-e820: [mem 0x000000007e69d000-0x000000007e6dffff] ACPI NVS
[    0.000000] BIOS-e820: [mem 0x000000007e6e0000-0x000000007effffff] usable
[    0.000000] BIOS-e820: [mem 0x000000007f800000-0x000000009f9fffff] reserved
[    0.000000] BIOS-e820: [mem 0x00000000f8000000-0x00000000fbffffff] reserved
[    0.000000] BIOS-e820: [mem 0x00000000fec00000-0x00000000fec00fff] reserved
[    0.000000] BIOS-e820: [mem 0x00000000fed00000-0x00000000fed03fff] reserved
[    0.000000] BIOS-e820: [mem 0x00000000fed1c000-0x00000000fed1ffff] reserved
[    0.000000] BIOS-e820: [mem 0x00000000fee00000-0x00000000fee00fff] reserved
[    0.000000] BIOS-e820: [mem 0x00000000ff000000-0x00000000ffffffff] reserved
[    0.000000] BIOS-e820: [mem 0x0000000100000000-0x000000025f5fffff] usable
[    0.000000] NX (Execute Disable) protection: active
[    0.000000] efi: EFI v2.31 by American Megatrends
[    0.000000] efi:  ACPI=0x7e308000  ACPI 2.0=0x7e308000  SMBIOS=0xf04c0  MPS=0xfd440 
[    0.000000] efi: mem00: type=3, attr=0xf, range=[0x0000000000000000-0x0000000000008000) (0MB)
[    0.000000] efi: mem01: type=7, attr=0xf, range=[0x0000000000008000-0x000000000005e000) (0MB)
[    0.000000] efi: mem02: type=4, attr=0xf, range=[0x000000000005e000-0x0000000000060000) (0MB)
[    0.000000] efi: mem03: type=3, attr=0xf, range=[0x0000000000060000-0x000000000009f000) (0MB)
[    0.000000] efi: mem04: type=6, attr=0x800000000000000f, range=[0x000000000009f000-0x00000000000a0000) (0MB)
[    0.000000] efi: mem05: type=7, attr=0xf, range=[0x0000000000100000-0x0000000001000000) (15MB)
[    0.000000] efi: mem06: type=2, attr=0xf, range=[0x0000000001000000-0x0000000002501000) (21MB)
[    0.000000] efi: mem07: type=7, attr=0xf, range=[0x0000000002501000-0x0000000020000000) (474MB)
[    0.000000] efi: mem08: type=0, attr=0xf, range=[0x0000000020000000-0x0000000020200000) (2MB)
[    0.000000] efi: mem09: type=7, attr=0xf, range=[0x0000000020200000-0x0000000035b1e000) (345MB)
[    0.000000] efi: mem10: type=2, attr=0xf, range=[0x0000000035b1e000-0x0000000036d87000) (18MB)
[    0.000000] efi: mem11: type=7, attr=0xf, range=[0x0000000036d87000-0x0000000040004000) (146MB)
[    0.000000] efi: mem12: type=0, attr=0xf, range=[0x0000000040004000-0x0000000040005000) (0MB)
[    0.000000] efi: mem13: type=7, attr=0xf, range=[0x0000000040005000-0x0000000051f57000) (287MB)
[    0.000000] efi: mem14: type=2, attr=0xf, range=[0x0000000051f57000-0x000000006e672000) (455MB)
[    0.000000] efi: mem15: type=7, attr=0xf, range=[0x000000006e672000-0x000000006e678000) (0MB)
[    0.000000] efi: mem16: type=2, attr=0xf, range=[0x000000006e678000-0x000000006e84e000) (1MB)
[    0.000000] efi: mem17: type=1, attr=0xf, range=[0x000000006e84e000-0x000000006eba0000) (3MB)
[    0.000000] efi: mem18: type=7, attr=0xf, range=[0x000000006eba0000-0x0000000071f28000) (51MB)
[    0.000000] efi: mem19: type=4, attr=0xf, range=[0x0000000071f28000-0x0000000071f52000) (0MB)
[    0.000000] efi: mem20: type=7, attr=0xf, range=[0x0000000071f52000-0x0000000072018000) (0MB)
[    0.000000] efi: mem21: type=4, attr=0xf, range=[0x0000000072018000-0x000000007201e000) (0MB)
[    0.000000] efi: mem22: type=7, attr=0xf, range=[0x000000007201e000-0x0000000072023000) (0MB)
[    0.000000] efi: mem23: type=4, attr=0xf, range=[0x0000000072023000-0x0000000072024000) (0MB)
[    0.000000] efi: mem24: type=7, attr=0xf, range=[0x0000000072024000-0x0000000072026000) (0MB)
[    0.000000] efi: mem25: type=4, attr=0xf, range=[0x0000000072026000-0x0000000072028000) (0MB)
[    0.000000] efi: mem26: type=7, attr=0xf, range=[0x0000000072028000-0x000000007202d000) (0MB)
[    0.000000] efi: mem27: type=4, attr=0xf, range=[0x000000007202d000-0x000000007202e000) (0MB)
[    0.000000] efi: mem28: type=7, attr=0xf, range=[0x000000007202e000-0x0000000072038000) (0MB)
[    0.000000] efi: mem29: type=4, attr=0xf, range=[0x0000000072038000-0x0000000072039000) (0MB)
[    0.000000] efi: mem30: type=7, attr=0xf, range=[0x0000000072039000-0x000000007206d000) (0MB)
[    0.000000] efi: mem31: type=4, attr=0xf, range=[0x000000007206d000-0x000000007209c000) (0MB)
[    0.000000] efi: mem32: type=7, attr=0xf, range=[0x000000007209c000-0x00000000720c5000) (0MB)
[    0.000000] efi: mem33: type=4, attr=0xf, range=[0x00000000720c5000-0x0000000072208000) (1MB)
[    0.000000] efi: mem34: type=7, attr=0xf, range=[0x0000000072208000-0x0000000072217000) (0MB)
[    0.000000] efi: mem35: type=4, attr=0xf, range=[0x0000000072217000-0x00000000724f6000) (2MB)
[    0.000000] efi: mem36: type=7, attr=0xf, range=[0x00000000724f6000-0x00000000724f8000) (0MB)
[    0.000000] efi: mem37: type=4, attr=0xf, range=[0x00000000724f8000-0x00000000724fb000) (0MB)
[    0.000000] efi: mem38: type=7, attr=0xf, range=[0x00000000724fb000-0x00000000724fc000) (0MB)
[    0.000000] efi: mem39: type=4, attr=0xf, range=[0x00000000724fc000-0x0000000072511000) (0MB)
[    0.000000] efi: mem40: type=7, attr=0xf, range=[0x0000000072511000-0x0000000072515000) (0MB)
[    0.000000] efi: mem41: type=4, attr=0xf, range=[0x0000000072515000-0x0000000072517000) (0MB)
[    0.000000] efi: mem42: type=7, attr=0xf, range=[0x0000000072517000-0x0000000072518000) (0MB)
[    0.000000] efi: mem43: type=4, attr=0xf, range=[0x0000000072518000-0x000000007251a000) (0MB)
[    0.000000] efi: mem44: type=7, attr=0xf, range=[0x000000007251a000-0x000000007251e000) (0MB)
[    0.000000] efi: mem45: type=4, attr=0xf, range=[0x000000007251e000-0x0000000072520000) (0MB)
[    0.000000] efi: mem46: type=7, attr=0xf, range=[0x0000000072520000-0x000000007252b000) (0MB)
[    0.000000] efi: mem47: type=4, attr=0xf, range=[0x000000007252b000-0x000000007252c000) (0MB)
[    0.000000] efi: mem48: type=7, attr=0xf, range=[0x000000007252c000-0x0000000072537000) (0MB)
[    0.000000] efi: mem49: type=4, attr=0xf, range=[0x0000000072537000-0x0000000072538000) (0MB)
[    0.000000] efi: mem50: type=7, attr=0xf, range=[0x0000000072538000-0x000000007253e000) (0MB)
[    0.000000] efi: mem51: type=4, attr=0xf, range=[0x000000007253e000-0x0000000072540000) (0MB)
[    0.000000] efi: mem52: type=7, attr=0xf, range=[0x0000000072540000-0x0000000072541000) (0MB)
[    0.000000] efi: mem53: type=4, attr=0xf, range=[0x0000000072541000-0x0000000072542000) (0MB)
[    0.000000] efi: mem54: type=7, attr=0xf, range=[0x0000000072542000-0x0000000072543000) (0MB)
[    0.000000] efi: mem55: type=4, attr=0xf, range=[0x0000000072543000-0x000000007270c000) (1MB)
[    0.000000] efi: mem56: type=7, attr=0xf, range=[0x000000007270c000-0x0000000072718000) (0MB)
[    0.000000] efi: mem57: type=4, attr=0xf, range=[0x0000000072718000-0x000000007272b000) (0MB)
[    0.000000] efi: mem58: type=7, attr=0xf, range=[0x000000007272b000-0x000000007272d000) (0MB)
[    0.000000] efi: mem59: type=4, attr=0xf, range=[0x000000007272d000-0x000000007c21c000) (154MB)
[    0.000000] efi: mem60: type=7, attr=0xf, range=[0x000000007c21c000-0x000000007c21f000) (0MB)
[    0.000000] efi: mem61: type=4, attr=0xf, range=[0x000000007c21f000-0x000000007d5ec000) (19MB)
[    0.000000] efi: mem62: type=7, attr=0xf, range=[0x000000007d5ec000-0x000000007dad2000) (4MB)
[    0.000000] efi: mem63: type=2, attr=0xf, range=[0x000000007dad2000-0x000000007dade000) (0MB)
[    0.000000] efi: mem64: type=3, attr=0xf, range=[0x000000007dade000-0x000000007dfde000) (5MB)
[    0.000000] efi: mem65: type=0, attr=0xf, range=[0x000000007dfde000-0x000000007e26a000) (2MB)
[    0.000000] efi: mem66: type=0, attr=0xf, range=[0x000000007e26a000-0x000000007e298000) (0MB)
[    0.000000] efi: mem67: type=0, attr=0xf, range=[0x000000007e298000-0x000000007e2a7000) (0MB)
[    0.000000] efi: mem68: type=0, attr=0xf, range=[0x000000007e2a7000-0x000000007e2a9000) (0MB)
[    0.000000] efi: mem69: type=0, attr=0xf, range=[0x000000007e2a9000-0x000000007e2b0000) (0MB)
[    0.000000] efi: mem70: type=0, attr=0xf, range=[0x000000007e2b0000-0x000000007e303000) (0MB)
[    0.000000] efi: mem71: type=9, attr=0xf, range=[0x000000007e303000-0x000000007e308000) (0MB)
[    0.000000] efi: mem72: type=9, attr=0xf, range=[0x000000007e308000-0x000000007e313000) (0MB)
[    0.000000] efi: mem73: type=10, attr=0xf, range=[0x000000007e313000-0x000000007e38d000) (0MB)
[    0.000000] efi: mem74: type=10, attr=0xf, range=[0x000000007e38d000-0x000000007e429000) (0MB)
[    0.000000] efi: mem75: type=6, attr=0x800000000000000f, range=[0x000000007e429000-0x000000007e487000) (0MB)
[    0.000000] efi: mem76: type=6, attr=0x800000000000000f, range=[0x000000007e487000-0x000000007e56b000) (0MB)
[    0.000000] efi: mem77: type=6, attr=0x800000000000000f, range=[0x000000007e56b000-0x000000007e56d000) (0MB)
[    0.000000] efi: mem78: type=6, attr=0x800000000000000f, range=[0x000000007e56d000-0x000000007e60b000) (0MB)
[    0.000000] efi: mem79: type=5, attr=0x800000000000000f, range=[0x000000007e60b000-0x000000007e628000) (0MB)
[    0.000000] efi: mem80: type=5, attr=0x800000000000000f, range=[0x000000007e628000-0x000000007e69c000) (0MB)
[    0.000000] efi: mem81: type=4, attr=0xf, range=[0x000000007e69c000-0x000000007e69d000) (0MB)
[    0.000000] efi: mem82: type=10, attr=0xf, range=[0x000000007e69d000-0x000000007e6e0000) (0MB)
[    0.000000] efi: mem83: type=4, attr=0xf, range=[0x000000007e6e0000-0x000000007ed2e000) (6MB)
[    0.000000] efi: mem84: type=3, attr=0xf, range=[0x000000007ed2e000-0x000000007efca000) (2MB)
[    0.000000] efi: mem85: type=4, attr=0xf, range=[0x000000007efca000-0x000000007efd9000) (0MB)
[    0.000000] efi: mem86: type=3, attr=0xf, range=[0x000000007efd9000-0x000000007efeb000) (0MB)
[    0.000000] efi: mem87: type=4, attr=0xf, range=[0x000000007efeb000-0x000000007f000000) (0MB)
[    0.000000] efi: mem88: type=7, attr=0xf, range=[0x0000000100000000-0x000000025f600000) (5622MB)
[    0.000000] efi: mem89: type=0, attr=0x8000000000000000, range=[0x000000007f800000-0x000000009fa00000) (514MB)
[    0.000000] efi: mem90: type=11, attr=0x8000000000000001, range=[0x00000000f8000000-0x00000000fc000000) (64MB)
[    0.000000] efi: mem91: type=11, attr=0x8000000000000001, range=[0x00000000fec00000-0x00000000fec01000) (0MB)
[    0.000000] efi: mem92: type=11, attr=0x8000000000000001, range=[0x00000000fed00000-0x00000000fed04000) (0MB)
[    0.000000] efi: mem93: type=11, attr=0x8000000000000001, range=[0x00000000fed1c000-0x00000000fed20000) (0MB)
[    0.000000] efi: mem94: type=11, attr=0x8000000000000001, range=[0x00000000fee00000-0x00000000fee01000) (0MB)
[    0.000000] efi: mem95: type=11, attr=0x8000000000000001, range=[0x00000000ff000000-0x0000000100000000) (16MB)
[    0.000000] SMBIOS 2.7 present.
[    0.000000] DMI:                  /D33217CK, BIOS GKPPT10H.86A.0032.2012.1127.1710 11/27/2012
[    0.000000] e820: update [mem 0x00000000-0x00000fff] usable ==> reserved
[    0.000000] e820: remove [mem 0x000a0000-0x000fffff] usable
[    0.000000] No AGP bridge found
[    0.000000] e820: last_pfn = 0x25f600 max_arch_pfn = 0x400000000
[    0.000000] MTRR default type: uncachable
[    0.000000] MTRR fixed ranges enabled:
[    0.000000]   00000-9FFFF write-back
[    0.000000]   A0000-BFFFF uncachable
[    0.000000]   C0000-CFFFF write-protect
[    0.000000]   D0000-DFFFF uncachable
[    0.000000]   E0000-FFFFF write-protect
[    0.000000] MTRR variable ranges enabled:
[    0.000000]   0 base 000000000 mask E00000000 write-back
[    0.000000]   1 base 200000000 mask FC0000000 write-back
[    0.000000]   2 base 240000000 mask FE0000000 write-back
[    0.000000]   3 base 080000000 mask F80000000 uncachable
[    0.000000]   4 base 07F800000 mask FFF800000 uncachable
[    0.000000]   5 base 25F800000 mask FFF800000 uncachable
[    0.000000]   6 base 25F600000 mask FFFE00000 uncachable
[    0.000000]   7 disabled
[    0.000000]   8 disabled
[    0.000000]   9 disabled
[    0.000000] x86 PAT enabled: cpu 0, old 0x7040600070406, new 0x7010600070106
[    0.000000] original variable MTRRs
[    0.000000] reg 0, base: 0GB, range: 8GB, type WB
[    0.000000] reg 1, base: 8GB, range: 1GB, type WB
[    0.000000] reg 2, base: 9GB, range: 512MB, type WB
[    0.000000] reg 3, base: 2GB, range: 2GB, type UC
[    0.000000] reg 4, base: 2040MB, range: 8MB, type UC
[    0.000000] reg 5, base: 9720MB, range: 8MB, type UC
[    0.000000] reg 6, base: 9718MB, range: 2MB, type UC
[    0.000000] total RAM covered: 7662M
[    0.000000] Found optimal setting for mtrr clean up
[    0.000000]  gran_size: 64K 	chunk_size: 16M 	num_reg: 7  	lose cover RAM: 0G
[    0.000000] New variable MTRRs
[    0.000000] reg 0, base: 0GB, range: 2GB, type WB
[    0.000000] reg 1, base: 2040MB, range: 8MB, type UC
[    0.000000] reg 2, base: 4GB, range: 4GB, type WB
[    0.000000] reg 3, base: 8GB, range: 1GB, type WB
[    0.000000] reg 4, base: 9GB, range: 512MB, type WB
[    0.000000] reg 5, base: 9718MB, range: 2MB, type UC
[    0.000000] reg 6, base: 9720MB, range: 8MB, type UC
[    0.000000] e820: update [mem 0x7f800000-0xffffffff] usable ==> reserved
[    0.000000] e820: last_pfn = 0x7f000 max_arch_pfn = 0x400000000
[    0.000000] found SMP MP-table at [mem 0x000fd770-0x000fd77f] mapped at [ffff8800000fd770]
[    0.000000] Scanning 1 areas for low memory corruption
[    0.000000] Base memory trampoline at [ffff880000097000] 97000 size 24576
[    0.000000] init_memory_mapping: [mem 0x00000000-0x000fffff]
[    0.000000]  [mem 0x00000000-0x000fffff] page 4k
[    0.000000] BRK [0x01fdf000, 0x01fdffff] PGTABLE
[    0.000000] BRK [0x01fe0000, 0x01fe0fff] PGTABLE
[    0.000000] BRK [0x01fe1000, 0x01fe1fff] PGTABLE
[    0.000000] init_memory_mapping: [mem 0x25f400000-0x25f5fffff]
[    0.000000]  [mem 0x25f400000-0x25f5fffff] page 2M
[    0.000000] BRK [0x01fe2000, 0x01fe2fff] PGTABLE
[    0.000000] init_memory_mapping: [mem 0x25c000000-0x25f3fffff]
[    0.000000]  [mem 0x25c000000-0x25f3fffff] page 2M
[    0.000000] init_memory_mapping: [mem 0x200000000-0x25bffffff]
[    0.000000]  [mem 0x200000000-0x25bffffff] page 2M
[    0.000000] BRK [0x01fe3000, 0x01fe3fff] PGTABLE
[    0.000000] init_memory_mapping: [mem 0x00100000-0x1fffffff]
[    0.000000]  [mem 0x00100000-0x001fffff] page 4k
[    0.000000]  [mem 0x00200000-0x1fffffff] page 2M
[    0.000000] init_memory_mapping: [mem 0x20200000-0x40003fff]
[    0.000000]  [mem 0x20200000-0x3fffffff] page 2M
[    0.000000]  [mem 0x40000000-0x40003fff] page 4k
[    0.000000] BRK [0x01fe4000, 0x01fe4fff] PGTABLE
[    0.000000] init_memory_mapping: [mem 0x40005000-0x7dfddfff]
[    0.000000]  [mem 0x40005000-0x401fffff] page 4k
[    0.000000]  [mem 0x40200000-0x7ddfffff] page 2M
[    0.000000]  [mem 0x7de00000-0x7dfddfff] page 4k
[    0.000000] init_memory_mapping: [mem 0x7e69c000-0x7e69cfff]
[    0.000000]  [mem 0x7e69c000-0x7e69cfff] page 4k
[    0.000000] init_memory_mapping: [mem 0x7e6e0000-0x7effffff]
[    0.000000]  [mem 0x7e6e0000-0x7e7fffff] page 4k
[    0.000000]  [mem 0x7e800000-0x7effffff] page 2M
[    0.000000] init_memory_mapping: [mem 0x100000000-0x1ffffffff]
[    0.000000]  [mem 0x100000000-0x1ffffffff] page 2M
[    0.000000] RAMDISK: [mem 0x35b1e000-0x36d86fff]
[    0.000000] ACPI: RSDP 000000007e308000 000024 (v02  INTEL)
[    0.000000] ACPI: XSDT 000000007e308078 00006C (v01 INTEL  DQS77CL  00000020 AMI  00010013)
[    0.000000] ACPI: FACP 000000007e3116a8 00010C (v05 INTEL  DQS77CL  00000020 AMI  00010013)
[    0.000000] ACPI: DSDT 000000007e308170 009532 (v02 INTEL  DQS77CL  00000020 INTL 20051117)
[    0.000000] ACPI: FACS 000000007e427080 000040
[    0.000000] ACPI: APIC 000000007e3117b8 000072 (v03 INTEL  DQS77CL  00000020 AMI  00010013)
[    0.000000] ACPI: FPDT 000000007e311830 000044 (v01 INTEL  DQS77CL  00000020 AMI  00010013)
[    0.000000] ACPI: MCFG 000000007e311878 00003C (v01 INTEL  DQS77CL  00000020 MSFT 00000097)
[    0.000000] ACPI: HPET 000000007e3118b8 000038 (v01 INTEL  DQS77CL  00000020 AMI. 00000005)
[    0.000000] ACPI: SSDT 000000007e3118f0 000315 (v01 INTEL  DQS77CL  00000020 INTL 20091112)
[    0.000000] ACPI: SSDT 000000007e311c08 0008A2 (v01 INTEL  DQS77CL  00000020 INTL 20051117)
[    0.000000] ACPI: SSDT 000000007e3124b0 000A92 (v01 INTEL  DQS77CL  00000020 INTL 20051117)
[    0.000000] ACPI: BGRT 000000007e312f48 000038 (v00 INTEL  DQS77CL  00000020 AMI  00010013)
[    0.000000] ACPI: Local APIC address 0xfee00000
[    0.000000] No NUMA configuration found
[    0.000000] Faking a node at [mem 0x0000000000000000-0x000000025f5fffff]
[    0.000000] Initmem setup node 0 [mem 0x00000000-0x25f5fffff]
[    0.000000]   NODE_DATA [mem 0x25f5f4000-0x25f5f8fff]
[    0.000000] Reserving 128MB of memory at 720MB for crashkernel (System RAM: 7644MB)
[    0.000000]  [ffffea0000000000-ffffea00097fffff] PMD -> [ffff880257400000-ffff88025ebfffff] on node 0
[    0.000000] Zone ranges:
[    0.000000]   DMA      [mem 0x00001000-0x00ffffff]
[    0.000000]   DMA32    [mem 0x01000000-0xffffffff]
[    0.000000]   Normal   [mem 0x100000000-0x25f5fffff]
[    0.000000] Movable zone start for each node
[    0.000000] Early memory node ranges
[    0.000000]   node   0: [mem 0x00001000-0x0009efff]
[    0.000000]   node   0: [mem 0x00100000-0x1fffffff]
[    0.000000]   node   0: [mem 0x20200000-0x40003fff]
[    0.000000]   node   0: [mem 0x40005000-0x7dfddfff]
[    0.000000]   node   0: [mem 0x7e69c000-0x7e69cfff]
[    0.000000]   node   0: [mem 0x7e6e0000-0x7effffff]
[    0.000000]   node   0: [mem 0x100000000-0x25f5fffff]
[    0.000000] On node 0 totalpages: 1957020
[    0.000000]   DMA zone: 64 pages used for memmap
[    0.000000]   DMA zone: 27 pages reserved
[    0.000000]   DMA zone: 3998 pages, LIFO batch:0
[    0.000000]   DMA32 zone: 8028 pages used for memmap
[    0.000000]   DMA32 zone: 513790 pages, LIFO batch:31
[    0.000000]   Normal zone: 22488 pages used for memmap
[    0.000000]   Normal zone: 1439232 pages, LIFO batch:31
[    0.000000] ACPI: PM-Timer IO Port: 0x408
[    0.000000] ACPI: Local APIC address 0xfee00000
[    0.000000] ACPI: LAPIC (acpi_id[0x01] lapic_id[0x00] enabled)
[    0.000000] ACPI: LAPIC (acpi_id[0x02] lapic_id[0x02] enabled)
[    0.000000] ACPI: LAPIC (acpi_id[0x03] lapic_id[0x01] enabled)
[    0.000000] ACPI: LAPIC (acpi_id[0x04] lapic_id[0x03] enabled)
[    0.000000] ACPI: LAPIC_NMI (acpi_id[0xff] high edge lint[0x1])
[    0.000000] Using ACPI for processor (LAPIC) configuration information
[    0.000000] ACPI: HPET id: 0x8086a701 base: 0xfed00000
[    0.000000] Intel MultiProcessor Specification v1.4
[    0.000000] MPTABLE: OEM ID: A M I
[    0.000000] MPTABLE: Product ID: INTEL
[    0.000000] MPTABLE: APIC at: 0xFEE00000
[    0.000000] IOAPIC[0]: apic_id 2, version 32, address 0xfec00000, GSI 0-23
[    0.000000] Processors: 4
[    0.000000] smpboot: Allowing 4 CPUs, 0 hotplug CPUs
[    0.000000] nr_irqs_gsi: 40
[    0.000000] PM: Registered nosave memory: [mem 0x0009f000-0x0009ffff]
[    0.000000] PM: Registered nosave memory: [mem 0x000a0000-0x000fffff]
[    0.000000] PM: Registered nosave memory: [mem 0x20000000-0x201fffff]
[    0.000000] PM: Registered nosave memory: [mem 0x40004000-0x40004fff]
[    0.000000] PM: Registered nosave memory: [mem 0x7dfde000-0x7e302fff]
[    0.000000] PM: Registered nosave memory: [mem 0x7e303000-0x7e312fff]
[    0.000000] PM: Registered nosave memory: [mem 0x7e313000-0x7e428fff]
[    0.000000] PM: Registered nosave memory: [mem 0x7e429000-0x7e60afff]
[    0.000000] PM: Registered nosave memory: [mem 0x7e60b000-0x7e69bfff]
[    0.000000] PM: Registered nosave memory: [mem 0x7e69d000-0x7e6dffff]
[    0.000000] PM: Registered nosave memory: [mem 0x7f000000-0x7f7fffff]
[    0.000000] PM: Registered nosave memory: [mem 0x7f800000-0x9f9fffff]
[    0.000000] PM: Registered nosave memory: [mem 0x9fa00000-0xf7ffffff]
[    0.000000] PM: Registered nosave memory: [mem 0xf8000000-0xfbffffff]
[    0.000000] PM: Registered nosave memory: [mem 0xfc000000-0xfebfffff]
[    0.000000] PM: Registered nosave memory: [mem 0xfec00000-0xfec00fff]
[    0.000000] PM: Registered nosave memory: [mem 0xfec01000-0xfecfffff]
[    0.000000] PM: Registered nosave memory: [mem 0xfed00000-0xfed03fff]
[    0.000000] PM: Registered nosave memory: [mem 0xfed04000-0xfed1bfff]
[    0.000000] PM: Registered nosave memory: [mem 0xfed1c000-0xfed1ffff]
[    0.000000] PM: Registered nosave memory: [mem 0xfed20000-0xfedfffff]
[    0.000000] PM: Registered nosave memory: [mem 0xfee00000-0xfee00fff]
[    0.000000] PM: Registered nosave memory: [mem 0xfee01000-0xfeffffff]
[    0.000000] PM: Registered nosave memory: [mem 0xff000000-0xffffffff]
[    0.000000] e820: [mem 0x9fa00000-0xf7ffffff] available for PCI devices
[    0.000000] Booting paravirtualized kernel on bare hardware
[    0.000000] setup_percpu: NR_CPUS:256 nr_cpumask_bits:256 nr_cpu_ids:4 nr_node_ids:1
[    0.000000] PERCPU: Embedded 29 pages/cpu @ffff88025f200000 s86336 r8192 d24256 u524288
[    0.000000] pcpu-alloc: s86336 r8192 d24256 u524288 alloc=1*2097152
[    0.000000] pcpu-alloc: [0] 0 1 2 3 
[    0.000000] Built 1 zonelists in Zone order, mobility grouping on.  Total pages: 1926413
[    0.000000] Policy zone: Normal
[    0.000000] Kernel command line: BOOT_IMAGE=/boot/vmlinuz-3.13.0-35-generic.efi.signed root=UUID=f54f0253-3e5a-4046-afe7-62f154b956d9 ro splash quiet crashkernel=384M-:128M vt.handoff=7 pci=noacpi
[    0.000000] PID hash table entries: 4096 (order: 3, 32768 bytes)
[    0.000000] xsave: enabled xstate_bv 0x7, cntxt size 0x340
[    0.000000] Checking aperture...
[    0.000000] No AGP bridge found
[    0.000000] Calgary: detecting Calgary via BIOS EBDA area
[    0.000000] Calgary: Unable to locate Rio Grande table in EBDA - bailing!
[    0.000000] Memory: 7272004K/7828080K available (7372K kernel code, 1144K rwdata, 3404K rodata, 1336K init, 1440K bss, 556076K reserved)
[    0.000000] SLUB: HWalign=64, Order=0-3, MinObjects=0, CPUs=4, Nodes=1
[    0.000000] Hierarchical RCU implementation.
[    0.000000] 	RCU dyntick-idle grace-period acceleration is enabled.
[    0.000000] 	RCU restricting CPUs from NR_CPUS=256 to nr_cpu_ids=4.
[    0.000000] 	Offload RCU callbacks from all CPUs
[    0.000000] 	Offload RCU callbacks from CPUs: 0-3.
[    0.000000] NR_IRQS:16640 nr_irqs:712 16
[    0.000000] Console: colour dummy device 80x25
[    0.000000] console [tty0] enabled
[    0.000000] allocated 31457280 bytes of page_cgroup
[    0.000000] please try 'cgroup_disable=memory' option if you don't want memory cgroups
[    0.000000] hpet clockevent registered
[    0.000000] tsc: Fast TSC calibration using PIT
[    0.004000] tsc: Detected 1797.843 MHz processor
[    0.000002] Calibrating delay loop (skipped), value calculated using timer frequency.. 3595.68 BogoMIPS (lpj=7191372)
[    0.000006] pid_max: default: 32768 minimum: 301
[    0.001482] Security Framework initialized
[    0.001501] AppArmor: AppArmor initialized
[    0.001502] Yama: becoming mindful.
[    0.002240] Dentry cache hash table entries: 1048576 (order: 11, 8388608 bytes)
[    0.005128] Inode-cache hash table entries: 524288 (order: 10, 4194304 bytes)
[    0.006408] Mount-cache hash table entries: 16384 (order: 5, 131072 bytes)
[    0.006423] Mountpoint-cache hash table entries: 16384 (order: 5, 131072 bytes)
[    0.006670] Initializing cgroup subsys memory
[    0.006676] Initializing cgroup subsys devices
[    0.006678] Initializing cgroup subsys freezer
[    0.006680] Initializing cgroup subsys blkio
[    0.006681] Initializing cgroup subsys perf_event
[    0.006684] Initializing cgroup subsys hugetlb
[    0.006713] CPU: Physical Processor ID: 0
[    0.006714] CPU: Processor Core ID: 0
[    0.006720] ENERGY_PERF_BIAS: Set to 'normal', was 'performance'
[    0.006720] ENERGY_PERF_BIAS: View and update with x86_energy_perf_policy(8)
[    0.006724] mce: CPU supports 7 MCE banks
[    0.006738] CPU0: Thermal monitoring enabled (TM1)
[    0.006750] Last level iTLB entries: 4KB 512, 2MB 0, 4MB 0
[    0.006750] Last level dTLB entries: 4KB 512, 2MB 32, 4MB 32
[    0.006750] tlb_flushall_shift: 2
[    0.006910] Freeing SMP alternatives memory: 32K (ffffffff81e6d000 - ffffffff81e75000)
[    0.008499] ACPI: Core revision 20131115
[    0.014973] ACPI: All ACPI Tables successfully acquired
[    0.014982] ACPI: setting ELCR to 0200 (from 0000)
[    0.023433] ftrace: allocating 28537 entries in 112 pages
[    0.042111] ..TIMER: vector=0x30 apic1=0 pin1=2 apic2=-1 pin2=-1
[    0.081827] smpboot: CPU0: Intel(R) Core(TM) i3-3217U CPU @ 1.80GHz (fam: 06, model: 3a, stepping: 09)
[    0.081840] TSC deadline timer enabled
[    0.081853] Performance Events: PEBS fmt1+, 16-deep LBR, IvyBridge events, full-width counters, Intel PMU driver.
[    0.081862] ... version:                3
[    0.081863] ... bit width:              48
[    0.081864] ... generic registers:      4
[    0.081865] ... value mask:             0000ffffffffffff
[    0.081867] ... max period:             0000ffffffffffff
[    0.081868] ... fixed-purpose events:   3
[    0.081869] ... event mask:             000000070000000f
[    0.083899] x86: Booting SMP configuration:
[    0.097120] NMI watchdog: enabled on all CPUs, permanently consumes one hw-PMU counter.
[    0.083902] .... node  #0, CPUs:      #1 #2 #3
[    0.123516] x86: Booted up 1 node, 4 CPUs
[    0.123520] smpboot: Total of 4 processors activated (14382.74 BogoMIPS)
[    0.127932] devtmpfs: initialized
[    0.132020] EVM: security.selinux
[    0.132022] EVM: security.SMACK64
[    0.132023] EVM: security.ima
[    0.132024] EVM: security.capability
[    0.132092] PM: Registering ACPI NVS region [mem 0x7e313000-0x7e428fff] (1138688 bytes)
[    0.132114] PM: Registering ACPI NVS region [mem 0x7e69d000-0x7e6dffff] (274432 bytes)
[    0.133115] pinctrl core: initialized pinctrl subsystem
[    0.133182] regulator-dummy: no parameters
[    0.133220] RTC time: 10:18:28, date: 09/09/14
[    0.133259] NET: Registered protocol family 16
[    0.133396] cpuidle: using governor ladder
[    0.133398] cpuidle: using governor menu
[    0.133450] ACPI FADT declares the system doesn't support PCIe ASPM, so disable it
[    0.133452] ACPI: bus type PCI registered
[    0.133454] acpiphp: ACPI Hot Plug PCI Controller Driver version: 0.5
[    0.133522] PCI: MMCONFIG for domain 0000 [bus 00-3f] at [mem 0xf8000000-0xfbffffff] (base 0xf8000000)
[    0.133525] PCI: MMCONFIG at [mem 0xf8000000-0xfbffffff] reserved in E820
[    0.142906] PCI: Using configuration type 1 for base access
[    0.144019] bio: create slab <bio-0> at 0
[    0.144215] ACPI: Added _OSI(Module Device)
[    0.144217] ACPI: Added _OSI(Processor Device)
[    0.144219] ACPI: Added _OSI(3.0 _SCP Extensions)
[    0.144220] ACPI: Added _OSI(Processor Aggregator Device)
[    0.147644] ACPI: Executed 1 blocks of module-level executable AML code
[    0.152183] ACPI: SSDT 000000007e2b0018 00083B (v01  PmRef  Cpu0Cst 00003001 INTL 20051117)
[    0.152608] ACPI: Dynamic OEM Table Load:
[    0.152611] ACPI: SSDT           (null) 00083B (v01  PmRef  Cpu0Cst 00003001 INTL 20051117)
[    0.156016] ACPI: SSDT 000000007e2b1a98 000303 (v01  PmRef    ApIst 00003000 INTL 20051117)
[    0.156473] ACPI: Dynamic OEM Table Load:
[    0.156475] ACPI: SSDT           (null) 000303 (v01  PmRef    ApIst 00003000 INTL 20051117)
[    0.159839] ACPI: SSDT 000000007e2b2c18 000119 (v01  PmRef    ApCst 00003000 INTL 20051117)
[    0.160253] ACPI: Dynamic OEM Table Load:
[    0.160255] ACPI: SSDT           (null) 000119 (v01  PmRef    ApCst 00003000 INTL 20051117)
[    0.164373] ACPI: Interpreter enabled
[    0.164385] ACPI Exception: AE_NOT_FOUND, While evaluating Sleep State [\_S2_] (20131115/hwxface-580)
[    0.164402] ACPI: (supports S0 S1 S3 S4 S5)
[    0.164404] ACPI: Using PIC for interrupt routing
[    0.164624] ACPI: No dock devices found.
[    0.172345] ACPI: Power Resource [FN00] (off)
[    0.172439] ACPI: Power Resource [FN01] (off)
[    0.172532] ACPI: Power Resource [FN02] (off)
[    0.172622] ACPI: Power Resource [FN03] (off)
[    0.172711] ACPI: Power Resource [FN04] (off)
[    0.174015] ACPI: Enabled 7 GPEs in block 00 to 3F
[    0.174024] ACPI: \_SB_.PCI0: notify handler is installed
[    0.174090] Found 1 acpi root devices
[    0.174201] vgaarb: loaded
[    0.174382] SCSI subsystem initialized
[    0.174442] libata version 3.00 loaded.
[    0.174482] ACPI: bus type USB registered
[    0.174502] usbcore: registered new interface driver usbfs
[    0.174512] usbcore: registered new interface driver hub
[    0.174546] usbcore: registered new device driver usb
[    0.174672] PCI: Probing PCI hardware
[    0.174675] PCI: root bus 00: using default resources
[    0.174677] PCI: Probing PCI hardware (bus 00)
[    0.174702] PCI host bridge to bus 0000:00
[    0.174707] pci_bus 0000:00: root bus resource [io  0x0000-0xffff]
[    0.174709] pci_bus 0000:00: root bus resource [mem 0x00000000-0xfffffffff]
[    0.174712] pci_bus 0000:00: No busn resource found for root bus, will use [bus 00-ff]
[    0.174723] pci 0000:00:00.0: [8086:0154] type 00 class 0x060000
[    0.174802] pci 0000:00:02.0: [8086:0166] type 00 class 0x030000
[    0.174817] pci 0000:00:02.0: reg 0x10: [mem 0xf6400000-0xf67fffff 64bit]
[    0.174825] pci 0000:00:02.0: reg 0x18: [mem 0xa0000000-0xafffffff 64bit pref]
[    0.174830] pci 0000:00:02.0: reg 0x20: [io  0xf000-0xf03f]
[    0.174878] vgaarb: device added: PCI:0000:00:02.0,decodes=io+mem,owns=io+mem,locks=none
[    0.174922] pci 0000:00:16.0: [8086:1e3a] type 00 class 0x078000
[    0.174951] pci 0000:00:16.0: reg 0x10: [mem 0xf690b000-0xf690b00f 64bit]
[    0.175037] pci 0000:00:16.0: PME# supported from D0 D3hot D3cold
[    0.175109] pci 0000:00:1a.0: [8086:1e2d] type 00 class 0x0c0320
[    0.175134] pci 0000:00:1a.0: reg 0x10: [mem 0xf6908000-0xf69083ff]
[    0.175238] pci 0000:00:1a.0: PME# supported from D0 D3hot D3cold
[    0.175295] pci 0000:00:1b.0: [8086:1e20] type 00 class 0x040300
[    0.175312] pci 0000:00:1b.0: reg 0x10: [mem 0xf6900000-0xf6903fff 64bit]
[    0.175384] pci 0000:00:1b.0: PME# supported from D0 D3hot D3cold
[    0.175440] pci 0000:00:1c.0: [8086:1e10] type 01 class 0x060400
[    0.175571] pci 0000:00:1c.0: PME# supported from D0 D3hot D3cold
[    0.175638] pci 0000:00:1c.2: [8086:1e14] type 01 class 0x060400
[    0.175779] pci 0000:00:1c.2: PME# supported from D0 D3hot D3cold
[    0.175846] pci 0000:00:1c.4: [8086:1e18] type 01 class 0x060400
[    0.175977] pci 0000:00:1c.4: PME# supported from D0 D3hot D3cold
[    0.176048] pci 0000:00:1d.0: [8086:1e26] type 00 class 0x0c0320
[    0.176074] pci 0000:00:1d.0: reg 0x10: [mem 0xf6907000-0xf69073ff]
[    0.176177] pci 0000:00:1d.0: PME# supported from D0 D3hot D3cold
[    0.176229] pci 0000:00:1f.0: [8086:1e56] type 00 class 0x060100
[    0.176391] pci 0000:00:1f.2: [8086:1e03] type 00 class 0x010601
[    0.176414] pci 0000:00:1f.2: reg 0x10: [io  0xf0b0-0xf0b7]
[    0.176425] pci 0000:00:1f.2: reg 0x14: [io  0xf0a0-0xf0a3]
[    0.176436] pci 0000:00:1f.2: reg 0x18: [io  0xf090-0xf097]
[    0.176447] pci 0000:00:1f.2: reg 0x1c: [io  0xf080-0xf083]
[    0.176457] pci 0000:00:1f.2: reg 0x20: [io  0xf060-0xf07f]
[    0.176466] pci 0000:00:1f.2: reg 0x24: [mem 0xf6906000-0xf69067ff]
[    0.176521] pci 0000:00:1f.2: PME# supported from D3hot
[    0.176568] pci 0000:00:1f.3: [8086:1e22] type 00 class 0x0c0500
[    0.176587] pci 0000:00:1f.3: reg 0x10: [mem 0xf6905000-0xf69050ff 64bit]
[    0.176613] pci 0000:00:1f.3: reg 0x20: [io  0xf040-0xf05f]
[    0.176751] pci 0000:00:1c.0: PCI bridge to [bus 01]
[    0.177012] pci 0000:02:00.0: [8086:088e] type 00 class 0x028000
[    0.177177] pci 0000:02:00.0: reg 0x10: [mem 0xf6800000-0xf6801fff 64bit]
[    0.177807] pci 0000:02:00.0: PME# supported from D0 D3hot D3cold
[    0.187895] pci 0000:00:1c.2: PCI bridge to [bus 02]
[    0.187905] pci 0000:00:1c.2:   bridge window [mem 0xf6800000-0xf68fffff]
[    0.188073] pci 0000:03:00.0: [8086:1548] type 01 class 0x060400
[    0.188449] pci 0000:03:00.0: supports D1 D2
[    0.188451] pci 0000:03:00.0: PME# supported from D0 D1 D2 D3hot D3cold
[    0.199830] pci 0000:00:1c.4: PCI bridge to [bus 03-3b]
[    0.199838] pci 0000:00:1c.4:   bridge window [mem 0xe0000000-0xf60fffff]
[    0.199846] pci 0000:00:1c.4:   bridge window [mem 0xb0000000-0xd1ffffff 64bit pref]
[    0.200118] pci 0000:04:00.0: [8086:1548] type 01 class 0x060400
[    0.200493] pci 0000:04:00.0: supports D1 D2
[    0.200495] pci 0000:04:00.0: PME# supported from D0 D1 D2 D3hot D3cold
[    0.200699] pci 0000:04:03.0: [8086:1548] type 01 class 0x060400
[    0.201074] pci 0000:04:03.0: supports D1 D2
[    0.201076] pci 0000:04:03.0: PME# supported from D0 D1 D2 D3hot D3cold
[    0.201262] pci 0000:04:04.0: [8086:1548] type 01 class 0x060400
[    0.201641] pci 0000:04:04.0: supports D1 D2
[    0.201643] pci 0000:04:04.0: PME# supported from D0 D1 D2 D3hot D3cold
[    0.201832] pci 0000:04:05.0: [8086:1548] type 01 class 0x060400
[    0.202177] pci 0000:04:05.0: supports D1 D2
[    0.202179] pci 0000:04:05.0: PME# supported from D0 D1 D2 D3hot D3cold
[    0.202361] pci 0000:04:06.0: [8086:1548] type 01 class 0x060400
[    0.202714] pci 0000:04:06.0: supports D1 D2
[    0.202716] pci 0000:04:06.0: PME# supported from D0 D1 D2 D3hot D3cold
[    0.202966] pci 0000:03:00.0: PCI bridge to [bus 04-3b]
[    0.203000] pci 0000:03:00.0:   bridge window [mem 0xe0000000-0xf60fffff]
[    0.203022] pci 0000:03:00.0:   bridge window [mem 0xb0000000-0xd1ffffff 64bit pref]
[    0.203224] pci 0000:04:00.0: PCI bridge to [bus 05]
[    0.203257] pci 0000:04:00.0:   bridge window [mem 0xf6000000-0xf60fffff]
[    0.203530] pci 0000:06:00.0: [8086:1549] type 01 class 0x060400
[    0.203817] pci 0000:06:00.0: supports D1 D2
[    0.203819] pci 0000:06:00.0: PME# supported from D0 D1 D2 D3hot D3cold
[    0.203989] pci 0000:04:03.0: PCI bridge to [bus 06-30]
[    0.204018] pci 0000:04:03.0:   bridge window [mem 0xe0000000-0xedffffff]
[    0.204041] pci 0000:04:03.0:   bridge window [mem 0xb0000000-0xc9ffffff 64bit pref]
[    0.204244] pci 0000:07:00.0: [8086:1549] type 01 class 0x060400
[    0.204530] pci 0000:07:00.0: supports D1 D2
[    0.204532] pci 0000:07:00.0: PME# supported from D0 D1 D2 D3hot D3cold
[    0.204760] pci 0000:06:00.0: PCI bridge to [bus 07-30]
[    0.204791] pci 0000:06:00.0:   bridge window [mem 0xe0000000-0xedffffff]
[    0.204813] pci 0000:06:00.0:   bridge window [mem 0xb0000000-0xc9ffffff 64bit pref]
[    0.205127] pci 0000:08:00.0: [14e4:1682] type 00 class 0x020000
[    0.205282] pci 0000:08:00.0: reg 0x10: [mem 0xb0000000-0xb000ffff 64bit pref]
[    0.205406] pci 0000:08:00.0: reg 0x18: [mem 0xb0010000-0xb001ffff 64bit pref]
[    0.205579] pci 0000:08:00.0: reg 0x30: [mem 0xe0100000-0xe010ffff pref]
[    0.206106] pci 0000:08:00.0: PME# supported from D0 D3hot D3cold
[    0.206444] pci 0000:07:00.0: PCI bridge to [bus 08]
[    0.206464] pci 0000:07:00.0:   bridge window [io  0xf000-0xe0000fff]
[    0.206474] pci 0000:07:00.0:   bridge window [mem 0xe0000000-0xe3ffffff]
[    0.206491] pci 0000:07:00.0:   bridge window [mem 0xb0000000-0xbfffffff 64bit pref]
[    0.206614] pci 0000:04:04.0: PCI bridge to [bus 31-39]
[    0.206628] pci 0000:04:04.0:   bridge window [mem 0xee000000-0xf5ffffff]
[    0.206638] pci 0000:04:04.0:   bridge window [mem 0xca000000-0xd1ffffff 64bit pref]
[    0.206721] pci 0000:04:05.0: PCI bridge to [bus 3a]
[    0.206825] pci 0000:04:06.0: PCI bridge to [bus 3b]
[    0.206916] pci_bus 0000:00: busn_res: [bus 00-ff] end is updated to 3b
[    0.212157] pci 0000:00:1f.0: PIIX/ICH IRQ router [8086:1e56]
[    0.212163] PCI: pci_cache_line_size set to 64 bytes
[    0.212168] pci 0000:07:00.0: no compatible bridge window for [io  0xf000-0xe0000fff]
[    0.212329] e820: reserve RAM buffer [mem 0x0009f000-0x0009ffff]
[    0.212331] e820: reserve RAM buffer [mem 0x40004000-0x43ffffff]
[    0.212333] e820: reserve RAM buffer [mem 0x7dfde000-0x7fffffff]
[    0.212335] e820: reserve RAM buffer [mem 0x7e69d000-0x7fffffff]
[    0.212337] e820: reserve RAM buffer [mem 0x7f000000-0x7fffffff]
[    0.212339] e820: reserve RAM buffer [mem 0x25f600000-0x25fffffff]
[    0.212431] NetLabel: Initializing
[    0.212433] NetLabel:  domain hash size = 128
[    0.212434] NetLabel:  protocols = UNLABELED CIPSOv4
[    0.212451] NetLabel:  unlabeled traffic allowed by default
[    0.212537] hpet0: at MMIO 0xfed00000, IRQs 2, 8, 0, 0, 0, 0, 0, 0
[    0.212544] hpet0: 8 comparators, 64-bit 14.318180 MHz counter
[    0.214584] Switched to clocksource hpet
[    0.219791] AppArmor: AppArmor Filesystem Enabled
[    0.219816] pnp: PnP ACPI init
[    0.219828] ACPI: bus type PNP registered
[    0.220209] pnp 00:00: Plug and Play ACPI device, IDs PNP0a08 PNP0a03 (active)
[    0.220275] system 00:01: [mem 0xfed40000-0xfed44fff] has been reserved
[    0.220279] system 00:01: Plug and Play ACPI device, IDs PNP0c01 (active)
[    0.220293] pnp 00:02: [dma 4]
[    0.220310] pnp 00:02: Plug and Play ACPI device, IDs PNP0200 (active)
[    0.220330] pnp 00:03: Plug and Play ACPI device, IDs INT0800 (active)
[    0.220441] pnp 00:04: Plug and Play ACPI device, IDs PNP0103 (active)
[    0.220488] system 00:05: [io  0x0680-0x069f] has been reserved
[    0.220491] system 00:05: [io  0x1000-0x100f] has been reserved
[    0.220494] system 00:05: [io  0xffff] has been reserved
[    0.220496] system 00:05: [io  0xffff] has been reserved
[    0.220499] system 00:05: [io  0x0400-0x0453] could not be reserved
[    0.220501] system 00:05: [io  0x0458-0x047f] has been reserved
[    0.220504] system 00:05: [io  0x0500-0x057f] has been reserved
[    0.220506] system 00:05: [io  0x164e-0x164f] has been reserved
[    0.220509] system 00:05: Plug and Play ACPI device, IDs PNP0c02 (active)
[    0.220536] pnp 00:06: Plug and Play ACPI device, IDs PNP0b00 (active)
[    0.220589] system 00:07: [io  0x0454-0x0457] has been reserved
[    0.220592] system 00:07: Plug and Play ACPI device, IDs INT3f0d PNP0c02 (active)
[    0.220734] system 00:08: [io  0x0a00-0x0a1f] has been reserved
[    0.220736] system 00:08: [io  0x0a30-0x0a3f] has been reserved
[    0.220739] system 00:08: [io  0x0a20-0x0a2f] has been reserved
[    0.220741] system 00:08: Plug and Play ACPI device, IDs PNP0c02 (active)
[    0.220819] system 00:09: [io  0x04d0-0x04d1] has been reserved
[    0.220822] system 00:09: Plug and Play ACPI device, IDs PNP0c02 (active)
[    0.220847] pnp 00:0a: Plug and Play ACPI device, IDs PNP0c04 (active)
[    0.221123] system 00:0b: [mem 0xfed1c000-0xfed1ffff] has been reserved
[    0.221125] system 00:0b: [mem 0xfed10000-0xfed17fff] has been reserved
[    0.221128] system 00:0b: [mem 0xfed18000-0xfed18fff] has been reserved
[    0.221131] system 00:0b: [mem 0xfed19000-0xfed19fff] has been reserved
[    0.221133] system 00:0b: [mem 0xf8000000-0xfbffffff] has been reserved
[    0.221135] system 00:0b: [mem 0xfed20000-0xfed3ffff] has been reserved
[    0.221138] system 00:0b: [mem 0xfed90000-0xfed93fff] has been reserved
[    0.221140] system 00:0b: [mem 0xfed45000-0xfed8ffff] has been reserved
[    0.221143] system 00:0b: [mem 0xff000000-0xffffffff] has been reserved
[    0.221146] system 00:0b: [mem 0xfee00000-0xfeefffff] could not be reserved
[    0.221148] system 00:0b: [mem 0x9fa00000-0x9fa00fff] has been reserved
[    0.221151] system 00:0b: Plug and Play ACPI device, IDs PNP0c02 (active)
[    0.221353] system 00:0c: [mem 0x20000000-0x201fffff] has been reserved
[    0.221356] system 00:0c: [mem 0x40004000-0x40004fff] has been reserved
[    0.221359] system 00:0c: Plug and Play ACPI device, IDs PNP0c01 (active)
[    0.221383] pnp: PnP ACPI: found 13 devices
[    0.221385] ACPI: bus type PNP unregistered
[    0.228559] pci 0000:04:00.0: bridge window [io  0x1000-0x0fff] to [bus 05] add_size 1000
[    0.228563] pci 0000:04:00.0: bridge window [mem 0x00100000-0x000fffff 64bit pref] to [bus 05] add_size 200000
[    0.228591] pci 0000:07:00.0: bridge window [io  0x1000-0x0fff] to [bus 08] add_size 1000
[    0.228617] pci 0000:07:00.0: res[13]=[io  0x1000-0x0fff] get_res_add_size add_size 1000
[    0.228620] pci 0000:06:00.0: bridge window [io  0x1000-0x0fff] to [bus 07-30] add_size 1000
[    0.228634] pci 0000:06:00.0: res[13]=[io  0x1000-0x0fff] get_res_add_size add_size 1000
[    0.228637] pci 0000:04:03.0: bridge window [io  0x1000-0x0fff] to [bus 06-30] add_size 1000
[    0.228653] pci 0000:04:04.0: bridge window [io  0x1000-0x0fff] to [bus 31-39] add_size 1000
[    0.228668] pci 0000:04:05.0: bridge window [io  0x1000-0x0fff] to [bus 3a] add_size 1000
[    0.228671] pci 0000:04:05.0: bridge window [mem 0x00100000-0x000fffff 64bit pref] to [bus 3a] add_size 200000
[    0.228673] pci 0000:04:05.0: bridge window [mem 0x00100000-0x000fffff] to [bus 3a] add_size 200000
[    0.228690] pci 0000:04:06.0: bridge window [io  0x1000-0x0fff] to [bus 3b] add_size 1000
[    0.228693] pci 0000:04:06.0: bridge window [mem 0x00100000-0x000fffff 64bit pref] to [bus 3b] add_size 200000
[    0.228695] pci 0000:04:06.0: bridge window [mem 0x00100000-0x000fffff] to [bus 3b] add_size 200000
[    0.228712] pci 0000:04:00.0: res[13]=[io  0x1000-0x0fff] get_res_add_size add_size 1000
[    0.228714] pci 0000:04:03.0: res[13]=[io  0x1000-0x0fff] get_res_add_size add_size 1000
[    0.228717] pci 0000:04:04.0: res[13]=[io  0x1000-0x0fff] get_res_add_size add_size 1000
[    0.228719] pci 0000:04:05.0: res[13]=[io  0x1000-0x0fff] get_res_add_size add_size 1000
[    0.228721] pci 0000:04:06.0: res[13]=[io  0x1000-0x0fff] get_res_add_size add_size 1000
[    0.228724] pci 0000:03:00.0: bridge window [io  0x1000-0x0fff] to [bus 04-3b] add_size 5000
[    0.228735] pci 0000:03:00.0: res[13]=[io  0x1000-0x0fff] get_res_add_size add_size 5000
[    0.228737] pci 0000:00:1c.4: bridge window [io  0x1000-0x0fff] to [bus 03-3b] add_size 5000
[    0.228742] pci 0000:00:1c.4: res[13]=[io  0x1000-0x0fff] get_res_add_size add_size 5000
[    0.228746] pci 0000:00:1c.4: BAR 13: assigned [io  0x2000-0x6fff]
[    0.228749] pci 0000:00:1c.0: PCI bridge to [bus 01]
[    0.228770] pci 0000:00:1c.2: PCI bridge to [bus 02]
[    0.228777] pci 0000:00:1c.2:   bridge window [mem 0xf6800000-0xf68fffff]
[    0.228790] pci 0000:03:00.0: res[13]=[io  0x1000-0x0fff] get_res_add_size add_size 5000
[    0.228793] pci 0000:03:00.0: BAR 13: assigned [io  0x2000-0x6fff]
[    0.228798] pci 0000:04:00.0: res[15]=[mem 0x00100000-0x000fffff 64bit pref] get_res_add_size add_size 200000
[    0.228800] pci 0000:04:05.0: res[14]=[mem 0x00100000-0x000fffff] get_res_add_size add_size 200000
[    0.228803] pci 0000:04:05.0: res[15]=[mem 0x00100000-0x000fffff 64bit pref] get_res_add_size add_size 200000
[    0.228805] pci 0000:04:06.0: res[14]=[mem 0x00100000-0x000fffff] get_res_add_size add_size 200000
[    0.228808] pci 0000:04:06.0: res[15]=[mem 0x00100000-0x000fffff 64bit pref] get_res_add_size add_size 200000
[    0.228810] pci 0000:04:00.0: res[13]=[io  0x1000-0x0fff] get_res_add_size add_size 1000
[    0.228812] pci 0000:04:03.0: res[13]=[io  0x1000-0x0fff] get_res_add_size add_size 1000
[    0.228815] pci 0000:04:04.0: res[13]=[io  0x1000-0x0fff] get_res_add_size add_size 1000
[    0.228817] pci 0000:04:05.0: res[13]=[io  0x1000-0x0fff] get_res_add_size add_size 1000
[    0.228819] pci 0000:04:06.0: res[13]=[io  0x1000-0x0fff] get_res_add_size add_size 1000
[    0.228822] pci 0000:04:00.0: BAR 15: can't assign mem pref (size 0x200000)
[    0.228825] pci 0000:04:05.0: BAR 14: can't assign mem (size 0x200000)
[    0.228828] pci 0000:04:05.0: BAR 15: can't assign mem pref (size 0x200000)
[    0.228830] pci 0000:04:06.0: BAR 14: can't assign mem (size 0x200000)
[    0.228832] pci 0000:04:06.0: BAR 15: can't assign mem pref (size 0x200000)
[    0.228834] pci 0000:04:00.0: BAR 13: assigned [io  0x2000-0x2fff]
[    0.228837] pci 0000:04:03.0: BAR 13: assigned [io  0x3000-0x3fff]
[    0.228839] pci 0000:04:04.0: BAR 13: assigned [io  0x4000-0x4fff]
[    0.228841] pci 0000:04:05.0: BAR 13: assigned [io  0x5000-0x5fff]
[    0.228843] pci 0000:04:06.0: BAR 13: assigned [io  0x6000-0x6fff]
[    0.228847] pci 0000:04:06.0: BAR 14: can't assign mem (size 0x200000)
[    0.228850] pci 0000:04:06.0: BAR 15: can't assign mem pref (size 0x200000)
[    0.228852] pci 0000:04:05.0: BAR 14: can't assign mem (size 0x200000)
[    0.228854] pci 0000:04:05.0: BAR 15: can't assign mem pref (size 0x200000)
[    0.228857] pci 0000:04:00.0: BAR 15: can't assign mem pref (size 0x200000)
[    0.228859] pci 0000:04:00.0: PCI bridge to [bus 05]
[    0.228866] pci 0000:04:00.0:   bridge window [io  0x2000-0x2fff]
[    0.228874] pci 0000:04:00.0:   bridge window [mem 0xf6000000-0xf60fffff]
[    0.228889] pci 0000:06:00.0: res[13]=[io  0x1000-0x0fff] get_res_add_size add_size 1000
[    0.228892] pci 0000:06:00.0: BAR 13: assigned [io  0x3000-0x3fff]
[    0.228894] pci 0000:07:00.0: res[13]=[io  0x1000-0x0fff] get_res_add_size add_size 1000
[    0.228896] pci 0000:07:00.0: BAR 13: assigned [io  0x3000-0x3fff]
[    0.228899] pci 0000:07:00.0: PCI bridge to [bus 08]
[    0.228907] pci 0000:07:00.0:   bridge window [io  0x3000-0x3fff]
[    0.228921] pci 0000:07:00.0:   bridge window [mem 0xe0000000-0xe3ffffff]
[    0.228931] pci 0000:07:00.0:   bridge window [mem 0xb0000000-0xbfffffff 64bit pref]
[    0.228948] pci 0000:06:00.0: PCI bridge to [bus 07-30]
[    0.228955] pci 0000:06:00.0:   bridge window [io  0x3000-0x3fff]
[    0.228968] pci 0000:06:00.0:   bridge window [mem 0xe0000000-0xedffffff]
[    0.228978] pci 0000:06:00.0:   bridge window [mem 0xb0000000-0xc9ffffff 64bit pref]
[    0.228995] pci 0000:04:03.0: PCI bridge to [bus 06-30]
[    0.228999] pci 0000:04:03.0:   bridge window [io  0x3000-0x3fff]
[    0.229007] pci 0000:04:03.0:   bridge window [mem 0xe0000000-0xedffffff]
[    0.229014] pci 0000:04:03.0:   bridge window [mem 0xb0000000-0xc9ffffff 64bit pref]
[    0.229025] pci 0000:04:04.0: PCI bridge to [bus 31-39]
[    0.229029] pci 0000:04:04.0:   bridge window [io  0x4000-0x4fff]
[    0.229038] pci 0000:04:04.0:   bridge window [mem 0xee000000-0xf5ffffff]
[    0.229044] pci 0000:04:04.0:   bridge window [mem 0xca000000-0xd1ffffff 64bit pref]
[    0.229055] pci 0000:04:05.0: PCI bridge to [bus 3a]
[    0.229059] pci 0000:04:05.0:   bridge window [io  0x5000-0x5fff]
[    0.229078] pci 0000:04:06.0: PCI bridge to [bus 3b]
[    0.229083] pci 0000:04:06.0:   bridge window [io  0x6000-0x6fff]
[    0.229102] pci 0000:03:00.0: PCI bridge to [bus 04-3b]
[    0.229106] pci 0000:03:00.0:   bridge window [io  0x2000-0x6fff]
[    0.229115] pci 0000:03:00.0:   bridge window [mem 0xe0000000-0xf60fffff]
[    0.229121] pci 0000:03:00.0:   bridge window [mem 0xb0000000-0xd1ffffff 64bit pref]
[    0.229132] pci 0000:00:1c.4: PCI bridge to [bus 03-3b]
[    0.229135] pci 0000:00:1c.4:   bridge window [io  0x2000-0x6fff]
[    0.229142] pci 0000:00:1c.4:   bridge window [mem 0xe0000000-0xf60fffff]
[    0.229147] pci 0000:00:1c.4:   bridge window [mem 0xb0000000-0xd1ffffff 64bit pref]
[    0.229155] pci_bus 0000:00: resource 4 [io  0x0000-0xffff]
[    0.229158] pci_bus 0000:00: resource 5 [mem 0x00000000-0xfffffffff]
[    0.229161] pci_bus 0000:02: resource 1 [mem 0xf6800000-0xf68fffff]
[    0.229163] pci_bus 0000:03: resource 0 [io  0x2000-0x6fff]
[    0.229165] pci_bus 0000:03: resource 1 [mem 0xe0000000-0xf60fffff]
[    0.229167] pci_bus 0000:03: resource 2 [mem 0xb0000000-0xd1ffffff 64bit pref]
[    0.229170] pci_bus 0000:04: resource 0 [io  0x2000-0x6fff]
[    0.229172] pci_bus 0000:04: resource 1 [mem 0xe0000000-0xf60fffff]
[    0.229174] pci_bus 0000:04: resource 2 [mem 0xb0000000-0xd1ffffff 64bit pref]
[    0.229176] pci_bus 0000:05: resource 0 [io  0x2000-0x2fff]
[    0.229178] pci_bus 0000:05: resource 1 [mem 0xf6000000-0xf60fffff]
[    0.229181] pci_bus 0000:06: resource 0 [io  0x3000-0x3fff]
[    0.229183] pci_bus 0000:06: resource 1 [mem 0xe0000000-0xedffffff]
[    0.229185] pci_bus 0000:06: resource 2 [mem 0xb0000000-0xc9ffffff 64bit pref]
[    0.229187] pci_bus 0000:07: resource 0 [io  0x3000-0x3fff]
[    0.229189] pci_bus 0000:07: resource 1 [mem 0xe0000000-0xedffffff]
[    0.229192] pci_bus 0000:07: resource 2 [mem 0xb0000000-0xc9ffffff 64bit pref]
[    0.229194] pci_bus 0000:08: resource 0 [io  0x3000-0x3fff]
[    0.229196] pci_bus 0000:08: resource 1 [mem 0xe0000000-0xe3ffffff]
[    0.229198] pci_bus 0000:08: resource 2 [mem 0xb0000000-0xbfffffff 64bit pref]
[    0.229201] pci_bus 0000:31: resource 0 [io  0x4000-0x4fff]
[    0.229203] pci_bus 0000:31: resource 1 [mem 0xee000000-0xf5ffffff]
[    0.229205] pci_bus 0000:31: resource 2 [mem 0xca000000-0xd1ffffff 64bit pref]
[    0.229207] pci_bus 0000:3a: resource 0 [io  0x5000-0x5fff]
[    0.229210] pci_bus 0000:3b: resource 0 [io  0x6000-0x6fff]
[    0.229244] NET: Registered protocol family 2
[    0.229444] TCP established hash table entries: 65536 (order: 7, 524288 bytes)
[    0.229645] TCP bind hash table entries: 65536 (order: 8, 1048576 bytes)
[    0.229779] TCP: Hash tables configured (established 65536 bind 65536)
[    0.229800] TCP: reno registered
[    0.229814] UDP hash table entries: 4096 (order: 5, 131072 bytes)
[    0.229851] UDP-Lite hash table entries: 4096 (order: 5, 131072 bytes)
[    0.229932] NET: Registered protocol family 1
[    0.229944] pci 0000:00:02.0: Boot video device
[    0.229969] pci 0000:00:1a.0: PCI->APIC IRQ transform: INT A -> IRQ 16
[    0.250688] pci 0000:00:1d.0: PCI->APIC IRQ transform: INT A -> IRQ 23
[    0.270710] PCI: CLS mismatch (64 != 128), using 64 bytes
[    0.270781] Trying to unpack rootfs image as initramfs...
[    0.673662] Freeing initrd memory: 18852K (ffff880035b1e000 - ffff880036d87000)
[    0.673667] PCI-DMA: Using software bounce buffering for IO (SWIOTLB)
[    0.673670] software IO TLB [mem 0x6df28000-0x71f28000] (64MB) mapped at [ffff88006df28000-ffff880071f27fff]
[    0.673958] microcode: CPU0 sig=0x306a9, pf=0x10, revision=0x15
[    0.673964] microcode: CPU1 sig=0x306a9, pf=0x10, revision=0x15
[    0.673975] microcode: CPU2 sig=0x306a9, pf=0x10, revision=0x15
[    0.673983] microcode: CPU3 sig=0x306a9, pf=0x10, revision=0x15
[    0.674049] microcode: Microcode Update Driver: v2.00 <tigran@aivazian.fsnet.co.uk>, Peter Oruba
[    0.674051] Scanning for low memory corruption every 60 seconds
[    0.674342] Initialise system trusted keyring
[    0.674397] audit: initializing netlink socket (disabled)
[    0.674408] type=2000 audit(1410257908.664:1): initialized
[    0.711018] HugeTLB registered 2 MB page size, pre-allocated 0 pages
[    0.712277] zbud: loaded
[    0.712455] VFS: Disk quotas dquot_6.5.2
[    0.712500] Dquot-cache hash table entries: 512 (order 0, 4096 bytes)
[    0.712980] fuse init (API version 7.22)
[    0.713064] msgmni has been set to 14630
[    0.713119] Key type big_key registered
[    0.713656] Key type asymmetric registered
[    0.713658] Asymmetric key parser 'x509' registered
[    0.713693] Block layer SCSI generic (bsg) driver version 0.4 loaded (major 252)
[    0.713740] io scheduler noop registered
[    0.713743] io scheduler deadline registered (default)
[    0.713768] io scheduler cfq registered
[    0.713866] pcieport 0000:00:1c.0: PCI->APIC IRQ transform: INT A -> IRQ 16
[    0.713915] pcieport 0000:00:1c.0: irq 40 for MSI/MSI-X
[    0.714021] pcieport 0000:00:1c.2: PCI->APIC IRQ transform: INT C -> IRQ 18
[    0.714056] pcieport 0000:00:1c.2: irq 41 for MSI/MSI-X
[    0.714151] pcieport 0000:00:1c.4: PCI->APIC IRQ transform: INT A -> IRQ 16
[    0.714182] pcieport 0000:00:1c.4: irq 42 for MSI/MSI-X
[    0.714263] pcieport 0000:03:00.0: enabling device (0006 -> 0007)
[    0.714275] pcieport 0000:03:00.0: PCI->APIC IRQ transform: INT A -> IRQ 16
[    0.714318] pcieport 0000:03:00.0: irq 43 for MSI/MSI-X
[    0.714422] pcieport 0000:04:00.0: enabling device (0006 -> 0007)
[    0.714432] pcieport 0000:04:00.0: using bridge 0000:03:00.0 INT A to get IRQ 16
[    0.714437] pcieport 0000:04:00.0: PCI->APIC IRQ transform: INT A -> IRQ 16
[    0.714486] pcieport 0000:04:00.0: irq 44 for MSI/MSI-X
[    0.714598] pcieport 0000:04:03.0: enabling device (0006 -> 0007)
[    0.714607] pcieport 0000:04:03.0: using bridge 0000:03:00.0 INT D to get IRQ 19
[    0.714610] pcieport 0000:04:03.0: PCI->APIC IRQ transform: INT D -> IRQ 19
[    0.714660] pcieport 0000:04:03.0: irq 45 for MSI/MSI-X
[    0.714770] pcieport 0000:04:04.0: enabling device (0006 -> 0007)
[    0.714780] pcieport 0000:04:04.0: using bridge 0000:03:00.0 INT A to get IRQ 16
[    0.714785] pcieport 0000:04:04.0: PCI->APIC IRQ transform: INT A -> IRQ 16
[    0.714831] pcieport 0000:04:04.0: irq 46 for MSI/MSI-X
[    0.714957] pcieport 0000:04:05.0: enabling device (0004 -> 0005)
[    0.714968] pcieport 0000:04:05.0: using bridge 0000:03:00.0 INT B to get IRQ 17
[    0.714971] pcieport 0000:04:05.0: PCI->APIC IRQ transform: INT B -> IRQ 17
[    0.715021] pcieport 0000:04:05.0: irq 47 for MSI/MSI-X
[    0.715133] pcieport 0000:04:06.0: enabling device (0004 -> 0005)
[    0.715142] pcieport 0000:04:06.0: using bridge 0000:03:00.0 INT C to get IRQ 18
[    0.715147] pcieport 0000:04:06.0: PCI->APIC IRQ transform: INT C -> IRQ 18
[    0.715193] pcieport 0000:04:06.0: irq 48 for MSI/MSI-X
[    0.715307] pcieport 0000:06:00.0: enabling device (0006 -> 0007)
[    0.715322] pcieport 0000:04:03.0: using bridge 0000:03:00.0 INT D to get IRQ 19
[    0.715328] pcieport 0000:06:00.0: PCI->APIC IRQ transform: INT D -> IRQ 19
[    0.715403] pcieport 0000:06:00.0: irq 49 for MSI/MSI-X
[    0.715560] pcieport 0000:07:00.0: enabling device (0006 -> 0007)
[    0.715576] pcieport 0000:04:03.0: using bridge 0000:03:00.0 INT D to get IRQ 19
[    0.715582] pcieport 0000:07:00.0: PCI->APIC IRQ transform: INT D -> IRQ 19
[    0.715670] pcieport 0000:07:00.0: irq 50 for MSI/MSI-X
[    0.715876] pcieport 0000:00:1c.0: Signaling PME through PCIe PME interrupt
[    0.715885] pcie_pme 0000:00:1c.0:pcie01: service driver pcie_pme loaded
[    0.715909] pcieport 0000:00:1c.2: Signaling PME through PCIe PME interrupt
[    0.715911] pci 0000:02:00.0: Signaling PME through PCIe PME interrupt
[    0.715920] pcie_pme 0000:00:1c.2:pcie01: service driver pcie_pme loaded
[    0.715941] pcieport 0000:00:1c.4: Signaling PME through PCIe PME interrupt
[    0.715943] pcieport 0000:03:00.0: Signaling PME through PCIe PME interrupt
[    0.715945] pcieport 0000:04:00.0: Signaling PME through PCIe PME interrupt
[    0.715947] pcieport 0000:04:03.0: Signaling PME through PCIe PME interrupt
[    0.715949] pcieport 0000:06:00.0: Signaling PME through PCIe PME interrupt
[    0.715951] pcieport 0000:07:00.0: Signaling PME through PCIe PME interrupt
[    0.715953] pci 0000:08:00.0: Signaling PME through PCIe PME interrupt
[    0.715955] pcieport 0000:04:04.0: Signaling PME through PCIe PME interrupt
[    0.715956] pcieport 0000:04:05.0: Signaling PME through PCIe PME interrupt
[    0.715958] pcieport 0000:04:06.0: Signaling PME through PCIe PME interrupt
[    0.715966] pcie_pme 0000:00:1c.4:pcie01: service driver pcie_pme loaded
[    0.715980] pci_hotplug: PCI Hot Plug PCI Core version: 0.5
[    0.716052] pciehp 0000:00:1c.4:pcie04: HPC vendor_id 8086 device_id 1e18 ss_vid 8086 ss_did 2044
[    0.716090] pciehp 0000:00:1c.4:pcie04: service driver pciehp loaded
[    0.716110] pciehp 0000:04:00.0:pcie24: HPC vendor_id 8086 device_id 1548 ss_vid 2222 ss_did 1111
[    0.716165] pciehp 0000:04:00.0:pcie24: service driver pciehp loaded
[    0.716183] pciehp 0000:04:03.0:pcie24: HPC vendor_id 8086 device_id 1548 ss_vid 2222 ss_did 1111
[    0.716238] pciehp 0000:04:03.0:pcie24: service driver pciehp loaded
[    0.716258] pciehp 0000:04:04.0:pcie24: HPC vendor_id 8086 device_id 1548 ss_vid 2222 ss_did 1111
[    0.716313] pciehp 0000:04:04.0:pcie24: service driver pciehp loaded
[    0.716335] pciehp 0000:04:05.0:pcie24: HPC vendor_id 8086 device_id 1548 ss_vid 2222 ss_did 1111
[    0.716391] pciehp 0000:04:05.0:pcie24: service driver pciehp loaded
[    0.716410] pciehp 0000:04:06.0:pcie24: HPC vendor_id 8086 device_id 1548 ss_vid 2222 ss_did 1111
[    0.716458] pciehp 0000:04:06.0:pcie24: service driver pciehp loaded
[    0.716488] pciehp 0000:07:00.0:pcie24: HPC vendor_id 8086 device_id 1549 ss_vid 0 ss_did 0
[    0.716554] pciehp 0000:07:00.0:pcie24: service driver pciehp loaded
[    0.716559] pciehp: PCI Express Hot Plug Controller Driver version: 0.4
[    0.716608] efifb: probing for efifb
[    0.717111] efifb: framebuffer at 0xa0000000, mapped to 0xffffc90004e80000, using 3072k, total 3072k
[    0.717113] efifb: mode is 1024x768x32, linelength=4096, pages=1
[    0.717114] efifb: scrolling: redraw
[    0.717116] efifb: Truecolor: size=8:8:8:8, shift=24:16:8:0
[    0.719702] Console: switching to colour frame buffer device 128x48
[    0.722187] fb0: EFI VGA frame buffer device
[    0.722199] intel_idle: MWAIT substates: 0x21120
[    0.722201] intel_idle: v0.4 model 0x3A
[    0.722203] intel_idle: lapic_timer_reliable_states 0xffffffff
[    0.722323] ipmi message handler version 39.2
[    0.722399] input: Power Button as /devices/LNXSYSTM:00/device:00/PNP0C0C:00/input/input0
[    0.722405] ACPI: Power Button [PWRB]
[    0.722442] input: Power Button as /devices/LNXSYSTM:00/LNXPWRBN:00/input/input1
[    0.722445] ACPI: Power Button [PWRF]
[    0.722523] ACPI: Fan [FAN0] (off)
[    0.722552] ACPI: Fan [FAN1] (off)
[    0.722580] ACPI: Fan [FAN2] (off)
[    0.722606] ACPI: Fan [FAN3] (off)
[    0.722633] ACPI: Fan [FAN4] (off)
[    0.727362] thermal LNXTHERM:00: registered as thermal_zone0
[    0.727365] ACPI: Thermal Zone [TZ00] (28 C)
[    0.727614] thermal LNXTHERM:01: registered as thermal_zone1
[    0.727616] ACPI: Thermal Zone [TZ01] (30 C)
[    0.727648] GHES: HEST is not enabled!
[    0.727746] Serial: 8250/16550 driver, 32 ports, IRQ sharing enabled
[    0.729588] Linux agpgart interface v0.103
[    0.731134] brd: module loaded
[    0.731949] loop: module loaded
[    0.732313] libphy: Fixed MDIO Bus: probed
[    0.732401] tun: Universal TUN/TAP device driver, 1.6
[    0.732402] tun: (C) 1999-2004 Max Krasnyansky <maxk@qualcomm.com>
[    0.732456] PPP generic driver version 2.4.2
[    0.732506] ehci_hcd: USB 2.0 'Enhanced' Host Controller (EHCI) Driver
[    0.732510] ehci-pci: EHCI PCI platform driver
[    0.732536] ehci-pci 0000:00:1a.0: PCI->APIC IRQ transform: INT A -> IRQ 16
[    0.732571] ehci-pci 0000:00:1a.0: EHCI Host Controller
[    0.732576] ehci-pci 0000:00:1a.0: new USB bus registered, assigned bus number 1
[    0.732595] ehci-pci 0000:00:1a.0: debug port 2
[    0.736510] ehci-pci 0000:00:1a.0: cache line size of 64 is not supported
[    0.736531] ehci-pci 0000:00:1a.0: irq 16, io mem 0xf6908000
[    0.746951] ehci-pci 0000:00:1a.0: USB 2.0 started, EHCI 1.00
[    0.746999] usb usb1: New USB device found, idVendor=1d6b, idProduct=0002
[    0.747001] usb usb1: New USB device strings: Mfr=3, Product=2, SerialNumber=1
[    0.747003] usb usb1: Product: EHCI Host Controller
[    0.747005] usb usb1: Manufacturer: Linux 3.13.0-35-generic ehci_hcd
[    0.747007] usb usb1: SerialNumber: 0000:00:1a.0
[    0.747139] hub 1-0:1.0: USB hub found
[    0.747147] hub 1-0:1.0: 2 ports detected
[    0.747249] ehci-pci 0000:00:1d.0: PCI->APIC IRQ transform: INT A -> IRQ 23
[    0.747277] ehci-pci 0000:00:1d.0: EHCI Host Controller
[    0.747281] ehci-pci 0000:00:1d.0: new USB bus registered, assigned bus number 2
[    0.747298] ehci-pci 0000:00:1d.0: debug port 2
[    0.751198] ehci-pci 0000:00:1d.0: cache line size of 64 is not supported
[    0.751216] ehci-pci 0000:00:1d.0: irq 23, io mem 0xf6907000
[    0.762965] ehci-pci 0000:00:1d.0: USB 2.0 started, EHCI 1.00
[    0.763008] usb usb2: New USB device found, idVendor=1d6b, idProduct=0002
[    0.763010] usb usb2: New USB device strings: Mfr=3, Product=2, SerialNumber=1
[    0.763012] usb usb2: Product: EHCI Host Controller
[    0.763014] usb usb2: Manufacturer: Linux 3.13.0-35-generic ehci_hcd
[    0.763016] usb usb2: SerialNumber: 0000:00:1d.0
[    0.763130] hub 2-0:1.0: USB hub found
[    0.763137] hub 2-0:1.0: 2 ports detected
[    0.763223] ehci-platform: EHCI generic platform driver
[    0.763231] ohci_hcd: USB 1.1 'Open' Host Controller (OHCI) Driver
[    0.763232] ohci-pci: OHCI PCI platform driver
[    0.763241] ohci-platform: OHCI generic platform driver
[    0.763247] uhci_hcd: USB Universal Host Controller Interface driver
[    0.763307] i8042: PNP: No PS/2 controller found. Probing ports directly.
[    1.863321] i8042: No controller found
[    1.863387] tsc: Refined TSC clocksource calibration: 1797.671 MHz
[    1.863500] mousedev: PS/2 mouse device common for all mice
[    1.863687] rtc_cmos 00:06: RTC can wake from S4
[    1.863870] rtc_cmos 00:06: rtc core: registered rtc_cmos as rtc0
[    1.863906] rtc_cmos 00:06: alarms up to one month, y3k, 242 bytes nvram, hpet irqs
[    1.863979] device-mapper: uevent: version 1.0.3
[    1.864091] device-mapper: ioctl: 4.27.0-ioctl (2013-10-30) initialised: dm-devel@redhat.com
[    1.864097] ledtrig-cpu: registered to indicate activity on CPUs
[    1.864099] EFI Variables Facility v0.08 2004-May-17
[    1.868657] TCP: cubic registered
[    1.868759] NET: Registered protocol family 10
[    1.868946] NET: Registered protocol family 17
[    1.868955] Key type dns_resolver registered
[    1.869316] Loading compiled-in X.509 certificates
[    1.870473] Loaded X.509 cert 'Magrathea: Glacier signing key: b1414ae96c1b0ebb7c141fa405c1f6c98e8a66f0'
[    1.870490] registered taskstats version 1
[    1.873174] Key type trusted registered
[    1.875289] Key type encrypted registered
[    1.877302] AppArmor: AppArmor sha1 policy hashing enabled
[    1.877308] IMA: No TPM chip found, activating TPM-bypass!
[    1.877828] regulator-dummy: disabling
[    1.877891]   Magic number: 14:25:325
[    1.878018] rtc_cmos 00:06: setting system clock to 2014-09-09 10:18:30 UTC (1410257910)
[    1.878759] BIOS EDD facility v0.16 2004-Jun-25, 0 devices found
[    1.878761] EDD information not available.
[    1.878812] PM: Hibernation image not present or could not be loaded.
[    1.879857] Freeing unused kernel memory: 1336K (ffffffff81d1f000 - ffffffff81e6d000)
[    1.879859] Write protecting the kernel read-only data: 12288k
[    1.882415] Freeing unused kernel memory: 808K (ffff880001736000 - ffff880001800000)
[    1.884568] Freeing unused kernel memory: 692K (ffff880001b53000 - ffff880001c00000)
[    1.898743] systemd-udevd[115]: starting version 204
[    1.929557] pps_core: LinuxPPS API ver. 1 registered
[    1.929561] pps_core: Software ver. 5.3.6 - Copyright 2005-2007 Rodolfo Giometti <giometti@linux.it>
[    1.932718] PTP clock support registered
[    1.937614] ahci 0000:00:1f.2: version 3.0
[    1.937639] ahci 0000:00:1f.2: PCI->APIC IRQ transform: INT B -> IRQ 19
[    1.937697] ahci 0000:00:1f.2: irq 51 for MSI/MSI-X
[    1.937767] ahci 0000:00:1f.2: AHCI 0001.0300 32 slots 6 ports 6 Gbps 0x1 impl SATA mode
[    1.937773] ahci 0000:00:1f.2: flags: 64bit ncq pm led clo pio slum part ems apst 
[    1.940349] scsi0 : ahci
[    1.940388] tg3.c:v3.134 (Sep 16, 2013)
[    1.940424] pcieport 0000:04:03.0: using bridge 0000:03:00.0 INT D to get IRQ 19
[    1.940434] tg3 0000:08:00.0: PCI->APIC IRQ transform: INT D -> IRQ 19
[    1.950942] scsi1 : ahci
[    1.955768] scsi2 : ahci
[    1.957047] scsi3 : ahci
[    1.957135] scsi4 : ahci
[    1.957210] scsi5 : ahci
[    1.957254] ata1: SATA max UDMA/133 abar m2048@0xf6906000 port 0xf6906100 irq 51
[    1.957257] ata2: DUMMY
[    1.957258] ata3: DUMMY
[    1.957259] ata4: DUMMY
[    1.957261] ata5: DUMMY
[    1.957262] ata6: DUMMY
[    1.998113] tg3 0000:08:00.0 eth0: Tigon3 [partno(BCM957762) rev 57766000] (PCI Express) MAC address 40:6c:8f:39:1b:19
[    1.998118] tg3 0000:08:00.0 eth0: attached PHY is 57765 (10/100/1000Base-T Ethernet) (WireSpeed[1], EEE[1])
[    1.998121] tg3 0000:08:00.0 eth0: RXcsums[1] LinkChgREG[0] MIirq[0] ASF[0] TSOcap[1]
[    1.998123] tg3 0000:08:00.0 eth0: dma_rwctrl[00000001] dma_mask[64-bit]
[    2.016357] systemd-udevd[118]: renamed network interface eth0 to p9p1
[    2.071970] usb 1-1: new high-speed USB device number 2 using ehci-pci
[    2.204361] usb 1-1: New USB device found, idVendor=8087, idProduct=0024
[    2.204366] usb 1-1: New USB device strings: Mfr=0, Product=0, SerialNumber=0
[    2.204777] hub 1-1:1.0: USB hub found
[    2.204938] hub 1-1:1.0: 6 ports detected
[    2.276050] ata1: SATA link up 6.0 Gbps (SStatus 133 SControl 300)
[    2.290784] ata1.00: ATA-9: INTEL SSDMCEAW120A4, DC33, max UDMA/133
[    2.290789] ata1.00: 234441648 sectors, multi 16: LBA48 NCQ (depth 31/32), AA
[    2.316096] usb 2-1: new high-speed USB device number 2 using ehci-pci
[    2.317124] ata1.00: configured for UDMA/133
[    2.317380] scsi 0:0:0:0: Direct-Access     ATA      INTEL SSDMCEAW12 DC33 PQ: 0 ANSI: 5
[    2.317661] sd 0:0:0:0: [sda] 234441648 512-byte logical blocks: (120 GB/111 GiB)
[    2.317720] sd 0:0:0:0: Attached scsi generic sg0 type 0
[    2.317861] sd 0:0:0:0: [sda] Write Protect is off
[    2.317868] sd 0:0:0:0: [sda] Mode Sense: 00 3a 00 00
[    2.317915] sd 0:0:0:0: [sda] Write cache: enabled, read cache: enabled, doesn't support DPO or FUA
[    2.319506]  sda: sda1 sda2 sda3
[    2.319870] sd 0:0:0:0: [sda] Attached SCSI disk
[    2.356049] EXT4-fs (sda2): mounted filesystem with ordered data mode. Opts: (null)
[    2.422291] random: init urandom read with 24 bits of entropy available
[    2.448449] usb 2-1: New USB device found, idVendor=8087, idProduct=0024
[    2.448456] usb 2-1: New USB device strings: Mfr=0, Product=0, SerialNumber=0
[    2.448750] hub 2-1:1.0: USB hub found
[    2.448822] hub 2-1:1.0: 8 ports detected
[    2.448939] init: plymouth-upstart-bridge main process (181) terminated with status 1
[    2.448957] init: plymouth-upstart-bridge main process ended, respawning
[    2.456523] init: plymouth-upstart-bridge main process (191) terminated with status 1
[    2.456537] init: plymouth-upstart-bridge main process ended, respawning
[    2.461423] init: plymouth-upstart-bridge main process (195) terminated with status 1
[    2.461440] init: plymouth-upstart-bridge main process ended, respawning
[    2.562914] Adding 7826428k swap on /dev/sda3.  Priority:-1 extents:1 across:7826428k SSFS
[    2.583038] IPv6: ADDRCONF(NETDEV_UP): p9p1: link is not ready
[    2.654962] systemd-udevd[318]: starting version 204
[    2.715787] lp: driver loaded but no devices found
[    2.720391] usb 2-1.1: new low-speed USB device number 3 using ehci-pci
[    2.734365] ppdev: user-space parallel port driver
[    2.764467] mei_me 0000:00:16.0: PCI->APIC IRQ transform: INT A -> IRQ 16
[    2.764523] mei_me 0000:00:16.0: irq 52 for MSI/MSI-X
[    2.782216] ACPI Warning: 0x0000000000000428-0x000000000000042f SystemIO conflicts with Region \PMIO 1 (20131115/utaddress-251)
[    2.782228] ACPI: If an ACPI driver is available for this device, you should use it instead of the native driver
[    2.782236] ACPI Warning: 0x0000000000000530-0x000000000000053f SystemIO conflicts with Region \GPIO 1 (20131115/utaddress-251)
[    2.782241] ACPI: If an ACPI driver is available for this device, you should use it instead of the native driver
[    2.782244] ACPI Warning: 0x0000000000000500-0x000000000000052f SystemIO conflicts with Region \GPIO 1 (20131115/utaddress-251)
[    2.782248] ACPI: If an ACPI driver is available for this device, you should use it instead of the native driver
[    2.782250] lpc_ich: Resource conflict(s) found affecting gpio_ich
[    2.784241] [drm] Initialized drm 1.1.0 20060810
[    2.800853] cfg80211: Calling CRDA to update world regulatory domain
[    2.820768] i915 0000:00:02.0: PCI->APIC IRQ transform: INT A -> IRQ 16
[    2.822236] Intel(R) Wireless WiFi driver for Linux, in-tree:
[    2.822240] Copyright(c) 2003-2013 Intel Corporation
[    2.822324] iwlwifi 0000:02:00.0: enabling device (0000 -> 0002)
[    2.822394] iwlwifi 0000:02:00.0: PCI->APIC IRQ transform: INT A -> IRQ 18
[    2.822428] iwlwifi 0000:02:00.0: can't disable ASPM; OS doesn't have ASPM control
[    2.822621] iwlwifi 0000:02:00.0: irq 53 for MSI/MSI-X
[    2.822850] [drm] Memory usable by graphics device = 2048M
[    2.822855] checking generic (a0000000 300000) vs hw (a0000000 10000000)
[    2.822857] fb: conflicting fb hw usage inteldrmfb vs EFI VGA - removing generic driver
[    2.822874] Console: switching to colour dummy device 80x25
[    2.825193] usb 2-1.1: New USB device found, idVendor=04ca, idProduct=0027
[    2.825199] usb 2-1.1: New USB device strings: Mfr=1, Product=2, SerialNumber=0
[    2.825202] usb 2-1.1: Product: USB Multimedia Keyboard
[    2.825206] usb 2-1.1: Manufacturer: Lite-On Technology Corp.
[    2.846991] iwlwifi 0000:02:00.0: loaded firmware version 18.168.6.1 op_mode iwldvm
[    2.883153] Switched to clocksource tsc
[    2.896492] usb 2-1.2: new low-speed USB device number 4 using ehci-pci
[    2.911818] iwlwifi 0000:02:00.0: CONFIG_IWLWIFI_DEBUG disabled
[    2.911822] iwlwifi 0000:02:00.0: CONFIG_IWLWIFI_DEBUGFS enabled
[    2.911824] iwlwifi 0000:02:00.0: CONFIG_IWLWIFI_DEVICE_TRACING enabled
[    2.911827] iwlwifi 0000:02:00.0: Detected Intel(R) Centrino(R) Advanced-N 6235 AGN, REV=0xB0
[    2.912003] iwlwifi 0000:02:00.0: L1 Enabled; Disabling L0S
[    2.919032] i915 0000:00:02.0: irq 54 for MSI/MSI-X
[    2.919048] [drm] Supports vblank timestamp caching Rev 2 (21.10.2013).
[    2.919050] [drm] Driver supports precise vblank timestamp query.
[    2.919124] vgaarb: device changed decodes: PCI:0000:00:02.0,olddecodes=io+mem,decodes=io+mem:owns=io+mem
[    2.958174] ieee80211 phy0: Selected rate control algorithm 'iwl-agn-rs'
[    2.967783] EXT4-fs (sda2): re-mounted. Opts: errors=remount-ro
[    2.992179] usb 2-1.2: New USB device found, idVendor=0461, idProduct=4d15
[    2.992187] usb 2-1.2: New USB device strings: Mfr=0, Product=2, SerialNumber=0
[    2.992190] usb 2-1.2: Product: USB Optical Mouse
[    3.012150] type=1400 audit(1410257911.628:2): apparmor="STATUS" operation="profile_load" profile="unconfined" name="/sbin/dhclient" pid=423 comm="apparmor_parser"
[    3.012161] type=1400 audit(1410257911.628:3): apparmor="STATUS" operation="profile_load" profile="unconfined" name="/usr/lib/NetworkManager/nm-dhcp-client.action" pid=423 comm="apparmor_parser"
[    3.012168] type=1400 audit(1410257911.628:4): apparmor="STATUS" operation="profile_load" profile="unconfined" name="/usr/lib/connman/scripts/dhclient-script" pid=423 comm="apparmor_parser"
[    3.013053] type=1400 audit(1410257911.632:5): apparmor="STATUS" operation="profile_replace" profile="unconfined" name="/usr/lib/NetworkManager/nm-dhcp-client.action" pid=423 comm="apparmor_parser"
[    3.013063] type=1400 audit(1410257911.632:6): apparmor="STATUS" operation="profile_replace" profile="unconfined" name="/usr/lib/connman/scripts/dhclient-script" pid=423 comm="apparmor_parser"
[    3.013747] type=1400 audit(1410257911.632:7): apparmor="STATUS" operation="profile_replace" profile="unconfined" name="/usr/lib/connman/scripts/dhclient-script" pid=423 comm="apparmor_parser"
[    3.061809] [drm] GMBUS [i915 gmbus vga] timed out, falling back to bit banging on pin 2
[    3.064600] usb 2-1.4: new full-speed USB device number 5 using ehci-pci
[    3.109074] intel_rapl: domain uncore energy ctr 19255:19255 not working, skip
[    3.132591] cfg80211: World regulatory domain updated:
[    3.132596] cfg80211:   (start_freq - end_freq @ bandwidth), (max_antenna_gain, max_eirp)
[    3.132600] cfg80211:   (2402000 KHz - 2472000 KHz @ 40000 KHz), (300 mBi, 2000 mBm)
[    3.132602] cfg80211:   (2457000 KHz - 2482000 KHz @ 40000 KHz), (300 mBi, 2000 mBm)
[    3.132605] cfg80211:   (2474000 KHz - 2494000 KHz @ 20000 KHz), (300 mBi, 2000 mBm)
[    3.132607] cfg80211:   (5170000 KHz - 5250000 KHz @ 40000 KHz), (300 mBi, 2000 mBm)
[    3.132610] cfg80211:   (5735000 KHz - 5835000 KHz @ 40000 KHz), (300 mBi, 2000 mBm)
[    3.161044] usb 2-1.4: New USB device found, idVendor=8087, idProduct=07da
[    3.161051] usb 2-1.4: New USB device strings: Mfr=0, Product=0, SerialNumber=0
[    3.181565] fbcon: inteldrmfb (fb0) is primary device
[    3.232709] usb 2-1.7: new high-speed USB device number 6 using ehci-pci
[    3.318946] Bluetooth: Core ver 2.17
[    3.318968] NET: Registered protocol family 31
[    3.318970] Bluetooth: HCI device and connection manager initialized
[    3.318979] Bluetooth: HCI socket layer initialized
[    3.319209] Bluetooth: L2CAP socket layer initialized
[    3.319214] Bluetooth: SCO socket layer initialized
[    3.329049] Bluetooth: BNEP (Ethernet Emulation) ver 1.3
[    3.329050] Bluetooth: BNEP filters: protocol multicast
[    3.329059] Bluetooth: BNEP socket layer initialized
[    3.329325] usb 2-1.7: New USB device found, idVendor=090c, idProduct=1000
[    3.329327] usb 2-1.7: New USB device strings: Mfr=1, Product=2, SerialNumber=3
[    3.329330] usb 2-1.7: Product: Flash Disk
[    3.329332] usb 2-1.7: Manufacturer: USB
[    3.329333] usb 2-1.7: SerialNumber: FBI1308160857814
[    3.341089] usbcore: registered new interface driver btusb
[    3.358757] hidraw: raw HID events driver (C) Jiri Kosina
[    3.361971] usb-storage 2-1.7:1.0: USB Mass Storage device detected
[    3.363619] scsi6 : usb-storage 2-1.7:1.0
[    3.364217] usbcore: registered new interface driver usb-storage
[    3.373557] usbcore: registered new interface driver usbhid
[    3.373558] usbhid: USB HID core driver
[    3.373837] input: Lite-On Technology Corp. USB Multimedia Keyboard as /devices/pci0000:00/0000:00:1d.0/usb2/2-1/2-1.1/2-1.1:1.0/input/input2
[    3.375497] hid-generic 0003:04CA:0027.0001: input,hidraw0: USB HID v1.10 Keyboard [Lite-On Technology Corp. USB Multimedia Keyboard] on usb-0000:00:1d.0-1.1/input0
[    3.378162] input: Lite-On Technology Corp. USB Multimedia Keyboard as /devices/pci0000:00/0000:00:1d.0/usb2/2-1/2-1.1/2-1.1:1.1/input/input3
[    3.378363] hid-generic 0003:04CA:0027.0002: input,hiddev0,hidraw1: USB HID v1.10 Device [Lite-On Technology Corp. USB Multimedia Keyboard] on usb-0000:00:1d.0-1.1/input1
[    3.378529] input: USB Optical Mouse as /devices/pci0000:00/0000:00:1d.0/usb2/2-1/2-1.2/2-1.2:1.0/input/input4
[    3.378906] hid-generic 0003:0461:4D15.0003: input,hidraw2: USB HID v1.11 Mouse [USB Optical Mouse] on usb-0000:00:1d.0-1.2/input0
[    3.384842] Console: switching to colour frame buffer device 240x67
[    3.395727] i915 0000:00:02.0: fb0: inteldrmfb frame buffer device
[    3.395729] i915 0000:00:02.0: registered panic notifier
[    3.395784] Bluetooth: RFCOMM TTY layer initialized
[    3.395796] Bluetooth: RFCOMM socket layer initialized
[    3.395805] Bluetooth: RFCOMM ver 1.11
[    3.395921] [drm] Initialized i915 1.6.0 20080730 for 0000:00:02.0 on minor 0
[    3.395970] snd_hda_intel 0000:00:1b.0: enabling device (0000 -> 0002)
[    3.395985] snd_hda_intel 0000:00:1b.0: PCI->APIC IRQ transform: INT A -> IRQ 22
[    3.396033] snd_hda_intel 0000:00:1b.0: irq 55 for MSI/MSI-X
[    3.410584] input: HDA Intel PCH HDMI/DP,pcm=7 as /devices/pci0000:00/0000:00:1b.0/sound/card0/input6
[    3.410980] input: HDA Intel PCH HDMI/DP,pcm=3 as /devices/pci0000:00/0000:00:1b.0/sound/card0/input5
[    3.427103] init: failsafe main process (565) killed by TERM signal
[    3.521259] init: udev-fallback-graphics main process (688) terminated with status 1
[    3.683269] iwlwifi 0000:02:00.0: L1 Enabled; Disabling L0S
[    3.690113] iwlwifi 0000:02:00.0: Radio type=0x2-0x1-0x0
[    3.723031] type=1400 audit(1410257912.340:8): apparmor="STATUS" operation="profile_load" profile="unconfined" name="/usr/lib/cups/backend/cups-pdf" pid=774 comm="apparmor_parser"
[    3.723043] type=1400 audit(1410257912.340:9): apparmor="STATUS" operation="profile_load" profile="unconfined" name="/usr/sbin/cupsd" pid=774 comm="apparmor_parser"
[    3.723574] type=1400 audit(1410257912.340:10): apparmor="STATUS" operation="profile_replace" profile="unconfined" name="/usr/sbin/cupsd" pid=774 comm="apparmor_parser"
[    3.915155] init: cups main process (777) killed by HUP signal
[    3.915172] init: cups main process ended, respawning
[    3.986884] iwlwifi 0000:02:00.0: L1 Enabled; Disabling L0S
[    3.993679] iwlwifi 0000:02:00.0: Radio type=0x2-0x1-0x0
[    4.079970] IPv6: ADDRCONF(NETDEV_UP): wlan0: link is not ready
[    4.081301] IPv6: ADDRCONF(NETDEV_UP): wlan0: link is not ready
[    4.086116] tg3 0000:08:00.0: irq 56 for MSI/MSI-X
[    4.086128] tg3 0000:08:00.0: irq 57 for MSI/MSI-X
[    4.086135] tg3 0000:08:00.0: irq 58 for MSI/MSI-X
[    4.086143] tg3 0000:08:00.0: irq 59 for MSI/MSI-X
[    4.086151] tg3 0000:08:00.0: irq 60 for MSI/MSI-X
[    4.253334] IPv6: ADDRCONF(NETDEV_UP): p9p1: link is not ready
[    4.253682] IPv6: ADDRCONF(NETDEV_UP): p9p1: link is not ready
[    4.717727] random: nonblocking pool is initialized
[    4.825963] [drm] Enabling RC6 states: RC6 on, RC6p on, RC6pp off
[    4.901451] scsi 6:0:0:0: Direct-Access     USB      Flash Disk       1100 PQ: 0 ANSI: 4
[    4.901782] sd 6:0:0:0: Attached scsi generic sg1 type 0
[    4.902429] sd 6:0:0:0: [sdb] 31326208 512-byte logical blocks: (16.0 GB/14.9 GiB)
[    4.903575] sd 6:0:0:0: [sdb] Write Protect is off
[    4.903581] sd 6:0:0:0: [sdb] Mode Sense: 43 00 00 00
[    4.904722] sd 6:0:0:0: [sdb] No Caching mode page found
[    4.904728] sd 6:0:0:0: [sdb] Assuming drive cache: write through
[    4.915814] sd 6:0:0:0: [sdb] No Caching mode page found
[    4.915821] sd 6:0:0:0: [sdb] Assuming drive cache: write through
[    4.917598]  sdb: sdb1 sdb2 < sdb5 >
[    4.922069] sd 6:0:0:0: [sdb] No Caching mode page found
[    4.922077] sd 6:0:0:0: [sdb] Assuming drive cache: write through
[    4.922082] sd 6:0:0:0: [sdb] Attached SCSI removable disk
[    5.281610] init: plymouth-upstart-bridge main process ended, respawning
[    5.295520] init: plymouth-upstart-bridge main process (1089) terminated with status 1
[    5.295542] init: plymouth-upstart-bridge main process ended, respawning
[    5.781056] init: plymouth-stop pre-start process (1204) terminated with status 1
[    5.793094] tg3 0000:08:00.0 p9p1: Link is up at 100 Mbps, full duplex
[    5.793100] tg3 0000:08:00.0 p9p1: Flow control is on for TX and on for RX
[    5.793104] tg3 0000:08:00.0 p9p1: EEE is disabled
[    5.793128] IPv6: ADDRCONF(NETDEV_CHANGE): p9p1: link becomes ready
[   33.872620] audit_printk_skb: 108 callbacks suppressed
[   33.872625] type=1400 audit(1410257942.458:47): apparmor="STATUS" operation="profile_replace" profile="unconfined" name="/usr/lib/cups/backend/cups-pdf" pid=2394 comm="apparmor_parser"
[   33.872633] type=1400 audit(1410257942.458:48): apparmor="STATUS" operation="profile_replace" profile="unconfined" name="/usr/sbin/cupsd" pid=2394 comm="apparmor_parser"
[   33.873145] type=1400 audit(1410257942.458:49): apparmor="STATUS" operation="profile_replace" profile="unconfined" name="/usr/sbin/cupsd" pid=2394 comm="apparmor_parser"
