[    0.000000] Initializing cgroup subsys cpuset
[    0.000000] Initializing cgroup subsys cpu
[    0.000000] Initializing cgroup subsys cpuacct
[    0.000000] Linux version 3.13.0-35-generic (buildd@panlong) (gcc version 4.8.2 (Ubuntu 4.8.2-19ubuntu1) ) #62-Ubuntu SMP Fri Aug 15 01:58:42 UTC 2014 (Ubuntu 3.13.0-35.62-generic 3.13.11.6)
[    0.000000] Command line: BOOT_IMAGE=/boot/vmlinuz-3.13.0-35-generic.efi.signed root=UUID=f54f0253-3e5a-4046-afe7-62f154b956d9 ro splash quiet crashkernel=384M-:128M vt.handoff=7 pci=noacpi
[    0.000000] KERNEL supported cpus:
[    0.000000]   Intel GenuineIntel
[    0.000000]   AMD AuthenticAMD
[    0.000000]   Centaur CentaurHauls
[    0.000000] e820: BIOS-provided physical RAM map:
[    0.000000] BIOS-e820: [mem 0x0000000000000000-0x000000000009efff] usable
[    0.000000] BIOS-e820: [mem 0x000000000009f000-0x000000000009ffff] reserved
[    0.000000] BIOS-e820: [mem 0x0000000000100000-0x000000001fffffff] usable
[    0.000000] BIOS-e820: [mem 0x0000000020000000-0x00000000201fffff] reserved
[    0.000000] BIOS-e820: [mem 0x0000000020200000-0x0000000040003fff] usable
[    0.000000] BIOS-e820: [mem 0x0000000040004000-0x0000000040004fff] reserved
[    0.000000] BIOS-e820: [mem 0x0000000040005000-0x000000007dfdcfff] usable
[    0.000000] BIOS-e820: [mem 0x000000007dfdd000-0x000000007e301fff] reserved
[    0.000000] BIOS-e820: [mem 0x000000007e302000-0x000000007e311fff] ACPI data
[    0.000000] BIOS-e820: [mem 0x000000007e312000-0x000000007e427fff] ACPI NVS
[    0.000000] BIOS-e820: [mem 0x000000007e428000-0x000000007e60afff] reserved
[    0.000000] BIOS-e820: [mem 0x000000007e60b000-0x000000007e69bfff] type 20
[    0.000000] BIOS-e820: [mem 0x000000007e69c000-0x000000007e69cfff] usable
[    0.000000] BIOS-e820: [mem 0x000000007e69d000-0x000000007e6dffff] ACPI NVS
[    0.000000] BIOS-e820: [mem 0x000000007e6e0000-0x000000007effffff] usable
[    0.000000] BIOS-e820: [mem 0x000000007f800000-0x000000009f9fffff] reserved
[    0.000000] BIOS-e820: [mem 0x00000000f8000000-0x00000000fbffffff] reserved
[    0.000000] BIOS-e820: [mem 0x00000000fec00000-0x00000000fec00fff] reserved
[    0.000000] BIOS-e820: [mem 0x00000000fed00000-0x00000000fed03fff] reserved
[    0.000000] BIOS-e820: [mem 0x00000000fed1c000-0x00000000fed1ffff] reserved
[    0.000000] BIOS-e820: [mem 0x00000000fee00000-0x00000000fee00fff] reserved
[    0.000000] BIOS-e820: [mem 0x00000000ff000000-0x00000000ffffffff] reserved
[    0.000000] BIOS-e820: [mem 0x0000000100000000-0x000000025f5fffff] usable
[    0.000000] NX (Execute Disable) protection: active
[    0.000000] efi: EFI v2.31 by American Megatrends
[    0.000000] efi:  ACPI=0x7e307000  ACPI 2.0=0x7e307000  SMBIOS=0xf04c0  MPS=0xfd440 
[    0.000000] efi: mem00: type=3, attr=0xf, range=[0x0000000000000000-0x0000000000008000) (0MB)
[    0.000000] efi: mem01: type=7, attr=0xf, range=[0x0000000000008000-0x000000000005e000) (0MB)
[    0.000000] efi: mem02: type=4, attr=0xf, range=[0x000000000005e000-0x0000000000060000) (0MB)
[    0.000000] efi: mem03: type=3, attr=0xf, range=[0x0000000000060000-0x000000000009f000) (0MB)
[    0.000000] efi: mem04: type=6, attr=0x800000000000000f, range=[0x000000000009f000-0x00000000000a0000) (0MB)
[    0.000000] efi: mem05: type=7, attr=0xf, range=[0x0000000000100000-0x0000000001000000) (15MB)
[    0.000000] efi: mem06: type=2, attr=0xf, range=[0x0000000001000000-0x0000000002501000) (21MB)
[    0.000000] efi: mem07: type=7, attr=0xf, range=[0x0000000002501000-0x0000000020000000) (474MB)
[    0.000000] efi: mem08: type=0, attr=0xf, range=[0x0000000020000000-0x0000000020200000) (2MB)
[    0.000000] efi: mem09: type=7, attr=0xf, range=[0x0000000020200000-0x0000000035b1e000) (345MB)
[    0.000000] efi: mem10: type=2, attr=0xf, range=[0x0000000035b1e000-0x0000000036d87000) (18MB)
[    0.000000] efi: mem11: type=7, attr=0xf, range=[0x0000000036d87000-0x0000000040004000) (146MB)
[    0.000000] efi: mem12: type=0, attr=0xf, range=[0x0000000040004000-0x0000000040005000) (0MB)
[    0.000000] efi: mem13: type=7, attr=0xf, range=[0x0000000040005000-0x0000000051fd1000) (287MB)
[    0.000000] efi: mem14: type=2, attr=0xf, range=[0x0000000051fd1000-0x000000006e74e000) (455MB)
[    0.000000] efi: mem15: type=7, attr=0xf, range=[0x000000006e74e000-0x000000006e754000) (0MB)
[    0.000000] efi: mem16: type=2, attr=0xf, range=[0x000000006e754000-0x000000006e92a000) (1MB)
[    0.000000] efi: mem17: type=1, attr=0xf, range=[0x000000006e92a000-0x000000006eb48000) (2MB)
[    0.000000] efi: mem18: type=7, attr=0xf, range=[0x000000006eb48000-0x0000000072042000) (52MB)
[    0.000000] efi: mem19: type=4, attr=0xf, range=[0x0000000072042000-0x0000000072072000) (0MB)
[    0.000000] efi: mem20: type=7, attr=0xf, range=[0x0000000072072000-0x0000000072077000) (0MB)
[    0.000000] efi: mem21: type=4, attr=0xf, range=[0x0000000072077000-0x0000000072078000) (0MB)
[    0.000000] efi: mem22: type=7, attr=0xf, range=[0x0000000072078000-0x000000007207b000) (0MB)
[    0.000000] efi: mem23: type=4, attr=0xf, range=[0x000000007207b000-0x000000007207d000) (0MB)
[    0.000000] efi: mem24: type=7, attr=0xf, range=[0x000000007207d000-0x000000007208b000) (0MB)
[    0.000000] efi: mem25: type=4, attr=0xf, range=[0x000000007208b000-0x000000007208c000) (0MB)
[    0.000000] efi: mem26: type=7, attr=0xf, range=[0x000000007208c000-0x00000000720c0000) (0MB)
[    0.000000] efi: mem27: type=4, attr=0xf, range=[0x00000000720c0000-0x0000000072101000) (0MB)
[    0.000000] efi: mem28: type=7, attr=0xf, range=[0x0000000072101000-0x0000000072115000) (0MB)
[    0.000000] efi: mem29: type=4, attr=0xf, range=[0x0000000072115000-0x0000000072140000) (0MB)
[    0.000000] efi: mem30: type=7, attr=0xf, range=[0x0000000072140000-0x0000000072152000) (0MB)
[    0.000000] efi: mem31: type=4, attr=0xf, range=[0x0000000072152000-0x000000007225c000) (1MB)
[    0.000000] efi: mem32: type=7, attr=0xf, range=[0x000000007225c000-0x0000000072270000) (0MB)
[    0.000000] efi: mem33: type=4, attr=0xf, range=[0x0000000072270000-0x0000000072558000) (2MB)
[    0.000000] efi: mem34: type=7, attr=0xf, range=[0x0000000072558000-0x0000000072559000) (0MB)
[    0.000000] efi: mem35: type=4, attr=0xf, range=[0x0000000072559000-0x0000000072562000) (0MB)
[    0.000000] efi: mem36: type=7, attr=0xf, range=[0x0000000072562000-0x0000000072564000) (0MB)
[    0.000000] efi: mem37: type=4, attr=0xf, range=[0x0000000072564000-0x0000000072565000) (0MB)
[    0.000000] efi: mem38: type=7, attr=0xf, range=[0x0000000072565000-0x0000000072566000) (0MB)
[    0.000000] efi: mem39: type=4, attr=0xf, range=[0x0000000072566000-0x0000000072568000) (0MB)
[    0.000000] efi: mem40: type=7, attr=0xf, range=[0x0000000072568000-0x0000000072569000) (0MB)
[    0.000000] efi: mem41: type=4, attr=0xf, range=[0x0000000072569000-0x000000007256c000) (0MB)
[    0.000000] efi: mem42: type=7, attr=0xf, range=[0x000000007256c000-0x000000007257d000) (0MB)
[    0.000000] efi: mem43: type=4, attr=0xf, range=[0x000000007257d000-0x000000007257e000) (0MB)
[    0.000000] efi: mem44: type=7, attr=0xf, range=[0x000000007257e000-0x000000007258a000) (0MB)
[    0.000000] efi: mem45: type=4, attr=0xf, range=[0x000000007258a000-0x000000007258b000) (0MB)
[    0.000000] efi: mem46: type=7, attr=0xf, range=[0x000000007258b000-0x000000007258e000) (0MB)
[    0.000000] efi: mem47: type=4, attr=0xf, range=[0x000000007258e000-0x0000000072591000) (0MB)
[    0.000000] efi: mem48: type=7, attr=0xf, range=[0x0000000072591000-0x0000000072593000) (0MB)
[    0.000000] efi: mem49: type=4, attr=0xf, range=[0x0000000072593000-0x000000007275c000) (1MB)
[    0.000000] efi: mem50: type=7, attr=0xf, range=[0x000000007275c000-0x000000007275e000) (0MB)
[    0.000000] efi: mem51: type=4, attr=0xf, range=[0x000000007275e000-0x0000000072769000) (0MB)
[    0.000000] efi: mem52: type=7, attr=0xf, range=[0x0000000072769000-0x0000000072772000) (0MB)
[    0.000000] efi: mem53: type=4, attr=0xf, range=[0x0000000072772000-0x000000007277b000) (0MB)
[    0.000000] efi: mem54: type=7, attr=0xf, range=[0x000000007277b000-0x000000007277d000) (0MB)
[    0.000000] efi: mem55: type=4, attr=0xf, range=[0x000000007277d000-0x000000007c1e6000) (154MB)
[    0.000000] efi: mem56: type=7, attr=0xf, range=[0x000000007c1e6000-0x000000007c1e9000) (0MB)
[    0.000000] efi: mem57: type=4, attr=0xf, range=[0x000000007c1e9000-0x000000007d5eb000) (20MB)
[    0.000000] efi: mem58: type=7, attr=0xf, range=[0x000000007d5eb000-0x000000007dad1000) (4MB)
[    0.000000] efi: mem59: type=2, attr=0xf, range=[0x000000007dad1000-0x000000007dadd000) (0MB)
[    0.000000] efi: mem60: type=3, attr=0xf, range=[0x000000007dadd000-0x000000007dfdd000) (5MB)
[    0.000000] efi: mem61: type=0, attr=0xf, range=[0x000000007dfdd000-0x000000007e269000) (2MB)
[    0.000000] efi: mem62: type=0, attr=0xf, range=[0x000000007e269000-0x000000007e297000) (0MB)
[    0.000000] efi: mem63: type=0, attr=0xf, range=[0x000000007e297000-0x000000007e2a6000) (0MB)
[    0.000000] efi: mem64: type=0, attr=0xf, range=[0x000000007e2a6000-0x000000007e2a8000) (0MB)
[    0.000000] efi: mem65: type=0, attr=0xf, range=[0x000000007e2a8000-0x000000007e2af000) (0MB)
[    0.000000] efi: mem66: type=0, attr=0xf, range=[0x000000007e2af000-0x000000007e302000) (0MB)
[    0.000000] efi: mem67: type=9, attr=0xf, range=[0x000000007e302000-0x000000007e307000) (0MB)
[    0.000000] efi: mem68: type=9, attr=0xf, range=[0x000000007e307000-0x000000007e312000) (0MB)
[    0.000000] efi: mem69: type=10, attr=0xf, range=[0x000000007e312000-0x000000007e38c000) (0MB)
[    0.000000] efi: mem70: type=10, attr=0xf, range=[0x000000007e38c000-0x000000007e428000) (0MB)
[    0.000000] efi: mem71: type=6, attr=0x800000000000000f, range=[0x000000007e428000-0x000000007e488000) (0MB)
[    0.000000] efi: mem72: type=6, attr=0x800000000000000f, range=[0x000000007e488000-0x000000007e56b000) (0MB)
[    0.000000] efi: mem73: type=6, attr=0x800000000000000f, range=[0x000000007e56b000-0x000000007e56d000) (0MB)
[    0.000000] efi: mem74: type=6, attr=0x800000000000000f, range=[0x000000007e56d000-0x000000007e60b000) (0MB)
[    0.000000] efi: mem75: type=5, attr=0x800000000000000f, range=[0x000000007e60b000-0x000000007e628000) (0MB)
[    0.000000] efi: mem76: type=5, attr=0x800000000000000f, range=[0x000000007e628000-0x000000007e69c000) (0MB)
[    0.000000] efi: mem77: type=4, attr=0xf, range=[0x000000007e69c000-0x000000007e69d000) (0MB)
[    0.000000] efi: mem78: type=10, attr=0xf, range=[0x000000007e69d000-0x000000007e6e0000) (0MB)
[    0.000000] efi: mem79: type=4, attr=0xf, range=[0x000000007e6e0000-0x000000007ed2e000) (6MB)
[    0.000000] efi: mem80: type=3, attr=0xf, range=[0x000000007ed2e000-0x000000007efca000) (2MB)
[    0.000000] efi: mem81: type=4, attr=0xf, range=[0x000000007efca000-0x000000007efd9000) (0MB)
[    0.000000] efi: mem82: type=3, attr=0xf, range=[0x000000007efd9000-0x000000007efeb000) (0MB)
[    0.000000] efi: mem83: type=4, attr=0xf, range=[0x000000007efeb000-0x000000007f000000) (0MB)
[    0.000000] efi: mem84: type=7, attr=0xf, range=[0x0000000100000000-0x000000025f600000) (5622MB)
[    0.000000] efi: mem85: type=0, attr=0x8000000000000000, range=[0x000000007f800000-0x000000009fa00000) (514MB)
[    0.000000] efi: mem86: type=11, attr=0x8000000000000001, range=[0x00000000f8000000-0x00000000fc000000) (64MB)
[    0.000000] efi: mem87: type=11, attr=0x8000000000000001, range=[0x00000000fec00000-0x00000000fec01000) (0MB)
[    0.000000] efi: mem88: type=11, attr=0x8000000000000001, range=[0x00000000fed00000-0x00000000fed04000) (0MB)
[    0.000000] efi: mem89: type=11, attr=0x8000000000000001, range=[0x00000000fed1c000-0x00000000fed20000) (0MB)
[    0.000000] efi: mem90: type=11, attr=0x8000000000000001, range=[0x00000000fee00000-0x00000000fee01000) (0MB)
[    0.000000] efi: mem91: type=11, attr=0x8000000000000001, range=[0x00000000ff000000-0x0000000100000000) (16MB)
[    0.000000] SMBIOS 2.7 present.
[    0.000000] DMI:                  /D33217CK, BIOS GKPPT10H.86A.0032.2012.1127.1710 11/27/2012
[    0.000000] e820: update [mem 0x00000000-0x00000fff] usable ==> reserved
[    0.000000] e820: remove [mem 0x000a0000-0x000fffff] usable
[    0.000000] No AGP bridge found
[    0.000000] e820: last_pfn = 0x25f600 max_arch_pfn = 0x400000000
[    0.000000] MTRR default type: uncachable
[    0.000000] MTRR fixed ranges enabled:
[    0.000000]   00000-9FFFF write-back
[    0.000000]   A0000-BFFFF uncachable
[    0.000000]   C0000-CFFFF write-protect
[    0.000000]   D0000-DFFFF uncachable
[    0.000000]   E0000-FFFFF write-protect
[    0.000000] MTRR variable ranges enabled:
[    0.000000]   0 base 000000000 mask E00000000 write-back
[    0.000000]   1 base 200000000 mask FC0000000 write-back
[    0.000000]   2 base 240000000 mask FE0000000 write-back
[    0.000000]   3 base 080000000 mask F80000000 uncachable
[    0.000000]   4 base 07F800000 mask FFF800000 uncachable
[    0.000000]   5 base 25F800000 mask FFF800000 uncachable
[    0.000000]   6 base 25F600000 mask FFFE00000 uncachable
[    0.000000]   7 disabled
[    0.000000]   8 disabled
[    0.000000]   9 disabled
[    0.000000] x86 PAT enabled: cpu 0, old 0x7040600070406, new 0x7010600070106
[    0.000000] original variable MTRRs
[    0.000000] reg 0, base: 0GB, range: 8GB, type WB
[    0.000000] reg 1, base: 8GB, range: 1GB, type WB
[    0.000000] reg 2, base: 9GB, range: 512MB, type WB
[    0.000000] reg 3, base: 2GB, range: 2GB, type UC
[    0.000000] reg 4, base: 2040MB, range: 8MB, type UC
[    0.000000] reg 5, base: 9720MB, range: 8MB, type UC
[    0.000000] reg 6, base: 9718MB, range: 2MB, type UC
[    0.000000] total RAM covered: 7662M
[    0.000000] Found optimal setting for mtrr clean up
[    0.000000]  gran_size: 64K 	chunk_size: 16M 	num_reg: 7  	lose cover RAM: 0G
[    0.000000] New variable MTRRs
[    0.000000] reg 0, base: 0GB, range: 2GB, type WB
[    0.000000] reg 1, base: 2040MB, range: 8MB, type UC
[    0.000000] reg 2, base: 4GB, range: 4GB, type WB
[    0.000000] reg 3, base: 8GB, range: 1GB, type WB
[    0.000000] reg 4, base: 9GB, range: 512MB, type WB
[    0.000000] reg 5, base: 9718MB, range: 2MB, type UC
[    0.000000] reg 6, base: 9720MB, range: 8MB, type UC
[    0.000000] e820: update [mem 0x7f800000-0xffffffff] usable ==> reserved
[    0.000000] e820: last_pfn = 0x7f000 max_arch_pfn = 0x400000000
[    0.000000] found SMP MP-table at [mem 0x000fd730-0x000fd73f] mapped at [ffff8800000fd730]
[    0.000000] Scanning 1 areas for low memory corruption
[    0.000000] Base memory trampoline at [ffff880000097000] 97000 size 24576
[    0.000000] init_memory_mapping: [mem 0x00000000-0x000fffff]
[    0.000000]  [mem 0x00000000-0x000fffff] page 4k
[    0.000000] BRK [0x01fdf000, 0x01fdffff] PGTABLE
[    0.000000] BRK [0x01fe0000, 0x01fe0fff] PGTABLE
[    0.000000] BRK [0x01fe1000, 0x01fe1fff] PGTABLE
[    0.000000] init_memory_mapping: [mem 0x25f400000-0x25f5fffff]
[    0.000000]  [mem 0x25f400000-0x25f5fffff] page 2M
[    0.000000] BRK [0x01fe2000, 0x01fe2fff] PGTABLE
[    0.000000] init_memory_mapping: [mem 0x25c000000-0x25f3fffff]
[    0.000000]  [mem 0x25c000000-0x25f3fffff] page 2M
[    0.000000] init_memory_mapping: [mem 0x200000000-0x25bffffff]
[    0.000000]  [mem 0x200000000-0x25bffffff] page 2M
[    0.000000] BRK [0x01fe3000, 0x01fe3fff] PGTABLE
[    0.000000] init_memory_mapping: [mem 0x00100000-0x1fffffff]
[    0.000000]  [mem 0x00100000-0x001fffff] page 4k
[    0.000000]  [mem 0x00200000-0x1fffffff] page 2M
[    0.000000] init_memory_mapping: [mem 0x20200000-0x40003fff]
[    0.000000]  [mem 0x20200000-0x3fffffff] page 2M
[    0.000000]  [mem 0x40000000-0x40003fff] page 4k
[    0.000000] BRK [0x01fe4000, 0x01fe4fff] PGTABLE
[    0.000000] init_memory_mapping: [mem 0x40005000-0x7dfdcfff]
[    0.000000]  [mem 0x40005000-0x401fffff] page 4k
[    0.000000]  [mem 0x40200000-0x7ddfffff] page 2M
[    0.000000]  [mem 0x7de00000-0x7dfdcfff] page 4k
[    0.000000] init_memory_mapping: [mem 0x7e69c000-0x7e69cfff]
[    0.000000]  [mem 0x7e69c000-0x7e69cfff] page 4k
[    0.000000] init_memory_mapping: [mem 0x7e6e0000-0x7effffff]
[    0.000000]  [mem 0x7e6e0000-0x7e7fffff] page 4k
[    0.000000]  [mem 0x7e800000-0x7effffff] page 2M
[    0.000000] init_memory_mapping: [mem 0x100000000-0x1ffffffff]
[    0.000000]  [mem 0x100000000-0x1ffffffff] page 2M
[    0.000000] RAMDISK: [mem 0x35b1e000-0x36d86fff]
[    0.000000] ACPI: RSDP 000000007e307000 000024 (v02  INTEL)
[    0.000000] ACPI: XSDT 000000007e307078 00006C (v01 INTEL  DQS77CL  00000020 AMI  00010013)
[    0.000000] ACPI: FACP 000000007e3106a8 00010C (v05 INTEL  DQS77CL  00000020 AMI  00010013)
[    0.000000] ACPI: DSDT 000000007e307170 009532 (v02 INTEL  DQS77CL  00000020 INTL 20051117)
[    0.000000] ACPI: FACS 000000007e426080 000040
[    0.000000] ACPI: APIC 000000007e3107b8 000072 (v03 INTEL  DQS77CL  00000020 AMI  00010013)
[    0.000000] ACPI: FPDT 000000007e310830 000044 (v01 INTEL  DQS77CL  00000020 AMI  00010013)
[    0.000000] ACPI: MCFG 000000007e310878 00003C (v01 INTEL  DQS77CL  00000020 MSFT 00000097)
[    0.000000] ACPI: HPET 000000007e3108b8 000038 (v01 INTEL  DQS77CL  00000020 AMI. 00000005)
[    0.000000] ACPI: SSDT 000000007e3108f0 000315 (v01 INTEL  DQS77CL  00000020 INTL 20091112)
[    0.000000] ACPI: SSDT 000000007e310c08 0008A2 (v01 INTEL  DQS77CL  00000020 INTL 20051117)
[    0.000000] ACPI: SSDT 000000007e3114b0 000A92 (v01 INTEL  DQS77CL  00000020 INTL 20051117)
[    0.000000] ACPI: BGRT 000000007e311f48 000038 (v00 INTEL  DQS77CL  00000020 AMI  00010013)
[    0.000000] ACPI: Local APIC address 0xfee00000
[    0.000000] No NUMA configuration found
[    0.000000] Faking a node at [mem 0x0000000000000000-0x000000025f5fffff]
[    0.000000] Initmem setup node 0 [mem 0x00000000-0x25f5fffff]
[    0.000000]   NODE_DATA [mem 0x25f5f4000-0x25f5f8fff]
[    0.000000] Reserving 128MB of memory at 720MB for crashkernel (System RAM: 7644MB)
[    0.000000]  [ffffea0000000000-ffffea00097fffff] PMD -> [ffff880257400000-ffff88025ebfffff] on node 0
[    0.000000] Zone ranges:
[    0.000000]   DMA      [mem 0x00001000-0x00ffffff]
[    0.000000]   DMA32    [mem 0x01000000-0xffffffff]
[    0.000000]   Normal   [mem 0x100000000-0x25f5fffff]
[    0.000000] Movable zone start for each node
[    0.000000] Early memory node ranges
[    0.000000]   node   0: [mem 0x00001000-0x0009efff]
[    0.000000]   node   0: [mem 0x00100000-0x1fffffff]
[    0.000000]   node   0: [mem 0x20200000-0x40003fff]
[    0.000000]   node   0: [mem 0x40005000-0x7dfdcfff]
[    0.000000]   node   0: [mem 0x7e69c000-0x7e69cfff]
[    0.000000]   node   0: [mem 0x7e6e0000-0x7effffff]
[    0.000000]   node   0: [mem 0x100000000-0x25f5fffff]
[    0.000000] On node 0 totalpages: 1957019
[    0.000000]   DMA zone: 64 pages used for memmap
[    0.000000]   DMA zone: 27 pages reserved
[    0.000000]   DMA zone: 3998 pages, LIFO batch:0
[    0.000000]   DMA32 zone: 8028 pages used for memmap
[    0.000000]   DMA32 zone: 513789 pages, LIFO batch:31
[    0.000000]   Normal zone: 22488 pages used for memmap
[    0.000000]   Normal zone: 1439232 pages, LIFO batch:31
[    0.000000] ACPI: PM-Timer IO Port: 0x408
[    0.000000] ACPI: Local APIC address 0xfee00000
[    0.000000] ACPI: LAPIC (acpi_id[0x01] lapic_id[0x00] enabled)
[    0.000000] ACPI: LAPIC (acpi_id[0x02] lapic_id[0x02] enabled)
[    0.000000] ACPI: LAPIC (acpi_id[0x03] lapic_id[0x01] enabled)
[    0.000000] ACPI: LAPIC (acpi_id[0x04] lapic_id[0x03] enabled)
[    0.000000] ACPI: LAPIC_NMI (acpi_id[0xff] high edge lint[0x1])
[    0.000000] Using ACPI for processor (LAPIC) configuration information
[    0.000000] ACPI: HPET id: 0x8086a701 base: 0xfed00000
[    0.000000] Intel MultiProcessor Specification v1.4
[    0.000000] MPTABLE: OEM ID: A M I
[    0.000000] MPTABLE: Product ID: INTEL
[    0.000000] MPTABLE: APIC at: 0xFEE00000
[    0.000000] IOAPIC[0]: apic_id 2, version 32, address 0xfec00000, GSI 0-23
[    0.000000] Processors: 4
[    0.000000] smpboot: Allowing 4 CPUs, 0 hotplug CPUs
[    0.000000] nr_irqs_gsi: 40
[    0.000000] PM: Registered nosave memory: [mem 0x0009f000-0x0009ffff]
[    0.000000] PM: Registered nosave memory: [mem 0x000a0000-0x000fffff]
[    0.000000] PM: Registered nosave memory: [mem 0x20000000-0x201fffff]
[    0.000000] PM: Registered nosave memory: [mem 0x40004000-0x40004fff]
[    0.000000] PM: Registered nosave memory: [mem 0x7dfdd000-0x7e301fff]
[    0.000000] PM: Registered nosave memory: [mem 0x7e302000-0x7e311fff]
[    0.000000] PM: Registered nosave memory: [mem 0x7e312000-0x7e427fff]
[    0.000000] PM: Registered nosave memory: [mem 0x7e428000-0x7e60afff]
[    0.000000] PM: Registered nosave memory: [mem 0x7e60b000-0x7e69bfff]
[    0.000000] PM: Registered nosave memory: [mem 0x7e69d000-0x7e6dffff]
[    0.000000] PM: Registered nosave memory: [mem 0x7f000000-0x7f7fffff]
[    0.000000] PM: Registered nosave memory: [mem 0x7f800000-0x9f9fffff]
[    0.000000] PM: Registered nosave memory: [mem 0x9fa00000-0xf7ffffff]
[    0.000000] PM: Registered nosave memory: [mem 0xf8000000-0xfbffffff]
[    0.000000] PM: Registered nosave memory: [mem 0xfc000000-0xfebfffff]
[    0.000000] PM: Registered nosave memory: [mem 0xfec00000-0xfec00fff]
[    0.000000] PM: Registered nosave memory: [mem 0xfec01000-0xfecfffff]
[    0.000000] PM: Registered nosave memory: [mem 0xfed00000-0xfed03fff]
[    0.000000] PM: Registered nosave memory: [mem 0xfed04000-0xfed1bfff]
[    0.000000] PM: Registered nosave memory: [mem 0xfed1c000-0xfed1ffff]
[    0.000000] PM: Registered nosave memory: [mem 0xfed20000-0xfedfffff]
[    0.000000] PM: Registered nosave memory: [mem 0xfee00000-0xfee00fff]
[    0.000000] PM: Registered nosave memory: [mem 0xfee01000-0xfeffffff]
[    0.000000] PM: Registered nosave memory: [mem 0xff000000-0xffffffff]
[    0.000000] e820: [mem 0x9fa00000-0xf7ffffff] available for PCI devices
[    0.000000] Booting paravirtualized kernel on bare hardware
[    0.000000] setup_percpu: NR_CPUS:256 nr_cpumask_bits:256 nr_cpu_ids:4 nr_node_ids:1
[    0.000000] PERCPU: Embedded 29 pages/cpu @ffff88025f200000 s86336 r8192 d24256 u524288
[    0.000000] pcpu-alloc: s86336 r8192 d24256 u524288 alloc=1*2097152
[    0.000000] pcpu-alloc: [0] 0 1 2 3 
[    0.000000] Built 1 zonelists in Zone order, mobility grouping on.  Total pages: 1926412
[    0.000000] Policy zone: Normal
[    0.000000] Kernel command line: BOOT_IMAGE=/boot/vmlinuz-3.13.0-35-generic.efi.signed root=UUID=f54f0253-3e5a-4046-afe7-62f154b956d9 ro splash quiet crashkernel=384M-:128M vt.handoff=7 pci=noacpi
[    0.000000] PID hash table entries: 4096 (order: 3, 32768 bytes)
[    0.000000] xsave: enabled xstate_bv 0x7, cntxt size 0x340
[    0.000000] Checking aperture...
[    0.000000] No AGP bridge found
[    0.000000] Calgary: detecting Calgary via BIOS EBDA area
[    0.000000] Calgary: Unable to locate Rio Grande table in EBDA - bailing!
[    0.000000] Memory: 7272332K/7828076K available (7372K kernel code, 1144K rwdata, 3404K rodata, 1336K init, 1440K bss, 555744K reserved)
[    0.000000] SLUB: HWalign=64, Order=0-3, MinObjects=0, CPUs=4, Nodes=1
[    0.000000] Hierarchical RCU implementation.
[    0.000000] 	RCU dyntick-idle grace-period acceleration is enabled.
[    0.000000] 	RCU restricting CPUs from NR_CPUS=256 to nr_cpu_ids=4.
[    0.000000] 	Offload RCU callbacks from all CPUs
[    0.000000] 	Offload RCU callbacks from CPUs: 0-3.
[    0.000000] NR_IRQS:16640 nr_irqs:712 16
[    0.000000] Console: colour dummy device 80x25
[    0.000000] console [tty0] enabled
[    0.000000] allocated 31457280 bytes of page_cgroup
[    0.000000] please try 'cgroup_disable=memory' option if you don't want memory cgroups
[    0.000000] hpet clockevent registered
[    0.000000] tsc: Fast TSC calibration using PIT
[    0.004000] tsc: Detected 1797.533 MHz processor
[    0.000002] Calibrating delay loop (skipped), value calculated using timer frequency.. 3595.06 BogoMIPS (lpj=7190132)
[    0.000006] pid_max: default: 32768 minimum: 301
[    0.001447] Security Framework initialized
[    0.001466] AppArmor: AppArmor initialized
[    0.001467] Yama: becoming mindful.
[    0.002202] Dentry cache hash table entries: 1048576 (order: 11, 8388608 bytes)
[    0.005105] Inode-cache hash table entries: 524288 (order: 10, 4194304 bytes)
[    0.006389] Mount-cache hash table entries: 16384 (order: 5, 131072 bytes)
[    0.006403] Mountpoint-cache hash table entries: 16384 (order: 5, 131072 bytes)
[    0.006647] Initializing cgroup subsys memory
[    0.006654] Initializing cgroup subsys devices
[    0.006656] Initializing cgroup subsys freezer
[    0.006658] Initializing cgroup subsys blkio
[    0.006660] Initializing cgroup subsys perf_event
[    0.006663] Initializing cgroup subsys hugetlb
[    0.006691] CPU: Physical Processor ID: 0
[    0.006692] CPU: Processor Core ID: 0
[    0.006698] ENERGY_PERF_BIAS: Set to 'normal', was 'performance'.ENERGY_PERF_BIAS: View and update with x86_energy_perf_policy(8)
[    0.006703] mce: CPU supports 7 MCE banks
[    0.006717] CPU0: Thermal monitoring enabled (TM1)
[    0.006729] Last level iTLB entries: 4KB 512, 2MB 0, 4MB 0.Last level dTLB entries: 4KB 512, 2MB 32, 4MB 32.tlb_flushall_shift: 2
[    0.006889] Freeing SMP alternatives memory: 32K (ffffffff81e6d000 - ffffffff81e75000)
[    0.008488] ACPI: Core revision 20131115
[    0.014948] ACPI: All ACPI Tables successfully acquired
[    0.014958] ACPI: setting ELCR to 0200 (from 0000)
[    0.023438] ftrace: allocating 28537 entries in 112 pages
[    0.042180] ..TIMER: vector=0x30 apic1=0 pin1=2 apic2=-1 pin2=-1
[    0.081890] smpboot: CPU0: Intel(R) Core(TM) i3-3217U CPU @ 1.80GHz (fam: 06, model: 3a, stepping: 09)
[    0.081902] TSC deadline timer enabled
[    0.081915] Performance Events: PEBS fmt1+, 16-deep LBR, IvyBridge events, full-width counters, Intel PMU driver.
[    0.081924] ... version:                3
[    0.081925] ... bit width:              48
[    0.081926] ... generic registers:      4
[    0.081928] ... value mask:             0000ffffffffffff
[    0.081929] ... max period:             0000ffffffffffff
[    0.081930] ... fixed-purpose events:   3
[    0.081932] ... event mask:             000000070000000f
[    0.083933] x86: Booting SMP configuration:
[    0.097152] NMI watchdog: enabled on all CPUs, permanently consumes one hw-PMU counter.
[    0.083935] .... node  #0, CPUs:      #1 #2 #3
[    0.123759] x86: Booted up 1 node, 4 CPUs
[    0.123763] smpboot: Total of 4 processors activated (14380.26 BogoMIPS)
[    0.128175] devtmpfs: initialized
[    0.131702] EVM: security.selinux
[    0.131704] EVM: security.SMACK64
[    0.131706] EVM: security.ima
[    0.131707] EVM: security.capability
[    0.131774] PM: Registering ACPI NVS region [mem 0x7e312000-0x7e427fff] (1138688 bytes)
[    0.131795] PM: Registering ACPI NVS region [mem 0x7e69d000-0x7e6dffff] (274432 bytes)
[    0.132798] pinctrl core: initialized pinctrl subsystem
[    0.132865] regulator-dummy: no parameters
[    0.132905] RTC time: 12:12:37, date: 09/09/14
[    0.132945] NET: Registered protocol family 16
[    0.133083] cpuidle: using governor ladder
[    0.133085] cpuidle: using governor menu
[    0.133138] ACPI FADT declares the system doesn't support PCIe ASPM, so disable it
[    0.133140] ACPI: bus type PCI registered
[    0.133142] acpiphp: ACPI Hot Plug PCI Controller Driver version: 0.5
[    0.133209] PCI: MMCONFIG for domain 0000 [bus 00-3f] at [mem 0xf8000000-0xfbffffff] (base 0xf8000000)
[    0.133212] PCI: MMCONFIG at [mem 0xf8000000-0xfbffffff] reserved in E820
[    0.142593] PCI: Using configuration type 1 for base access
[    0.143700] bio: create slab <bio-0> at 0
[    0.143896] ACPI: Added _OSI(Module Device)
[    0.143899] ACPI: Added _OSI(Processor Device)
[    0.143900] ACPI: Added _OSI(3.0 _SCP Extensions)
[    0.143902] ACPI: Added _OSI(Processor Aggregator Device)
[    0.147333] ACPI: Executed 1 blocks of module-level executable AML code
[    0.152419] ACPI: SSDT 000000007e2af018 00083B (v01  PmRef  Cpu0Cst 00003001 INTL 20051117)
[    0.152844] ACPI: Dynamic OEM Table Load:
[    0.152847] ACPI: SSDT           (null) 00083B (v01  PmRef  Cpu0Cst 00003001 INTL 20051117)
[    0.156252] ACPI: SSDT 000000007e2b0a98 000303 (v01  PmRef    ApIst 00003000 INTL 20051117)
[    0.156709] ACPI: Dynamic OEM Table Load:
[    0.156711] ACPI: SSDT           (null) 000303 (v01  PmRef    ApIst 00003000 INTL 20051117)
[    0.160075] ACPI: SSDT 000000007e2b1c18 000119 (v01  PmRef    ApCst 00003000 INTL 20051117)
[    0.160490] ACPI: Dynamic OEM Table Load:
[    0.160492] ACPI: SSDT           (null) 000119 (v01  PmRef    ApCst 00003000 INTL 20051117)
[    0.164617] ACPI: Interpreter enabled
[    0.164629] ACPI Exception: AE_NOT_FOUND, While evaluating Sleep State [\_S2_] (20131115/hwxface-580)
[    0.164646] ACPI: (supports S0 S1 S3 S4 S5)
[    0.164648] ACPI: Using PIC for interrupt routing
[    0.164868] ACPI: No dock devices found.
[    0.172614] ACPI: Power Resource [FN00] (off)
[    0.172708] ACPI: Power Resource [FN01] (off)
[    0.172800] ACPI: Power Resource [FN02] (off)
[    0.172891] ACPI: Power Resource [FN03] (off)
[    0.172980] ACPI: Power Resource [FN04] (off)
[    0.174278] ACPI: Enabled 7 GPEs in block 00 to 3F
[    0.174287] ACPI: \_SB_.PCI0: notify handler is installed
[    0.174353] Found 1 acpi root devices
[    0.174465] vgaarb: loaded
[    0.174651] SCSI subsystem initialized
[    0.174713] libata version 3.00 loaded.
[    0.174754] ACPI: bus type USB registered
[    0.174773] usbcore: registered new interface driver usbfs
[    0.174784] usbcore: registered new interface driver hub
[    0.174819] usbcore: registered new device driver usb
[    0.174943] PCI: Probing PCI hardware
[    0.174946] PCI: root bus 00: using default resources
[    0.174948] PCI: Probing PCI hardware (bus 00)
[    0.174974] PCI host bridge to bus 0000:00
[    0.174978] pci_bus 0000:00: root bus resource [io  0x0000-0xffff]
[    0.174981] pci_bus 0000:00: root bus resource [mem 0x00000000-0xfffffffff]
[    0.174983] pci_bus 0000:00: No busn resource found for root bus, will use [bus 00-ff]
[    0.174994] pci 0000:00:00.0: [8086:0154] type 00 class 0x060000
[    0.175073] pci 0000:00:02.0: [8086:0166] type 00 class 0x030000
[    0.175087] pci 0000:00:02.0: reg 0x10: [mem 0xf6400000-0xf67fffff 64bit]
[    0.175095] pci 0000:00:02.0: reg 0x18: [mem 0xa0000000-0xafffffff 64bit pref]
[    0.175101] pci 0000:00:02.0: reg 0x20: [io  0xf000-0xf03f]
[    0.175149] vgaarb: device added: PCI:0000:00:02.0,decodes=io+mem,owns=io+mem,locks=none
[    0.175193] pci 0000:00:16.0: [8086:1e3a] type 00 class 0x078000
[    0.175220] pci 0000:00:16.0: reg 0x10: [mem 0xf690b000-0xf690b00f 64bit]
[    0.175307] pci 0000:00:16.0: PME# supported from D0 D3hot D3cold
[    0.175379] pci 0000:00:1a.0: [8086:1e2d] type 00 class 0x0c0320
[    0.175405] pci 0000:00:1a.0: reg 0x10: [mem 0xf6908000-0xf69083ff]
[    0.175508] pci 0000:00:1a.0: PME# supported from D0 D3hot D3cold
[    0.175562] pci 0000:00:1b.0: [8086:1e20] type 00 class 0x040300
[    0.175580] pci 0000:00:1b.0: reg 0x10: [mem 0xf6900000-0xf6903fff 64bit]
[    0.175651] pci 0000:00:1b.0: PME# supported from D0 D3hot D3cold
[    0.175705] pci 0000:00:1c.0: [8086:1e10] type 01 class 0x060400
[    0.175836] pci 0000:00:1c.0: PME# supported from D0 D3hot D3cold
[    0.175902] pci 0000:00:1c.2: [8086:1e14] type 01 class 0x060400
[    0.176042] pci 0000:00:1c.2: PME# supported from D0 D3hot D3cold
[    0.176109] pci 0000:00:1c.4: [8086:1e18] type 01 class 0x060400
[    0.176240] pci 0000:00:1c.4: PME# supported from D0 D3hot D3cold
[    0.176310] pci 0000:00:1d.0: [8086:1e26] type 00 class 0x0c0320
[    0.176336] pci 0000:00:1d.0: reg 0x10: [mem 0xf6907000-0xf69073ff]
[    0.176439] pci 0000:00:1d.0: PME# supported from D0 D3hot D3cold
[    0.176493] pci 0000:00:1f.0: [8086:1e56] type 00 class 0x060100
[    0.176655] pci 0000:00:1f.2: [8086:1e03] type 00 class 0x010601
[    0.176678] pci 0000:00:1f.2: reg 0x10: [io  0xf0b0-0xf0b7]
[    0.176689] pci 0000:00:1f.2: reg 0x14: [io  0xf0a0-0xf0a3]
[    0.176699] pci 0000:00:1f.2: reg 0x18: [io  0xf090-0xf097]
[    0.176710] pci 0000:00:1f.2: reg 0x1c: [io  0xf080-0xf083]
[    0.176720] pci 0000:00:1f.2: reg 0x20: [io  0xf060-0xf07f]
[    0.176731] pci 0000:00:1f.2: reg 0x24: [mem 0xf6906000-0xf69067ff]
[    0.176785] pci 0000:00:1f.2: PME# supported from D3hot
[    0.176834] pci 0000:00:1f.3: [8086:1e22] type 00 class 0x0c0500
[    0.176854] pci 0000:00:1f.3: reg 0x10: [mem 0xf6905000-0xf69050ff 64bit]
[    0.176880] pci 0000:00:1f.3: reg 0x20: [io  0xf040-0xf05f]
[    0.177015] pci 0000:00:1c.0: PCI bridge to [bus 01]
[    0.177286] pci 0000:02:00.0: [8086:088e] type 00 class 0x028000
[    0.177428] pci 0000:02:00.0: reg 0x10: [mem 0xf6800000-0xf6801fff 64bit]
[    0.178064] pci 0000:02:00.0: PME# supported from D0 D3hot D3cold
[    0.188128] pci 0000:00:1c.2: PCI bridge to [bus 02]
[    0.188138] pci 0000:00:1c.2:   bridge window [mem 0xf6800000-0xf68fffff]
[    0.188227] pci 0000:00:1c.4: PCI bridge to [bus 03-3b]
[    0.188236] pci 0000:00:1c.4:   bridge window [mem 0xe0000000-0xf60fffff]
[    0.188246] pci 0000:00:1c.4:   bridge window [mem 0xb0000000-0xd1ffffff 64bit pref]
[    0.188273] pci_bus 0000:00: busn_res: [bus 00-ff] end is updated to 3b
[    0.191511] pci 0000:00:1f.0: PIIX/ICH IRQ router [8086:1e56]
[    0.191515] PCI: pci_cache_line_size set to 64 bytes
[    0.191622] e820: reserve RAM buffer [mem 0x0009f000-0x0009ffff]
[    0.191624] e820: reserve RAM buffer [mem 0x40004000-0x43ffffff]
[    0.191626] e820: reserve RAM buffer [mem 0x7dfdd000-0x7fffffff]
[    0.191628] e820: reserve RAM buffer [mem 0x7e69d000-0x7fffffff]
[    0.191630] e820: reserve RAM buffer [mem 0x7f000000-0x7fffffff]
[    0.191632] e820: reserve RAM buffer [mem 0x25f600000-0x25fffffff]
[    0.191724] NetLabel: Initializing
[    0.191726] NetLabel:  domain hash size = 128
[    0.191727] NetLabel:  protocols = UNLABELED CIPSOv4
[    0.191742] NetLabel:  unlabeled traffic allowed by default
[    0.191829] hpet0: at MMIO 0xfed00000, IRQs 2, 8, 0, 0, 0, 0, 0, 0
[    0.191836] hpet0: 8 comparators, 64-bit 14.318180 MHz counter
[    0.193880] Switched to clocksource hpet
[    0.199094] AppArmor: AppArmor Filesystem Enabled
[    0.199120] pnp: PnP ACPI init
[    0.199133] ACPI: bus type PNP registered
[    0.199515] pnp 00:00: Plug and Play ACPI device, IDs PNP0a08 PNP0a03 (active)
[    0.199575] system 00:01: [mem 0xfed40000-0xfed44fff] has been reserved
[    0.199579] system 00:01: Plug and Play ACPI device, IDs PNP0c01 (active)
[    0.199593] pnp 00:02: [dma 4]
[    0.199610] pnp 00:02: Plug and Play ACPI device, IDs PNP0200 (active)
[    0.199630] pnp 00:03: Plug and Play ACPI device, IDs INT0800 (active)
[    0.199737] pnp 00:04: Plug and Play ACPI device, IDs PNP0103 (active)
[    0.199780] system 00:05: [io  0x0680-0x069f] has been reserved
[    0.199783] system 00:05: [io  0x1000-0x100f] has been reserved
[    0.199785] system 00:05: [io  0xffff] has been reserved
[    0.199787] system 00:05: [io  0xffff] has been reserved
[    0.199790] system 00:05: [io  0x0400-0x0453] could not be reserved
[    0.199792] system 00:05: [io  0x0458-0x047f] has been reserved
[    0.199795] system 00:05: [io  0x0500-0x057f] has been reserved
[    0.199797] system 00:05: [io  0x164e-0x164f] has been reserved
[    0.199800] system 00:05: Plug and Play ACPI device, IDs PNP0c02 (active)
[    0.199826] pnp 00:06: Plug and Play ACPI device, IDs PNP0b00 (active)
[    0.199878] system 00:07: [io  0x0454-0x0457] has been reserved
[    0.199882] system 00:07: Plug and Play ACPI device, IDs INT3f0d PNP0c02 (active)
[    0.200018] system 00:08: [io  0x0a00-0x0a1f] has been reserved
[    0.200020] system 00:08: [io  0x0a30-0x0a3f] has been reserved
[    0.200023] system 00:08: [io  0x0a20-0x0a2f] has been reserved
[    0.200026] system 00:08: Plug and Play ACPI device, IDs PNP0c02 (active)
[    0.200103] system 00:09: [io  0x04d0-0x04d1] has been reserved
[    0.200106] system 00:09: Plug and Play ACPI device, IDs PNP0c02 (active)
[    0.200129] pnp 00:0a: Plug and Play ACPI device, IDs PNP0c04 (active)
[    0.200400] system 00:0b: [mem 0xfed1c000-0xfed1ffff] has been reserved
[    0.200403] system 00:0b: [mem 0xfed10000-0xfed17fff] has been reserved
[    0.200405] system 00:0b: [mem 0xfed18000-0xfed18fff] has been reserved
[    0.200408] system 00:0b: [mem 0xfed19000-0xfed19fff] has been reserved
[    0.200410] system 00:0b: [mem 0xf8000000-0xfbffffff] has been reserved
[    0.200413] system 00:0b: [mem 0xfed20000-0xfed3ffff] has been reserved
[    0.200415] system 00:0b: [mem 0xfed90000-0xfed93fff] has been reserved
[    0.200418] system 00:0b: [mem 0xfed45000-0xfed8ffff] has been reserved
[    0.200420] system 00:0b: [mem 0xff000000-0xffffffff] has been reserved
[    0.200423] system 00:0b: [mem 0xfee00000-0xfeefffff] could not be reserved
[    0.200425] system 00:0b: [mem 0x9fa00000-0x9fa00fff] has been reserved
[    0.200428] system 00:0b: Plug and Play ACPI device, IDs PNP0c02 (active)
[    0.200621] system 00:0c: [mem 0x20000000-0x201fffff] has been reserved
[    0.200624] system 00:0c: [mem 0x40004000-0x40004fff] has been reserved
[    0.200627] system 00:0c: Plug and Play ACPI device, IDs PNP0c01 (active)
[    0.200650] pnp: PnP ACPI: found 13 devices
[    0.200651] ACPI: bus type PNP unregistered
[    0.207833] pci 0000:00:1c.4: bridge window [io  0x1000-0x0fff] to [bus 03-3b] add_size 1000
[    0.207839] pci 0000:00:1c.4: res[13]=[io  0x1000-0x0fff] get_res_add_size add_size 1000
[    0.207844] pci 0000:00:1c.4: BAR 13: assigned [io  0x2000-0x2fff]
[    0.207846] pci 0000:00:1c.0: PCI bridge to [bus 01]
[    0.207868] pci 0000:00:1c.2: PCI bridge to [bus 02]
[    0.207875] pci 0000:00:1c.2:   bridge window [mem 0xf6800000-0xf68fffff]
[    0.207888] pci 0000:00:1c.4: PCI bridge to [bus 03-3b]
[    0.207892] pci 0000:00:1c.4:   bridge window [io  0x2000-0x2fff]
[    0.207900] pci 0000:00:1c.4:   bridge window [mem 0xe0000000-0xf60fffff]
[    0.207906] pci 0000:00:1c.4:   bridge window [mem 0xb0000000-0xd1ffffff 64bit pref]
[    0.207916] pci_bus 0000:00: resource 4 [io  0x0000-0xffff]
[    0.207918] pci_bus 0000:00: resource 5 [mem 0x00000000-0xfffffffff]
[    0.207921] pci_bus 0000:02: resource 1 [mem 0xf6800000-0xf68fffff]
[    0.207923] pci_bus 0000:03: resource 0 [io  0x2000-0x2fff]
[    0.207925] pci_bus 0000:03: resource 1 [mem 0xe0000000-0xf60fffff]
[    0.207928] pci_bus 0000:03: resource 2 [mem 0xb0000000-0xd1ffffff 64bit pref]
[    0.207963] NET: Registered protocol family 2
[    0.208152] TCP established hash table entries: 65536 (order: 7, 524288 bytes)
[    0.208355] TCP bind hash table entries: 65536 (order: 8, 1048576 bytes)
[    0.208494] TCP: Hash tables configured (established 65536 bind 65536)
[    0.208515] TCP: reno registered
[    0.208529] UDP hash table entries: 4096 (order: 5, 131072 bytes)
[    0.208567] UDP-Lite hash table entries: 4096 (order: 5, 131072 bytes)
[    0.208648] NET: Registered protocol family 1
[    0.208661] pci 0000:00:02.0: Boot video device
[    0.208687] pci 0000:00:1a.0: PCI->APIC IRQ transform: INT A -> IRQ 16
[    0.225979] pci 0000:00:1d.0: PCI->APIC IRQ transform: INT A -> IRQ 23
[    0.246000] PCI: CLS 64 bytes, default 64
[    0.246064] Trying to unpack rootfs image as initramfs...
[    0.649154] Freeing initrd memory: 18852K (ffff880035b1e000 - ffff880036d87000)
[    0.649160] PCI-DMA: Using software bounce buffering for IO (SWIOTLB)
[    0.649163] software IO TLB [mem 0x6e042000-0x72042000] (64MB) mapped at [ffff88006e042000-ffff880072041fff]
[    0.649444] microcode: CPU0 sig=0x306a9, pf=0x10, revision=0x15
[    0.649450] microcode: CPU1 sig=0x306a9, pf=0x10, revision=0x15
[    0.649459] microcode: CPU2 sig=0x306a9, pf=0x10, revision=0x15
[    0.649467] microcode: CPU3 sig=0x306a9, pf=0x10, revision=0x15
[    0.649540] microcode: Microcode Update Driver: v2.00 <tigran@aivazian.fsnet.co.uk>, Peter Oruba
[    0.649542] Scanning for low memory corruption every 60 seconds
[    0.649836] Initialise system trusted keyring
[    0.649887] audit: initializing netlink socket (disabled)
[    0.649898] type=2000 audit(1410264757.640:1): initialized
[    0.686117] HugeTLB registered 2 MB page size, pre-allocated 0 pages
[    0.687390] zbud: loaded
[    0.687567] VFS: Disk quotas dquot_6.5.2
[    0.687611] Dquot-cache hash table entries: 512 (order 0, 4096 bytes)
[    0.688080] fuse init (API version 7.22)
[    0.688163] msgmni has been set to 14630
[    0.688220] Key type big_key registered
[    0.688750] Key type asymmetric registered
[    0.688753] Asymmetric key parser 'x509' registered
[    0.688785] Block layer SCSI generic (bsg) driver version 0.4 loaded (major 252)
[    0.688833] io scheduler noop registered
[    0.688836] io scheduler deadline registered (default)
[    0.688864] io scheduler cfq registered
[    0.688947] pcieport 0000:00:1c.0: PCI->APIC IRQ transform: INT A -> IRQ 16
[    0.688997] pcieport 0000:00:1c.0: irq 40 for MSI/MSI-X
[    0.689101] pcieport 0000:00:1c.2: PCI->APIC IRQ transform: INT C -> IRQ 18
[    0.689135] pcieport 0000:00:1c.2: irq 41 for MSI/MSI-X
[    0.689232] pcieport 0000:00:1c.4: PCI->APIC IRQ transform: INT A -> IRQ 16
[    0.689269] pcieport 0000:00:1c.4: irq 42 for MSI/MSI-X
[    0.689407] pcieport 0000:00:1c.0: Signaling PME through PCIe PME interrupt
[    0.689416] pcie_pme 0000:00:1c.0:pcie01: service driver pcie_pme loaded
[    0.689443] pcieport 0000:00:1c.2: Signaling PME through PCIe PME interrupt
[    0.689446] pci 0000:02:00.0: Signaling PME through PCIe PME interrupt
[    0.689452] pcie_pme 0000:00:1c.2:pcie01: service driver pcie_pme loaded
[    0.689480] pcieport 0000:00:1c.4: Signaling PME through PCIe PME interrupt
[    0.689489] pcie_pme 0000:00:1c.4:pcie01: service driver pcie_pme loaded
[    0.689501] pci_hotplug: PCI Hot Plug PCI Core version: 0.5
[    0.689540] pciehp 0000:00:1c.4:pcie04: HPC vendor_id 8086 device_id 1e18 ss_vid 8086 ss_did 2044
[    0.689581] pciehp 0000:00:1c.4:pcie04: service driver pciehp loaded
[    0.689585] pciehp: PCI Express Hot Plug Controller Driver version: 0.4
[    0.689629] efifb: probing for efifb
[    0.690130] efifb: framebuffer at 0xa0000000, mapped to 0xffffc90004e80000, using 3072k, total 3072k
[    0.690131] efifb: mode is 1024x768x32, linelength=4096, pages=1
[    0.690133] efifb: scrolling: redraw
[    0.690135] efifb: Truecolor: size=8:8:8:8, shift=24:16:8:0
[    0.692713] Console: switching to colour frame buffer device 128x48
[    0.695209] fb0: EFI VGA frame buffer device
[    0.695224] intel_idle: MWAIT substates: 0x21120
[    0.695225] intel_idle: v0.4 model 0x3A
[    0.695227] intel_idle: lapic_timer_reliable_states 0xffffffff
[    0.695342] ipmi message handler version 39.2
[    0.695424] input: Power Button as /devices/LNXSYSTM:00/device:00/PNP0C0C:00/input/input0
[    0.695430] ACPI: Power Button [PWRB]
[    0.695469] input: Power Button as /devices/LNXSYSTM:00/LNXPWRBN:00/input/input1
[    0.695472] ACPI: Power Button [PWRF]
[    0.695549] ACPI: Fan [FAN0] (off)
[    0.695580] ACPI: Fan [FAN1] (off)
[    0.695609] ACPI: Fan [FAN2] (off)
[    0.695635] ACPI: Fan [FAN3] (off)
[    0.695661] ACPI: Fan [FAN4] (off)
[    0.702653] thermal LNXTHERM:00: registered as thermal_zone0
[    0.702657] ACPI: Thermal Zone [TZ00] (28 C)
[    0.702904] thermal LNXTHERM:01: registered as thermal_zone1
[    0.702906] ACPI: Thermal Zone [TZ01] (30 C)
[    0.702940] GHES: HEST is not enabled!
[    0.703034] Serial: 8250/16550 driver, 32 ports, IRQ sharing enabled
[    0.704856] Linux agpgart interface v0.103
[    0.706386] brd: module loaded
[    0.707182] loop: module loaded
[    0.707546] libphy: Fixed MDIO Bus: probed
[    0.707633] tun: Universal TUN/TAP device driver, 1.6
[    0.707635] tun: (C) 1999-2004 Max Krasnyansky <maxk@qualcomm.com>
[    0.707688] PPP generic driver version 2.4.2
[    0.707737] ehci_hcd: USB 2.0 'Enhanced' Host Controller (EHCI) Driver
[    0.707741] ehci-pci: EHCI PCI platform driver
[    0.707771] ehci-pci 0000:00:1a.0: PCI->APIC IRQ transform: INT A -> IRQ 16
[    0.707800] ehci-pci 0000:00:1a.0: EHCI Host Controller
[    0.707806] ehci-pci 0000:00:1a.0: new USB bus registered, assigned bus number 1
[    0.707825] ehci-pci 0000:00:1a.0: debug port 2
[    0.711731] ehci-pci 0000:00:1a.0: cache line size of 64 is not supported
[    0.711754] ehci-pci 0000:00:1a.0: irq 16, io mem 0xf6908000
[    0.722238] ehci-pci 0000:00:1a.0: USB 2.0 started, EHCI 1.00
[    0.722286] usb usb1: New USB device found, idVendor=1d6b, idProduct=0002
[    0.722289] usb usb1: New USB device strings: Mfr=3, Product=2, SerialNumber=1
[    0.722291] usb usb1: Product: EHCI Host Controller
[    0.722293] usb usb1: Manufacturer: Linux 3.13.0-35-generic ehci_hcd
[    0.722295] usb usb1: SerialNumber: 0000:00:1a.0
[    0.722422] hub 1-0:1.0: USB hub found
[    0.722432] hub 1-0:1.0: 2 ports detected
[    0.722525] ehci-pci 0000:00:1d.0: PCI->APIC IRQ transform: INT A -> IRQ 23
[    0.722549] ehci-pci 0000:00:1d.0: EHCI Host Controller
[    0.722554] ehci-pci 0000:00:1d.0: new USB bus registered, assigned bus number 2
[    0.722571] ehci-pci 0000:00:1d.0: debug port 2
[    0.726481] ehci-pci 0000:00:1d.0: cache line size of 64 is not supported
[    0.726500] ehci-pci 0000:00:1d.0: irq 23, io mem 0xf6907000
[    0.738276] ehci-pci 0000:00:1d.0: USB 2.0 started, EHCI 1.00
[    0.738318] usb usb2: New USB device found, idVendor=1d6b, idProduct=0002
[    0.738320] usb usb2: New USB device strings: Mfr=3, Product=2, SerialNumber=1
[    0.738322] usb usb2: Product: EHCI Host Controller
[    0.738324] usb usb2: Manufacturer: Linux 3.13.0-35-generic ehci_hcd
[    0.738326] usb usb2: SerialNumber: 0000:00:1d.0
[    0.738446] hub 2-0:1.0: USB hub found
[    0.738454] hub 2-0:1.0: 2 ports detected
[    0.738530] ehci-platform: EHCI generic platform driver
[    0.738538] ohci_hcd: USB 1.1 'Open' Host Controller (OHCI) Driver
[    0.738539] ohci-pci: OHCI PCI platform driver
[    0.738549] ohci-platform: OHCI generic platform driver
[    0.738555] uhci_hcd: USB Universal Host Controller Interface driver
[    0.738612] i8042: PNP: No PS/2 controller found. Probing ports directly.
[    1.837335] i8042: No controller found
[    1.837399] tsc: Refined TSC clocksource calibration: 1797.676 MHz
[    1.837518] mousedev: PS/2 mouse device common for all mice
[    1.837684] rtc_cmos 00:06: RTC can wake from S4
[    1.837825] rtc_cmos 00:06: rtc core: registered rtc_cmos as rtc0
[    1.837859] rtc_cmos 00:06: alarms up to one month, y3k, 242 bytes nvram, hpet irqs
[    1.837933] device-mapper: uevent: version 1.0.3
[    1.838015] device-mapper: ioctl: 4.27.0-ioctl (2013-10-30) initialised: dm-devel@redhat.com
[    1.838021] ledtrig-cpu: registered to indicate activity on CPUs
[    1.838023] EFI Variables Facility v0.08 2004-May-17
[    1.842533] TCP: cubic registered
[    1.842633] NET: Registered protocol family 10
[    1.842817] NET: Registered protocol family 17
[    1.842827] Key type dns_resolver registered
[    1.843201] Loading compiled-in X.509 certificates
[    1.844363] Loaded X.509 cert 'Magrathea: Glacier signing key: b1414ae96c1b0ebb7c141fa405c1f6c98e8a66f0'
[    1.844375] registered taskstats version 1
[    1.846875] Key type trusted registered
[    1.848943] Key type encrypted registered
[    1.851025] AppArmor: AppArmor sha1 policy hashing enabled
[    1.851029] IMA: No TPM chip found, activating TPM-bypass!
[    1.851258] regulator-dummy: disabling
[    1.851328]   Magic number: 14:134:228
[    1.851431] rtc_cmos 00:06: setting system clock to 2014-09-09 12:12:39 UTC (1410264759)
[    1.852097] BIOS EDD facility v0.16 2004-Jun-25, 0 devices found
[    1.852099] EDD information not available.
[    1.852152] PM: Hibernation image not present or could not be loaded.
[    1.853211] Freeing unused kernel memory: 1336K (ffffffff81d1f000 - ffffffff81e6d000)
[    1.853213] Write protecting the kernel read-only data: 12288k
[    1.855786] Freeing unused kernel memory: 808K (ffff880001736000 - ffff880001800000)
[    1.858010] Freeing unused kernel memory: 692K (ffff880001b53000 - ffff880001c00000)
[    1.872088] systemd-udevd[115]: starting version 204
[    1.903689] ahci 0000:00:1f.2: version 3.0
[    1.903713] ahci 0000:00:1f.2: PCI->APIC IRQ transform: INT B -> IRQ 19
[    1.903777] ahci 0000:00:1f.2: irq 43 for MSI/MSI-X
[    1.903858] ahci 0000:00:1f.2: AHCI 0001.0300 32 slots 6 ports 6 Gbps 0x1 impl SATA mode
[    1.903864] ahci 0000:00:1f.2: flags: 64bit ncq pm led clo pio slum part ems apst 
[    1.904652] scsi0 : ahci
[    1.904781] scsi1 : ahci
[    1.904910] scsi2 : ahci
[    1.905455] scsi3 : ahci
[    1.905696] scsi4 : ahci
[    1.906059] scsi5 : ahci
[    1.906274] ata1: SATA max UDMA/133 abar m2048@0xf6906000 port 0xf6906100 irq 43
[    1.906278] ata2: DUMMY
[    1.906280] ata3: DUMMY
[    1.906282] ata4: DUMMY
[    1.906285] ata5: DUMMY
[    1.906287] ata6: DUMMY
[    2.047253] usb 1-1: new high-speed USB device number 2 using ehci-pci
[    2.179991] usb 1-1: New USB device found, idVendor=8087, idProduct=0024
[    2.179996] usb 1-1: New USB device strings: Mfr=0, Product=0, SerialNumber=0
[    2.180399] hub 1-1:1.0: USB hub found
[    2.180538] hub 1-1:1.0: 6 ports detected
[    2.223323] ata1: SATA link up 6.0 Gbps (SStatus 133 SControl 300)
[    2.238064] ata1.00: ATA-9: INTEL SSDMCEAW120A4, DC33, max UDMA/133
[    2.238069] ata1.00: 234441648 sectors, multi 16: LBA48 NCQ (depth 31/32), AA
[    2.264417] ata1.00: configured for UDMA/133
[    2.264700] scsi 0:0:0:0: Direct-Access     ATA      INTEL SSDMCEAW12 DC33 PQ: 0 ANSI: 5
[    2.265113] sd 0:0:0:0: [sda] 234441648 512-byte logical blocks: (120 GB/111 GiB)
[    2.265149] sd 0:0:0:0: Attached scsi generic sg0 type 0
[    2.265436] sd 0:0:0:0: [sda] Write Protect is off
[    2.265441] sd 0:0:0:0: [sda] Mode Sense: 00 3a 00 00
[    2.265567] sd 0:0:0:0: [sda] Write cache: enabled, read cache: enabled, doesn't support DPO or FUA
[    2.266954]  sda: sda1 sda2 sda3
[    2.267532] sd 0:0:0:0: [sda] Attached SCSI disk
[    2.291296] usb 2-1: new high-speed USB device number 2 using ehci-pci
[    2.302424] EXT4-fs (sda2): mounted filesystem with ordered data mode. Opts: (null)
[    2.369900] random: init urandom read with 23 bits of entropy available
[    2.395652] init: plymouth-upstart-bridge main process (180) terminated with status 1
[    2.395670] init: plymouth-upstart-bridge main process ended, respawning
[    2.403647] init: plymouth-upstart-bridge main process (190) terminated with status 1
[    2.403696] init: plymouth-upstart-bridge main process ended, respawning
[    2.409298] init: plymouth-upstart-bridge main process (194) terminated with status 1
[    2.409312] init: plymouth-upstart-bridge main process ended, respawning
[    2.423668] usb 2-1: New USB device found, idVendor=8087, idProduct=0024
[    2.423673] usb 2-1: New USB device strings: Mfr=0, Product=0, SerialNumber=0
[    2.423815] hub 2-1:1.0: USB hub found
[    2.423913] hub 2-1:1.0: 8 ports detected
[    2.510647] Adding 7826428k swap on /dev/sda3.  Priority:-1 extents:1 across:7826428k SSFS
[    2.597822] systemd-udevd[310]: starting version 204
[    2.673130] lp: driver loaded but no devices found
[    2.683281] ppdev: user-space parallel port driver
[    2.695608] usb 2-1.1: new low-speed USB device number 3 using ehci-pci
[    2.702922] EXT4-fs (sda2): re-mounted. Opts: errors=remount-ro
[    2.738773] [drm] Initialized drm 1.1.0 20060810
[    2.745780] ACPI Warning: 0x0000000000000428-0x000000000000042f SystemIO conflicts with Region \PMIO 1 (20131115/utaddress-251)
[    2.745792] ACPI: If an ACPI driver is available for this device, you should use it instead of the native driver
[    2.745798] ACPI Warning: 0x0000000000000530-0x000000000000053f SystemIO conflicts with Region \GPIO 1 (20131115/utaddress-251)
[    2.745804] ACPI: If an ACPI driver is available for this device, you should use it instead of the native driver
[    2.745806] ACPI Warning: 0x0000000000000500-0x000000000000052f SystemIO conflicts with Region \GPIO 1 (20131115/utaddress-251)
[    2.745812] ACPI: If an ACPI driver is available for this device, you should use it instead of the native driver
[    2.745814] lpc_ich: Resource conflict(s) found affecting gpio_ich
[    2.769710] mei_me 0000:00:16.0: PCI->APIC IRQ transform: INT A -> IRQ 16
[    2.769896] mei_me 0000:00:16.0: irq 44 for MSI/MSI-X
[    2.796837] usb 2-1.1: New USB device found, idVendor=04ca, idProduct=0027
[    2.796843] usb 2-1.1: New USB device strings: Mfr=1, Product=2, SerialNumber=0
[    2.796847] usb 2-1.1: Product: USB Multimedia Keyboard
[    2.796850] usb 2-1.1: Manufacturer: Lite-On Technology Corp.
[    2.799972] cfg80211: Calling CRDA to update world regulatory domain
[    2.800331] i915 0000:00:02.0: PCI->APIC IRQ transform: INT A -> IRQ 16
[    2.805565] [drm] Memory usable by graphics device = 2048M
[    2.805572] checking generic (a0000000 300000) vs hw (a0000000 10000000)
[    2.805575] fb: conflicting fb hw usage inteldrmfb vs EFI VGA - removing generic driver
[    2.805598] Console: switching to colour dummy device 80x25
[    2.808924] Intel(R) Wireless WiFi driver for Linux, in-tree:
[    2.808928] Copyright(c) 2003-2013 Intel Corporation
[    2.809028] iwlwifi 0000:02:00.0: enabling device (0000 -> 0002)
[    2.809082] iwlwifi 0000:02:00.0: PCI->APIC IRQ transform: INT A -> IRQ 18
[    2.809116] iwlwifi 0000:02:00.0: can't disable ASPM; OS doesn't have ASPM control
[    2.809298] iwlwifi 0000:02:00.0: irq 45 for MSI/MSI-X
[    2.839920] iwlwifi 0000:02:00.0: loaded firmware version 18.168.6.1 op_mode iwldvm
[    2.861189] Switched to clocksource tsc
[    2.868212] usb 2-1.2: new low-speed USB device number 4 using ehci-pci
[    2.897821] iwlwifi 0000:02:00.0: CONFIG_IWLWIFI_DEBUG disabled
[    2.897828] iwlwifi 0000:02:00.0: CONFIG_IWLWIFI_DEBUGFS enabled
[    2.897831] iwlwifi 0000:02:00.0: CONFIG_IWLWIFI_DEVICE_TRACING enabled
[    2.897836] iwlwifi 0000:02:00.0: Detected Intel(R) Centrino(R) Advanced-N 6235 AGN, REV=0xB0
[    2.899496] i915 0000:00:02.0: irq 46 for MSI/MSI-X
[    2.899513] [drm] Supports vblank timestamp caching Rev 2 (21.10.2013).
[    2.899515] [drm] Driver supports precise vblank timestamp query.
[    2.900122] vgaarb: device changed decodes: PCI:0000:00:02.0,olddecodes=io+mem,decodes=io+mem:owns=io+mem
[    2.908299] iwlwifi 0000:02:00.0: L1 Enabled; Disabling L0S
[    2.964417] usb 2-1.2: New USB device found, idVendor=0461, idProduct=4d15
[    2.964424] usb 2-1.2: New USB device strings: Mfr=0, Product=2, SerialNumber=0
[    2.964428] usb 2-1.2: Product: USB Optical Mouse
[    3.009977] ieee80211 phy0: Selected rate control algorithm 'iwl-agn-rs'
[    3.035945] usb 2-1.4: new full-speed USB device number 5 using ehci-pci
[    3.059778] [drm] GMBUS [i915 gmbus vga] timed out, falling back to bit banging on pin 2
[    3.104972] fbcon: inteldrmfb (fb0) is primary device
[    3.132128] usb 2-1.4: New USB device found, idVendor=8087, idProduct=07da
[    3.132130] usb 2-1.4: New USB device strings: Mfr=0, Product=0, SerialNumber=0
[    3.160576] intel_rapl: domain uncore energy ctr 17935:17935 not working, skip
[    3.179499] cfg80211: World regulatory domain updated:
[    3.179500] cfg80211:   (start_freq - end_freq @ bandwidth), (max_antenna_gain, max_eirp)
[    3.179503] cfg80211:   (2402000 KHz - 2472000 KHz @ 40000 KHz), (300 mBi, 2000 mBm)
[    3.179505] cfg80211:   (2457000 KHz - 2482000 KHz @ 40000 KHz), (300 mBi, 2000 mBm)
[    3.179506] cfg80211:   (2474000 KHz - 2494000 KHz @ 20000 KHz), (300 mBi, 2000 mBm)
[    3.179508] cfg80211:   (5170000 KHz - 5250000 KHz @ 40000 KHz), (300 mBi, 2000 mBm)
[    3.179509] cfg80211:   (5735000 KHz - 5835000 KHz @ 40000 KHz), (300 mBi, 2000 mBm)
[    3.203930] usb 2-1.7: new high-speed USB device number 6 using ehci-pci
[    3.246678] Bluetooth: Core ver 2.17
[    3.246697] NET: Registered protocol family 31
[    3.246698] Bluetooth: HCI device and connection manager initialized
[    3.246705] Bluetooth: HCI socket layer initialized
[    3.246707] Bluetooth: L2CAP socket layer initialized
[    3.246710] Bluetooth: SCO socket layer initialized
[    3.250085] Bluetooth: BNEP (Ethernet Emulation) ver 1.3
[    3.250086] Bluetooth: BNEP filters: protocol multicast
[    3.250093] Bluetooth: BNEP socket layer initialized
[    3.304100] Console: switching to colour frame buffer device 240x67
[    3.313269] usb 2-1.7: New USB device found, idVendor=05ac, idProduct=1402
[    3.313271] usb 2-1.7: New USB device strings: Mfr=1, Product=2, SerialNumber=3
[    3.313272] usb 2-1.7: Product: Apple USB Ethernet Adapter
[    3.313273] usb 2-1.7: Manufacturer: Apple Inc.      
[    3.313275] usb 2-1.7: SerialNumber: 1EAC0F
[    3.314965] i915 0000:00:02.0: fb0: inteldrmfb frame buffer device
[    3.314966] i915 0000:00:02.0: registered panic notifier
[    3.315564] [drm] Initialized i915 1.6.0 20080730 for 0000:00:02.0 on minor 0
[    3.326400] snd_hda_intel 0000:00:1b.0: enabling device (0000 -> 0002)
[    3.326421] snd_hda_intel 0000:00:1b.0: PCI->APIC IRQ transform: INT A -> IRQ 22
[    3.326476] snd_hda_intel 0000:00:1b.0: irq 47 for MSI/MSI-X
[    3.337286] type=1400 audit(1410264760.981:2): apparmor="STATUS" operation="profile_load" profile="unconfined" name="/sbin/dhclient" pid=567 comm="apparmor_parser"
[    3.337298] type=1400 audit(1410264760.981:3): apparmor="STATUS" operation="profile_load" profile="unconfined" name="/usr/lib/NetworkManager/nm-dhcp-client.action" pid=567 comm="apparmor_parser"
[    3.337306] type=1400 audit(1410264760.981:4): apparmor="STATUS" operation="profile_load" profile="unconfined" name="/usr/lib/connman/scripts/dhclient-script" pid=567 comm="apparmor_parser"
[    3.339772] type=1400 audit(1410264760.981:5): apparmor="STATUS" operation="profile_replace" profile="unconfined" name="/usr/lib/NetworkManager/nm-dhcp-client.action" pid=567 comm="apparmor_parser"
[    3.339784] type=1400 audit(1410264760.981:6): apparmor="STATUS" operation="profile_replace" profile="unconfined" name="/usr/lib/connman/scripts/dhclient-script" pid=567 comm="apparmor_parser"
[    3.340167] type=1400 audit(1410264760.985:7): apparmor="STATUS" operation="profile_replace" profile="unconfined" name="/usr/lib/connman/scripts/dhclient-script" pid=567 comm="apparmor_parser"
[    3.340686] usbcore: registered new interface driver btusb
[    3.349885] Bluetooth: RFCOMM TTY layer initialized
[    3.349898] Bluetooth: RFCOMM socket layer initialized
[    3.349907] Bluetooth: RFCOMM ver 1.11
[    3.350709] hidraw: raw HID events driver (C) Jiri Kosina
[    3.368995] usbcore: registered new interface driver usbhid
[    3.369000] usbhid: USB HID core driver
[    3.375431] input: HDA Intel PCH HDMI/DP,pcm=7 as /devices/pci0000:00/0000:00:1b.0/sound/card0/input3
[    3.375670] input: HDA Intel PCH HDMI/DP,pcm=3 as /devices/pci0000:00/0000:00:1b.0/sound/card0/input2
[    3.383446] input: Lite-On Technology Corp. USB Multimedia Keyboard as /devices/pci0000:00/0000:00:1d.0/usb2/2-1/2-1.1/2-1.1:1.0/input/input4
[    3.383721] hid-generic 0003:04CA:0027.0001: input,hidraw0: USB HID v1.10 Keyboard [Lite-On Technology Corp. USB Multimedia Keyboard] on usb-0000:00:1d.0-1.1/input0
[    3.385322] input: Lite-On Technology Corp. USB Multimedia Keyboard as /devices/pci0000:00/0000:00:1d.0/usb2/2-1/2-1.1/2-1.1:1.1/input/input5
[    3.388996] hid-generic 0003:04CA:0027.0002: input,hiddev0,hidraw1: USB HID v1.10 Device [Lite-On Technology Corp. USB Multimedia Keyboard] on usb-0000:00:1d.0-1.1/input1
[    3.389240] input: USB Optical Mouse as /devices/pci0000:00/0000:00:1d.0/usb2/2-1/2-1.2/2-1.2:1.0/input/input6
[    3.389504] hid-generic 0003:0461:4D15.0003: input,hidraw2: USB HID v1.11 Mouse [USB Optical Mouse] on usb-0000:00:1d.0-1.2/input0
[    3.412183] type=1400 audit(1410264761.057:8): apparmor="STATUS" operation="profile_load" profile="unconfined" name="/usr/lib/cups/backend/cups-pdf" pid=589 comm="apparmor_parser"
[    3.412196] type=1400 audit(1410264761.057:9): apparmor="STATUS" operation="profile_load" profile="unconfined" name="/usr/sbin/cupsd" pid=589 comm="apparmor_parser"
[    3.412874] type=1400 audit(1410264761.057:10): apparmor="STATUS" operation="profile_replace" profile="unconfined" name="/usr/sbin/cupsd" pid=589 comm="apparmor_parser"
[    3.551441] init: failsafe main process (605) killed by TERM signal
[    3.634173] init: cups main process (621) killed by HUP signal
[    3.634193] init: cups main process ended, respawning
[    3.669949] asix 2-1.7:1.0 eth0: register 'asix' at usb-0000:00:1d.0-1.7, ASIX AX88772 USB 2.0 Ethernet, 80:49:71:0f:76:67
[    3.669992] usbcore: registered new interface driver asix
[    3.722801] init: udev-fallback-graphics main process (743) terminated with status 1
[    3.861532] iwlwifi 0000:02:00.0: L1 Enabled; Disabling L0S
[    3.872403] iwlwifi 0000:02:00.0: Radio type=0x2-0x1-0x0
[    4.146504] iwlwifi 0000:02:00.0: L1 Enabled; Disabling L0S
[    4.153283] iwlwifi 0000:02:00.0: Radio type=0x2-0x1-0x0
[    4.241535] IPv6: ADDRCONF(NETDEV_UP): wlan0: link is not ready
[    4.241875] IPv6: ADDRCONF(NETDEV_UP): wlan0: link is not ready
[    4.789257] [drm] Enabling RC6 states: RC6 on, RC6p on, RC6pp off
[    4.841446] random: nonblocking pool is initialized
[    5.039905] IPv6: ADDRCONF(NETDEV_UP): eth0: link is not ready
[    5.040465] IPv6: ADDRCONF(NETDEV_UP): eth0: link is not ready
[    6.664851] pciehp 0000:00:1c.4:pcie04: Card present on Slot(4)
[    6.766312] pci 0000:03:00.0: [8086:1548] type 01 class 0x060400
[    6.766656] pci 0000:03:00.0: supports D1 D2
[    6.766660] pci 0000:03:00.0: PME# supported from D0 D1 D2 D3hot D3cold
[    6.771706] shpchp: Standard Hot Plug PCI Controller Driver version: 0.4
[    6.774558] pci 0000:04:00.0: [8086:1548] type 01 class 0x060400
[    6.774899] pci 0000:04:00.0: supports D1 D2
[    6.774903] pci 0000:04:00.0: PME# supported from D0 D1 D2 D3hot D3cold
[    6.775139] pci 0000:04:03.0: [8086:1548] type 01 class 0x060400
[    6.775476] pci 0000:04:03.0: supports D1 D2
[    6.775479] pci 0000:04:03.0: PME# supported from D0 D1 D2 D3hot D3cold
[    6.775682] pci 0000:04:04.0: [8086:1548] type 01 class 0x060400
[    6.776031] pci 0000:04:04.0: supports D1 D2
[    6.776034] pci 0000:04:04.0: PME# supported from D0 D1 D2 D3hot D3cold
[    6.776232] pci 0000:04:05.0: [8086:1548] type 01 class 0x060400
[    6.776541] pci 0000:04:05.0: supports D1 D2
[    6.776545] pci 0000:04:05.0: PME# supported from D0 D1 D2 D3hot D3cold
[    6.776745] pci 0000:04:06.0: [8086:1548] type 01 class 0x060400
[    6.777052] pci 0000:04:06.0: supports D1 D2
[    6.777056] pci 0000:04:06.0: PME# supported from D0 D1 D2 D3hot D3cold
[    6.777308] pci 0000:03:00.0: PCI bridge to [bus 04-3b]
[    6.777339] pci 0000:03:00.0:   bridge window [mem 0xe0000000-0xf60fffff]
[    6.777362] pci 0000:03:00.0:   bridge window [mem 0xb0000000-0xd1ffffff 64bit pref]
[    6.777567] pci 0000:04:00.0: PCI bridge to [bus 05]
[    6.777599] pci 0000:04:00.0:   bridge window [mem 0xf6000000-0xf60fffff]
[    6.777815] pci 0000:04:03.0: PCI bridge to [bus 06-30]
[    6.777845] pci 0000:04:03.0:   bridge window [mem 0xe0000000-0xedffffff]
[    6.777867] pci 0000:04:03.0:   bridge window [mem 0xb0000000-0xc9ffffff 64bit pref]
[    6.778077] pci 0000:04:04.0: PCI bridge to [bus 31-39]
[    6.778108] pci 0000:04:04.0:   bridge window [mem 0xee000000-0xf5ffffff]
[    6.778130] pci 0000:04:04.0:   bridge window [mem 0xca000000-0xd1ffffff 64bit pref]
[    6.778348] pci 0000:04:05.0: PCI bridge to [bus 3a]
[    6.778596] pci 0000:04:06.0: PCI bridge to [bus 3b]
[    6.778790] pci 0000:04:00.0: bridge window [io  0x1000-0x0fff] to [bus 05] add_size 1000
[    6.778796] pci 0000:04:00.0: bridge window [mem 0x00100000-0x000fffff 64bit pref] to [bus 05] add_size 200000
[    6.778800] pci 0000:04:00.0: bridge window [mem 0x00100000-0x001fffff] to [bus 05] add_size 200000
[    6.778833] pci 0000:04:03.0: bridge window [io  0x1000-0x0fff] to [bus 06-30] add_size 1000
[    6.778838] pci 0000:04:03.0: bridge window [mem 0x00100000-0x1a0fffff 64bit pref] to [bus 06-30] add_size 200000
[    6.778842] pci 0000:04:03.0: bridge window [mem 0x00100000-0x0e0fffff] to [bus 06-30] add_size 200000
[    6.778874] pci 0000:04:04.0: bridge window [io  0x1000-0x0fff] to [bus 31-39] add_size 1000
[    6.778879] pci 0000:04:04.0: bridge window [mem 0x00100000-0x080fffff 64bit pref] to [bus 31-39] add_size 200000
[    6.778883] pci 0000:04:04.0: bridge window [mem 0x00100000-0x080fffff] to [bus 31-39] add_size 200000
[    6.778925] pci 0000:04:05.0: bridge window [io  0x1000-0x0fff] to [bus 3a] add_size 1000
[    6.778929] pci 0000:04:05.0: bridge window [mem 0x00100000-0x000fffff 64bit pref] to [bus 3a] add_size 200000
[    6.778933] pci 0000:04:05.0: bridge window [mem 0x00100000-0x000fffff] to [bus 3a] add_size 200000
[    6.779056] pci 0000:04:06.0: bridge window [io  0x1000-0x0fff] to [bus 3b] add_size 1000
[    6.779060] pci 0000:04:06.0: bridge window [mem 0x00100000-0x000fffff 64bit pref] to [bus 3b] add_size 200000
[    6.779064] pci 0000:04:06.0: bridge window [mem 0x00100000-0x000fffff] to [bus 3b] add_size 200000
[    6.779099] pci 0000:04:00.0: res[13]=[io  0x1000-0x0fff] get_res_add_size add_size 1000
[    6.779103] pci 0000:04:03.0: res[13]=[io  0x1000-0x0fff] get_res_add_size add_size 1000
[    6.779107] pci 0000:04:04.0: res[13]=[io  0x1000-0x0fff] get_res_add_size add_size 1000
[    6.779110] pci 0000:04:05.0: res[13]=[io  0x1000-0x0fff] get_res_add_size add_size 1000
[    6.779114] pci 0000:04:06.0: res[13]=[io  0x1000-0x0fff] get_res_add_size add_size 1000
[    6.779118] pci 0000:03:00.0: bridge window [io  0x1000-0x0fff] to [bus 04-3b] add_size 5000
[    6.779123] pci 0000:04:00.0: res[15]=[mem 0x00100000-0x000fffff 64bit pref] get_res_add_size add_size 200000
[    6.779127] pci 0000:04:03.0: res[15]=[mem 0x00100000-0x1a0fffff 64bit pref] get_res_add_size add_size 200000
[    6.779131] pci 0000:04:04.0: res[15]=[mem 0x00100000-0x080fffff 64bit pref] get_res_add_size add_size 200000
[    6.779135] pci 0000:04:05.0: res[15]=[mem 0x00100000-0x000fffff 64bit pref] get_res_add_size add_size 200000
[    6.779139] pci 0000:04:06.0: res[15]=[mem 0x00100000-0x000fffff 64bit pref] get_res_add_size add_size 200000
[    6.779143] pci 0000:03:00.0: bridge window [mem 0x00100000-0x220fffff 64bit pref] to [bus 04-3b] add_size a00000
[    6.779148] pci 0000:04:00.0: res[14]=[mem 0x00100000-0x001fffff] get_res_add_size add_size 200000
[    6.779151] pci 0000:04:03.0: res[14]=[mem 0x00100000-0x0e0fffff] get_res_add_size add_size 200000
[    6.779155] pci 0000:04:04.0: res[14]=[mem 0x00100000-0x080fffff] get_res_add_size add_size 200000
[    6.779158] pci 0000:04:05.0: res[14]=[mem 0x00100000-0x000fffff] get_res_add_size add_size 200000
[    6.779162] pci 0000:04:06.0: res[14]=[mem 0x00100000-0x000fffff] get_res_add_size add_size 200000
[    6.779166] pci 0000:03:00.0: bridge window [mem 0x00100000-0x161fffff] to [bus 04-3b] add_size a00000
[    6.779184] pci 0000:03:00.0: res[14]=[mem 0x00100000-0x161fffff] get_res_add_size add_size a00000
[    6.779188] pci 0000:03:00.0: res[15]=[mem 0x00100000-0x220fffff 64bit pref] get_res_add_size add_size a00000
[    6.779192] pci 0000:03:00.0: res[13]=[io  0x1000-0x0fff] get_res_add_size add_size 5000
[    6.779198] pci 0000:03:00.0: BAR 14: can't assign mem (size 0x16b00000)
[    6.779204] pci 0000:03:00.0: BAR 15: can't assign mem pref (size 0x22a00000)
[    6.779208] pci 0000:03:00.0: BAR 13: can't assign io (size 0x5000)
[    6.779213] pci 0000:03:00.0: BAR 14: assigned [mem 0xe0000000-0xf60fffff]
[    6.779218] pci 0000:03:00.0: BAR 15: assigned [mem 0xb0000000-0xd1ffffff 64bit pref]
[    6.779222] pci 0000:03:00.0: BAR 14: can't assign mem (size 0x16100000)
[    6.779226] pci 0000:03:00.0: failed to add a00000 res[14]=[mem 0xe0000000-0xf60fffff]
[    6.779231] pci 0000:03:00.0: BAR 15: can't assign mem pref (size 0x22000000)
[    6.779235] pci 0000:03:00.0: failed to add a00000 res[15]=[mem 0xb0000000-0xd1ffffff 64bit pref]
[    6.779238] pci 0000:03:00.0: BAR 13: can't assign io (size 0x5000)
[    6.779250] pci 0000:04:00.0: res[14]=[mem 0x00100000-0x001fffff] get_res_add_size add_size 200000
[    6.779254] pci 0000:04:00.0: res[15]=[mem 0x00100000-0x000fffff 64bit pref] get_res_add_size add_size 200000
[    6.779258] pci 0000:04:03.0: res[14]=[mem 0x00100000-0x0e0fffff] get_res_add_size add_size 200000
[    6.779261] pci 0000:04:03.0: res[15]=[mem 0x00100000-0x1a0fffff 64bit pref] get_res_add_size add_size 200000
[    6.779265] pci 0000:04:04.0: res[14]=[mem 0x00100000-0x080fffff] get_res_add_size add_size 200000
[    6.779270] pci 0000:04:04.0: res[15]=[mem 0x00100000-0x080fffff 64bit pref] get_res_add_size add_size 200000
[    6.779279] pci 0000:04:05.0: res[14]=[mem 0x00100000-0x000fffff] get_res_add_size add_size 200000
[    6.779288] pci 0000:04:05.0: res[15]=[mem 0x00100000-0x000fffff 64bit pref] get_res_add_size add_size 200000
[    6.779295] pci 0000:04:06.0: res[14]=[mem 0x00100000-0x000fffff] get_res_add_size add_size 200000
[    6.779303] pci 0000:04:06.0: res[15]=[mem 0x00100000-0x000fffff 64bit pref] get_res_add_size add_size 200000
[    6.779312] pci 0000:04:00.0: res[13]=[io  0x1000-0x0fff] get_res_add_size add_size 1000
[    6.779320] pci 0000:04:03.0: res[13]=[io  0x1000-0x0fff] get_res_add_size add_size 1000
[    6.779328] pci 0000:04:04.0: res[13]=[io  0x1000-0x0fff] get_res_add_size add_size 1000
[    6.779336] pci 0000:04:05.0: res[13]=[io  0x1000-0x0fff] get_res_add_size add_size 1000
[    6.779343] pci 0000:04:06.0: res[13]=[io  0x1000-0x0fff] get_res_add_size add_size 1000
[    6.779352] pci 0000:04:00.0: BAR 14: assigned [mem 0xe0000000-0xe02fffff]
[    6.779360] pci 0000:04:00.0: BAR 15: assigned [mem 0xb0000000-0xb01fffff 64bit pref]
[    6.779369] pci 0000:04:03.0: BAR 14: assigned [mem 0xe0300000-0xee4fffff]
[    6.779377] pci 0000:04:03.0: BAR 15: assigned [mem 0xb0200000-0xca3fffff 64bit pref]
[    6.779385] pci 0000:04:04.0: BAR 14: can't assign mem (size 0x8200000)
[    6.779393] pci 0000:04:04.0: BAR 15: can't assign mem pref (size 0x8200000)
[    6.779401] pci 0000:04:05.0: BAR 14: assigned [mem 0xee500000-0xee6fffff]
[    6.779408] pci 0000:04:05.0: BAR 15: assigned [mem 0xca400000-0xca5fffff 64bit pref]
[    6.779416] pci 0000:04:06.0: BAR 14: assigned [mem 0xee700000-0xee8fffff]
[    6.779425] pci 0000:04:06.0: BAR 15: assigned [mem 0xca600000-0xca7fffff 64bit pref]
[    6.779432] pci 0000:04:00.0: BAR 13: can't assign io (size 0x1000)
[    6.779434] pci 0000:04:03.0: BAR 13: can't assign io (size 0x1000)
[    6.779437] pci 0000:04:04.0: BAR 13: can't assign io (size 0x1000)
[    6.779440] pci 0000:04:05.0: BAR 13: can't assign io (size 0x1000)
[    6.779443] pci 0000:04:06.0: BAR 13: can't assign io (size 0x1000)
[    6.779448] pci 0000:04:00.0: BAR 14: assigned [mem 0xe0000000-0xe00fffff]
[    6.779452] pci 0000:04:03.0: BAR 14: assigned [mem 0xe0100000-0xee0fffff]
[    6.779455] pci 0000:04:03.0: BAR 15: assigned [mem 0xb0000000-0xc9ffffff 64bit pref]
[    6.779460] pci 0000:04:04.0: BAR 14: assigned [mem 0xee100000-0xf60fffff]
[    6.779463] pci 0000:04:04.0: BAR 15: assigned [mem 0xca000000-0xd1ffffff 64bit pref]
[    6.779467] pci 0000:04:06.0: BAR 14: can't assign mem (size 0x200000)
[    6.779471] pci 0000:04:06.0: BAR 15: can't assign mem pref (size 0x200000)
[    6.779475] pci 0000:04:06.0: BAR 13: can't assign io (size 0x1000)
[    6.779479] pci 0000:04:05.0: BAR 14: can't assign mem (size 0x200000)
[    6.779482] pci 0000:04:05.0: BAR 15: can't assign mem pref (size 0x200000)
[    6.779485] pci 0000:04:05.0: BAR 13: can't assign io (size 0x1000)
[    6.779489] pci 0000:04:04.0: BAR 14: can't assign mem (size 0x8000000)
[    6.779493] pci 0000:04:04.0: failed to add 200000 res[14]=[mem 0xee100000-0xf60fffff]
[    6.779498] pci 0000:04:04.0: BAR 15: can't assign mem pref (size 0x8000000)
[    6.779501] pci 0000:04:04.0: failed to add 200000 res[15]=[mem 0xca000000-0xd1ffffff 64bit pref]
[    6.779505] pci 0000:04:04.0: BAR 13: can't assign io (size 0x1000)
[    6.779509] pci 0000:04:03.0: BAR 14: can't assign mem (size 0xe000000)
[    6.779512] pci 0000:04:03.0: failed to add 200000 res[14]=[mem 0xe0100000-0xee0fffff]
[    6.779517] pci 0000:04:03.0: BAR 15: can't assign mem pref (size 0x1a000000)
[    6.779520] pci 0000:04:03.0: failed to add 200000 res[15]=[mem 0xb0000000-0xc9ffffff 64bit pref]
[    6.779524] pci 0000:04:03.0: BAR 13: can't assign io (size 0x1000)
[    6.779527] pci 0000:04:00.0: BAR 14: can't assign mem (size 0x100000)
[    6.779531] pci 0000:04:00.0: failed to add 200000 res[14]=[mem 0xe0000000-0xe00fffff]
[    6.779535] pci 0000:04:00.0: BAR 15: can't assign mem pref (size 0x200000)
[    6.779538] pci 0000:04:00.0: BAR 13: can't assign io (size 0x1000)
[    6.779542] pci 0000:04:00.0: PCI bridge to [bus 05]
[    6.779568] pci 0000:04:00.0:   bridge window [mem 0xe0000000-0xe00fffff]
[    6.779597] pci 0000:04:03.0: PCI bridge to [bus 06-30]
[    6.779614] pci 0000:04:03.0:   bridge window [mem 0xe0100000-0xee0fffff]
[    6.779628] pci 0000:04:03.0:   bridge window [mem 0xb0000000-0xc9ffffff 64bit pref]
[    6.779652] pci 0000:04:04.0: PCI bridge to [bus 31-39]
[    6.779673] pci 0000:04:04.0:   bridge window [mem 0xee100000-0xf60fffff]
[    6.779689] pci 0000:04:04.0:   bridge window [mem 0xca000000-0xd1ffffff 64bit pref]
[    6.779708] pci 0000:04:05.0: PCI bridge to [bus 3a]
[    6.779752] pci 0000:04:06.0: PCI bridge to [bus 3b]
[    6.779796] pci 0000:03:00.0: PCI bridge to [bus 04-3b]
[    6.779814] pci 0000:03:00.0:   bridge window [mem 0xe0000000-0xf60fffff]
[    6.779828] pci 0000:03:00.0:   bridge window [mem 0xb0000000-0xd1ffffff 64bit pref]
[    6.779849] pcieport 0000:00:1c.4: PCI bridge to [bus 03-3b]
[    6.779855] pcieport 0000:00:1c.4:   bridge window [io  0x2000-0x2fff]
[    6.779862] pcieport 0000:00:1c.4:   bridge window [mem 0xe0000000-0xf60fffff]
[    6.779868] pcieport 0000:00:1c.4:   bridge window [mem 0xb0000000-0xd1ffffff 64bit pref]
[    6.779941] pci 0000:03:00.0: no hotplug settings from platform
[    6.779998] pci 0000:04:00.0: no hotplug settings from platform
[    6.780056] pci 0000:04:03.0: no hotplug settings from platform
[    6.780112] pci 0000:04:04.0: no hotplug settings from platform
[    6.780171] pci 0000:04:05.0: no hotplug settings from platform
[    6.780229] pci 0000:04:06.0: no hotplug settings from platform
[    6.780335] pcieport 0000:03:00.0: PCI->APIC IRQ transform: INT A -> IRQ 16
[    6.780440] pcieport 0000:03:00.0: irq 48 for MSI/MSI-X
[    6.780765] pcieport 0000:04:00.0: using bridge 0000:03:00.0 INT A to get IRQ 16
[    6.780772] pcieport 0000:04:00.0: PCI->APIC IRQ transform: INT A -> IRQ 16
[    6.780878] pcieport 0000:04:00.0: irq 49 for MSI/MSI-X
[    6.780986] pciehp 0000:04:00.0:pcie24: HPC vendor_id 8086 device_id 1548 ss_vid 2222 ss_did 1111
[    6.781098] pciehp 0000:04:00.0:pcie24: service driver pciehp loaded
[    6.781362] pcieport 0000:04:03.0: using bridge 0000:03:00.0 INT D to get IRQ 19
[    6.781369] pcieport 0000:04:03.0: PCI->APIC IRQ transform: INT D -> IRQ 19
[    6.781486] pcieport 0000:04:03.0: irq 50 for MSI/MSI-X
[    6.781590] pciehp 0000:04:03.0:pcie24: HPC vendor_id 8086 device_id 1548 ss_vid 2222 ss_did 1111
[    6.785480] pciehp 0000:04:03.0:pcie24: service driver pciehp loaded
[    6.785780] pcieport 0000:04:04.0: using bridge 0000:03:00.0 INT A to get IRQ 16
[    6.785788] pcieport 0000:04:04.0: PCI->APIC IRQ transform: INT A -> IRQ 16
[    6.785916] pcieport 0000:04:04.0: irq 51 for MSI/MSI-X
[    6.786035] pciehp 0000:04:04.0:pcie24: HPC vendor_id 8086 device_id 1548 ss_vid 2222 ss_did 1111
[    6.786141] pciehp 0000:04:04.0:pcie24: service driver pciehp loaded
[    6.786434] pcieport 0000:04:05.0: using bridge 0000:03:00.0 INT B to get IRQ 17
[    6.786442] pcieport 0000:04:05.0: PCI->APIC IRQ transform: INT B -> IRQ 17
[    6.786559] pcieport 0000:04:05.0: irq 52 for MSI/MSI-X
[    6.786677] pciehp 0000:04:05.0:pcie24: HPC vendor_id 8086 device_id 1548 ss_vid 2222 ss_did 1111
[    6.786787] pciehp 0000:04:05.0:pcie24: service driver pciehp loaded
[    6.787064] pcieport 0000:04:06.0: using bridge 0000:03:00.0 INT C to get IRQ 18
[    6.787072] pcieport 0000:04:06.0: PCI->APIC IRQ transform: INT C -> IRQ 18
[    6.787180] pcieport 0000:04:06.0: irq 53 for MSI/MSI-X
[    6.787303] pciehp 0000:04:06.0:pcie24: HPC vendor_id 8086 device_id 1548 ss_vid 2222 ss_did 1111
[    6.787400] pciehp 0000:04:06.0:pcie24: service driver pciehp loaded
[    6.873184] init: plymouth-upstart-bridge main process ended, respawning
[    7.009909] IPv6: ADDRCONF(NETDEV_CHANGE): eth0: link becomes ready
[    7.011152] asix 2-1.7:1.0 eth0: link up, 100Mbps, full-duplex, lpa 0x45E1
[    7.511872] init: plymouth-stop pre-start process (1253) terminated with status 1
[   10.143393] pciehp 0000:04:03.0:pcie24: Card present on Slot(3)
[   10.265509] pci 0000:06:00.0: [8086:1549] type 01 class 0x060400
[   10.265784] pci 0000:06:00.0: supports D1 D2
[   10.265787] pci 0000:06:00.0: PME# supported from D0 D1 D2 D3hot D3cold
[   10.266190] pci 0000:07:00.0: [8086:1549] type 01 class 0x060400
[   10.266462] pci 0000:07:00.0: supports D1 D2
[   10.266464] pci 0000:07:00.0: PME# supported from D0 D1 D2 D3hot D3cold
[   10.266708] pci 0000:06:00.0: PCI bridge to [bus 07-30]
[   10.266736] pci 0000:06:00.0:   bridge window [mem 0xe0000000-0xedffffff]
[   10.266756] pci 0000:06:00.0:   bridge window [mem 0xb0000000-0xc9ffffff 64bit pref]
[   10.266985] pci 0000:08:00.0: [14e4:1682] type 00 class 0x020000
[   10.267064] pci 0000:08:00.0: reg 0x10: [mem 0xb0000000-0xb000ffff 64bit pref]
[   10.267127] pci 0000:08:00.0: reg 0x18: [mem 0xb0010000-0xb001ffff 64bit pref]
[   10.267240] pci 0000:08:00.0: reg 0x30: [mem 0xe0100000-0xe010ffff pref]
[   10.267502] pci 0000:08:00.0: PME# supported from D0 D3hot D3cold
[   10.267752] pci 0000:07:00.0: PCI bridge to [bus 08]
[   10.267772] pci 0000:07:00.0:   bridge window [io  0xf000-0xe0000fff]
[   10.267782] pci 0000:07:00.0:   bridge window [mem 0xe0000000-0xe3ffffff]
[   10.267798] pci 0000:07:00.0:   bridge window [mem 0xb0000000-0xbfffffff 64bit pref]
[   10.267859] pci 0000:07:00.0: bridge window [mem 0x00100000-0x100fffff pref] to [bus 08] add_size 200000
[   10.267863] pci 0000:07:00.0: bridge window [mem 0x00100000-0x040fffff] to [bus 08] add_size 200000
[   10.267889] pci 0000:07:00.0: res[15]=[mem 0x00100000-0x100fffff pref] get_res_add_size add_size 200000
[   10.267894] pci 0000:06:00.0: bridge window [mem 0x00100000-0x1a0fffff pref] to [bus 07-30] add_size 200000
[   10.267899] pci 0000:07:00.0: res[14]=[mem 0x00100000-0x040fffff] get_res_add_size add_size 200000
[   10.267903] pci 0000:06:00.0: bridge window [mem 0x00100000-0x0e0fffff] to [bus 07-30] add_size 200000
[   10.267921] pcieport 0000:04:03.0: bridge window [io  0x1000-0xdfff2fff] to [bus 06-30] add_size 1000
[   10.267927] pcieport 0000:04:03.0: res[13]=[io  0x1000-0xdfff2fff] get_res_add_size add_size 1000
[   10.267932] pcieport 0000:04:03.0: BAR 13: can't assign io (size 0xdfff3000)
[   10.267937] pcieport 0000:04:03.0: BAR 13: can't assign io (size 0xdfff2000)
[   10.267943] pci 0000:06:00.0: res[14]=[mem 0x00100000-0x0e0fffff] get_res_add_size add_size 200000
[   10.267947] pci 0000:06:00.0: res[15]=[mem 0x00100000-0x1a0fffff pref] get_res_add_size add_size 200000
[   10.267953] pci 0000:06:00.0: BAR 14: can't assign mem (size 0xe200000)
[   10.267958] pci 0000:06:00.0: BAR 15: can't assign mem pref (size 0x1a200000)
[   10.267962] pci 0000:06:00.0: BAR 13: can't assign io (size 0xdfff2000)
[   10.267968] pci 0000:06:00.0: BAR 14: assigned [mem 0xe0100000-0xee0fffff]
[   10.267973] pci 0000:06:00.0: BAR 15: assigned [mem 0xb0000000-0xc9ffffff pref]
[   10.267977] pci 0000:06:00.0: BAR 13: can't assign io (size 0xdfff2000)
[   10.267981] pci 0000:06:00.0: BAR 14: can't assign mem (size 0xe000000)
[   10.267986] pci 0000:06:00.0: failed to add 200000 res[14]=[mem 0xe0100000-0xee0fffff]
[   10.267991] pci 0000:06:00.0: BAR 15: can't assign mem pref (size 0x1a000000)
[   10.267995] pci 0000:06:00.0: failed to add 200000 res[15]=[mem 0xb0000000-0xc9ffffff pref]
[   10.268001] pci 0000:07:00.0: res[14]=[mem 0x00100000-0x040fffff] get_res_add_size add_size 200000
[   10.268004] pci 0000:07:00.0: res[15]=[mem 0x00100000-0x100fffff pref] get_res_add_size add_size 200000
[   10.268009] pci 0000:07:00.0: BAR 14: assigned [mem 0xe0100000-0xe42fffff]
[   10.268013] pci 0000:07:00.0: BAR 15: assigned [mem 0xb0000000-0xc01fffff pref]
[   10.268016] pci 0000:07:00.0: BAR 13: can't assign io (size 0xdfff2000)
[   10.268021] pci 0000:07:00.0: BAR 13: can't assign io (size 0xdfff2000)
[   10.268026] pci 0000:08:00.0: BAR 0: assigned [mem 0xb0000000-0xb000ffff 64bit pref]
[   10.268062] pci 0000:08:00.0: BAR 2: assigned [mem 0xb0010000-0xb001ffff 64bit pref]
[   10.268098] pci 0000:08:00.0: BAR 6: assigned [mem 0xb0020000-0xb002ffff pref]
[   10.268103] pci 0000:07:00.0: PCI bridge to [bus 08]
[   10.268115] pci 0000:07:00.0:   bridge window [mem 0xe0100000-0xe42fffff]
[   10.268126] pci 0000:07:00.0:   bridge window [mem 0xb0000000-0xc01fffff pref]
[   10.268142] pci 0000:06:00.0: PCI bridge to [bus 07-30]
[   10.268156] pci 0000:06:00.0:   bridge window [mem 0xe0100000-0xee0fffff]
[   10.268167] pci 0000:06:00.0:   bridge window [mem 0xb0000000-0xc9ffffff pref]
[   10.268183] pcieport 0000:04:03.0: PCI bridge to [bus 06-30]
[   10.268194] pcieport 0000:04:03.0:   bridge window [mem 0xe0100000-0xee0fffff]
[   10.268202] pcieport 0000:04:03.0:   bridge window [mem 0xb0000000-0xc9ffffff 64bit pref]
[   10.268213] PCI: No. 2 try to assign unassigned res
[   10.268273] pcieport 0000:04:03.0: bridge window [io  0x1000-0xdfff2fff] to [bus 06-30] add_size 1000
[   10.268278] pcieport 0000:04:03.0: res[13]=[io  0x1000-0xdfff2fff] get_res_add_size add_size 1000
[   10.268281] pcieport 0000:04:03.0: BAR 13: can't assign io (size 0xdfff3000)
[   10.268285] pcieport 0000:04:03.0: BAR 13: can't assign io (size 0xdfff2000)
[   10.268290] pci 0000:06:00.0: BAR 13: can't assign io (size 0xdfff2000)
[   10.268294] pci 0000:07:00.0: BAR 13: can't assign io (size 0xdfff2000)
[   10.268298] pci 0000:07:00.0: PCI bridge to [bus 08]
[   10.268311] pci 0000:07:00.0:   bridge window [mem 0xe0100000-0xe42fffff]
[   10.268321] pci 0000:07:00.0:   bridge window [mem 0xb0000000-0xc01fffff 64bit pref]
[   10.268337] pci 0000:06:00.0: PCI bridge to [bus 07-30]
[   10.268351] pci 0000:06:00.0:   bridge window [mem 0xe0100000-0xee0fffff]
[   10.268360] pci 0000:06:00.0:   bridge window [mem 0xb0000000-0xc9ffffff 64bit pref]
[   10.268378] pcieport 0000:04:03.0: PCI bridge to [bus 06-30]
[   10.268388] pcieport 0000:04:03.0:   bridge window [mem 0xe0100000-0xee0fffff]
[   10.268396] pcieport 0000:04:03.0:   bridge window [mem 0xb0000000-0xc9ffffff 64bit pref]
[   10.268439] pci 0000:06:00.0: no hotplug settings from platform
[   10.268462] pci 0000:07:00.0: no hotplug settings from platform
[   10.268478] pci 0000:08:00.0: no hotplug settings from platform
[   10.268562] pcieport 0000:04:03.0: using bridge 0000:03:00.0 INT D to get IRQ 19
[   10.268574] pcieport 0000:06:00.0: PCI->APIC IRQ transform: INT D -> IRQ 19
[   10.268657] pcieport 0000:06:00.0: irq 54 for MSI/MSI-X
[   10.268887] pcieport 0000:04:03.0: using bridge 0000:03:00.0 INT D to get IRQ 19
[   10.268893] pcieport 0000:07:00.0: PCI->APIC IRQ transform: INT D -> IRQ 19
[   10.268968] pcieport 0000:07:00.0: irq 55 for MSI/MSI-X
[   10.269044] pciehp 0000:07:00.0:pcie24: HPC vendor_id 8086 device_id 1549 ss_vid 0 ss_did 0
[   10.269126] pciehp 0000:07:00.0:pcie24: service driver pciehp loaded
[   10.277636] pps_core: LinuxPPS API ver. 1 registered
[   10.277639] pps_core: Software ver. 5.3.6 - Copyright 2005-2007 Rodolfo Giometti <giometti@linux.it>
[   10.279657] PTP clock support registered
[   10.284905] tg3.c:v3.134 (Sep 16, 2013)
[   10.284936] pcieport 0000:04:03.0: using bridge 0000:03:00.0 INT D to get IRQ 19
[   10.284942] tg3 0000:08:00.0: PCI->APIC IRQ transform: INT D -> IRQ 19
[   10.341245] tg3 0000:08:00.0 eth1: Tigon3 [partno(BCM957762) rev 57766000] (PCI Express) MAC address 40:6c:8f:39:1b:19
[   10.341252] tg3 0000:08:00.0 eth1: attached PHY is 57765 (10/100/1000Base-T Ethernet) (WireSpeed[1], EEE[1])
[   10.341256] tg3 0000:08:00.0 eth1: RXcsums[1] LinkChgREG[0] MIirq[0] ASF[0] TSOcap[1]
[   10.341259] tg3 0000:08:00.0 eth1: dma_rwctrl[00000001] dma_mask[64-bit]
[   10.368897] systemd-udevd[1066]: renamed network interface eth1 to p9p1
[   10.587051] tg3 0000:08:00.0: irq 56 for MSI/MSI-X
[   10.587059] tg3 0000:08:00.0: irq 57 for MSI/MSI-X
[   10.587063] tg3 0000:08:00.0: irq 58 for MSI/MSI-X
[   10.587067] tg3 0000:08:00.0: irq 59 for MSI/MSI-X
[   10.587070] tg3 0000:08:00.0: irq 60 for MSI/MSI-X
[   10.754088] IPv6: ADDRCONF(NETDEV_UP): p9p1: link is not ready
[   10.754471] IPv6: ADDRCONF(NETDEV_UP): p9p1: link is not ready
[   12.964858] wlan0: authenticate with 00:0b:86:75:77:29
[   12.969726] wlan0: send auth to 00:0b:86:75:77:29 (try 1/3)
[   12.975597] wlan0: authenticated
[   12.975739] iwlwifi 0000:02:00.0 wlan0: disabling HT/VHT due to WEP/TKIP use
[   12.975743] iwlwifi 0000:02:00.0 wlan0: disabling HT as WMM/QoS is not supported by the AP
[   12.975745] iwlwifi 0000:02:00.0 wlan0: disabling VHT as WMM/QoS is not supported by the AP
[   12.978318] wlan0: associate with 00:0b:86:75:77:29 (try 1/3)
[   12.980022] wlan0: RX AssocResp from 00:0b:86:75:77:29 (capab=0x511 status=0 aid=11)
[   12.982896] wlan0: associated
[   12.982931] IPv6: ADDRCONF(NETDEV_CHANGE): wlan0: link becomes ready
[   12.983022] cfg80211: Calling CRDA for country: NO
[   12.983932] wlan0: deauthenticating from 00:0b:86:75:77:29 by local choice (reason=2)
[   12.993853] wlan0: authenticate with 00:0b:86:75:77:29
[   12.996513] wlan0: send auth to 00:0b:86:75:77:29 (try 1/3)
[   12.996619] cfg80211: Regulatory domain changed to country: NO
[   12.996623] cfg80211:   (start_freq - end_freq @ bandwidth), (max_antenna_gain, max_eirp)
[   12.996625] cfg80211:   (2402000 KHz - 2482000 KHz @ 40000 KHz), (N/A, 2000 mBm)
[   12.996627] cfg80211:   (5170000 KHz - 5250000 KHz @ 40000 KHz), (N/A, 2000 mBm)
[   12.996628] cfg80211:   (5250000 KHz - 5330000 KHz @ 40000 KHz), (N/A, 2000 mBm)
[   12.996630] cfg80211:   (5490000 KHz - 5710000 KHz @ 40000 KHz), (N/A, 2700 mBm)
[   12.996631] cfg80211:   (57240000 KHz - 65880000 KHz @ 2160000 KHz), (N/A, 4000 mBm)
[   12.997329] cfg80211: Calling CRDA to update world regulatory domain
[   12.997494] wlan0: authenticated
[   12.997641] iwlwifi 0000:02:00.0 wlan0: disabling HT/VHT due to WEP/TKIP use
[   12.997646] iwlwifi 0000:02:00.0 wlan0: disabling HT as WMM/QoS is not supported by the AP
[   12.997649] iwlwifi 0000:02:00.0 wlan0: disabling VHT as WMM/QoS is not supported by the AP
[   12.998329] wlan0: associate with 00:0b:86:75:77:29 (try 1/3)
[   12.999668] wlan0: RX AssocResp from 00:0b:86:75:77:29 (capab=0x511 status=0 aid=11)
[   13.000171] cfg80211: World regulatory domain updated:
[   13.000175] cfg80211:   (start_freq - end_freq @ bandwidth), (max_antenna_gain, max_eirp)
[   13.000177] cfg80211:   (2402000 KHz - 2472000 KHz @ 40000 KHz), (300 mBi, 2000 mBm)
[   13.000179] cfg80211:   (2457000 KHz - 2482000 KHz @ 40000 KHz), (300 mBi, 2000 mBm)
[   13.000181] cfg80211:   (2474000 KHz - 2494000 KHz @ 20000 KHz), (300 mBi, 2000 mBm)
[   13.000182] cfg80211:   (5170000 KHz - 5250000 KHz @ 40000 KHz), (300 mBi, 2000 mBm)
[   13.000184] cfg80211:   (5735000 KHz - 5835000 KHz @ 40000 KHz), (300 mBi, 2000 mBm)
[   13.001994] wlan0: associated
[   13.002028] cfg80211: Calling CRDA for country: NO
[   13.004508] cfg80211: Regulatory domain changed to country: NO
[   13.004511] cfg80211:   (start_freq - end_freq @ bandwidth), (max_antenna_gain, max_eirp)
[   13.004513] cfg80211:   (2402000 KHz - 2482000 KHz @ 40000 KHz), (N/A, 2000 mBm)
[   13.004515] cfg80211:   (5170000 KHz - 5250000 KHz @ 40000 KHz), (N/A, 2000 mBm)
[   13.004516] cfg80211:   (5250000 KHz - 5330000 KHz @ 40000 KHz), (N/A, 2000 mBm)
[   13.004518] cfg80211:   (5490000 KHz - 5710000 KHz @ 40000 KHz), (N/A, 2700 mBm)
[   13.004520] cfg80211:   (57240000 KHz - 65880000 KHz @ 2160000 KHz), (N/A, 4000 mBm)
[   13.074014] wlan0: Limiting TX power to 25 (30 - 5) dBm as advertised by 00:0b:86:75:77:29
[   23.017592] wlan0: deauthenticating from 00:0b:86:75:77:29 by local choice (reason=3)
[   23.026493] cfg80211: Calling CRDA to update world regulatory domain
[   23.029863] cfg80211: World regulatory domain updated:
[   23.029867] cfg80211:   (start_freq - end_freq @ bandwidth), (max_antenna_gain, max_eirp)
[   23.029869] cfg80211:   (2402000 KHz - 2472000 KHz @ 40000 KHz), (300 mBi, 2000 mBm)
[   23.029871] cfg80211:   (2457000 KHz - 2482000 KHz @ 40000 KHz), (300 mBi, 2000 mBm)
[   23.029872] cfg80211:   (2474000 KHz - 2494000 KHz @ 20000 KHz), (300 mBi, 2000 mBm)
[   23.029874] cfg80211:   (5170000 KHz - 5250000 KHz @ 40000 KHz), (300 mBi, 2000 mBm)
[   23.029876] cfg80211:   (5735000 KHz - 5835000 KHz @ 40000 KHz), (300 mBi, 2000 mBm)
[   34.761452] audit_printk_skb: 108 callbacks suppressed
[   34.761456] type=1400 audit(1410264792.375:47): apparmor="STATUS" operation="profile_replace" profile="unconfined" name="/usr/lib/cups/backend/cups-pdf" pid=2428 comm="apparmor_parser"
[   34.761464] type=1400 audit(1410264792.375:48): apparmor="STATUS" operation="profile_replace" profile="unconfined" name="/usr/sbin/cupsd" pid=2428 comm="apparmor_parser"
[   34.761978] type=1400 audit(1410264792.375:49): apparmor="STATUS" operation="profile_replace" profile="unconfined" name="/usr/sbin/cupsd" pid=2428 comm="apparmor_parser"
[   36.051334] wlan0: authenticate with 00:0b:86:75:76:79
[   36.055527] wlan0: send auth to 00:0b:86:75:76:79 (try 1/3)
[   36.167481] wlan0: authenticated
[   36.167691] iwlwifi 0000:02:00.0 wlan0: disabling HT/VHT due to WEP/TKIP use
[   36.167698] iwlwifi 0000:02:00.0 wlan0: disabling HT as WMM/QoS is not supported by the AP
[   36.167701] iwlwifi 0000:02:00.0 wlan0: disabling VHT as WMM/QoS is not supported by the AP
[   36.168012] wlan0: associate with 00:0b:86:75:76:79 (try 1/3)
[   36.169475] wlan0: RX AssocResp from 00:0b:86:75:76:79 (capab=0x511 status=0 aid=11)
[   36.172069] wlan0: associated
[   36.172137] cfg80211: Calling CRDA for country: NO
[   36.175799] cfg80211: Regulatory domain changed to country: NO
[   36.175803] cfg80211:   (start_freq - end_freq @ bandwidth), (max_antenna_gain, max_eirp)
[   36.175805] cfg80211:   (2402000 KHz - 2482000 KHz @ 40000 KHz), (N/A, 2000 mBm)
[   36.175807] cfg80211:   (5170000 KHz - 5250000 KHz @ 40000 KHz), (N/A, 2000 mBm)
[   36.175808] cfg80211:   (5250000 KHz - 5330000 KHz @ 40000 KHz), (N/A, 2000 mBm)
[   36.175810] cfg80211:   (5490000 KHz - 5710000 KHz @ 40000 KHz), (N/A, 2700 mBm)
[   36.175812] cfg80211:   (57240000 KHz - 65880000 KHz @ 2160000 KHz), (N/A, 4000 mBm)
[   36.253716] wlan0: Limiting TX power to 23 (23 - 0) dBm as advertised by 00:0b:86:75:76:79
[   62.722680] pciehp 0000:04:03.0:pcie24: Card not present on Slot(3)
[   62.781889] pciehp 0000:00:1c.4:pcie04: Card not present on Slot(4)
[   62.782271] pciehp 0000:04:06.0:pcie24: unloading service driver pciehp
[   62.782386] pciehp 0000:04:05.0:pcie24: unloading service driver pciehp
[   62.782485] pciehp 0000:04:04.0:pcie24: unloading service driver pciehp
[   62.782564] BUG: unable to handle kernel NULL pointer dereference at           (null)
[   62.782649] IP: [<ffffffff81369a80>] strlen+0x0/0x30
[   62.782702] PGD 0 
[   62.782724] Oops: 0000 [#1] SMP 
[   62.782758] Modules linked in: tg3 ptp pps_core shpchp hid_generic snd_hda_codec_hdmi asix usbhid usbnet hid mii rfcomm btusb bnep bluetooth snd_hda_intel snd_hda_codec snd_hwdep snd_pcm snd_page_alloc snd_seq_midi snd_seq_midi_event snd_rawmidi snd_seq intel_rapl arc4 snd_seq_device x86_pkg_temp_thermal intel_powerclamp coretemp kvm_intel iwldvm mac80211 snd_timer nls_iso8859_1 kvm iwlwifi crct10dif_pclmul crc32_pclmul ghash_clmulni_intel cryptd snd i915 mei_me cfg80211 lpc_ich drm_kms_helper drm mei soundcore i2c_algo_bit parport_pc ppdev mac_hid lp parport video ahci libahci
[   62.783334] CPU: 0 PID: 4 Comm: kworker/0:0 Not tainted 3.13.0-35-generic #62-Ubuntu
[   62.783397] Hardware name:                  /D33217CK, BIOS GKPPT10H.86A.0032.2012.1127.1710 11/27/2012
[   62.783477] Workqueue: pciehp-4 pciehp_power_thread
[   62.783522] task: ffff88025472c800 ti: ffff8802547ae000 task.ti: ffff8802547ae000
[   62.783584] RIP: 0010:[<ffffffff81369a80>]  [<ffffffff81369a80>] strlen+0x0/0x30
[   62.783655] RSP: 0018:ffff8802547afc00  EFLAGS: 00010246
[   62.783701] RAX: 0000000000000000 RBX: 0000000000000000 RCX: 0000000000003ef0
[   62.783761] RDX: 0000000000000000 RSI: 0000000000000000 RDI: 0000000000000000
[   62.783820] RBP: ffff8802547afc18 R08: 0000000000000097 R09: 000000000000feff
[   62.783879] R10: 0000000000000000 R11: ffffffff81364101 R12: 0000000000000000
[   62.783937] R13: 0000000000000000 R14: 0000000000000000 R15: 0000000000000000
[   62.783997] FS:  0000000000000000(0000) GS:ffff88025f200000(0000) knlGS:0000000000000000
[   62.784064] CS:  0010 DS: 0000 ES: 0000 CR0: 0000000080050033
[   62.784112] CR2: 0000000000000000 CR3: 0000000001c0e000 CR4: 00000000001407f0
[   62.784172] Stack:
[   62.784191]  ffffffff81233c07 ffff88025273f168 0000000000000000 ffff8802547afc48
[   62.784263]  ffffffff81234a39 ffff88024ff39e70 0000000000000000 0000000000000000
[   62.784334]  ffff880250205f00 ffff8802547afc78 ffffffff81234d77 0000000000000000
[   62.784406] Call Trace:
[   62.784433]  [<ffffffff81233c07>] ? sysfs_name_hash+0x17/0xd0
[   62.784490]  [<ffffffff81234a39>] sysfs_find_dirent+0x39/0xf0
[   62.784544]  [<ffffffff81234d77>] sysfs_hash_and_remove+0x37/0xa0
[   62.784596]  [<ffffffff81232a37>] sysfs_remove_bin_file+0x17/0x20
[   62.784651]  [<ffffffff813ab88e>] pci_remove_sysfs_dev_files+0x3e/0x130
[   62.784708]  [<ffffffff813a2ba8>] pci_stop_bus_device+0x88/0xa0
[   62.784760]  [<ffffffff813a2b5b>] pci_stop_bus_device+0x3b/0xa0
[   62.784812]  [<ffffffff813a2b5b>] pci_stop_bus_device+0x3b/0xa0
[   62.784863]  [<ffffffff813a2b5b>] pci_stop_bus_device+0x3b/0xa0
[   62.784915]  [<ffffffff813a2b5b>] pci_stop_bus_device+0x3b/0xa0
[   62.784968]  [<ffffffff813a2cc2>] pci_stop_and_remove_bus_device+0x12/0x20
[   62.785028]  [<ffffffff813bd458>] pciehp_unconfigure_device+0xa8/0x1b0
[   62.785085]  [<ffffffff813bcdb8>] pciehp_disable_slot+0x68/0x200
[   62.785138]  [<ffffffff813bcfd3>] pciehp_power_thread+0x83/0xf0
[   62.785192]  [<ffffffff810839d2>] process_one_work+0x182/0x450
[   62.785245]  [<ffffffff810847c1>] worker_thread+0x121/0x410
[   62.785295]  [<ffffffff810846a0>] ? rescuer_thread+0x430/0x430
[   62.785346]  [<ffffffff8108b4a2>] kthread+0xd2/0xf0
[   62.785390]  [<ffffffff8108b3d0>] ? kthread_create_on_node+0x1c0/0x1c0
[   62.785447]  [<ffffffff8172ecbc>] ret_from_fork+0x7c/0xb0
[   62.785494]  [<ffffffff8108b3d0>] ? kthread_create_on_node+0x1c0/0x1c0
[   62.785548] Code: 89 f8 48 89 e5 f6 82 00 c6 84 81 20 74 15 0f 1f 44 00 00 48 83 c0 01 0f b6 10 f6 82 00 c6 84 81 20 75 f0 5d c3 66 0f 1f 44 00 00 <80> 3f 00 55 48 89 e5 74 15 48 89 f8 0f 1f 40 00 48 83 c0 01 80 
[   62.785861] RIP  [<ffffffff81369a80>] strlen+0x0/0x30
[   62.785909]  RSP <ffff8802547afc00>
[   62.785939] CR2: 0000000000000000
