[    0.000000] Initializing cgroup subsys cpuset
[    0.000000] Initializing cgroup subsys cpu
[    0.000000] Initializing cgroup subsys cpuacct
[    0.000000] Linux version 3.13.0-35-generic (buildd@panlong) (gcc version 4.8.2 (Ubuntu 4.8.2-19ubuntu1) ) #62-Ubuntu SMP Fri Aug 15 01:58:42 UTC 2014 (Ubuntu 3.13.0-35.62-generic 3.13.11.6)
[    0.000000] Command line: BOOT_IMAGE=/boot/vmlinuz-3.13.0-35-generic.efi.signed root=UUID=f54f0253-3e5a-4046-afe7-62f154b956d9 ro splash quiet vt.handoff=7 pci=noacpi
[    0.000000] KERNEL supported cpus:
[    0.000000]   Intel GenuineIntel
[    0.000000]   AMD AuthenticAMD
[    0.000000]   Centaur CentaurHauls
[    0.000000] e820: BIOS-provided physical RAM map:
[    0.000000] BIOS-e820: [mem 0x0000000000000000-0x000000000009efff] usable
[    0.000000] BIOS-e820: [mem 0x000000000009f000-0x000000000009ffff] reserved
[    0.000000] BIOS-e820: [mem 0x0000000000100000-0x000000001fffffff] usable
[    0.000000] BIOS-e820: [mem 0x0000000020000000-0x00000000201fffff] reserved
[    0.000000] BIOS-e820: [mem 0x0000000020200000-0x0000000040003fff] usable
[    0.000000] BIOS-e820: [mem 0x0000000040004000-0x0000000040004fff] reserved
[    0.000000] BIOS-e820: [mem 0x0000000040005000-0x000000007dfddfff] usable
[    0.000000] BIOS-e820: [mem 0x000000007dfde000-0x000000007e302fff] reserved
[    0.000000] BIOS-e820: [mem 0x000000007e303000-0x000000007e312fff] ACPI data
[    0.000000] BIOS-e820: [mem 0x000000007e313000-0x000000007e428fff] ACPI NVS
[    0.000000] BIOS-e820: [mem 0x000000007e429000-0x000000007e60afff] reserved
[    0.000000] BIOS-e820: [mem 0x000000007e60b000-0x000000007e69bfff] type 20
[    0.000000] BIOS-e820: [mem 0x000000007e69c000-0x000000007e69cfff] usable
[    0.000000] BIOS-e820: [mem 0x000000007e69d000-0x000000007e6dffff] ACPI NVS
[    0.000000] BIOS-e820: [mem 0x000000007e6e0000-0x000000007effffff] usable
[    0.000000] BIOS-e820: [mem 0x000000007f800000-0x000000009f9fffff] reserved
[    0.000000] BIOS-e820: [mem 0x00000000f8000000-0x00000000fbffffff] reserved
[    0.000000] BIOS-e820: [mem 0x00000000fec00000-0x00000000fec00fff] reserved
[    0.000000] BIOS-e820: [mem 0x00000000fed00000-0x00000000fed03fff] reserved
[    0.000000] BIOS-e820: [mem 0x00000000fed1c000-0x00000000fed1ffff] reserved
[    0.000000] BIOS-e820: [mem 0x00000000fee00000-0x00000000fee00fff] reserved
[    0.000000] BIOS-e820: [mem 0x00000000ff000000-0x00000000ffffffff] reserved
[    0.000000] BIOS-e820: [mem 0x0000000100000000-0x000000025f5fffff] usable
[    0.000000] NX (Execute Disable) protection: active
[    0.000000] efi: EFI v2.31 by American Megatrends
[    0.000000] efi:  ACPI=0x7e308000  ACPI 2.0=0x7e308000  SMBIOS=0xf04c0  MPS=0xfd440 
[    0.000000] efi: mem00: type=3, attr=0xf, range=[0x0000000000000000-0x0000000000008000) (0MB)
[    0.000000] efi: mem01: type=7, attr=0xf, range=[0x0000000000008000-0x000000000005e000) (0MB)
[    0.000000] efi: mem02: type=4, attr=0xf, range=[0x000000000005e000-0x0000000000060000) (0MB)
[    0.000000] efi: mem03: type=3, attr=0xf, range=[0x0000000000060000-0x000000000009f000) (0MB)
[    0.000000] efi: mem04: type=6, attr=0x800000000000000f, range=[0x000000000009f000-0x00000000000a0000) (0MB)
[    0.000000] efi: mem05: type=7, attr=0xf, range=[0x0000000000100000-0x0000000001000000) (15MB)
[    0.000000] efi: mem06: type=2, attr=0xf, range=[0x0000000001000000-0x0000000002501000) (21MB)
[    0.000000] efi: mem07: type=7, attr=0xf, range=[0x0000000002501000-0x0000000020000000) (474MB)
[    0.000000] efi: mem08: type=0, attr=0xf, range=[0x0000000020000000-0x0000000020200000) (2MB)
[    0.000000] efi: mem09: type=7, attr=0xf, range=[0x0000000020200000-0x0000000035b1e000) (345MB)
[    0.000000] efi: mem10: type=2, attr=0xf, range=[0x0000000035b1e000-0x0000000036d87000) (18MB)
[    0.000000] efi: mem11: type=7, attr=0xf, range=[0x0000000036d87000-0x0000000040004000) (146MB)
[    0.000000] efi: mem12: type=0, attr=0xf, range=[0x0000000040004000-0x0000000040005000) (0MB)
[    0.000000] efi: mem13: type=7, attr=0xf, range=[0x0000000040005000-0x0000000052029000) (288MB)
[    0.000000] efi: mem14: type=2, attr=0xf, range=[0x0000000052029000-0x000000006e7a6000) (455MB)
[    0.000000] efi: mem15: type=7, attr=0xf, range=[0x000000006e7a6000-0x000000006e7ac000) (0MB)
[    0.000000] efi: mem16: type=2, attr=0xf, range=[0x000000006e7ac000-0x000000006e982000) (1MB)
[    0.000000] efi: mem17: type=1, attr=0xf, range=[0x000000006e982000-0x000000006eba0000) (2MB)
[    0.000000] efi: mem18: type=7, attr=0xf, range=[0x000000006eba0000-0x0000000072058000) (52MB)
[    0.000000] efi: mem19: type=4, attr=0xf, range=[0x0000000072058000-0x0000000072073000) (0MB)
[    0.000000] efi: mem20: type=7, attr=0xf, range=[0x0000000072073000-0x0000000072078000) (0MB)
[    0.000000] efi: mem21: type=4, attr=0xf, range=[0x0000000072078000-0x0000000072079000) (0MB)
[    0.000000] efi: mem22: type=7, attr=0xf, range=[0x0000000072079000-0x000000007207b000) (0MB)
[    0.000000] efi: mem23: type=4, attr=0xf, range=[0x000000007207b000-0x000000007207d000) (0MB)
[    0.000000] efi: mem24: type=7, attr=0xf, range=[0x000000007207d000-0x000000007208c000) (0MB)
[    0.000000] efi: mem25: type=4, attr=0xf, range=[0x000000007208c000-0x000000007208d000) (0MB)
[    0.000000] efi: mem26: type=7, attr=0xf, range=[0x000000007208d000-0x00000000720c1000) (0MB)
[    0.000000] efi: mem27: type=4, attr=0xf, range=[0x00000000720c1000-0x00000000720ef000) (0MB)
[    0.000000] efi: mem28: type=7, attr=0xf, range=[0x00000000720ef000-0x0000000072100000) (0MB)
[    0.000000] efi: mem29: type=4, attr=0xf, range=[0x0000000072100000-0x000000007225d000) (1MB)
[    0.000000] efi: mem30: type=7, attr=0xf, range=[0x000000007225d000-0x0000000072271000) (0MB)
[    0.000000] efi: mem31: type=4, attr=0xf, range=[0x0000000072271000-0x000000007254a000) (2MB)
[    0.000000] efi: mem32: type=7, attr=0xf, range=[0x000000007254a000-0x000000007254b000) (0MB)
[    0.000000] efi: mem33: type=4, attr=0xf, range=[0x000000007254b000-0x0000000072559000) (0MB)
[    0.000000] efi: mem34: type=7, attr=0xf, range=[0x0000000072559000-0x000000007255a000) (0MB)
[    0.000000] efi: mem35: type=4, attr=0xf, range=[0x000000007255a000-0x0000000072563000) (0MB)
[    0.000000] efi: mem36: type=7, attr=0xf, range=[0x0000000072563000-0x0000000072565000) (0MB)
[    0.000000] efi: mem37: type=4, attr=0xf, range=[0x0000000072565000-0x0000000072567000) (0MB)
[    0.000000] efi: mem38: type=7, attr=0xf, range=[0x0000000072567000-0x0000000072568000) (0MB)
[    0.000000] efi: mem39: type=4, attr=0xf, range=[0x0000000072568000-0x000000007256a000) (0MB)
[    0.000000] efi: mem40: type=7, attr=0xf, range=[0x000000007256a000-0x000000007256b000) (0MB)
[    0.000000] efi: mem41: type=4, attr=0xf, range=[0x000000007256b000-0x000000007256c000) (0MB)
[    0.000000] efi: mem42: type=7, attr=0xf, range=[0x000000007256c000-0x000000007256d000) (0MB)
[    0.000000] efi: mem43: type=4, attr=0xf, range=[0x000000007256d000-0x000000007256e000) (0MB)
[    0.000000] efi: mem44: type=7, attr=0xf, range=[0x000000007256e000-0x000000007257e000) (0MB)
[    0.000000] efi: mem45: type=4, attr=0xf, range=[0x000000007257e000-0x000000007257f000) (0MB)
[    0.000000] efi: mem46: type=7, attr=0xf, range=[0x000000007257f000-0x0000000072581000) (0MB)
[    0.000000] efi: mem47: type=4, attr=0xf, range=[0x0000000072581000-0x0000000072582000) (0MB)
[    0.000000] efi: mem48: type=7, attr=0xf, range=[0x0000000072582000-0x000000007258f000) (0MB)
[    0.000000] efi: mem49: type=4, attr=0xf, range=[0x000000007258f000-0x0000000072593000) (0MB)
[    0.000000] efi: mem50: type=7, attr=0xf, range=[0x0000000072593000-0x0000000072594000) (0MB)
[    0.000000] efi: mem51: type=4, attr=0xf, range=[0x0000000072594000-0x000000007275d000) (1MB)
[    0.000000] efi: mem52: type=7, attr=0xf, range=[0x000000007275d000-0x0000000072761000) (0MB)
[    0.000000] efi: mem53: type=4, attr=0xf, range=[0x0000000072761000-0x000000007276c000) (0MB)
[    0.000000] efi: mem54: type=7, attr=0xf, range=[0x000000007276c000-0x0000000072775000) (0MB)
[    0.000000] efi: mem55: type=4, attr=0xf, range=[0x0000000072775000-0x000000007277e000) (0MB)
[    0.000000] efi: mem56: type=7, attr=0xf, range=[0x000000007277e000-0x0000000072780000) (0MB)
[    0.000000] efi: mem57: type=4, attr=0xf, range=[0x0000000072780000-0x000000007c1e7000) (154MB)
[    0.000000] efi: mem58: type=7, attr=0xf, range=[0x000000007c1e7000-0x000000007c1ea000) (0MB)
[    0.000000] efi: mem59: type=4, attr=0xf, range=[0x000000007c1ea000-0x000000007d5ec000) (20MB)
[    0.000000] efi: mem60: type=7, attr=0xf, range=[0x000000007d5ec000-0x000000007dad2000) (4MB)
[    0.000000] efi: mem61: type=2, attr=0xf, range=[0x000000007dad2000-0x000000007dade000) (0MB)
[    0.000000] efi: mem62: type=3, attr=0xf, range=[0x000000007dade000-0x000000007dfde000) (5MB)
[    0.000000] efi: mem63: type=0, attr=0xf, range=[0x000000007dfde000-0x000000007e26a000) (2MB)
[    0.000000] efi: mem64: type=0, attr=0xf, range=[0x000000007e26a000-0x000000007e298000) (0MB)
[    0.000000] efi: mem65: type=0, attr=0xf, range=[0x000000007e298000-0x000000007e2a7000) (0MB)
[    0.000000] efi: mem66: type=0, attr=0xf, range=[0x000000007e2a7000-0x000000007e2a9000) (0MB)
[    0.000000] efi: mem67: type=0, attr=0xf, range=[0x000000007e2a9000-0x000000007e2b0000) (0MB)
[    0.000000] efi: mem68: type=0, attr=0xf, range=[0x000000007e2b0000-0x000000007e303000) (0MB)
[    0.000000] efi: mem69: type=9, attr=0xf, range=[0x000000007e303000-0x000000007e308000) (0MB)
[    0.000000] efi: mem70: type=9, attr=0xf, range=[0x000000007e308000-0x000000007e313000) (0MB)
[    0.000000] efi: mem71: type=10, attr=0xf, range=[0x000000007e313000-0x000000007e38d000) (0MB)
[    0.000000] efi: mem72: type=10, attr=0xf, range=[0x000000007e38d000-0x000000007e429000) (0MB)
[    0.000000] efi: mem73: type=6, attr=0x800000000000000f, range=[0x000000007e429000-0x000000007e488000) (0MB)
[    0.000000] efi: mem74: type=6, attr=0x800000000000000f, range=[0x000000007e488000-0x000000007e56b000) (0MB)
[    0.000000] efi: mem75: type=6, attr=0x800000000000000f, range=[0x000000007e56b000-0x000000007e56d000) (0MB)
[    0.000000] efi: mem76: type=6, attr=0x800000000000000f, range=[0x000000007e56d000-0x000000007e60b000) (0MB)
[    0.000000] efi: mem77: type=5, attr=0x800000000000000f, range=[0x000000007e60b000-0x000000007e628000) (0MB)
[    0.000000] efi: mem78: type=5, attr=0x800000000000000f, range=[0x000000007e628000-0x000000007e69c000) (0MB)
[    0.000000] efi: mem79: type=4, attr=0xf, range=[0x000000007e69c000-0x000000007e69d000) (0MB)
[    0.000000] efi: mem80: type=10, attr=0xf, range=[0x000000007e69d000-0x000000007e6e0000) (0MB)
[    0.000000] efi: mem81: type=4, attr=0xf, range=[0x000000007e6e0000-0x000000007ed2e000) (6MB)
[    0.000000] efi: mem82: type=3, attr=0xf, range=[0x000000007ed2e000-0x000000007efca000) (2MB)
[    0.000000] efi: mem83: type=4, attr=0xf, range=[0x000000007efca000-0x000000007efd9000) (0MB)
[    0.000000] efi: mem84: type=3, attr=0xf, range=[0x000000007efd9000-0x000000007efeb000) (0MB)
[    0.000000] efi: mem85: type=4, attr=0xf, range=[0x000000007efeb000-0x000000007f000000) (0MB)
[    0.000000] efi: mem86: type=7, attr=0xf, range=[0x0000000100000000-0x000000025f600000) (5622MB)
[    0.000000] efi: mem87: type=0, attr=0x8000000000000000, range=[0x000000007f800000-0x000000009fa00000) (514MB)
[    0.000000] efi: mem88: type=11, attr=0x8000000000000001, range=[0x00000000f8000000-0x00000000fc000000) (64MB)
[    0.000000] efi: mem89: type=11, attr=0x8000000000000001, range=[0x00000000fec00000-0x00000000fec01000) (0MB)
[    0.000000] efi: mem90: type=11, attr=0x8000000000000001, range=[0x00000000fed00000-0x00000000fed04000) (0MB)
[    0.000000] efi: mem91: type=11, attr=0x8000000000000001, range=[0x00000000fed1c000-0x00000000fed20000) (0MB)
[    0.000000] efi: mem92: type=11, attr=0x8000000000000001, range=[0x00000000fee00000-0x00000000fee01000) (0MB)
[    0.000000] efi: mem93: type=11, attr=0x8000000000000001, range=[0x00000000ff000000-0x0000000100000000) (16MB)
[    0.000000] SMBIOS 2.7 present.
[    0.000000] DMI:                  /D33217CK, BIOS GKPPT10H.86A.0032.2012.1127.1710 11/27/2012
[    0.000000] e820: update [mem 0x00000000-0x00000fff] usable ==> reserved
[    0.000000] e820: remove [mem 0x000a0000-0x000fffff] usable
[    0.000000] No AGP bridge found
[    0.000000] e820: last_pfn = 0x25f600 max_arch_pfn = 0x400000000
[    0.000000] MTRR default type: uncachable
[    0.000000] MTRR fixed ranges enabled:
[    0.000000]   00000-9FFFF write-back
[    0.000000]   A0000-BFFFF uncachable
[    0.000000]   C0000-CFFFF write-protect
[    0.000000]   D0000-DFFFF uncachable
[    0.000000]   E0000-FFFFF write-protect
[    0.000000] MTRR variable ranges enabled:
[    0.000000]   0 base 000000000 mask E00000000 write-back
[    0.000000]   1 base 200000000 mask FC0000000 write-back
[    0.000000]   2 base 240000000 mask FE0000000 write-back
[    0.000000]   3 base 080000000 mask F80000000 uncachable
[    0.000000]   4 base 07F800000 mask FFF800000 uncachable
[    0.000000]   5 base 25F800000 mask FFF800000 uncachable
[    0.000000]   6 base 25F600000 mask FFFE00000 uncachable
[    0.000000]   7 disabled
[    0.000000]   8 disabled
[    0.000000]   9 disabled
[    0.000000] x86 PAT enabled: cpu 0, old 0x7040600070406, new 0x7010600070106
[    0.000000] original variable MTRRs
[    0.000000] reg 0, base: 0GB, range: 8GB, type WB
[    0.000000] reg 1, base: 8GB, range: 1GB, type WB
[    0.000000] reg 2, base: 9GB, range: 512MB, type WB
[    0.000000] reg 3, base: 2GB, range: 2GB, type UC
[    0.000000] reg 4, base: 2040MB, range: 8MB, type UC
[    0.000000] reg 5, base: 9720MB, range: 8MB, type UC
[    0.000000] reg 6, base: 9718MB, range: 2MB, type UC
[    0.000000] total RAM covered: 7662M
[    0.000000] Found optimal setting for mtrr clean up
[    0.000000]  gran_size: 64K 	chunk_size: 16M 	num_reg: 7  	lose cover RAM: 0G
[    0.000000] New variable MTRRs
[    0.000000] reg 0, base: 0GB, range: 2GB, type WB
[    0.000000] reg 1, base: 2040MB, range: 8MB, type UC
[    0.000000] reg 2, base: 4GB, range: 4GB, type WB
[    0.000000] reg 3, base: 8GB, range: 1GB, type WB
[    0.000000] reg 4, base: 9GB, range: 512MB, type WB
[    0.000000] reg 5, base: 9718MB, range: 2MB, type UC
[    0.000000] reg 6, base: 9720MB, range: 8MB, type UC
[    0.000000] e820: update [mem 0x7f800000-0xffffffff] usable ==> reserved
[    0.000000] e820: last_pfn = 0x7f000 max_arch_pfn = 0x400000000
[    0.000000] found SMP MP-table at [mem 0x000fd730-0x000fd73f] mapped at [ffff8800000fd730]
[    0.000000] Scanning 1 areas for low memory corruption
[    0.000000] Base memory trampoline at [ffff880000097000] 97000 size 24576
[    0.000000] init_memory_mapping: [mem 0x00000000-0x000fffff]
[    0.000000]  [mem 0x00000000-0x000fffff] page 4k
[    0.000000] BRK [0x01fdf000, 0x01fdffff] PGTABLE
[    0.000000] BRK [0x01fe0000, 0x01fe0fff] PGTABLE
[    0.000000] BRK [0x01fe1000, 0x01fe1fff] PGTABLE
[    0.000000] init_memory_mapping: [mem 0x25f400000-0x25f5fffff]
[    0.000000]  [mem 0x25f400000-0x25f5fffff] page 2M
[    0.000000] BRK [0x01fe2000, 0x01fe2fff] PGTABLE
[    0.000000] init_memory_mapping: [mem 0x25c000000-0x25f3fffff]
[    0.000000]  [mem 0x25c000000-0x25f3fffff] page 2M
[    0.000000] init_memory_mapping: [mem 0x200000000-0x25bffffff]
[    0.000000]  [mem 0x200000000-0x25bffffff] page 2M
[    0.000000] BRK [0x01fe3000, 0x01fe3fff] PGTABLE
[    0.000000] init_memory_mapping: [mem 0x00100000-0x1fffffff]
[    0.000000]  [mem 0x00100000-0x001fffff] page 4k
[    0.000000]  [mem 0x00200000-0x1fffffff] page 2M
[    0.000000] init_memory_mapping: [mem 0x20200000-0x40003fff]
[    0.000000]  [mem 0x20200000-0x3fffffff] page 2M
[    0.000000]  [mem 0x40000000-0x40003fff] page 4k
[    0.000000] BRK [0x01fe4000, 0x01fe4fff] PGTABLE
[    0.000000] init_memory_mapping: [mem 0x40005000-0x7dfddfff]
[    0.000000]  [mem 0x40005000-0x401fffff] page 4k
[    0.000000]  [mem 0x40200000-0x7ddfffff] page 2M
[    0.000000]  [mem 0x7de00000-0x7dfddfff] page 4k
[    0.000000] init_memory_mapping: [mem 0x7e69c000-0x7e69cfff]
[    0.000000]  [mem 0x7e69c000-0x7e69cfff] page 4k
[    0.000000] init_memory_mapping: [mem 0x7e6e0000-0x7effffff]
[    0.000000]  [mem 0x7e6e0000-0x7e7fffff] page 4k
[    0.000000]  [mem 0x7e800000-0x7effffff] page 2M
[    0.000000] init_memory_mapping: [mem 0x100000000-0x1ffffffff]
[    0.000000]  [mem 0x100000000-0x1ffffffff] page 2M
[    0.000000] RAMDISK: [mem 0x35b1e000-0x36d86fff]
[    0.000000] ACPI: RSDP 000000007e308000 000024 (v02  INTEL)
[    0.000000] ACPI: XSDT 000000007e308078 00006C (v01 INTEL  DQS77CL  00000020 AMI  00010013)
[    0.000000] ACPI: FACP 000000007e3116a8 00010C (v05 INTEL  DQS77CL  00000020 AMI  00010013)
[    0.000000] ACPI: DSDT 000000007e308170 009532 (v02 INTEL  DQS77CL  00000020 INTL 20051117)
[    0.000000] ACPI: FACS 000000007e427080 000040
[    0.000000] ACPI: APIC 000000007e3117b8 000072 (v03 INTEL  DQS77CL  00000020 AMI  00010013)
[    0.000000] ACPI: FPDT 000000007e311830 000044 (v01 INTEL  DQS77CL  00000020 AMI  00010013)
[    0.000000] ACPI: MCFG 000000007e311878 00003C (v01 INTEL  DQS77CL  00000020 MSFT 00000097)
[    0.000000] ACPI: HPET 000000007e3118b8 000038 (v01 INTEL  DQS77CL  00000020 AMI. 00000005)
[    0.000000] ACPI: SSDT 000000007e3118f0 000315 (v01 INTEL  DQS77CL  00000020 INTL 20091112)
[    0.000000] ACPI: SSDT 000000007e311c08 0008A2 (v01 INTEL  DQS77CL  00000020 INTL 20051117)
[    0.000000] ACPI: SSDT 000000007e3124b0 000A92 (v01 INTEL  DQS77CL  00000020 INTL 20051117)
[    0.000000] ACPI: BGRT 000000007e312f48 000038 (v00 INTEL  DQS77CL  00000020 AMI  00010013)
[    0.000000] ACPI: Local APIC address 0xfee00000
[    0.000000] No NUMA configuration found
[    0.000000] Faking a node at [mem 0x0000000000000000-0x000000025f5fffff]
[    0.000000] Initmem setup node 0 [mem 0x00000000-0x25f5fffff]
[    0.000000]   NODE_DATA [mem 0x25f5f4000-0x25f5f8fff]
[    0.000000]  [ffffea0000000000-ffffea00097fffff] PMD -> [ffff880257400000-ffff88025ebfffff] on node 0
[    0.000000] Zone ranges:
[    0.000000]   DMA      [mem 0x00001000-0x00ffffff]
[    0.000000]   DMA32    [mem 0x01000000-0xffffffff]
[    0.000000]   Normal   [mem 0x100000000-0x25f5fffff]
[    0.000000] Movable zone start for each node
[    0.000000] Early memory node ranges
[    0.000000]   node   0: [mem 0x00001000-0x0009efff]
[    0.000000]   node   0: [mem 0x00100000-0x1fffffff]
[    0.000000]   node   0: [mem 0x20200000-0x40003fff]
[    0.000000]   node   0: [mem 0x40005000-0x7dfddfff]
[    0.000000]   node   0: [mem 0x7e69c000-0x7e69cfff]
[    0.000000]   node   0: [mem 0x7e6e0000-0x7effffff]
[    0.000000]   node   0: [mem 0x100000000-0x25f5fffff]
[    0.000000] On node 0 totalpages: 1957020
[    0.000000]   DMA zone: 64 pages used for memmap
[    0.000000]   DMA zone: 27 pages reserved
[    0.000000]   DMA zone: 3998 pages, LIFO batch:0
[    0.000000]   DMA32 zone: 8028 pages used for memmap
[    0.000000]   DMA32 zone: 513790 pages, LIFO batch:31
[    0.000000]   Normal zone: 22488 pages used for memmap
[    0.000000]   Normal zone: 1439232 pages, LIFO batch:31
[    0.000000] ACPI: PM-Timer IO Port: 0x408
[    0.000000] ACPI: Local APIC address 0xfee00000
[    0.000000] ACPI: LAPIC (acpi_id[0x01] lapic_id[0x00] enabled)
[    0.000000] ACPI: LAPIC (acpi_id[0x02] lapic_id[0x02] enabled)
[    0.000000] ACPI: LAPIC (acpi_id[0x03] lapic_id[0x01] enabled)
[    0.000000] ACPI: LAPIC (acpi_id[0x04] lapic_id[0x03] enabled)
[    0.000000] ACPI: LAPIC_NMI (acpi_id[0xff] high edge lint[0x1])
[    0.000000] Using ACPI for processor (LAPIC) configuration information
[    0.000000] ACPI: HPET id: 0x8086a701 base: 0xfed00000
[    0.000000] Intel MultiProcessor Specification v1.4
[    0.000000] MPTABLE: OEM ID: A M I
[    0.000000] MPTABLE: Product ID: INTEL
[    0.000000] MPTABLE: APIC at: 0xFEE00000
[    0.000000] IOAPIC[0]: apic_id 2, version 32, address 0xfec00000, GSI 0-23
[    0.000000] Processors: 4
[    0.000000] smpboot: Allowing 4 CPUs, 0 hotplug CPUs
[    0.000000] nr_irqs_gsi: 40
[    0.000000] PM: Registered nosave memory: [mem 0x0009f000-0x0009ffff]
[    0.000000] PM: Registered nosave memory: [mem 0x000a0000-0x000fffff]
[    0.000000] PM: Registered nosave memory: [mem 0x20000000-0x201fffff]
[    0.000000] PM: Registered nosave memory: [mem 0x40004000-0x40004fff]
[    0.000000] PM: Registered nosave memory: [mem 0x7dfde000-0x7e302fff]
[    0.000000] PM: Registered nosave memory: [mem 0x7e303000-0x7e312fff]
[    0.000000] PM: Registered nosave memory: [mem 0x7e313000-0x7e428fff]
[    0.000000] PM: Registered nosave memory: [mem 0x7e429000-0x7e60afff]
[    0.000000] PM: Registered nosave memory: [mem 0x7e60b000-0x7e69bfff]
[    0.000000] PM: Registered nosave memory: [mem 0x7e69d000-0x7e6dffff]
[    0.000000] PM: Registered nosave memory: [mem 0x7f000000-0x7f7fffff]
[    0.000000] PM: Registered nosave memory: [mem 0x7f800000-0x9f9fffff]
[    0.000000] PM: Registered nosave memory: [mem 0x9fa00000-0xf7ffffff]
[    0.000000] PM: Registered nosave memory: [mem 0xf8000000-0xfbffffff]
[    0.000000] PM: Registered nosave memory: [mem 0xfc000000-0xfebfffff]
[    0.000000] PM: Registered nosave memory: [mem 0xfec00000-0xfec00fff]
[    0.000000] PM: Registered nosave memory: [mem 0xfec01000-0xfecfffff]
[    0.000000] PM: Registered nosave memory: [mem 0xfed00000-0xfed03fff]
[    0.000000] PM: Registered nosave memory: [mem 0xfed04000-0xfed1bfff]
[    0.000000] PM: Registered nosave memory: [mem 0xfed1c000-0xfed1ffff]
[    0.000000] PM: Registered nosave memory: [mem 0xfed20000-0xfedfffff]
[    0.000000] PM: Registered nosave memory: [mem 0xfee00000-0xfee00fff]
[    0.000000] PM: Registered nosave memory: [mem 0xfee01000-0xfeffffff]
[    0.000000] PM: Registered nosave memory: [mem 0xff000000-0xffffffff]
[    0.000000] e820: [mem 0x9fa00000-0xf7ffffff] available for PCI devices
[    0.000000] Booting paravirtualized kernel on bare hardware
[    0.000000] setup_percpu: NR_CPUS:256 nr_cpumask_bits:256 nr_cpu_ids:4 nr_node_ids:1
[    0.000000] PERCPU: Embedded 29 pages/cpu @ffff88025f200000 s86336 r8192 d24256 u524288
[    0.000000] pcpu-alloc: s86336 r8192 d24256 u524288 alloc=1*2097152
[    0.000000] pcpu-alloc: [0] 0 1 2 3 
[    0.000000] Built 1 zonelists in Zone order, mobility grouping on.  Total pages: 1926413
[    0.000000] Policy zone: Normal
[    0.000000] Kernel command line: BOOT_IMAGE=/boot/vmlinuz-3.13.0-35-generic.efi.signed root=UUID=f54f0253-3e5a-4046-afe7-62f154b956d9 ro splash quiet vt.handoff=7 pci=noacpi
[    0.000000] PID hash table entries: 4096 (order: 3, 32768 bytes)
[    0.000000] xsave: enabled xstate_bv 0x7, cntxt size 0x340
[    0.000000] Checking aperture...
[    0.000000] No AGP bridge found
[    0.000000] Calgary: detecting Calgary via BIOS EBDA area
[    0.000000] Calgary: Unable to locate Rio Grande table in EBDA - bailing!
[    0.000000] Memory: 7403416K/7828080K available (7372K kernel code, 1144K rwdata, 3404K rodata, 1336K init, 1440K bss, 424664K reserved)
[    0.000000] SLUB: HWalign=64, Order=0-3, MinObjects=0, CPUs=4, Nodes=1
[    0.000000] Hierarchical RCU implementation.
[    0.000000] 	RCU dyntick-idle grace-period acceleration is enabled.
[    0.000000] 	RCU restricting CPUs from NR_CPUS=256 to nr_cpu_ids=4.
[    0.000000] 	Offload RCU callbacks from all CPUs
[    0.000000] 	Offload RCU callbacks from CPUs: 0-3.
[    0.000000] NR_IRQS:16640 nr_irqs:712 16
[    0.000000] Console: colour dummy device 80x25
[    0.000000] console [tty0] enabled
[    0.000000] allocated 31457280 bytes of page_cgroup
[    0.000000] please try 'cgroup_disable=memory' option if you don't want memory cgroups
[    0.000000] hpet clockevent registered
[    0.000000] tsc: Fast TSC calibration using PIT
[    0.004000] tsc: Detected 1797.756 MHz processor
[    0.000003] Calibrating delay loop (skipped), value calculated using timer frequency.. 3595.51 BogoMIPS (lpj=7191024)
[    0.000006] pid_max: default: 32768 minimum: 301
[    0.001454] Security Framework initialized
[    0.001473] AppArmor: AppArmor initialized
[    0.001474] Yama: becoming mindful.
[    0.002210] Dentry cache hash table entries: 1048576 (order: 11, 8388608 bytes)
[    0.005110] Inode-cache hash table entries: 524288 (order: 10, 4194304 bytes)
[    0.006391] Mount-cache hash table entries: 16384 (order: 5, 131072 bytes)
[    0.006405] Mountpoint-cache hash table entries: 16384 (order: 5, 131072 bytes)
[    0.006650] Initializing cgroup subsys memory
[    0.006657] Initializing cgroup subsys devices
[    0.006659] Initializing cgroup subsys freezer
[    0.006660] Initializing cgroup subsys blkio
[    0.006662] Initializing cgroup subsys perf_event
[    0.006665] Initializing cgroup subsys hugetlb
[    0.006693] CPU: Physical Processor ID: 0
[    0.006694] CPU: Processor Core ID: 0
[    0.006700] ENERGY_PERF_BIAS: Set to 'normal', was 'performance'
[    0.006700] ENERGY_PERF_BIAS: View and update with x86_energy_perf_policy(8)
[    0.006705] mce: CPU supports 7 MCE banks
[    0.006719] CPU0: Thermal monitoring enabled (TM1)
[    0.006729] Last level iTLB entries: 4KB 512, 2MB 0, 4MB 0
[    0.006729] Last level dTLB entries: 4KB 512, 2MB 32, 4MB 32
[    0.006729] tlb_flushall_shift: 2
[    0.006889] Freeing SMP alternatives memory: 32K (ffffffff81e6d000 - ffffffff81e75000)
[    0.008488] ACPI: Core revision 20131115
[    0.014956] ACPI: All ACPI Tables successfully acquired
[    0.014966] ACPI: setting ELCR to 0200 (from 0000)
[    0.023405] ftrace: allocating 28537 entries in 112 pages
[    0.042165] ..TIMER: vector=0x30 apic1=0 pin1=2 apic2=-1 pin2=-1
[    0.081880] smpboot: CPU0: Intel(R) Core(TM) i3-3217U CPU @ 1.80GHz (fam: 06, model: 3a, stepping: 09)
[    0.081892] TSC deadline timer enabled
[    0.081906] Performance Events: PEBS fmt1+, 16-deep LBR, IvyBridge events, full-width counters, Intel PMU driver.
[    0.081914] ... version:                3
[    0.081916] ... bit width:              48
[    0.081917] ... generic registers:      4
[    0.081918] ... value mask:             0000ffffffffffff
[    0.081920] ... max period:             0000ffffffffffff
[    0.081921] ... fixed-purpose events:   3
[    0.081922] ... event mask:             000000070000000f
[    0.083943] x86: Booting SMP configuration:
[    0.097171] NMI watchdog: enabled on all CPUs, permanently consumes one hw-PMU counter.
[    0.083946] .... node  #0, CPUs:      #1 #2 #3
[    0.123595] x86: Booted up 1 node, 4 CPUs
[    0.123599] smpboot: Total of 4 processors activated (14382.04 BogoMIPS)
[    0.127962] devtmpfs: initialized
[    0.131513] EVM: security.selinux
[    0.131515] EVM: security.SMACK64
[    0.131517] EVM: security.ima
[    0.131518] EVM: security.capability
[    0.131580] PM: Registering ACPI NVS region [mem 0x7e313000-0x7e428fff] (1138688 bytes)
[    0.131602] PM: Registering ACPI NVS region [mem 0x7e69d000-0x7e6dffff] (274432 bytes)
[    0.132607] pinctrl core: initialized pinctrl subsystem
[    0.132674] regulator-dummy: no parameters
[    0.132713] RTC time: 11:08:11, date: 09/02/14
[    0.132753] NET: Registered protocol family 16
[    0.132886] cpuidle: using governor ladder
[    0.132887] cpuidle: using governor menu
[    0.132935] ACPI FADT declares the system doesn't support PCIe ASPM, so disable it
[    0.132937] ACPI: bus type PCI registered
[    0.132939] acpiphp: ACPI Hot Plug PCI Controller Driver version: 0.5
[    0.133007] PCI: MMCONFIG for domain 0000 [bus 00-3f] at [mem 0xf8000000-0xfbffffff] (base 0xf8000000)
[    0.133010] PCI: MMCONFIG at [mem 0xf8000000-0xfbffffff] reserved in E820
[    0.142377] PCI: Using configuration type 1 for base access
[    0.143483] bio: create slab <bio-0> at 0
[    0.143678] ACPI: Added _OSI(Module Device)
[    0.143680] ACPI: Added _OSI(Processor Device)
[    0.143682] ACPI: Added _OSI(3.0 _SCP Extensions)
[    0.143683] ACPI: Added _OSI(Processor Aggregator Device)
[    0.147114] ACPI: Executed 1 blocks of module-level executable AML code
[    0.152213] ACPI: SSDT 000000007e2b0018 00083B (v01  PmRef  Cpu0Cst 00003001 INTL 20051117)
[    0.152638] ACPI: Dynamic OEM Table Load:
[    0.152641] ACPI: SSDT           (null) 00083B (v01  PmRef  Cpu0Cst 00003001 INTL 20051117)
[    0.156046] ACPI: SSDT 000000007e2b1a98 000303 (v01  PmRef    ApIst 00003000 INTL 20051117)
[    0.156503] ACPI: Dynamic OEM Table Load:
[    0.156505] ACPI: SSDT           (null) 000303 (v01  PmRef    ApIst 00003000 INTL 20051117)
[    0.159871] ACPI: SSDT 000000007e2b2c18 000119 (v01  PmRef    ApCst 00003000 INTL 20051117)
[    0.160286] ACPI: Dynamic OEM Table Load:
[    0.160288] ACPI: SSDT           (null) 000119 (v01  PmRef    ApCst 00003000 INTL 20051117)
[    0.164407] ACPI: Interpreter enabled
[    0.164419] ACPI Exception: AE_NOT_FOUND, While evaluating Sleep State [\_S2_] (20131115/hwxface-580)
[    0.164436] ACPI: (supports S0 S1 S3 S4 S5)
[    0.164438] ACPI: Using PIC for interrupt routing
[    0.164658] ACPI: No dock devices found.
[    0.172388] ACPI: Power Resource [FN00] (off)
[    0.172482] ACPI: Power Resource [FN01] (off)
[    0.172574] ACPI: Power Resource [FN02] (off)
[    0.172665] ACPI: Power Resource [FN03] (off)
[    0.172754] ACPI: Power Resource [FN04] (off)
[    0.174062] ACPI: Enabled 7 GPEs in block 00 to 3F
[    0.174071] ACPI: \_SB_.PCI0: notify handler is installed
[    0.174138] Found 1 acpi root devices
[    0.174245] vgaarb: loaded
[    0.174425] SCSI subsystem initialized
[    0.174485] libata version 3.00 loaded.
[    0.174526] ACPI: bus type USB registered
[    0.174545] usbcore: registered new interface driver usbfs
[    0.174556] usbcore: registered new interface driver hub
[    0.174591] usbcore: registered new device driver usb
[    0.174718] PCI: Probing PCI hardware
[    0.174721] PCI: root bus 00: using default resources
[    0.174723] PCI: Probing PCI hardware (bus 00)
[    0.174748] PCI host bridge to bus 0000:00
[    0.174753] pci_bus 0000:00: root bus resource [io  0x0000-0xffff]
[    0.174755] pci_bus 0000:00: root bus resource [mem 0x00000000-0xfffffffff]
[    0.174758] pci_bus 0000:00: No busn resource found for root bus, will use [bus 00-ff]
[    0.174769] pci 0000:00:00.0: [8086:0154] type 00 class 0x060000
[    0.174848] pci 0000:00:02.0: [8086:0166] type 00 class 0x030000
[    0.174863] pci 0000:00:02.0: reg 0x10: [mem 0xf6400000-0xf67fffff 64bit]
[    0.174871] pci 0000:00:02.0: reg 0x18: [mem 0xa0000000-0xafffffff 64bit pref]
[    0.174876] pci 0000:00:02.0: reg 0x20: [io  0xf000-0xf03f]
[    0.174925] vgaarb: device added: PCI:0000:00:02.0,decodes=io+mem,owns=io+mem,locks=none
[    0.174968] pci 0000:00:16.0: [8086:1e3a] type 00 class 0x078000
[    0.174996] pci 0000:00:16.0: reg 0x10: [mem 0xf690b000-0xf690b00f 64bit]
[    0.175083] pci 0000:00:16.0: PME# supported from D0 D3hot D3cold
[    0.175153] pci 0000:00:1a.0: [8086:1e2d] type 00 class 0x0c0320
[    0.175178] pci 0000:00:1a.0: reg 0x10: [mem 0xf6908000-0xf69083ff]
[    0.175282] pci 0000:00:1a.0: PME# supported from D0 D3hot D3cold
[    0.175338] pci 0000:00:1b.0: [8086:1e20] type 00 class 0x040300
[    0.175356] pci 0000:00:1b.0: reg 0x10: [mem 0xf6900000-0xf6903fff 64bit]
[    0.175426] pci 0000:00:1b.0: PME# supported from D0 D3hot D3cold
[    0.175483] pci 0000:00:1c.0: [8086:1e10] type 01 class 0x060400
[    0.175612] pci 0000:00:1c.0: PME# supported from D0 D3hot D3cold
[    0.175678] pci 0000:00:1c.2: [8086:1e14] type 01 class 0x060400
[    0.175816] pci 0000:00:1c.2: PME# supported from D0 D3hot D3cold
[    0.175880] pci 0000:00:1c.4: [8086:1e18] type 01 class 0x060400
[    0.176011] pci 0000:00:1c.4: PME# supported from D0 D3hot D3cold
[    0.176083] pci 0000:00:1d.0: [8086:1e26] type 00 class 0x0c0320
[    0.176108] pci 0000:00:1d.0: reg 0x10: [mem 0xf6907000-0xf69073ff]
[    0.176212] pci 0000:00:1d.0: PME# supported from D0 D3hot D3cold
[    0.176266] pci 0000:00:1f.0: [8086:1e56] type 00 class 0x060100
[    0.176428] pci 0000:00:1f.2: [8086:1e03] type 00 class 0x010601
[    0.176451] pci 0000:00:1f.2: reg 0x10: [io  0xf0b0-0xf0b7]
[    0.176462] pci 0000:00:1f.2: reg 0x14: [io  0xf0a0-0xf0a3]
[    0.176473] pci 0000:00:1f.2: reg 0x18: [io  0xf090-0xf097]
[    0.176483] pci 0000:00:1f.2: reg 0x1c: [io  0xf080-0xf083]
[    0.176492] pci 0000:00:1f.2: reg 0x20: [io  0xf060-0xf07f]
[    0.176503] pci 0000:00:1f.2: reg 0x24: [mem 0xf6906000-0xf69067ff]
[    0.176557] pci 0000:00:1f.2: PME# supported from D3hot
[    0.176603] pci 0000:00:1f.3: [8086:1e22] type 00 class 0x0c0500
[    0.176624] pci 0000:00:1f.3: reg 0x10: [mem 0xf6905000-0xf69050ff 64bit]
[    0.176650] pci 0000:00:1f.3: reg 0x20: [io  0xf040-0xf05f]
[    0.176788] pci 0000:00:1c.0: PCI bridge to [bus 01]
[    0.177047] pci 0000:02:00.0: [8086:088e] type 00 class 0x028000
[    0.177196] pci 0000:02:00.0: reg 0x10: [mem 0xf6800000-0xf6801fff 64bit]
[    0.177834] pci 0000:02:00.0: PME# supported from D0 D3hot D3cold
[    0.187927] pci 0000:00:1c.2: PCI bridge to [bus 02]
[    0.187937] pci 0000:00:1c.2:   bridge window [mem 0xf6800000-0xf68fffff]
[    0.188028] pci 0000:00:1c.4: PCI bridge to [bus 03-3b]
[    0.188037] pci 0000:00:1c.4:   bridge window [mem 0xe0000000-0xf60fffff]
[    0.188046] pci 0000:00:1c.4:   bridge window [mem 0xb0000000-0xd1ffffff 64bit pref]
[    0.188073] pci_bus 0000:00: busn_res: [bus 00-ff] end is updated to 3b
[    0.191313] pci 0000:00:1f.0: PIIX/ICH IRQ router [8086:1e56]
[    0.191317] PCI: pci_cache_line_size set to 64 bytes
[    0.191421] e820: reserve RAM buffer [mem 0x0009f000-0x0009ffff]
[    0.191423] e820: reserve RAM buffer [mem 0x40004000-0x43ffffff]
[    0.191425] e820: reserve RAM buffer [mem 0x7dfde000-0x7fffffff]
[    0.191428] e820: reserve RAM buffer [mem 0x7e69d000-0x7fffffff]
[    0.191429] e820: reserve RAM buffer [mem 0x7f000000-0x7fffffff]
[    0.191431] e820: reserve RAM buffer [mem 0x25f600000-0x25fffffff]
[    0.191524] NetLabel: Initializing
[    0.191526] NetLabel:  domain hash size = 128
[    0.191527] NetLabel:  protocols = UNLABELED CIPSOv4
[    0.191542] NetLabel:  unlabeled traffic allowed by default
[    0.191624] hpet0: at MMIO 0xfed00000, IRQs 2, 8, 0, 0, 0, 0, 0, 0
[    0.191631] hpet0: 8 comparators, 64-bit 14.318180 MHz counter
[    0.193675] Switched to clocksource hpet
[    0.198906] AppArmor: AppArmor Filesystem Enabled
[    0.198931] pnp: PnP ACPI init
[    0.198944] ACPI: bus type PNP registered
[    0.199330] pnp 00:00: Plug and Play ACPI device, IDs PNP0a08 PNP0a03 (active)
[    0.199392] system 00:01: [mem 0xfed40000-0xfed44fff] has been reserved
[    0.199396] system 00:01: Plug and Play ACPI device, IDs PNP0c01 (active)
[    0.199410] pnp 00:02: [dma 4]
[    0.199428] pnp 00:02: Plug and Play ACPI device, IDs PNP0200 (active)
[    0.199449] pnp 00:03: Plug and Play ACPI device, IDs INT0800 (active)
[    0.199558] pnp 00:04: Plug and Play ACPI device, IDs PNP0103 (active)
[    0.199602] system 00:05: [io  0x0680-0x069f] has been reserved
[    0.199605] system 00:05: [io  0x1000-0x100f] has been reserved
[    0.199607] system 00:05: [io  0xffff] has been reserved
[    0.199610] system 00:05: [io  0xffff] has been reserved
[    0.199612] system 00:05: [io  0x0400-0x0453] could not be reserved
[    0.199615] system 00:05: [io  0x0458-0x047f] has been reserved
[    0.199617] system 00:05: [io  0x0500-0x057f] has been reserved
[    0.199619] system 00:05: [io  0x164e-0x164f] has been reserved
[    0.199622] system 00:05: Plug and Play ACPI device, IDs PNP0c02 (active)
[    0.199648] pnp 00:06: Plug and Play ACPI device, IDs PNP0b00 (active)
[    0.199702] system 00:07: [io  0x0454-0x0457] has been reserved
[    0.199705] system 00:07: Plug and Play ACPI device, IDs INT3f0d PNP0c02 (active)
[    0.199842] system 00:08: [io  0x0a00-0x0a1f] has been reserved
[    0.199845] system 00:08: [io  0x0a30-0x0a3f] has been reserved
[    0.199847] system 00:08: [io  0x0a20-0x0a2f] has been reserved
[    0.199850] system 00:08: Plug and Play ACPI device, IDs PNP0c02 (active)
[    0.199928] system 00:09: [io  0x04d0-0x04d1] has been reserved
[    0.199932] system 00:09: Plug and Play ACPI device, IDs PNP0c02 (active)
[    0.199955] pnp 00:0a: Plug and Play ACPI device, IDs PNP0c04 (active)
[    0.200225] system 00:0b: [mem 0xfed1c000-0xfed1ffff] has been reserved
[    0.200228] system 00:0b: [mem 0xfed10000-0xfed17fff] has been reserved
[    0.200230] system 00:0b: [mem 0xfed18000-0xfed18fff] has been reserved
[    0.200233] system 00:0b: [mem 0xfed19000-0xfed19fff] has been reserved
[    0.200235] system 00:0b: [mem 0xf8000000-0xfbffffff] has been reserved
[    0.200238] system 00:0b: [mem 0xfed20000-0xfed3ffff] has been reserved
[    0.200240] system 00:0b: [mem 0xfed90000-0xfed93fff] has been reserved
[    0.200242] system 00:0b: [mem 0xfed45000-0xfed8ffff] has been reserved
[    0.200245] system 00:0b: [mem 0xff000000-0xffffffff] has been reserved
[    0.200248] system 00:0b: [mem 0xfee00000-0xfeefffff] could not be reserved
[    0.200250] system 00:0b: [mem 0x9fa00000-0x9fa00fff] has been reserved
[    0.200253] system 00:0b: Plug and Play ACPI device, IDs PNP0c02 (active)
[    0.200455] system 00:0c: [mem 0x20000000-0x201fffff] has been reserved
[    0.200457] system 00:0c: [mem 0x40004000-0x40004fff] has been reserved
[    0.200460] system 00:0c: Plug and Play ACPI device, IDs PNP0c01 (active)
[    0.200484] pnp: PnP ACPI: found 13 devices
[    0.200485] ACPI: bus type PNP unregistered
[    0.207669] pci 0000:00:1c.4: bridge window [io  0x1000-0x0fff] to [bus 03-3b] add_size 1000
[    0.207675] pci 0000:00:1c.4: res[13]=[io  0x1000-0x0fff] get_res_add_size add_size 1000
[    0.207680] pci 0000:00:1c.4: BAR 13: assigned [io  0x2000-0x2fff]
[    0.207683] pci 0000:00:1c.0: PCI bridge to [bus 01]
[    0.207705] pci 0000:00:1c.2: PCI bridge to [bus 02]
[    0.207713] pci 0000:00:1c.2:   bridge window [mem 0xf6800000-0xf68fffff]
[    0.207726] pci 0000:00:1c.4: PCI bridge to [bus 03-3b]
[    0.207730] pci 0000:00:1c.4:   bridge window [io  0x2000-0x2fff]
[    0.207737] pci 0000:00:1c.4:   bridge window [mem 0xe0000000-0xf60fffff]
[    0.207743] pci 0000:00:1c.4:   bridge window [mem 0xb0000000-0xd1ffffff 64bit pref]
[    0.207753] pci_bus 0000:00: resource 4 [io  0x0000-0xffff]
[    0.207756] pci_bus 0000:00: resource 5 [mem 0x00000000-0xfffffffff]
[    0.207758] pci_bus 0000:02: resource 1 [mem 0xf6800000-0xf68fffff]
[    0.207761] pci_bus 0000:03: resource 0 [io  0x2000-0x2fff]
[    0.207763] pci_bus 0000:03: resource 1 [mem 0xe0000000-0xf60fffff]
[    0.207765] pci_bus 0000:03: resource 2 [mem 0xb0000000-0xd1ffffff 64bit pref]
[    0.207800] NET: Registered protocol family 2
[    0.207994] TCP established hash table entries: 65536 (order: 7, 524288 bytes)
[    0.208199] TCP bind hash table entries: 65536 (order: 8, 1048576 bytes)
[    0.208332] TCP: Hash tables configured (established 65536 bind 65536)
[    0.208352] TCP: reno registered
[    0.208366] UDP hash table entries: 4096 (order: 5, 131072 bytes)
[    0.208404] UDP-Lite hash table entries: 4096 (order: 5, 131072 bytes)
[    0.208485] NET: Registered protocol family 1
[    0.208498] pci 0000:00:02.0: Boot video device
[    0.208523] pci 0000:00:1a.0: PCI->APIC IRQ transform: INT A -> IRQ 16
[    0.229779] pci 0000:00:1d.0: PCI->APIC IRQ transform: INT A -> IRQ 23
[    0.249799] PCI: CLS 64 bytes, default 64
[    0.249861] Trying to unpack rootfs image as initramfs...
[    0.652825] Freeing initrd memory: 18852K (ffff880035b1e000 - ffff880036d87000)
[    0.652830] PCI-DMA: Using software bounce buffering for IO (SWIOTLB)
[    0.652833] software IO TLB [mem 0x6e058000-0x72058000] (64MB) mapped at [ffff88006e058000-ffff880072057fff]
[    0.653110] microcode: CPU0 sig=0x306a9, pf=0x10, revision=0x15
[    0.653116] microcode: CPU1 sig=0x306a9, pf=0x10, revision=0x15
[    0.653125] microcode: CPU2 sig=0x306a9, pf=0x10, revision=0x15
[    0.653133] microcode: CPU3 sig=0x306a9, pf=0x10, revision=0x15
[    0.653203] microcode: Microcode Update Driver: v2.00 <tigran@aivazian.fsnet.co.uk>, Peter Oruba
[    0.653205] Scanning for low memory corruption every 60 seconds
[    0.653506] Initialise system trusted keyring
[    0.653558] audit: initializing netlink socket (disabled)
[    0.653568] type=2000 audit(1409656090.644:1): initialized
[    0.690172] HugeTLB registered 2 MB page size, pre-allocated 0 pages
[    0.691424] zbud: loaded
[    0.691602] VFS: Disk quotas dquot_6.5.2
[    0.691646] Dquot-cache hash table entries: 512 (order 0, 4096 bytes)
[    0.692124] fuse init (API version 7.22)
[    0.692210] msgmni has been set to 14886
[    0.692266] Key type big_key registered
[    0.692829] Key type asymmetric registered
[    0.692831] Asymmetric key parser 'x509' registered
[    0.692864] Block layer SCSI generic (bsg) driver version 0.4 loaded (major 252)
[    0.692913] io scheduler noop registered
[    0.692915] io scheduler deadline registered (default)
[    0.692945] io scheduler cfq registered
[    0.693029] pcieport 0000:00:1c.0: PCI->APIC IRQ transform: INT A -> IRQ 16
[    0.693078] pcieport 0000:00:1c.0: irq 40 for MSI/MSI-X
[    0.693186] pcieport 0000:00:1c.2: PCI->APIC IRQ transform: INT C -> IRQ 18
[    0.693220] pcieport 0000:00:1c.2: irq 41 for MSI/MSI-X
[    0.693318] pcieport 0000:00:1c.4: PCI->APIC IRQ transform: INT A -> IRQ 16
[    0.693356] pcieport 0000:00:1c.4: irq 42 for MSI/MSI-X
[    0.693492] pcieport 0000:00:1c.0: Signaling PME through PCIe PME interrupt
[    0.693502] pcie_pme 0000:00:1c.0:pcie01: service driver pcie_pme loaded
[    0.693527] pcieport 0000:00:1c.2: Signaling PME through PCIe PME interrupt
[    0.693530] pci 0000:02:00.0: Signaling PME through PCIe PME interrupt
[    0.693536] pcie_pme 0000:00:1c.2:pcie01: service driver pcie_pme loaded
[    0.693563] pcieport 0000:00:1c.4: Signaling PME through PCIe PME interrupt
[    0.693572] pcie_pme 0000:00:1c.4:pcie01: service driver pcie_pme loaded
[    0.693584] pci_hotplug: PCI Hot Plug PCI Core version: 0.5
[    0.693625] pciehp 0000:00:1c.4:pcie04: HPC vendor_id 8086 device_id 1e18 ss_vid 8086 ss_did 2044
[    0.693671] pciehp 0000:00:1c.4:pcie04: service driver pciehp loaded
[    0.693676] pciehp: PCI Express Hot Plug Controller Driver version: 0.4
[    0.693720] efifb: probing for efifb
[    0.694238] efifb: framebuffer at 0xa0000000, mapped to 0xffffc90004e80000, using 3072k, total 3072k
[    0.694240] efifb: mode is 1024x768x32, linelength=4096, pages=1
[    0.694241] efifb: scrolling: redraw
[    0.694243] efifb: Truecolor: size=8:8:8:8, shift=24:16:8:0
[    0.696818] Console: switching to colour frame buffer device 128x48
[    0.699317] fb0: EFI VGA frame buffer device
[    0.699333] intel_idle: MWAIT substates: 0x21120
[    0.699334] intel_idle: v0.4 model 0x3A
[    0.699336] intel_idle: lapic_timer_reliable_states 0xffffffff
[    0.699452] ipmi message handler version 39.2
[    0.699533] input: Power Button as /devices/LNXSYSTM:00/device:00/PNP0C0C:00/input/input0
[    0.699539] ACPI: Power Button [PWRB]
[    0.699578] input: Power Button as /devices/LNXSYSTM:00/LNXPWRBN:00/input/input1
[    0.699581] ACPI: Power Button [PWRF]
[    0.699659] ACPI: Fan [FAN0] (off)
[    0.699690] ACPI: Fan [FAN1] (off)
[    0.699718] ACPI: Fan [FAN2] (off)
[    0.699744] ACPI: Fan [FAN3] (off)
[    0.699771] ACPI: Fan [FAN4] (off)
[    0.706448] thermal LNXTHERM:00: registered as thermal_zone0
[    0.706451] ACPI: Thermal Zone [TZ00] (28 C)
[    0.706699] thermal LNXTHERM:01: registered as thermal_zone1
[    0.706701] ACPI: Thermal Zone [TZ01] (30 C)
[    0.706734] GHES: HEST is not enabled!
[    0.706828] Serial: 8250/16550 driver, 32 ports, IRQ sharing enabled
[    0.708657] Linux agpgart interface v0.103
[    0.710190] brd: module loaded
[    0.711007] loop: module loaded
[    0.711366] libphy: Fixed MDIO Bus: probed
[    0.711453] tun: Universal TUN/TAP device driver, 1.6
[    0.711455] tun: (C) 1999-2004 Max Krasnyansky <maxk@qualcomm.com>
[    0.711507] PPP generic driver version 2.4.2
[    0.711557] ehci_hcd: USB 2.0 'Enhanced' Host Controller (EHCI) Driver
[    0.711561] ehci-pci: EHCI PCI platform driver
[    0.711591] ehci-pci 0000:00:1a.0: PCI->APIC IRQ transform: INT A -> IRQ 16
[    0.711623] ehci-pci 0000:00:1a.0: EHCI Host Controller
[    0.711628] ehci-pci 0000:00:1a.0: new USB bus registered, assigned bus number 1
[    0.711644] ehci-pci 0000:00:1a.0: debug port 2
[    0.715571] ehci-pci 0000:00:1a.0: cache line size of 64 is not supported
[    0.715593] ehci-pci 0000:00:1a.0: irq 16, io mem 0xf6908000
[    0.726042] ehci-pci 0000:00:1a.0: USB 2.0 started, EHCI 1.00
[    0.726089] usb usb1: New USB device found, idVendor=1d6b, idProduct=0002
[    0.726091] usb usb1: New USB device strings: Mfr=3, Product=2, SerialNumber=1
[    0.726094] usb usb1: Product: EHCI Host Controller
[    0.726095] usb usb1: Manufacturer: Linux 3.13.0-35-generic ehci_hcd
[    0.726097] usb usb1: SerialNumber: 0000:00:1a.0
[    0.726218] hub 1-0:1.0: USB hub found
[    0.726228] hub 1-0:1.0: 2 ports detected
[    0.726323] ehci-pci 0000:00:1d.0: PCI->APIC IRQ transform: INT A -> IRQ 23
[    0.726349] ehci-pci 0000:00:1d.0: EHCI Host Controller
[    0.726354] ehci-pci 0000:00:1d.0: new USB bus registered, assigned bus number 2
[    0.726371] ehci-pci 0000:00:1d.0: debug port 2
[    0.730290] ehci-pci 0000:00:1d.0: cache line size of 64 is not supported
[    0.730308] ehci-pci 0000:00:1d.0: irq 23, io mem 0xf6907000
[    0.742053] ehci-pci 0000:00:1d.0: USB 2.0 started, EHCI 1.00
[    0.742096] usb usb2: New USB device found, idVendor=1d6b, idProduct=0002
[    0.742098] usb usb2: New USB device strings: Mfr=3, Product=2, SerialNumber=1
[    0.742100] usb usb2: Product: EHCI Host Controller
[    0.742102] usb usb2: Manufacturer: Linux 3.13.0-35-generic ehci_hcd
[    0.742104] usb usb2: SerialNumber: 0000:00:1d.0
[    0.742221] hub 2-0:1.0: USB hub found
[    0.742229] hub 2-0:1.0: 2 ports detected
[    0.742305] ehci-platform: EHCI generic platform driver
[    0.742313] ohci_hcd: USB 1.1 'Open' Host Controller (OHCI) Driver
[    0.742315] ohci-pci: OHCI PCI platform driver
[    0.742324] ohci-platform: OHCI generic platform driver
[    0.742330] uhci_hcd: USB Universal Host Controller Interface driver
[    0.742388] i8042: PNP: No PS/2 controller found. Probing ports directly.
[    1.841177] i8042: No controller found
[    1.841245] tsc: Refined TSC clocksource calibration: 1797.676 MHz
[    1.841406] mousedev: PS/2 mouse device common for all mice
[    1.841675] rtc_cmos 00:06: RTC can wake from S4
[    1.841841] rtc_cmos 00:06: rtc core: registered rtc_cmos as rtc0
[    1.841878] rtc_cmos 00:06: alarms up to one month, y3k, 242 bytes nvram, hpet irqs
[    1.841951] device-mapper: uevent: version 1.0.3
[    1.842042] device-mapper: ioctl: 4.27.0-ioctl (2013-10-30) initialised: dm-devel@redhat.com
[    1.842048] ledtrig-cpu: registered to indicate activity on CPUs
[    1.842050] EFI Variables Facility v0.08 2004-May-17
[    1.847076] TCP: cubic registered
[    1.847176] NET: Registered protocol family 10
[    1.847362] NET: Registered protocol family 17
[    1.847371] Key type dns_resolver registered
[    1.847781] Loading compiled-in X.509 certificates
[    1.848943] Loaded X.509 cert 'Magrathea: Glacier signing key: b1414ae96c1b0ebb7c141fa405c1f6c98e8a66f0'
[    1.848956] registered taskstats version 1
[    1.851944] Key type trusted registered
[    1.854425] Key type encrypted registered
[    1.856546] AppArmor: AppArmor sha1 policy hashing enabled
[    1.856551] IMA: No TPM chip found, activating TPM-bypass!
[    1.856791] regulator-dummy: disabling
[    1.856883]   Magic number: 14:397:124
[    1.856995] rtc_cmos 00:06: setting system clock to 2014-09-02 11:08:12 UTC (1409656092)
[    1.857699] BIOS EDD facility v0.16 2004-Jun-25, 0 devices found
[    1.857701] EDD information not available.
[    1.857751] PM: Hibernation image not present or could not be loaded.
[    1.858799] Freeing unused kernel memory: 1336K (ffffffff81d1f000 - ffffffff81e6d000)
[    1.858801] Write protecting the kernel read-only data: 12288k
[    1.861334] Freeing unused kernel memory: 808K (ffff880001736000 - ffff880001800000)
[    1.863528] Freeing unused kernel memory: 692K (ffff880001b53000 - ffff880001c00000)
[    1.876930] systemd-udevd[115]: starting version 204
[    1.909788] ahci 0000:00:1f.2: version 3.0
[    1.909817] ahci 0000:00:1f.2: PCI->APIC IRQ transform: INT B -> IRQ 19
[    1.909881] ahci 0000:00:1f.2: irq 43 for MSI/MSI-X
[    1.909960] ahci 0000:00:1f.2: AHCI 0001.0300 32 slots 6 ports 6 Gbps 0x1 impl SATA mode
[    1.909965] ahci 0000:00:1f.2: flags: 64bit ncq pm led clo pio slum part ems apst 
[    1.910936] scsi0 : ahci
[    1.914941] scsi1 : ahci
[    1.915130] scsi2 : ahci
[    1.915307] scsi3 : ahci
[    1.915876] scsi4 : ahci
[    1.916246] scsi5 : ahci
[    1.916985] ata1: SATA max UDMA/133 abar m2048@0xf6906000 port 0xf6906100 irq 43
[    1.916988] ata2: DUMMY
[    1.916990] ata3: DUMMY
[    1.916991] ata4: DUMMY
[    1.916992] ata5: DUMMY
[    1.916993] ata6: DUMMY
[    2.050966] usb 1-1: new high-speed USB device number 2 using ehci-pci
[    2.183546] usb 1-1: New USB device found, idVendor=8087, idProduct=0024
[    2.183551] usb 1-1: New USB device strings: Mfr=0, Product=0, SerialNumber=0
[    2.183965] hub 1-1:1.0: USB hub found
[    2.184115] hub 1-1:1.0: 6 ports detected
[    2.235128] ata1: SATA link up 6.0 Gbps (SStatus 133 SControl 300)
[    2.249862] ata1.00: ATA-9: INTEL SSDMCEAW120A4, DC33, max UDMA/133
[    2.249867] ata1.00: 234441648 sectors, multi 16: LBA48 NCQ (depth 31/32), AA
[    2.276223] ata1.00: configured for UDMA/133
[    2.276509] scsi 0:0:0:0: Direct-Access     ATA      INTEL SSDMCEAW12 DC33 PQ: 0 ANSI: 5
[    2.276807] sd 0:0:0:0: Attached scsi generic sg0 type 0
[    2.276811] sd 0:0:0:0: [sda] 234441648 512-byte logical blocks: (120 GB/111 GiB)
[    2.277104] sd 0:0:0:0: [sda] Write Protect is off
[    2.277109] sd 0:0:0:0: [sda] Mode Sense: 00 3a 00 00
[    2.277243] sd 0:0:0:0: [sda] Write cache: enabled, read cache: enabled, doesn't support DPO or FUA
[    2.278588]  sda: sda1 sda2 sda3
[    2.279058] sd 0:0:0:0: [sda] Attached SCSI disk
[    2.299102] usb 2-1: new high-speed USB device number 2 using ehci-pci
[    2.315664] EXT4-fs (sda2): mounted filesystem with ordered data mode. Opts: (null)
[    2.382685] random: init urandom read with 24 bits of entropy available
[    2.407960] init: plymouth-upstart-bridge main process (180) terminated with status 1
[    2.407976] init: plymouth-upstart-bridge main process ended, respawning
[    2.415465] init: plymouth-upstart-bridge main process (190) terminated with status 1
[    2.415479] init: plymouth-upstart-bridge main process ended, respawning
[    2.421451] init: plymouth-upstart-bridge main process (194) terminated with status 1
[    2.421465] init: plymouth-upstart-bridge main process ended, respawning
[    2.431513] usb 2-1: New USB device found, idVendor=8087, idProduct=0024
[    2.431519] usb 2-1: New USB device strings: Mfr=0, Product=0, SerialNumber=0
[    2.431793] hub 2-1:1.0: USB hub found
[    2.431886] hub 2-1:1.0: 8 ports detected
[    2.668696] Adding 7826428k swap on /dev/sda3.  Priority:-1 extents:1 across:7826428k SSFS
[    2.703438] usb 2-1.1: new low-speed USB device number 3 using ehci-pci
[    2.805637] usb 2-1.1: New USB device found, idVendor=04ca, idProduct=0027
[    2.805643] usb 2-1.1: New USB device strings: Mfr=1, Product=2, SerialNumber=0
[    2.805647] usb 2-1.1: Product: USB Multimedia Keyboard
[    2.805651] usb 2-1.1: Manufacturer: Lite-On Technology Corp.
[    2.805848] systemd-udevd[315]: starting version 204
[    2.839488] Switched to clocksource tsc
[    2.879577] usb 2-1.4: new full-speed USB device number 4 using ehci-pci
[    2.895487] lp: driver loaded but no devices found
[    2.906992] ppdev: user-space parallel port driver
[    2.930134] mei_me 0000:00:16.0: PCI->APIC IRQ transform: INT A -> IRQ 16
[    2.930195] mei_me 0000:00:16.0: irq 44 for MSI/MSI-X
[    2.930460] [drm] Initialized drm 1.1.0 20060810
[    2.936883] hidraw: raw HID events driver (C) Jiri Kosina
[    2.950164] usbcore: registered new interface driver usbhid
[    2.950168] usbhid: USB HID core driver
[    2.975869] usb 2-1.4: New USB device found, idVendor=8087, idProduct=07da
[    2.975875] usb 2-1.4: New USB device strings: Mfr=0, Product=0, SerialNumber=0
[    2.982987] i915 0000:00:02.0: PCI->APIC IRQ transform: INT A -> IRQ 16
[    3.001074] [drm] Memory usable by graphics device = 2048M
[    3.001082] checking generic (a0000000 300000) vs hw (a0000000 10000000)
[    3.001085] fb: conflicting fb hw usage inteldrmfb vs EFI VGA - removing generic driver
[    3.001109] Console: switching to colour dummy device 80x25
[    3.013408] cfg80211: Calling CRDA to update world regulatory domain
[    3.013537] EXT4-fs (sda2): re-mounted. Opts: errors=remount-ro
[    3.022973] Intel(R) Wireless WiFi driver for Linux, in-tree:
[    3.022978] Copyright(c) 2003-2013 Intel Corporation
[    3.023086] iwlwifi 0000:02:00.0: enabling device (0000 -> 0002)
[    3.023176] iwlwifi 0000:02:00.0: PCI->APIC IRQ transform: INT A -> IRQ 18
[    3.023236] iwlwifi 0000:02:00.0: can't disable ASPM; OS doesn't have ASPM control
[    3.023724] iwlwifi 0000:02:00.0: irq 45 for MSI/MSI-X
[    3.032894] iwlwifi 0000:02:00.0: loaded firmware version 18.168.6.1 op_mode iwldvm
[    3.047662] usb 2-1.7: new low-speed USB device number 5 using ehci-pci
[    3.088192] i915 0000:00:02.0: irq 46 for MSI/MSI-X
[    3.088217] [drm] Supports vblank timestamp caching Rev 2 (21.10.2013).
[    3.088220] [drm] Driver supports precise vblank timestamp query.
[    3.088297] vgaarb: device changed decodes: PCI:0000:00:02.0,olddecodes=io+mem,decodes=io+mem:owns=io+mem
[    3.094976] iwlwifi 0000:02:00.0: CONFIG_IWLWIFI_DEBUG disabled
[    3.094982] iwlwifi 0000:02:00.0: CONFIG_IWLWIFI_DEBUGFS enabled
[    3.094986] iwlwifi 0000:02:00.0: CONFIG_IWLWIFI_DEVICE_TRACING enabled
[    3.094990] iwlwifi 0000:02:00.0: Detected Intel(R) Centrino(R) Advanced-N 6235 AGN, REV=0xB0
[    3.098457] iwlwifi 0000:02:00.0: L1 Enabled; Disabling L0S
[    3.156123] usb 2-1.7: New USB device found, idVendor=0461, idProduct=4d15
[    3.156130] usb 2-1.7: New USB device strings: Mfr=0, Product=2, SerialNumber=0
[    3.156133] usb 2-1.7: Product: USB Optical Mouse
[    3.163799] ieee80211 phy0: Selected rate control algorithm 'iwl-agn-rs'
[    3.247716] [drm] GMBUS [i915 gmbus vga] timed out, falling back to bit banging on pin 2
[    3.322972] fbcon: inteldrmfb (fb0) is primary device
[    3.323841] intel_rapl: domain uncore energy ctr 19535:19535 not working, skip
[    3.333368] input: Lite-On Technology Corp. USB Multimedia Keyboard as /devices/pci0000:00/0000:00:1d.0/usb2/2-1/2-1.1/2-1.1:1.0/input/input2
[    3.347008] Bluetooth: Core ver 2.17
[    3.347028] NET: Registered protocol family 31
[    3.347029] Bluetooth: HCI device and connection manager initialized
[    3.347038] Bluetooth: HCI socket layer initialized
[    3.347041] Bluetooth: L2CAP socket layer initialized
[    3.347046] Bluetooth: SCO socket layer initialized
[    3.348138] hid-generic 0003:04CA:0027.0001: input,hidraw0: USB HID v1.10 Keyboard [Lite-On Technology Corp. USB Multimedia Keyboard] on usb-0000:00:1d.0-1.1/input0
[    3.349952] input: Lite-On Technology Corp. USB Multimedia Keyboard as /devices/pci0000:00/0000:00:1d.0/usb2/2-1/2-1.1/2-1.1:1.1/input/input3
[    3.352743] hid-generic 0003:04CA:0027.0002: input,hiddev0,hidraw1: USB HID v1.10 Device [Lite-On Technology Corp. USB Multimedia Keyboard] on usb-0000:00:1d.0-1.1/input1
[    3.352924] input: USB Optical Mouse as /devices/pci0000:00/0000:00:1d.0/usb2/2-1/2-1.7/2-1.7:1.0/input/input4
[    3.353955] hid-generic 0003:0461:4D15.0003: input,hidraw2: USB HID v1.11 Mouse [USB Optical Mouse] on usb-0000:00:1d.0-1.7/input0
[    3.355002] usbcore: registered new interface driver btusb
[    3.360037] cfg80211: World regulatory domain updated:
[    3.360038] cfg80211:   (start_freq - end_freq @ bandwidth), (max_antenna_gain, max_eirp)
[    3.360040] cfg80211:   (2402000 KHz - 2472000 KHz @ 40000 KHz), (300 mBi, 2000 mBm)
[    3.360042] cfg80211:   (2457000 KHz - 2482000 KHz @ 40000 KHz), (300 mBi, 2000 mBm)
[    3.360043] cfg80211:   (2474000 KHz - 2494000 KHz @ 20000 KHz), (300 mBi, 2000 mBm)
[    3.360045] cfg80211:   (5170000 KHz - 5250000 KHz @ 40000 KHz), (300 mBi, 2000 mBm)
[    3.360046] cfg80211:   (5735000 KHz - 5835000 KHz @ 40000 KHz), (300 mBi, 2000 mBm)
[    3.516006] Console: switching to colour frame buffer device 240x67
[    3.526793] i915 0000:00:02.0: fb0: inteldrmfb frame buffer device
[    3.526794] i915 0000:00:02.0: registered panic notifier
[    3.526910] [drm] Initialized i915 1.6.0 20080730 for 0000:00:02.0 on minor 0
[    3.527000] ACPI Warning: 0x0000000000000428-0x000000000000042f SystemIO conflicts with Region \PMIO 1 (20131115/utaddress-251)
[    3.527008] ACPI: If an ACPI driver is available for this device, you should use it instead of the native driver
[    3.527012] ACPI Warning: 0x0000000000000530-0x000000000000053f SystemIO conflicts with Region \GPIO 1 (20131115/utaddress-251)
[    3.527017] ACPI: If an ACPI driver is available for this device, you should use it instead of the native driver
[    3.527019] ACPI Warning: 0x0000000000000500-0x000000000000052f SystemIO conflicts with Region \GPIO 1 (20131115/utaddress-251)
[    3.527024] ACPI: If an ACPI driver is available for this device, you should use it instead of the native driver
[    3.527026] lpc_ich: Resource conflict(s) found affecting gpio_ich
[    3.527111] snd_hda_intel 0000:00:1b.0: enabling device (0000 -> 0002)
[    3.527127] snd_hda_intel 0000:00:1b.0: PCI->APIC IRQ transform: INT A -> IRQ 22
[    3.527215] snd_hda_intel 0000:00:1b.0: irq 47 for MSI/MSI-X
[    3.547015] input: HDA Intel PCH HDMI/DP,pcm=7 as /devices/pci0000:00/0000:00:1b.0/sound/card0/input6
[    3.547138] input: HDA Intel PCH HDMI/DP,pcm=3 as /devices/pci0000:00/0000:00:1b.0/sound/card0/input5
[    3.584548] Bluetooth: BNEP (Ethernet Emulation) ver 1.3
[    3.584554] Bluetooth: BNEP filters: protocol multicast
[    3.584565] Bluetooth: BNEP socket layer initialized
[    3.591475] Bluetooth: RFCOMM TTY layer initialized
[    3.591491] Bluetooth: RFCOMM socket layer initialized
[    3.591498] Bluetooth: RFCOMM ver 1.11
[    3.618295] init: udev-fallback-graphics main process (575) terminated with status 1
[    3.623146] type=1400 audit(1409656094.257:2): apparmor="STATUS" operation="profile_load" profile="unconfined" name="/sbin/dhclient" pid=583 comm="apparmor_parser"
[    3.623157] type=1400 audit(1409656094.257:3): apparmor="STATUS" operation="profile_load" profile="unconfined" name="/usr/lib/NetworkManager/nm-dhcp-client.action" pid=583 comm="apparmor_parser"
[    3.623164] type=1400 audit(1409656094.257:4): apparmor="STATUS" operation="profile_load" profile="unconfined" name="/usr/lib/connman/scripts/dhclient-script" pid=583 comm="apparmor_parser"
[    3.623279] type=1400 audit(1409656094.257:5): apparmor="STATUS" operation="profile_replace" profile="unconfined" name="/sbin/dhclient" pid=582 comm="apparmor_parser"
[    3.623287] type=1400 audit(1409656094.257:6): apparmor="STATUS" operation="profile_replace" profile="unconfined" name="/usr/lib/NetworkManager/nm-dhcp-client.action" pid=582 comm="apparmor_parser"
[    3.623292] type=1400 audit(1409656094.257:7): apparmor="STATUS" operation="profile_replace" profile="unconfined" name="/usr/lib/connman/scripts/dhclient-script" pid=582 comm="apparmor_parser"
[    3.623806] type=1400 audit(1409656094.257:8): apparmor="STATUS" operation="profile_replace" profile="unconfined" name="/usr/lib/NetworkManager/nm-dhcp-client.action" pid=582 comm="apparmor_parser"
[    3.623811] type=1400 audit(1409656094.257:9): apparmor="STATUS" operation="profile_replace" profile="unconfined" name="/usr/lib/connman/scripts/dhclient-script" pid=582 comm="apparmor_parser"
[    3.623833] type=1400 audit(1409656094.257:10): apparmor="STATUS" operation="profile_replace" profile="unconfined" name="/usr/lib/NetworkManager/nm-dhcp-client.action" pid=583 comm="apparmor_parser"
[    3.926019] init: failsafe main process (657) killed by TERM signal
[    4.150753] iwlwifi 0000:02:00.0: L1 Enabled; Disabling L0S
[    4.157840] iwlwifi 0000:02:00.0: Radio type=0x2-0x1-0x0
[    4.369242] random: nonblocking pool is initialized
[    4.438146] iwlwifi 0000:02:00.0: L1 Enabled; Disabling L0S
[    4.444923] iwlwifi 0000:02:00.0: Radio type=0x2-0x1-0x0
[    4.538998] IPv6: ADDRCONF(NETDEV_UP): wlan0: link is not ready
[    4.539378] IPv6: ADDRCONF(NETDEV_UP): wlan0: link is not ready
[    4.825081] [drm] Enabling RC6 states: RC6 on, RC6p on, RC6pp off
[    5.292860] init: plymouth-upstart-bridge main process ended, respawning
