[    0.000000] Initializing cgroup subsys cpuset
[    0.000000] Initializing cgroup subsys cpu
[    0.000000] Initializing cgroup subsys cpuacct
[    0.000000] Linux version 3.17.0-rc3minimal-tbhack-00002-g7505cea-dirty (larsbk@nuc) (gcc version 4.8.2 (Ubuntu 4.8.2-19ubuntu1) ) #5 SMP Tue Sep 9 15:51:26 CEST 2014
[    0.000000] Command line: BOOT_IMAGE=/boot/vmlinuz-3.17.0-rc3minimal-tbhack-00002-g7505cea-dirty root=UUID=f54f0253-3e5a-4046-afe7-62f154b956d9 ro splash quiet crashkernel=384M-:128M vt.handoff=7
[    0.000000] KERNEL supported cpus:
[    0.000000]   Intel GenuineIntel
[    0.000000] e820: BIOS-provided physical RAM map:
[    0.000000] BIOS-e820: [mem 0x0000000000000000-0x000000000009efff] usable
[    0.000000] BIOS-e820: [mem 0x000000000009f000-0x000000000009ffff] reserved
[    0.000000] BIOS-e820: [mem 0x0000000000100000-0x000000001fffffff] usable
[    0.000000] BIOS-e820: [mem 0x0000000020000000-0x00000000201fffff] reserved
[    0.000000] BIOS-e820: [mem 0x0000000020200000-0x0000000040003fff] usable
[    0.000000] BIOS-e820: [mem 0x0000000040004000-0x0000000040004fff] reserved
[    0.000000] BIOS-e820: [mem 0x0000000040005000-0x00000000bdfdcfff] usable
[    0.000000] BIOS-e820: [mem 0x00000000bdfdd000-0x00000000be301fff] reserved
[    0.000000] BIOS-e820: [mem 0x00000000be302000-0x00000000be311fff] ACPI data
[    0.000000] BIOS-e820: [mem 0x00000000be312000-0x00000000be427fff] ACPI NVS
[    0.000000] BIOS-e820: [mem 0x00000000be428000-0x00000000be60afff] reserved
[    0.000000] BIOS-e820: [mem 0x00000000be60b000-0x00000000be69bfff] type 20
[    0.000000] BIOS-e820: [mem 0x00000000be69c000-0x00000000be69cfff] usable
[    0.000000] BIOS-e820: [mem 0x00000000be69d000-0x00000000be6dffff] ACPI NVS
[    0.000000] BIOS-e820: [mem 0x00000000be6e0000-0x00000000beffffff] usable
[    0.000000] BIOS-e820: [mem 0x00000000bf800000-0x00000000df9fffff] reserved
[    0.000000] BIOS-e820: [mem 0x00000000f8000000-0x00000000fbffffff] reserved
[    0.000000] BIOS-e820: [mem 0x00000000fec00000-0x00000000fec00fff] reserved
[    0.000000] BIOS-e820: [mem 0x00000000fed00000-0x00000000fed03fff] reserved
[    0.000000] BIOS-e820: [mem 0x00000000fed1c000-0x00000000fed1ffff] reserved
[    0.000000] BIOS-e820: [mem 0x00000000fee00000-0x00000000fee00fff] reserved
[    0.000000] BIOS-e820: [mem 0x00000000ff000000-0x00000000ffffffff] reserved
[    0.000000] BIOS-e820: [mem 0x0000000100000000-0x000000021f5fffff] usable
[    0.000000] NX (Execute Disable) protection: active
[    0.000000] efi: EFI v2.31 by American Megatrends
[    0.000000] efi:  ACPI=0xbe307000  ACPI 2.0=0xbe307000  SMBIOS=0xf04c0  MPS=0xfd440 
[    0.000000] efi: mem00: type=3, attr=0xf, range=[0x0000000000000000-0x0000000000008000) (0MB)
[    0.000000] efi: mem01: type=7, attr=0xf, range=[0x0000000000008000-0x000000000005e000) (0MB)
[    0.000000] efi: mem02: type=4, attr=0xf, range=[0x000000000005e000-0x0000000000060000) (0MB)
[    0.000000] efi: mem03: type=3, attr=0xf, range=[0x0000000000060000-0x000000000009f000) (0MB)
[    0.000000] efi: mem04: type=6, attr=0x800000000000000f, range=[0x000000000009f000-0x00000000000a0000) (0MB)
[    0.000000] efi: mem05: type=7, attr=0xf, range=[0x0000000000100000-0x0000000001000000) (15MB)
[    0.000000] efi: mem06: type=2, attr=0xf, range=[0x0000000001000000-0x000000000235c000) (19MB)
[    0.000000] efi: mem07: type=7, attr=0xf, range=[0x000000000235c000-0x0000000020000000) (476MB)
[    0.000000] efi: mem08: type=0, attr=0xf, range=[0x0000000020000000-0x0000000020200000) (2MB)
[    0.000000] efi: mem09: type=7, attr=0xf, range=[0x0000000020200000-0x00000000379fc000) (375MB)
[    0.000000] efi: mem10: type=2, attr=0xf, range=[0x00000000379fc000-0x0000000037cf6000) (2MB)
[    0.000000] efi: mem11: type=7, attr=0xf, range=[0x0000000037cf6000-0x0000000040004000) (131MB)
[    0.000000] efi: mem12: type=0, attr=0xf, range=[0x0000000040004000-0x0000000040005000) (0MB)
[    0.000000] efi: mem13: type=7, attr=0xf, range=[0x0000000040005000-0x0000000081fd1000) (1055MB)
[    0.000000] efi: mem14: type=2, attr=0xf, range=[0x0000000081fd1000-0x00000000ae74e000) (711MB)
[    0.000000] efi: mem15: type=7, attr=0xf, range=[0x00000000ae74e000-0x00000000ae754000) (0MB)
[    0.000000] efi: mem16: type=2, attr=0xf, range=[0x00000000ae754000-0x00000000ae92a000) (1MB)
[    0.000000] efi: mem17: type=1, attr=0xf, range=[0x00000000ae92a000-0x00000000aeb48000) (2MB)
[    0.000000] efi: mem18: type=7, attr=0xf, range=[0x00000000aeb48000-0x00000000b2040000) (52MB)
[    0.000000] efi: mem19: type=4, attr=0xf, range=[0x00000000b2040000-0x00000000b2071000) (0MB)
[    0.000000] efi: mem20: type=7, attr=0xf, range=[0x00000000b2071000-0x00000000b2072000) (0MB)
[    0.000000] efi: mem21: type=4, attr=0xf, range=[0x00000000b2072000-0x00000000b2073000) (0MB)
[    0.000000] efi: mem22: type=7, attr=0xf, range=[0x00000000b2073000-0x00000000b2076000) (0MB)
[    0.000000] efi: mem23: type=4, attr=0xf, range=[0x00000000b2076000-0x00000000b2077000) (0MB)
[    0.000000] efi: mem24: type=7, attr=0xf, range=[0x00000000b2077000-0x00000000b207a000) (0MB)
[    0.000000] efi: mem25: type=4, attr=0xf, range=[0x00000000b207a000-0x00000000b207b000) (0MB)
[    0.000000] efi: mem26: type=7, attr=0xf, range=[0x00000000b207b000-0x00000000b2088000) (0MB)
[    0.000000] efi: mem27: type=4, attr=0xf, range=[0x00000000b2088000-0x00000000b2089000) (0MB)
[    0.000000] efi: mem28: type=7, attr=0xf, range=[0x00000000b2089000-0x00000000b20c0000) (0MB)
[    0.000000] efi: mem29: type=4, attr=0xf, range=[0x00000000b20c0000-0x00000000b20ee000) (0MB)
[    0.000000] efi: mem30: type=7, attr=0xf, range=[0x00000000b20ee000-0x00000000b2114000) (0MB)
[    0.000000] efi: mem31: type=4, attr=0xf, range=[0x00000000b2114000-0x00000000b225a000) (1MB)
[    0.000000] efi: mem32: type=7, attr=0xf, range=[0x00000000b225a000-0x00000000b226f000) (0MB)
[    0.000000] efi: mem33: type=4, attr=0xf, range=[0x00000000b226f000-0x00000000b254b000) (2MB)
[    0.000000] efi: mem34: type=7, attr=0xf, range=[0x00000000b254b000-0x00000000b254c000) (0MB)
[    0.000000] efi: mem35: type=4, attr=0xf, range=[0x00000000b254c000-0x00000000b2563000) (0MB)
[    0.000000] efi: mem36: type=7, attr=0xf, range=[0x00000000b2563000-0x00000000b2566000) (0MB)
[    0.000000] efi: mem37: type=4, attr=0xf, range=[0x00000000b2566000-0x00000000b2569000) (0MB)
[    0.000000] efi: mem38: type=7, attr=0xf, range=[0x00000000b2569000-0x00000000b256a000) (0MB)
[    0.000000] efi: mem39: type=4, attr=0xf, range=[0x00000000b256a000-0x00000000b256b000) (0MB)
[    0.000000] efi: mem40: type=7, attr=0xf, range=[0x00000000b256b000-0x00000000b256c000) (0MB)
[    0.000000] efi: mem41: type=4, attr=0xf, range=[0x00000000b256c000-0x00000000b256d000) (0MB)
[    0.000000] efi: mem42: type=7, attr=0xf, range=[0x00000000b256d000-0x00000000b2588000) (0MB)
[    0.000000] efi: mem43: type=4, attr=0xf, range=[0x00000000b2588000-0x00000000b2589000) (0MB)
[    0.000000] efi: mem44: type=7, attr=0xf, range=[0x00000000b2589000-0x00000000b258c000) (0MB)
[    0.000000] efi: mem45: type=4, attr=0xf, range=[0x00000000b258c000-0x00000000b258d000) (0MB)
[    0.000000] efi: mem46: type=7, attr=0xf, range=[0x00000000b258d000-0x00000000b258f000) (0MB)
[    0.000000] efi: mem47: type=4, attr=0xf, range=[0x00000000b258f000-0x00000000b2593000) (0MB)
[    0.000000] efi: mem48: type=7, attr=0xf, range=[0x00000000b2593000-0x00000000b2594000) (0MB)
[    0.000000] efi: mem49: type=4, attr=0xf, range=[0x00000000b2594000-0x00000000b275d000) (1MB)
[    0.000000] efi: mem50: type=7, attr=0xf, range=[0x00000000b275d000-0x00000000b2769000) (0MB)
[    0.000000] efi: mem51: type=4, attr=0xf, range=[0x00000000b2769000-0x00000000b277c000) (0MB)
[    0.000000] efi: mem52: type=7, attr=0xf, range=[0x00000000b277c000-0x00000000b277e000) (0MB)
[    0.000000] efi: mem53: type=4, attr=0xf, range=[0x00000000b277e000-0x00000000bc224000) (154MB)
[    0.000000] efi: mem54: type=7, attr=0xf, range=[0x00000000bc224000-0x00000000bc227000) (0MB)
[    0.000000] efi: mem55: type=4, attr=0xf, range=[0x00000000bc227000-0x00000000bd5eb000) (19MB)
[    0.000000] efi: mem56: type=7, attr=0xf, range=[0x00000000bd5eb000-0x00000000bdad4000) (4MB)
[    0.000000] efi: mem57: type=2, attr=0xf, range=[0x00000000bdad4000-0x00000000bdadf000) (0MB)
[    0.000000] efi: mem58: type=3, attr=0xf, range=[0x00000000bdadf000-0x00000000bdfdd000) (4MB)
[    0.000000] efi: mem59: type=0, attr=0xf, range=[0x00000000bdfdd000-0x00000000be269000) (2MB)
[    0.000000] efi: mem60: type=0, attr=0xf, range=[0x00000000be269000-0x00000000be297000) (0MB)
[    0.000000] efi: mem61: type=0, attr=0xf, range=[0x00000000be297000-0x00000000be2a6000) (0MB)
[    0.000000] efi: mem62: type=0, attr=0xf, range=[0x00000000be2a6000-0x00000000be2a8000) (0MB)
[    0.000000] efi: mem63: type=0, attr=0xf, range=[0x00000000be2a8000-0x00000000be2af000) (0MB)
[    0.000000] efi: mem64: type=0, attr=0xf, range=[0x00000000be2af000-0x00000000be302000) (0MB)
[    0.000000] efi: mem65: type=9, attr=0xf, range=[0x00000000be302000-0x00000000be307000) (0MB)
[    0.000000] efi: mem66: type=9, attr=0xf, range=[0x00000000be307000-0x00000000be312000) (0MB)
[    0.000000] efi: mem67: type=10, attr=0xf, range=[0x00000000be312000-0x00000000be38c000) (0MB)
[    0.000000] efi: mem68: type=10, attr=0xf, range=[0x00000000be38c000-0x00000000be428000) (0MB)
[    0.000000] efi: mem69: type=6, attr=0x800000000000000f, range=[0x00000000be428000-0x00000000be488000) (0MB)
[    0.000000] efi: mem70: type=6, attr=0x800000000000000f, range=[0x00000000be488000-0x00000000be56b000) (0MB)
[    0.000000] efi: mem71: type=6, attr=0x800000000000000f, range=[0x00000000be56b000-0x00000000be56d000) (0MB)
[    0.000000] efi: mem72: type=6, attr=0x800000000000000f, range=[0x00000000be56d000-0x00000000be60b000) (0MB)
[    0.000000] efi: mem73: type=5, attr=0x800000000000000f, range=[0x00000000be60b000-0x00000000be62c000) (0MB)
[    0.000000] efi: mem74: type=5, attr=0x800000000000000f, range=[0x00000000be62c000-0x00000000be69c000) (0MB)
[    0.000000] efi: mem75: type=4, attr=0xf, range=[0x00000000be69c000-0x00000000be69d000) (0MB)
[    0.000000] efi: mem76: type=10, attr=0xf, range=[0x00000000be69d000-0x00000000be6e0000) (0MB)
[    0.000000] efi: mem77: type=4, attr=0xf, range=[0x00000000be6e0000-0x00000000bed2e000) (6MB)
[    0.000000] efi: mem78: type=3, attr=0xf, range=[0x00000000bed2e000-0x00000000befca000) (2MB)
[    0.000000] efi: mem79: type=4, attr=0xf, range=[0x00000000befca000-0x00000000befd9000) (0MB)
[    0.000000] efi: mem80: type=3, attr=0xf, range=[0x00000000befd9000-0x00000000befeb000) (0MB)
[    0.000000] efi: mem81: type=4, attr=0xf, range=[0x00000000befeb000-0x00000000bf000000) (0MB)
[    0.000000] efi: mem82: type=7, attr=0xf, range=[0x0000000100000000-0x000000021f600000) (4598MB)
[    0.000000] efi: mem83: type=0, attr=0x8000000000000000, range=[0x00000000bf800000-0x00000000dfa00000) (514MB)
[    0.000000] efi: mem84: type=11, attr=0x8000000000000001, range=[0x00000000f8000000-0x00000000fc000000) (64MB)
[    0.000000] efi: mem85: type=11, attr=0x8000000000000001, range=[0x00000000fec00000-0x00000000fec01000) (0MB)
[    0.000000] efi: mem86: type=11, attr=0x8000000000000001, range=[0x00000000fed00000-0x00000000fed04000) (0MB)
[    0.000000] efi: mem87: type=11, attr=0x8000000000000001, range=[0x00000000fed1c000-0x00000000fed20000) (0MB)
[    0.000000] efi: mem88: type=11, attr=0x8000000000000001, range=[0x00000000fee00000-0x00000000fee01000) (0MB)
[    0.000000] efi: mem89: type=11, attr=0x8000000000000001, range=[0x00000000ff000000-0x0000000100000000) (16MB)
[    0.000000] SMBIOS 2.7 present.
[    0.000000] DMI:                  /D33217CK, BIOS GKPPT10H.86A.0032.2012.1127.1710 11/27/2012
[    0.000000] e820: update [mem 0x00000000-0x00000fff] usable ==> reserved
[    0.000000] e820: remove [mem 0x000a0000-0x000fffff] usable
[    0.000000] e820: last_pfn = 0x21f600 max_arch_pfn = 0x400000000
[    0.000000] MTRR default type: uncachable
[    0.000000] MTRR fixed ranges enabled:
[    0.000000]   00000-9FFFF write-back
[    0.000000]   A0000-BFFFF uncachable
[    0.000000]   C0000-CFFFF write-protect
[    0.000000]   D0000-DFFFF uncachable
[    0.000000]   E0000-FFFFF write-protect
[    0.000000] MTRR variable ranges enabled:
[    0.000000]   0 base 000000000 mask E00000000 write-back
[    0.000000]   1 base 200000000 mask FE0000000 write-back
[    0.000000]   2 base 0C0000000 mask FC0000000 uncachable
[    0.000000]   3 base 0BF800000 mask FFF800000 uncachable
[    0.000000]   4 base 21F800000 mask FFF800000 uncachable
[    0.000000]   5 base 21F600000 mask FFFE00000 uncachable
[    0.000000]   6 disabled
[    0.000000]   7 disabled
[    0.000000]   8 disabled
[    0.000000]   9 disabled
[    0.000000] x86 PAT enabled: cpu 0, old 0x7040600070406, new 0x7010600070106
[    0.000000] original variable MTRRs
[    0.000000] reg 0, base: 0GB, range: 8GB, type WB
[    0.000000] reg 1, base: 8GB, range: 512MB, type WB
[    0.000000] reg 2, base: 3GB, range: 1GB, type UC
[    0.000000] reg 3, base: 3064MB, range: 8MB, type UC
[    0.000000] reg 4, base: 8696MB, range: 8MB, type UC
[    0.000000] reg 5, base: 8694MB, range: 2MB, type UC
[    0.000000] total RAM covered: 7662M
[    0.000000] Found optimal setting for mtrr clean up
[    0.000000]  gran_size: 64K 	chunk_size: 16M 	num_reg: 7  	lose cover RAM: 0G
[    0.000000] New variable MTRRs
[    0.000000] reg 0, base: 0GB, range: 2GB, type WB
[    0.000000] reg 1, base: 2GB, range: 1GB, type WB
[    0.000000] reg 2, base: 3064MB, range: 8MB, type UC
[    0.000000] reg 3, base: 4GB, range: 4GB, type WB
[    0.000000] reg 4, base: 8GB, range: 512MB, type WB
[    0.000000] reg 5, base: 8694MB, range: 2MB, type UC
[    0.000000] reg 6, base: 8696MB, range: 8MB, type UC
[    0.000000] e820: update [mem 0xbf800000-0xffffffff] usable ==> reserved
[    0.000000] e820: last_pfn = 0xbf000 max_arch_pfn = 0x400000000
[    0.000000] found SMP MP-table at [mem 0x000fd760-0x000fd76f] mapped at [ffff8800000fd760]
[    0.000000] Scanning 1 areas for low memory corruption
[    0.000000] Base memory trampoline at [ffff880000097000] 97000 size 24576
[    0.000000] init_memory_mapping: [mem 0x00000000-0x000fffff]
[    0.000000]  [mem 0x00000000-0x000fffff] page 4k
[    0.000000] BRK [0x01f6a000, 0x01f6afff] PGTABLE
[    0.000000] BRK [0x01f6b000, 0x01f6bfff] PGTABLE
[    0.000000] BRK [0x01f6c000, 0x01f6cfff] PGTABLE
[    0.000000] init_memory_mapping: [mem 0x21f400000-0x21f5fffff]
[    0.000000]  [mem 0x21f400000-0x21f5fffff] page 2M
[    0.000000] BRK [0x01f6d000, 0x01f6dfff] PGTABLE
[    0.000000] init_memory_mapping: [mem 0x21c000000-0x21f3fffff]
[    0.000000]  [mem 0x21c000000-0x21f3fffff] page 2M
[    0.000000] init_memory_mapping: [mem 0x200000000-0x21bffffff]
[    0.000000]  [mem 0x200000000-0x21bffffff] page 2M
[    0.000000] init_memory_mapping: [mem 0x00100000-0x1fffffff]
[    0.000000]  [mem 0x00100000-0x001fffff] page 4k
[    0.000000]  [mem 0x00200000-0x1fffffff] page 2M
[    0.000000] init_memory_mapping: [mem 0x20200000-0x40003fff]
[    0.000000]  [mem 0x20200000-0x3fffffff] page 2M
[    0.000000]  [mem 0x40000000-0x40003fff] page 4k
[    0.000000] BRK [0x01f6e000, 0x01f6efff] PGTABLE
[    0.000000] BRK [0x01f6f000, 0x01f6ffff] PGTABLE
[    0.000000] init_memory_mapping: [mem 0x40005000-0xbdfdcfff]
[    0.000000]  [mem 0x40005000-0x401fffff] page 4k
[    0.000000]  [mem 0x40200000-0xbddfffff] page 2M
[    0.000000]  [mem 0xbde00000-0xbdfdcfff] page 4k
[    0.000000] init_memory_mapping: [mem 0xbe69c000-0xbe69cfff]
[    0.000000]  [mem 0xbe69c000-0xbe69cfff] page 4k
[    0.000000] init_memory_mapping: [mem 0xbe6e0000-0xbeffffff]
[    0.000000]  [mem 0xbe6e0000-0xbe7fffff] page 4k
[    0.000000]  [mem 0xbe800000-0xbeffffff] page 2M
[    0.000000] init_memory_mapping: [mem 0x100000000-0x1ffffffff]
[    0.000000]  [mem 0x100000000-0x1ffffffff] page 2M
[    0.000000] RAMDISK: [mem 0x379fc000-0x37cf5fff]
[    0.000000] ACPI: Early table checksum verification disabled
[    0.000000] ACPI: RSDP 0x00000000BE307000 000024 (v02 INTEL )
[    0.000000] ACPI: XSDT 0x00000000BE307078 00006C (v01 INTEL  DQS77CL  00000020 AMI  00010013)
[    0.000000] ACPI: FACP 0x00000000BE3106A8 00010C (v05 INTEL  DQS77CL  00000020 AMI  00010013)
[    0.000000] ACPI: DSDT 0x00000000BE307170 009532 (v02 INTEL  DQS77CL  00000020 INTL 20051117)
[    0.000000] ACPI: FACS 0x00000000BE426080 000040
[    0.000000] ACPI: APIC 0x00000000BE3107B8 000072 (v03 INTEL  DQS77CL  00000020 AMI  00010013)
[    0.000000] ACPI: FPDT 0x00000000BE310830 000044 (v01 INTEL  DQS77CL  00000020 AMI  00010013)
[    0.000000] ACPI: MCFG 0x00000000BE310878 00003C (v01 INTEL  DQS77CL  00000020 MSFT 00000097)
[    0.000000] ACPI: HPET 0x00000000BE3108B8 000038 (v01 INTEL  DQS77CL  00000020 AMI. 00000005)
[    0.000000] ACPI: SSDT 0x00000000BE3108F0 000315 (v01 INTEL  DQS77CL  00000020 INTL 20091112)
[    0.000000] ACPI: SSDT 0x00000000BE310C08 0008A2 (v01 INTEL  DQS77CL  00000020 INTL 20051117)
[    0.000000] ACPI: SSDT 0x00000000BE3114B0 000A92 (v01 INTEL  DQS77CL  00000020 INTL 20051117)
[    0.000000] ACPI: BGRT 0x00000000BE311F48 000038 (v00 INTEL  DQS77CL  00000020 AMI  00010013)
[    0.000000] ACPI: Local APIC address 0xfee00000
[    0.000000] No NUMA configuration found
[    0.000000] Faking a node at [mem 0x0000000000000000-0x000000021f5fffff]
[    0.000000] Initmem setup node 0 [mem 0x00000000-0x21f5fffff]
[    0.000000]   NODE_DATA [mem 0x21f5f4000-0x21f5f8fff]
[    0.000000] Reserving 128MB of memory at 752MB for crashkernel (System RAM: 7644MB)
[    0.000000]  [ffffea0000000000-ffffea00087fffff] PMD -> [ffff880217400000-ffff88021ebfffff] on node 0
[    0.000000] Zone ranges:
[    0.000000]   DMA      [mem 0x00001000-0x00ffffff]
[    0.000000]   DMA32    [mem 0x01000000-0xffffffff]
[    0.000000]   Normal   [mem 0x100000000-0x21f5fffff]
[    0.000000] Movable zone start for each node
[    0.000000] Early memory node ranges
[    0.000000]   node   0: [mem 0x00001000-0x0009efff]
[    0.000000]   node   0: [mem 0x00100000-0x1fffffff]
[    0.000000]   node   0: [mem 0x20200000-0x40003fff]
[    0.000000]   node   0: [mem 0x40005000-0xbdfdcfff]
[    0.000000]   node   0: [mem 0xbe69c000-0xbe69cfff]
[    0.000000]   node   0: [mem 0xbe6e0000-0xbeffffff]
[    0.000000]   node   0: [mem 0x100000000-0x21f5fffff]
[    0.000000] On node 0 totalpages: 1957019
[    0.000000]   DMA zone: 64 pages used for memmap
[    0.000000]   DMA zone: 27 pages reserved
[    0.000000]   DMA zone: 3998 pages, LIFO batch:0
[    0.000000]   DMA32 zone: 12124 pages used for memmap
[    0.000000]   DMA32 zone: 775933 pages, LIFO batch:31
[    0.000000]   Normal zone: 18392 pages used for memmap
[    0.000000]   Normal zone: 1177088 pages, LIFO batch:31
[    0.000000] Reserving Intel graphics stolen memory at 0xbfa00000-0xdf9fffff
[    0.000000] ACPI: PM-Timer IO Port: 0x408
[    0.000000] ACPI: Local APIC address 0xfee00000
[    0.000000] ACPI: LAPIC (acpi_id[0x01] lapic_id[0x00] enabled)
[    0.000000] ACPI: LAPIC (acpi_id[0x02] lapic_id[0x02] enabled)
[    0.000000] ACPI: LAPIC (acpi_id[0x03] lapic_id[0x01] enabled)
[    0.000000] ACPI: LAPIC (acpi_id[0x04] lapic_id[0x03] enabled)
[    0.000000] ACPI: LAPIC_NMI (acpi_id[0xff] high edge lint[0x1])
[    0.000000] ACPI: IOAPIC (id[0x02] address[0xfec00000] gsi_base[0])
[    0.000000] IOAPIC[0]: apic_id 2, version 32, address 0xfec00000, GSI 0-23
[    0.000000] ACPI: INT_SRC_OVR (bus 0 bus_irq 0 global_irq 2 dfl dfl)
[    0.000000] ACPI: INT_SRC_OVR (bus 0 bus_irq 9 global_irq 9 high level)
[    0.000000] ACPI: IRQ0 used by override.
[    0.000000] ACPI: IRQ9 used by override.
[    0.000000] Using ACPI (MADT) for SMP configuration information
[    0.000000] ACPI: HPET id: 0x8086a701 base: 0xfed00000
[    0.000000] smpboot: Allowing 4 CPUs, 0 hotplug CPUs
[    0.000000] e820: [mem 0xdfa00000-0xf7ffffff] available for PCI devices
[    0.000000] setup_percpu: NR_CPUS:256 nr_cpumask_bits:256 nr_cpu_ids:4 nr_node_ids:1
[    0.000000] PERCPU: Embedded 27 pages/cpu @ffff88021f200000 s81408 r8192 d20992 u524288
[    0.000000] pcpu-alloc: s81408 r8192 d20992 u524288 alloc=1*2097152
[    0.000000] pcpu-alloc: [0] 0 1 2 3 
[    0.000000] Built 1 zonelists in Zone order, mobility grouping on.  Total pages: 1926412
[    0.000000] Policy zone: Normal
[    0.000000] Kernel command line: BOOT_IMAGE=/boot/vmlinuz-3.17.0-rc3minimal-tbhack-00002-g7505cea-dirty root=UUID=f54f0253-3e5a-4046-afe7-62f154b956d9 ro splash quiet crashkernel=384M-:128M vt.handoff=7
[    0.000000] PID hash table entries: 4096 (order: 3, 32768 bytes)
[    0.000000] xsave: enabled xstate_bv 0x7, cntxt size 0x340 using standard form
[    0.000000] Memory: 7288648K/7828076K available (6509K kernel code, 1041K rwdata, 3112K rodata, 1160K init, 1260K bss, 539428K reserved)
[    0.000000] SLUB: HWalign=64, Order=0-3, MinObjects=0, CPUs=4, Nodes=1
[    0.000000] Hierarchical RCU implementation.
[    0.000000] 	RCU dyntick-idle grace-period acceleration is enabled.
[    0.000000] 	RCU restricting CPUs from NR_CPUS=256 to nr_cpu_ids=4.
[    0.000000] 	Offload RCU callbacks from all CPUs
[    0.000000] 	Offload RCU callbacks from CPUs: 0-3.
[    0.000000] RCU: Adjusting geometry for rcu_fanout_leaf=16, nr_cpu_ids=4
[    0.000000] NR_IRQS:16640 nr_irqs:456 0
[    0.000000] Console: colour dummy device 80x25
[    0.000000] console [tty0] enabled
[    0.000000] allocated 31457280 bytes of page_cgroup
[    0.000000] please try 'cgroup_disable=memory' option if you don't want memory cgroups
[    0.000000] hpet clockevent registered
[    0.000000] tsc: Fast TSC calibration using PIT
[    0.000000] tsc: Detected 1797.743 MHz processor
[    0.000043] Calibrating delay loop (skipped), value calculated using timer frequency.. 3595.48 BogoMIPS (lpj=7190972)
[    0.000046] pid_max: default: 32768 minimum: 301
[    0.000054] ACPI: Core revision 20140724
[    0.008581] ACPI: All ACPI Tables successfully acquired
[    0.009916] Security Framework initialized
[    0.009925] SELinux:  Disabled at boot.
[    0.010622] Dentry cache hash table entries: 1048576 (order: 11, 8388608 bytes)
[    0.013487] Inode-cache hash table entries: 524288 (order: 10, 4194304 bytes)
[    0.014762] Mount-cache hash table entries: 16384 (order: 5, 131072 bytes)
[    0.014775] Mountpoint-cache hash table entries: 16384 (order: 5, 131072 bytes)
[    0.015022] Initializing cgroup subsys memory
[    0.015029] Initializing cgroup subsys devices
[    0.015032] Initializing cgroup subsys freezer
[    0.015034] Initializing cgroup subsys net_cls
[    0.015036] Initializing cgroup subsys blkio
[    0.015039] Initializing cgroup subsys perf_event
[    0.015041] Initializing cgroup subsys hugetlb
[    0.015069] CPU: Physical Processor ID: 0
[    0.015070] CPU: Processor Core ID: 0
[    0.015076] ENERGY_PERF_BIAS: Set to 'normal', was 'performance'
[    0.015076] ENERGY_PERF_BIAS: View and update with x86_energy_perf_policy(8)
[    0.015080] mce: CPU supports 7 MCE banks
[    0.015094] CPU0: Thermal monitoring enabled (TM1)
[    0.015106] Last level iTLB entries: 4KB 512, 2MB 8, 4MB 8
[    0.015106] Last level dTLB entries: 4KB 512, 2MB 32, 4MB 32, 1GB 0
[    0.015263] Freeing SMP alternatives memory: 24K (ffffffff81e28000 - ffffffff81e2e000)
[    0.023396] ftrace: allocating 25300 entries in 99 pages
[    0.039351] ..TIMER: vector=0x30 apic1=0 pin1=2 apic2=-1 pin2=-1
[    0.079065] smpboot: CPU0: Intel(R) Core(TM) i3-3217U CPU @ 1.80GHz (fam: 06, model: 3a, stepping: 09)
[    0.079077] TSC deadline timer enabled
[    0.079110] Performance Events: PEBS fmt1+, 16-deep LBR, IvyBridge events, full-width counters, Intel PMU driver.
[    0.079136] ... version:                3
[    0.079138] ... bit width:              48
[    0.079139] ... generic registers:      4
[    0.079140] ... value mask:             0000ffffffffffff
[    0.079142] ... max period:             0000ffffffffffff
[    0.079143] ... fixed-purpose events:   3
[    0.079144] ... event mask:             000000070000000f
[    0.081176] NMI watchdog: enabled on all CPUs, permanently consumes one hw-PMU counter.
[    0.081257] x86: Booting SMP configuration:
[    0.081260] .... node  #0, CPUs:      #1 #2 #3
[    0.120711] x86: Booted up 1 node, 4 CPUs
[    0.120716] smpboot: Total of 4 processors activated (14381.94 BogoMIPS)
[    0.124528] devtmpfs: initialized
[    0.128322] evm: security.selinux
[    0.128324] evm: security.SMACK64
[    0.128325] evm: security.ima
[    0.128326] evm: security.capability
[    0.129586] pinctrl core: initialized pinctrl subsystem
[    0.129663] regulator-dummy: no parameters
[    0.129775] NET: Registered protocol family 16
[    0.129947] cpuidle: using governor ladder
[    0.129952] cpuidle: using governor menu
[    0.130009] ACPI FADT declares the system doesn't support PCIe ASPM, so disable it
[    0.130011] ACPI: bus type PCI registered
[    0.130013] acpiphp: ACPI Hot Plug PCI Controller Driver version: 0.5
[    0.130087] PCI: MMCONFIG for domain 0000 [bus 00-3f] at [mem 0xf8000000-0xfbffffff] (base 0xf8000000)
[    0.130090] PCI: MMCONFIG at [mem 0xf8000000-0xfbffffff] reserved in E820
[    0.130161] PCI: Using configuration type 1 for base access
[    0.133153] ACPI: Added _OSI(Module Device)
[    0.133156] ACPI: Added _OSI(Processor Device)
[    0.133158] ACPI: Added _OSI(3.0 _SCP Extensions)
[    0.133159] ACPI: Added _OSI(Processor Aggregator Device)
[    0.136615] ACPI: Executed 1 blocks of module-level executable AML code
[    0.141209] ACPI: Dynamic OEM Table Load:
[    0.141217] ACPI: SSDT 0xFFFF880213F30000 00083B (v01 PmRef  Cpu0Cst  00003001 INTL 20051117)
[    0.145012] ACPI: Dynamic OEM Table Load:
[    0.145018] ACPI: SSDT 0xFFFF880213EE2400 000303 (v01 PmRef  ApIst    00003000 INTL 20051117)
[    0.148859] ACPI: Dynamic OEM Table Load:
[    0.148864] ACPI: SSDT 0xFFFF880213EDEE00 000119 (v01 PmRef  ApCst    00003000 INTL 20051117)
[    0.153412] ACPI: Interpreter enabled
[    0.153421] ACPI: (supports S0 S5)
[    0.153422] ACPI: Using IOAPIC for interrupt routing
[    0.153454] PCI: Using host bridge windows from ACPI; if necessary, use "pci=nocrs" and report a bug
[    0.160909] ACPI: Power Resource [FN00] (off)
[    0.161008] ACPI: Power Resource [FN01] (off)
[    0.161103] ACPI: Power Resource [FN02] (off)
[    0.161197] ACPI: Power Resource [FN03] (off)
[    0.161291] ACPI: Power Resource [FN04] (off)
[    0.162004] ACPI: PCI Root Bridge [PCI0] (domain 0000 [bus 00-3e])
[    0.162011] acpi PNP0A08:00: _OSC: OS supports [ExtendedConfig ASPM ClockPM Segments MSI]
[    0.162209] acpi PNP0A08:00: _OSC: platform does not support [PCIeHotplug PME]
[    0.162368] acpi PNP0A08:00: _OSC: OS now controls [AER PCIeCapability]
[    0.163173] PCI host bridge to bus 0000:00
[    0.163176] pci_bus 0000:00: root bus resource [bus 00-3e]
[    0.163179] pci_bus 0000:00: root bus resource [io  0x0000-0x0cf7]
[    0.163181] pci_bus 0000:00: root bus resource [io  0x0d00-0xffff]
[    0.163183] pci_bus 0000:00: root bus resource [mem 0x000a0000-0x000bffff]
[    0.163186] pci_bus 0000:00: root bus resource [mem 0x000d0000-0x000d3fff]
[    0.163188] pci_bus 0000:00: root bus resource [mem 0x000d4000-0x000d7fff]
[    0.163190] pci_bus 0000:00: root bus resource [mem 0x000d8000-0x000dbfff]
[    0.163192] pci_bus 0000:00: root bus resource [mem 0x000dc000-0x000dffff]
[    0.163194] pci_bus 0000:00: root bus resource [mem 0xdfa00000-0xfeafffff]
[    0.163203] pci 0000:00:00.0: [8086:0154] type 00 class 0x060000
[    0.163322] pci 0000:00:02.0: [8086:0166] type 00 class 0x030000
[    0.163336] pci 0000:00:02.0: reg 0x10: [mem 0xf7800000-0xf7bfffff 64bit]
[    0.163344] pci 0000:00:02.0: reg 0x18: [mem 0xe0000000-0xefffffff 64bit pref]
[    0.163350] pci 0000:00:02.0: reg 0x20: [io  0xf000-0xf03f]
[    0.163489] pci 0000:00:16.0: [8086:1e3a] type 00 class 0x078000
[    0.163517] pci 0000:00:16.0: reg 0x10: [mem 0xf7d0b000-0xf7d0b00f 64bit]
[    0.163604] pci 0000:00:16.0: PME# supported from D0 D3hot D3cold
[    0.163717] pci 0000:00:1a.0: [8086:1e2d] type 00 class 0x0c0320
[    0.163742] pci 0000:00:1a.0: reg 0x10: [mem 0xf7d08000-0xf7d083ff]
[    0.163846] pci 0000:00:1a.0: PME# supported from D0 D3hot D3cold
[    0.163945] pci 0000:00:1b.0: [8086:1e20] type 00 class 0x040300
[    0.163964] pci 0000:00:1b.0: reg 0x10: [mem 0xf7d00000-0xf7d03fff 64bit]
[    0.164042] pci 0000:00:1b.0: PME# supported from D0 D3hot D3cold
[    0.164141] pci 0000:00:1c.0: [8086:1e10] type 01 class 0x060400
[    0.164283] pci 0000:00:1c.0: PME# supported from D0 D3hot D3cold
[    0.164392] pci 0000:00:1c.2: [8086:1e14] type 01 class 0x060400
[    0.164532] pci 0000:00:1c.2: PME# supported from D0 D3hot D3cold
[    0.164642] pci 0000:00:1c.4: [8086:1e18] type 01 class 0x060400
[    0.164786] pci 0000:00:1c.4: PME# supported from D0 D3hot D3cold
[    0.164899] pci 0000:00:1d.0: [8086:1e26] type 00 class 0x0c0320
[    0.164925] pci 0000:00:1d.0: reg 0x10: [mem 0xf7d07000-0xf7d073ff]
[    0.165029] pci 0000:00:1d.0: PME# supported from D0 D3hot D3cold
[    0.165125] pci 0000:00:1f.0: [8086:1e56] type 00 class 0x060100
[    0.165335] pci 0000:00:1f.2: [8086:1e03] type 00 class 0x010601
[    0.165359] pci 0000:00:1f.2: reg 0x10: [io  0xf0b0-0xf0b7]
[    0.165369] pci 0000:00:1f.2: reg 0x14: [io  0xf0a0-0xf0a3]
[    0.165380] pci 0000:00:1f.2: reg 0x18: [io  0xf090-0xf097]
[    0.165391] pci 0000:00:1f.2: reg 0x1c: [io  0xf080-0xf083]
[    0.165401] pci 0000:00:1f.2: reg 0x20: [io  0xf060-0xf07f]
[    0.165412] pci 0000:00:1f.2: reg 0x24: [mem 0xf7d06000-0xf7d067ff]
[    0.165466] pci 0000:00:1f.2: PME# supported from D3hot
[    0.165555] pci 0000:00:1f.3: [8086:1e22] type 00 class 0x0c0500
[    0.165574] pci 0000:00:1f.3: reg 0x10: [mem 0xf7d05000-0xf7d050ff 64bit]
[    0.165600] pci 0000:00:1f.3: reg 0x20: [io  0xf040-0xf05f]
[    0.165798] pci 0000:00:1c.0: PCI bridge to [bus 01]
[    0.166100] pci 0000:02:00.0: [8086:088e] type 00 class 0x028000
[    0.166278] pci 0000:02:00.0: reg 0x10: [mem 0xf7c00000-0xf7c01fff 64bit]
[    0.166951] pci 0000:02:00.0: PME# supported from D0 D3hot D3cold
[    0.172917] pci 0000:00:1c.2: PCI bridge to [bus 02]
[    0.172927] pci 0000:00:1c.2:   bridge window [mem 0xf7c00000-0xf7cfffff]
[    0.173127] pci 0000:03:00.0: [8086:1548] type 01 class 0x060400
[    0.173548] pci 0000:03:00.0: supports D1 D2
[    0.173550] pci 0000:03:00.0: PME# supported from D0 D1 D2 D3hot D3cold
[    0.180856] pci 0000:00:1c.4: PCI bridge to [bus 03-09]
[    0.181141] pci 0000:04:00.0: [8086:1548] type 01 class 0x060400
[    0.181572] pci 0000:04:00.0: supports D1 D2
[    0.181574] pci 0000:04:00.0: PME# supported from D0 D1 D2 D3hot D3cold
[    0.181784] pci 0000:04:03.0: [8086:1548] type 01 class 0x060400
[    0.182209] pci 0000:04:03.0: supports D1 D2
[    0.182211] pci 0000:04:03.0: PME# supported from D0 D1 D2 D3hot D3cold
[    0.182404] pci 0000:04:04.0: [8086:1548] type 01 class 0x060400
[    0.182840] pci 0000:04:04.0: supports D1 D2
[    0.182842] pci 0000:04:04.0: PME# supported from D0 D1 D2 D3hot D3cold
[    0.183035] pci 0000:04:05.0: [8086:1548] type 01 class 0x060400
[    0.183429] pci 0000:04:05.0: supports D1 D2
[    0.183431] pci 0000:04:05.0: PME# supported from D0 D1 D2 D3hot D3cold
[    0.183625] pci 0000:04:06.0: [8086:1548] type 01 class 0x060400
[    0.184062] pci 0000:04:06.0: supports D1 D2
[    0.184064] pci 0000:04:06.0: PME# supported from D0 D1 D2 D3hot D3cold
[    0.184321] pci 0000:03:00.0: PCI bridge to [bus 04-09]
[    0.184345] pci 0000:03:00.0:   bridge window [io  0x0000-0x0fff]
[    0.184358] pci 0000:03:00.0:   bridge window [mem 0x00000000-0x000fffff]
[    0.184381] pci 0000:03:00.0:   bridge window [mem 0x00000000-0x000fffff 64bit pref]
[    0.184587] pci 0000:04:00.0: PCI bridge to [bus 05]
[    0.184610] pci 0000:04:00.0:   bridge window [io  0x0000-0x0fff]
[    0.184623] pci 0000:04:00.0:   bridge window [mem 0x00000000-0x000fffff]
[    0.184646] pci 0000:04:00.0:   bridge window [mem 0x00000000-0x000fffff 64bit pref]
[    0.184904] pci 0000:06:00.0: [8086:1549] type 01 class 0x060400
[    0.185229] pci 0000:06:00.0: supports D1 D2
[    0.185231] pci 0000:06:00.0: PME# supported from D0 D1 D2 D3hot D3cold
[    0.185396] pci 0000:04:03.0: PCI bridge to [bus 06]
[    0.185418] pci 0000:04:03.0:   bridge window [io  0x0000-0x0fff]
[    0.185431] pci 0000:04:03.0:   bridge window [mem 0x00000000-0x000fffff]
[    0.185453] pci 0000:04:03.0:   bridge window [mem 0x00000000-0x000fffff 64bit pref]
[    0.185462] pci 0000:06:00.0: bridge configuration invalid ([bus 00-00]), reconfiguring
[    0.185494] pci 0000:06:00.0: can't allocate child bus 06 from [bus 06]
[    0.185710] pci 0000:04:04.0: PCI bridge to [bus 07]
[    0.185732] pci 0000:04:04.0:   bridge window [io  0x0000-0x0fff]
[    0.185745] pci 0000:04:04.0:   bridge window [mem 0x00000000-0x000fffff]
[    0.185768] pci 0000:04:04.0:   bridge window [mem 0x00000000-0x000fffff 64bit pref]
[    0.185974] pci 0000:04:05.0: PCI bridge to [bus 08]
[    0.185997] pci 0000:04:05.0:   bridge window [io  0x0000-0x0fff]
[    0.186009] pci 0000:04:05.0:   bridge window [mem 0x00000000-0x000fffff]
[    0.186031] pci 0000:04:05.0:   bridge window [mem 0x00000000-0x000fffff 64bit pref]
[    0.186242] pci 0000:04:06.0: PCI bridge to [bus 09]
[    0.186265] pci 0000:04:06.0:   bridge window [io  0x0000-0x0fff]
[    0.186278] pci 0000:04:06.0:   bridge window [mem 0x00000000-0x000fffff]
[    0.186301] pci 0000:04:06.0:   bridge window [mem 0x00000000-0x000fffff 64bit pref]
[    0.186561] acpi PNP0A08:00: Disabling ASPM (FADT indicates it is unsupported)
[    0.187116] ACPI: PCI Interrupt Link [LNKA] (IRQs 3 4 5 6 10 *11 12 14 15)
[    0.187178] ACPI: PCI Interrupt Link [LNKB] (IRQs 3 *4 5 6 10 11 12 14 15)
[    0.187236] ACPI: PCI Interrupt Link [LNKC] (IRQs *3 4 5 6 10 11 12 14 15)
[    0.187294] ACPI: PCI Interrupt Link [LNKD] (IRQs 3 4 5 6 *10 11 12 14 15)
[    0.187354] ACPI: PCI Interrupt Link [LNKE] (IRQs 3 4 5 6 10 11 12 14 15) *0, disabled.
[    0.187412] ACPI: PCI Interrupt Link [LNKF] (IRQs 3 4 5 6 10 11 12 14 15) *0, disabled.
[    0.187472] ACPI: PCI Interrupt Link [LNKG] (IRQs 3 4 *5 6 10 11 12 14 15)
[    0.187530] ACPI: PCI Interrupt Link [LNKH] (IRQs 3 4 5 6 10 *11 12 14 15)
[    0.187807] ACPI: Enabled 6 GPEs in block 00 to 3F
[    0.187932] vgaarb: device added: PCI:0000:00:02.0,decodes=io+mem,owns=io+mem,locks=none
[    0.187937] vgaarb: loaded
[    0.187938] vgaarb: bridge control possible 0000:00:02.0
[    0.188153] SCSI subsystem initialized
[    0.188210] libata version 3.00 loaded.
[    0.188239] ACPI: bus type USB registered
[    0.188263] usbcore: registered new interface driver usbfs
[    0.188275] usbcore: registered new interface driver hub
[    0.188314] usbcore: registered new device driver usb
[    0.188517] PCI: Using ACPI for IRQ routing
[    0.190194] PCI: pci_cache_line_size set to 64 bytes
[    0.190287] e820: reserve RAM buffer [mem 0x0009f000-0x0009ffff]
[    0.190289] e820: reserve RAM buffer [mem 0x40004000-0x43ffffff]
[    0.190290] e820: reserve RAM buffer [mem 0xbdfdd000-0xbfffffff]
[    0.190293] e820: reserve RAM buffer [mem 0xbe69d000-0xbfffffff]
[    0.190295] e820: reserve RAM buffer [mem 0xbf000000-0xbfffffff]
[    0.190297] e820: reserve RAM buffer [mem 0x21f600000-0x21fffffff]
[    0.190426] NetLabel: Initializing
[    0.190428] NetLabel:  domain hash size = 128
[    0.190429] NetLabel:  protocols = UNLABELED CIPSOv4
[    0.190444] NetLabel:  unlabeled traffic allowed by default
[    0.190529] hpet0: at MMIO 0xfed00000, IRQs 2, 8, 0, 0, 0, 0, 0, 0
[    0.190535] hpet0: 8 comparators, 64-bit 14.318180 MHz counter
[    0.192562] Switched to clocksource hpet
[    0.198874] pnp: PnP ACPI init
[    0.198991] system 00:00: [mem 0xfed40000-0xfed44fff] has been reserved
[    0.198996] system 00:00: Plug and Play ACPI device, IDs PNP0c01 (active)
[    0.199088] system 00:01: [io  0x0680-0x069f] has been reserved
[    0.199091] system 00:01: [io  0x1000-0x100f] has been reserved
[    0.199093] system 00:01: [io  0xffff] has been reserved
[    0.199095] system 00:01: [io  0xffff] has been reserved
[    0.199098] system 00:01: [io  0x0400-0x0453] could not be reserved
[    0.199100] system 00:01: [io  0x0458-0x047f] has been reserved
[    0.199102] system 00:01: [io  0x0500-0x057f] has been reserved
[    0.199105] system 00:01: [io  0x164e-0x164f] has been reserved
[    0.199108] system 00:01: Plug and Play ACPI device, IDs PNP0c02 (active)
[    0.199143] pnp 00:02: Plug and Play ACPI device, IDs PNP0b00 (active)
[    0.199202] system 00:03: [io  0x0454-0x0457] has been reserved
[    0.199206] system 00:03: Plug and Play ACPI device, IDs INT3f0d PNP0c02 (active)
[    0.199355] system 00:04: [io  0x0a00-0x0a1f] has been reserved
[    0.199357] system 00:04: [io  0x0a30-0x0a3f] has been reserved
[    0.199360] system 00:04: [io  0x0a20-0x0a2f] has been reserved
[    0.199363] system 00:04: Plug and Play ACPI device, IDs PNP0c02 (active)
[    0.199449] system 00:05: [io  0x04d0-0x04d1] has been reserved
[    0.199452] system 00:05: Plug and Play ACPI device, IDs PNP0c02 (active)
[    0.199707] system 00:06: [mem 0xfed1c000-0xfed1ffff] has been reserved
[    0.199710] system 00:06: [mem 0xfed10000-0xfed17fff] has been reserved
[    0.199712] system 00:06: [mem 0xfed18000-0xfed18fff] has been reserved
[    0.199715] system 00:06: [mem 0xfed19000-0xfed19fff] has been reserved
[    0.199717] system 00:06: [mem 0xf8000000-0xfbffffff] has been reserved
[    0.199720] system 00:06: [mem 0xfed20000-0xfed3ffff] has been reserved
[    0.199722] system 00:06: [mem 0xfed90000-0xfed93fff] has been reserved
[    0.199724] system 00:06: [mem 0xfed45000-0xfed8ffff] has been reserved
[    0.199727] system 00:06: [mem 0xff000000-0xffffffff] has been reserved
[    0.199730] system 00:06: [mem 0xfee00000-0xfeefffff] could not be reserved
[    0.199732] system 00:06: [mem 0xdfa00000-0xdfa00fff] has been reserved
[    0.199735] system 00:06: Plug and Play ACPI device, IDs PNP0c02 (active)
[    0.199905] system 00:07: [mem 0x20000000-0x201fffff] has been reserved
[    0.199907] system 00:07: [mem 0x40004000-0x40004fff] has been reserved
[    0.199910] system 00:07: Plug and Play ACPI device, IDs PNP0c01 (active)
[    0.199936] pnp: PnP ACPI: found 8 devices
[    0.206840] pci 0000:04:00.0: bridge window [io  0x1000-0x0fff] to [bus 05] add_size 1000
[    0.206844] pci 0000:04:00.0: bridge window [mem 0x00100000-0x000fffff 64bit pref] to [bus 05] add_size 200000
[    0.206847] pci 0000:04:00.0: bridge window [mem 0x00100000-0x000fffff] to [bus 05] add_size 200000
[    0.206861] pci 0000:04:03.0: bridge window [io  0x1000-0x0fff] to [bus 06] add_size 1000
[    0.206864] pci 0000:04:03.0: bridge window [mem 0x00100000-0x000fffff 64bit pref] to [bus 06] add_size 200000
[    0.206866] pci 0000:04:03.0: bridge window [mem 0x00100000-0x000fffff] to [bus 06] add_size 200000
[    0.206880] pci 0000:04:04.0: bridge window [io  0x1000-0x0fff] to [bus 07] add_size 1000
[    0.206883] pci 0000:04:04.0: bridge window [mem 0x00100000-0x000fffff 64bit pref] to [bus 07] add_size 200000
[    0.206885] pci 0000:04:04.0: bridge window [mem 0x00100000-0x000fffff] to [bus 07] add_size 200000
[    0.206900] pci 0000:04:05.0: bridge window [io  0x1000-0x0fff] to [bus 08] add_size 1000
[    0.206903] pci 0000:04:05.0: bridge window [mem 0x00100000-0x000fffff 64bit pref] to [bus 08] add_size 200000
[    0.206905] pci 0000:04:05.0: bridge window [mem 0x00100000-0x000fffff] to [bus 08] add_size 200000
[    0.206919] pci 0000:04:06.0: bridge window [io  0x1000-0x0fff] to [bus 09] add_size 1000
[    0.206921] pci 0000:04:06.0: bridge window [mem 0x00100000-0x000fffff 64bit pref] to [bus 09] add_size 200000
[    0.206924] pci 0000:04:06.0: bridge window [mem 0x00100000-0x000fffff] to [bus 09] add_size 200000
[    0.206938] pci 0000:04:00.0: res[13]=[io  0x1000-0x0fff] get_res_add_size add_size 1000
[    0.206940] pci 0000:04:03.0: res[13]=[io  0x1000-0x0fff] get_res_add_size add_size 1000
[    0.206942] pci 0000:04:04.0: res[13]=[io  0x1000-0x0fff] get_res_add_size add_size 1000
[    0.206944] pci 0000:04:05.0: res[13]=[io  0x1000-0x0fff] get_res_add_size add_size 1000
[    0.206947] pci 0000:04:06.0: res[13]=[io  0x1000-0x0fff] get_res_add_size add_size 1000
[    0.206949] pci 0000:03:00.0: bridge window [io  0x1000-0x0fff] to [bus 04-09] add_size 5000
[    0.206952] pci 0000:04:00.0: res[15]=[mem 0x00100000-0x000fffff 64bit pref] get_res_add_size add_size 200000
[    0.206955] pci 0000:04:03.0: res[15]=[mem 0x00100000-0x000fffff 64bit pref] get_res_add_size add_size 200000
[    0.206957] pci 0000:04:04.0: res[15]=[mem 0x00100000-0x000fffff 64bit pref] get_res_add_size add_size 200000
[    0.206960] pci 0000:04:05.0: res[15]=[mem 0x00100000-0x000fffff 64bit pref] get_res_add_size add_size 200000
[    0.206962] pci 0000:04:06.0: res[15]=[mem 0x00100000-0x000fffff 64bit pref] get_res_add_size add_size 200000
[    0.206965] pci 0000:03:00.0: bridge window [mem 0x00100000-0x000fffff 64bit pref] to [bus 04-09] add_size a00000
[    0.206967] pci 0000:04:00.0: res[14]=[mem 0x00100000-0x000fffff] get_res_add_size add_size 200000
[    0.206970] pci 0000:04:03.0: res[14]=[mem 0x00100000-0x000fffff] get_res_add_size add_size 200000
[    0.206972] pci 0000:04:04.0: res[14]=[mem 0x00100000-0x000fffff] get_res_add_size add_size 200000
[    0.206974] pci 0000:04:05.0: res[14]=[mem 0x00100000-0x000fffff] get_res_add_size add_size 200000
[    0.206977] pci 0000:04:06.0: res[14]=[mem 0x00100000-0x000fffff] get_res_add_size add_size 200000
[    0.206979] pci 0000:03:00.0: bridge window [mem 0x00100000-0x000fffff] to [bus 04-09] add_size a00000
[    0.206989] pci 0000:03:00.0: res[13]=[io  0x1000-0x0fff] get_res_add_size add_size 5000
[    0.206992] pci 0000:00:1c.4: bridge window [io  0x1000-0x0fff] to [bus 03-09] add_size 5000
[    0.206995] pci 0000:03:00.0: res[15]=[mem 0x00100000-0x000fffff 64bit pref] get_res_add_size add_size a00000
[    0.206997] pci 0000:00:1c.4: bridge window [mem 0x00100000-0x000fffff 64bit pref] to [bus 03-09] add_size a00000
[    0.207000] pci 0000:03:00.0: res[14]=[mem 0x00100000-0x000fffff] get_res_add_size add_size a00000
[    0.207002] pci 0000:00:1c.4: bridge window [mem 0x00100000-0x000fffff] to [bus 03-09] add_size a00000
[    0.207007] pci 0000:00:1c.4: res[14]=[mem 0x00100000-0x000fffff] get_res_add_size add_size a00000
[    0.207009] pci 0000:00:1c.4: res[15]=[mem 0x00100000-0x000fffff 64bit pref] get_res_add_size add_size a00000
[    0.207012] pci 0000:00:1c.4: res[13]=[io  0x1000-0x0fff] get_res_add_size add_size 5000
[    0.207019] pci 0000:00:1c.4: BAR 14: assigned [mem 0xf0000000-0xf09fffff]
[    0.207026] pci 0000:00:1c.4: BAR 15: assigned [mem 0xf0a00000-0xf13fffff 64bit pref]
[    0.207030] pci 0000:00:1c.4: BAR 13: assigned [io  0x2000-0x6fff]
[    0.207033] pci 0000:00:1c.0: PCI bridge to [bus 01]
[    0.207048] pci 0000:00:1c.2: PCI bridge to [bus 02]
[    0.207055] pci 0000:00:1c.2:   bridge window [mem 0xf7c00000-0xf7cfffff]
[    0.207066] pci 0000:03:00.0: res[14]=[mem 0x00100000-0x000fffff] get_res_add_size add_size a00000
[    0.207068] pci 0000:03:00.0: res[15]=[mem 0x00100000-0x000fffff 64bit pref] get_res_add_size add_size a00000
[    0.207071] pci 0000:03:00.0: res[13]=[io  0x1000-0x0fff] get_res_add_size add_size 5000
[    0.207074] pci 0000:03:00.0: BAR 14: assigned [mem 0xf0000000-0xf09fffff]
[    0.207077] pci 0000:03:00.0: BAR 15: assigned [mem 0xf0a00000-0xf13fffff 64bit pref]
[    0.207079] pci 0000:03:00.0: BAR 13: assigned [io  0x2000-0x6fff]
[    0.207085] pci 0000:04:00.0: res[14]=[mem 0x00100000-0x000fffff] get_res_add_size add_size 200000
[    0.207088] pci 0000:04:00.0: res[15]=[mem 0x00100000-0x000fffff 64bit pref] get_res_add_size add_size 200000
[    0.207090] pci 0000:04:03.0: res[14]=[mem 0x00100000-0x000fffff] get_res_add_size add_size 200000
[    0.207093] pci 0000:04:03.0: res[15]=[mem 0x00100000-0x000fffff 64bit pref] get_res_add_size add_size 200000
[    0.207095] pci 0000:04:04.0: res[14]=[mem 0x00100000-0x000fffff] get_res_add_size add_size 200000
[    0.207097] pci 0000:04:04.0: res[15]=[mem 0x00100000-0x000fffff 64bit pref] get_res_add_size add_size 200000
[    0.207100] pci 0000:04:05.0: res[14]=[mem 0x00100000-0x000fffff] get_res_add_size add_size 200000
[    0.207102] pci 0000:04:05.0: res[15]=[mem 0x00100000-0x000fffff 64bit pref] get_res_add_size add_size 200000
[    0.207104] pci 0000:04:06.0: res[14]=[mem 0x00100000-0x000fffff] get_res_add_size add_size 200000
[    0.207107] pci 0000:04:06.0: res[15]=[mem 0x00100000-0x000fffff 64bit pref] get_res_add_size add_size 200000
[    0.207109] pci 0000:04:00.0: res[13]=[io  0x1000-0x0fff] get_res_add_size add_size 1000
[    0.207111] pci 0000:04:03.0: res[13]=[io  0x1000-0x0fff] get_res_add_size add_size 1000
[    0.207114] pci 0000:04:04.0: res[13]=[io  0x1000-0x0fff] get_res_add_size add_size 1000
[    0.207116] pci 0000:04:05.0: res[13]=[io  0x1000-0x0fff] get_res_add_size add_size 1000
[    0.207118] pci 0000:04:06.0: res[13]=[io  0x1000-0x0fff] get_res_add_size add_size 1000
[    0.207121] pci 0000:04:00.0: BAR 14: assigned [mem 0xf0000000-0xf01fffff]
[    0.207124] pci 0000:04:00.0: BAR 15: assigned [mem 0xf0a00000-0xf0bfffff 64bit pref]
[    0.207126] pci 0000:04:03.0: BAR 14: assigned [mem 0xf0200000-0xf03fffff]
[    0.207129] pci 0000:04:03.0: BAR 15: assigned [mem 0xf0c00000-0xf0dfffff 64bit pref]
[    0.207132] pci 0000:04:04.0: BAR 14: assigned [mem 0xf0400000-0xf05fffff]
[    0.207135] pci 0000:04:04.0: BAR 15: assigned [mem 0xf0e00000-0xf0ffffff 64bit pref]
[    0.207137] pci 0000:04:05.0: BAR 14: assigned [mem 0xf0600000-0xf07fffff]
[    0.207140] pci 0000:04:05.0: BAR 15: assigned [mem 0xf1000000-0xf11fffff 64bit pref]
[    0.207142] pci 0000:04:06.0: BAR 14: assigned [mem 0xf0800000-0xf09fffff]
[    0.207145] pci 0000:04:06.0: BAR 15: assigned [mem 0xf1200000-0xf13fffff 64bit pref]
[    0.207148] pci 0000:04:00.0: BAR 13: assigned [io  0x2000-0x2fff]
[    0.207150] pci 0000:04:03.0: BAR 13: assigned [io  0x3000-0x3fff]
[    0.207152] pci 0000:04:04.0: BAR 13: assigned [io  0x4000-0x4fff]
[    0.207155] pci 0000:04:05.0: BAR 13: assigned [io  0x5000-0x5fff]
[    0.207157] pci 0000:04:06.0: BAR 13: assigned [io  0x6000-0x6fff]
[    0.207161] pci 0000:04:00.0: PCI bridge to [bus 05]
[    0.207166] pci 0000:04:00.0:   bridge window [io  0x2000-0x2fff]
[    0.207173] pci 0000:04:00.0:   bridge window [mem 0xf0000000-0xf01fffff]
[    0.207179] pci 0000:04:00.0:   bridge window [mem 0xf0a00000-0xf0bfffff 64bit pref]
[    0.207189] pci 0000:04:03.0: PCI bridge to [bus 06]
[    0.207193] pci 0000:04:03.0:   bridge window [io  0x3000-0x3fff]
[    0.207201] pci 0000:04:03.0:   bridge window [mem 0xf0200000-0xf03fffff]
[    0.207207] pci 0000:04:03.0:   bridge window [mem 0xf0c00000-0xf0dfffff 64bit pref]
[    0.207217] pci 0000:04:04.0: PCI bridge to [bus 07]
[    0.207221] pci 0000:04:04.0:   bridge window [io  0x4000-0x4fff]
[    0.207229] pci 0000:04:04.0:   bridge window [mem 0xf0400000-0xf05fffff]
[    0.207235] pci 0000:04:04.0:   bridge window [mem 0xf0e00000-0xf0ffffff 64bit pref]
[    0.207245] pci 0000:04:05.0: PCI bridge to [bus 08]
[    0.207248] pci 0000:04:05.0:   bridge window [io  0x5000-0x5fff]
[    0.207256] pci 0000:04:05.0:   bridge window [mem 0xf0600000-0xf07fffff]
[    0.207262] pci 0000:04:05.0:   bridge window [mem 0xf1000000-0xf11fffff 64bit pref]
[    0.207272] pci 0000:04:06.0: PCI bridge to [bus 09]
[    0.207277] pci 0000:04:06.0:   bridge window [io  0x6000-0x6fff]
[    0.207284] pci 0000:04:06.0:   bridge window [mem 0xf0800000-0xf09fffff]
[    0.207290] pci 0000:04:06.0:   bridge window [mem 0xf1200000-0xf13fffff 64bit pref]
[    0.207300] pci 0000:03:00.0: PCI bridge to [bus 04-09]
[    0.207305] pci 0000:03:00.0:   bridge window [io  0x2000-0x6fff]
[    0.207312] pci 0000:03:00.0:   bridge window [mem 0xf0000000-0xf09fffff]
[    0.207319] pci 0000:03:00.0:   bridge window [mem 0xf0a00000-0xf13fffff 64bit pref]
[    0.207327] pci 0000:00:1c.4: PCI bridge to [bus 03-09]
[    0.207331] pci 0000:00:1c.4:   bridge window [io  0x2000-0x6fff]
[    0.207338] pci 0000:00:1c.4:   bridge window [mem 0xf0000000-0xf09fffff]
[    0.207343] pci 0000:00:1c.4:   bridge window [mem 0xf0a00000-0xf13fffff 64bit pref]
[    0.207351] pci_bus 0000:00: resource 4 [io  0x0000-0x0cf7]
[    0.207353] pci_bus 0000:00: resource 5 [io  0x0d00-0xffff]
[    0.207355] pci_bus 0000:00: resource 6 [mem 0x000a0000-0x000bffff]
[    0.207357] pci_bus 0000:00: resource 7 [mem 0x000d0000-0x000d3fff]
[    0.207360] pci_bus 0000:00: resource 8 [mem 0x000d4000-0x000d7fff]
[    0.207362] pci_bus 0000:00: resource 9 [mem 0x000d8000-0x000dbfff]
[    0.207364] pci_bus 0000:00: resource 10 [mem 0x000dc000-0x000dffff]
[    0.207366] pci_bus 0000:00: resource 11 [mem 0xdfa00000-0xfeafffff]
[    0.207369] pci_bus 0000:02: resource 1 [mem 0xf7c00000-0xf7cfffff]
[    0.207371] pci_bus 0000:03: resource 0 [io  0x2000-0x6fff]
[    0.207373] pci_bus 0000:03: resource 1 [mem 0xf0000000-0xf09fffff]
[    0.207375] pci_bus 0000:03: resource 2 [mem 0xf0a00000-0xf13fffff 64bit pref]
[    0.207377] pci_bus 0000:04: resource 0 [io  0x2000-0x6fff]
[    0.207379] pci_bus 0000:04: resource 1 [mem 0xf0000000-0xf09fffff]
[    0.207382] pci_bus 0000:04: resource 2 [mem 0xf0a00000-0xf13fffff 64bit pref]
[    0.207384] pci_bus 0000:05: resource 0 [io  0x2000-0x2fff]
[    0.207386] pci_bus 0000:05: resource 1 [mem 0xf0000000-0xf01fffff]
[    0.207388] pci_bus 0000:05: resource 2 [mem 0xf0a00000-0xf0bfffff 64bit pref]
[    0.207390] pci_bus 0000:06: resource 0 [io  0x3000-0x3fff]
[    0.207392] pci_bus 0000:06: resource 1 [mem 0xf0200000-0xf03fffff]
[    0.207395] pci_bus 0000:06: resource 2 [mem 0xf0c00000-0xf0dfffff 64bit pref]
[    0.207397] pci_bus 0000:07: resource 0 [io  0x4000-0x4fff]
[    0.207399] pci_bus 0000:07: resource 1 [mem 0xf0400000-0xf05fffff]
[    0.207401] pci_bus 0000:07: resource 2 [mem 0xf0e00000-0xf0ffffff 64bit pref]
[    0.207403] pci_bus 0000:08: resource 0 [io  0x5000-0x5fff]
[    0.207405] pci_bus 0000:08: resource 1 [mem 0xf0600000-0xf07fffff]
[    0.207408] pci_bus 0000:08: resource 2 [mem 0xf1000000-0xf11fffff 64bit pref]
[    0.207410] pci_bus 0000:09: resource 0 [io  0x6000-0x6fff]
[    0.207412] pci_bus 0000:09: resource 1 [mem 0xf0800000-0xf09fffff]
[    0.207414] pci_bus 0000:09: resource 2 [mem 0xf1200000-0xf13fffff 64bit pref]
[    0.207446] NET: Registered protocol family 2
[    0.207644] TCP established hash table entries: 65536 (order: 7, 524288 bytes)
[    0.207843] TCP bind hash table entries: 65536 (order: 8, 1048576 bytes)
[    0.207978] TCP: Hash tables configured (established 65536 bind 65536)
[    0.207998] TCP: reno registered
[    0.208012] UDP hash table entries: 4096 (order: 5, 131072 bytes)
[    0.208050] UDP-Lite hash table entries: 4096 (order: 5, 131072 bytes)
[    0.208122] NET: Registered protocol family 1
[    0.208141] pci 0000:00:02.0: Boot video device
[    0.248766] PCI: CLS 64 bytes, default 64
[    0.248828] Trying to unpack rootfs image as initramfs...
[    0.319571] Freeing initrd memory: 3048K (ffff8800379fc000 - ffff880037cf6000)
[    0.319582] PCI-DMA: Using software bounce buffering for IO (SWIOTLB)
[    0.319585] software IO TLB [mem 0xae040000-0xb2040000] (64MB) mapped at [ffff8800ae040000-ffff8800b203ffff]
[    0.319893] RAPL PMU detected, hw unit 2^-16 Joules, API unit is 2^-32 Joules, 3 fixed counters 163840 ms ovfl timer
[    0.319947] microcode: CPU0 sig=0x306a9, pf=0x10, revision=0x15
[    0.319956] microcode: CPU1 sig=0x306a9, pf=0x10, revision=0x15
[    0.319966] microcode: CPU2 sig=0x306a9, pf=0x10, revision=0x15
[    0.319978] microcode: CPU3 sig=0x306a9, pf=0x10, revision=0x15
[    0.320033] microcode: Microcode Update Driver: v2.00 <tigran@aivazian.fsnet.co.uk>, Peter Oruba
[    0.320205] Scanning for low memory corruption every 60 seconds
[    0.320523] futex hash table entries: 1024 (order: 4, 65536 bytes)
[    0.320540] Initialise system trusted keyring
[    0.320570] audit: initializing netlink subsys (disabled)
[    0.320584] audit: type=2000 audit(1410271449.308:1): initialized
[    0.320987] HugeTLB registered 2 MB page size, pre-allocated 0 pages
[    0.322744] zpool: loaded
[    0.322749] zbud: loaded
[    0.322947] VFS: Disk quotas dquot_6.5.2
[    0.322990] Dquot-cache hash table entries: 512 (order 0, 4096 bytes)
[    0.323389] fuse init (API version 7.23)
[    0.323498] msgmni has been set to 14631
[    0.323568] Key type big_key registered
[    0.324144] Key type asymmetric registered
[    0.324150] Asymmetric key parser 'x509' registered
[    0.324192] Block layer SCSI generic (bsg) driver version 0.4 loaded (major 252)
[    0.324242] io scheduler noop registered (default)
[    0.324774] pcieport 0000:03:00.0: enabling device (0000 -> 0003)
[    0.324852] pcieport 0000:03:00.0: irq 24 for MSI/MSI-X
[    0.324988] pcieport 0000:04:00.0: enabling device (0000 -> 0003)
[    0.325063] pcieport 0000:04:00.0: irq 25 for MSI/MSI-X
[    0.325196] pcieport 0000:04:03.0: enabling device (0000 -> 0003)
[    0.325271] pcieport 0000:04:03.0: irq 26 for MSI/MSI-X
[    0.325405] pcieport 0000:04:04.0: enabling device (0000 -> 0003)
[    0.325476] pcieport 0000:04:04.0: irq 27 for MSI/MSI-X
[    0.325610] pcieport 0000:04:05.0: enabling device (0000 -> 0003)
[    0.325682] pcieport 0000:04:05.0: irq 28 for MSI/MSI-X
[    0.325816] pcieport 0000:04:06.0: enabling device (0000 -> 0003)
[    0.325887] pcieport 0000:04:06.0: irq 29 for MSI/MSI-X
[    0.326131] pcieport 0000:06:00.0: irq 30 for MSI/MSI-X
[    0.326382] pci_hotplug: PCI Hot Plug PCI Core version: 0.5
[    0.326403] pciehp: PCI Express Hot Plug Controller Driver version: 0.4
[    0.326467] efifb: probing for efifb
[    0.326482] efifb: framebuffer at 0xe0000000, mapped to 0xffffc90004e80000, using 3072k, total 3072k
[    0.326483] efifb: mode is 1024x768x32, linelength=4096, pages=1
[    0.326484] efifb: scrolling: redraw
[    0.326487] efifb: Truecolor: size=8:8:8:8, shift=24:16:8:0
[    0.329034] Console: switching to colour frame buffer device 128x48
[    0.331471] fb0: EFI VGA frame buffer device
[    0.331492] intel_idle: MWAIT substates: 0x21120
[    0.331494] intel_idle: v0.4 model 0x3A
[    0.331496] intel_idle: lapic_timer_reliable_states 0xffffffff
[    0.331695] ipmi message handler version 39.2
[    0.331801] input: Power Button as /devices/LNXSYSTM:00/LNXSYBUS:00/PNP0C0C:00/input/input0
[    0.331806] ACPI: Power Button [PWRB]
[    0.331853] input: Power Button as /devices/LNXSYSTM:00/LNXPWRBN:00/input/input1
[    0.331856] ACPI: Power Button [PWRF]
[    0.331934] ACPI: Fan [FAN0] (off)
[    0.331968] ACPI: Fan [FAN1] (off)
[    0.332003] ACPI: Fan [FAN2] (off)
[    0.332034] ACPI: Fan [FAN3] (off)
[    0.332067] ACPI: Fan [FAN4] (off)
[    0.341076] thermal LNXTHERM:00: registered as thermal_zone0
[    0.341078] ACPI: Thermal Zone [TZ00] (28 C)
[    0.341328] thermal LNXTHERM:01: registered as thermal_zone1
[    0.341330] ACPI: Thermal Zone [TZ01] (30 C)
[    0.341379] GHES: HEST is not enabled!
[    0.341463] Serial: 8250/16550 driver, 32 ports, IRQ sharing enabled
[    0.343328] Linux agpgart interface v0.103
[    0.344805] brd: module loaded
[    0.345546] loop: module loaded
[    0.346012] libphy: Fixed MDIO Bus: probed
[    0.346132] tun: Universal TUN/TAP device driver, 1.6
[    0.346134] tun: (C) 1999-2004 Max Krasnyansky <maxk@qualcomm.com>
[    0.346186] ehci_hcd: USB 2.0 'Enhanced' Host Controller (EHCI) Driver
[    0.346198] ehci-pci: EHCI PCI platform driver
[    0.346328] ehci-pci 0000:00:1a.0: EHCI Host Controller
[    0.346335] ehci-pci 0000:00:1a.0: new USB bus registered, assigned bus number 1
[    0.346351] ehci-pci 0000:00:1a.0: debug port 2
[    0.350266] ehci-pci 0000:00:1a.0: cache line size of 64 is not supported
[    0.350284] ehci-pci 0000:00:1a.0: irq 16, io mem 0xf7d08000
[    0.360693] ehci-pci 0000:00:1a.0: USB 2.0 started, EHCI 1.00
[    0.360742] usb usb1: New USB device found, idVendor=1d6b, idProduct=0002
[    0.360744] usb usb1: New USB device strings: Mfr=3, Product=2, SerialNumber=1
[    0.360747] usb usb1: Product: EHCI Host Controller
[    0.360749] usb usb1: Manufacturer: Linux 3.17.0-rc3minimal-tbhack-00002-g7505cea-dirty ehci_hcd
[    0.360751] usb usb1: SerialNumber: 0000:00:1a.0
[    0.360884] hub 1-0:1.0: USB hub found
[    0.360891] hub 1-0:1.0: 2 ports detected
[    0.361144] ehci-pci 0000:00:1d.0: EHCI Host Controller
[    0.361152] ehci-pci 0000:00:1d.0: new USB bus registered, assigned bus number 2
[    0.361166] ehci-pci 0000:00:1d.0: debug port 2
[    0.365078] ehci-pci 0000:00:1d.0: cache line size of 64 is not supported
[    0.365094] ehci-pci 0000:00:1d.0: irq 23, io mem 0xf7d07000
[    0.376703] ehci-pci 0000:00:1d.0: USB 2.0 started, EHCI 1.00
[    0.376740] usb usb2: New USB device found, idVendor=1d6b, idProduct=0002
[    0.376742] usb usb2: New USB device strings: Mfr=3, Product=2, SerialNumber=1
[    0.376744] usb usb2: Product: EHCI Host Controller
[    0.376746] usb usb2: Manufacturer: Linux 3.17.0-rc3minimal-tbhack-00002-g7505cea-dirty ehci_hcd
[    0.376748] usb usb2: SerialNumber: 0000:00:1d.0
[    0.376904] hub 2-0:1.0: USB hub found
[    0.376911] hub 2-0:1.0: 2 ports detected
[    0.377050] ehci-platform: EHCI generic platform driver
[    0.377063] ohci_hcd: USB 1.1 'Open' Host Controller (OHCI) Driver
[    0.377069] ohci-pci: OHCI PCI platform driver
[    0.377083] ohci-platform: OHCI generic platform driver
[    0.377093] uhci_hcd: USB Universal Host Controller Interface driver
[    0.377162] i8042: PNP: No PS/2 controller found. Probing ports directly.
[    1.105207] usb 1-1: new high-speed USB device number 2 using ehci-pci
[    1.237661] usb 1-1: New USB device found, idVendor=8087, idProduct=0024
[    1.237665] usb 1-1: New USB device strings: Mfr=0, Product=0, SerialNumber=0
[    1.237940] hub 1-1:1.0: USB hub found
[    1.238030] hub 1-1:1.0: 6 ports detected
[    1.349373] usb 2-1: new high-speed USB device number 2 using ehci-pci
[    1.414953] i8042: No controller found
[    1.414986] tsc: Refined TSC clocksource calibration: 1797.671 MHz
[    1.415143] mousedev: PS/2 mouse device common for all mice
[    1.415390] rtc_cmos 00:02: RTC can wake from S4
[    1.415558] rtc_cmos 00:02: rtc core: registered rtc_cmos as rtc0
[    1.415589] rtc_cmos 00:02: alarms up to one month, y3k, 242 bytes nvram, hpet irqs
[    1.415676] device-mapper: uevent: version 1.0.3
[    1.415791] device-mapper: ioctl: 4.27.0-ioctl (2013-10-30) initialised: dm-devel@redhat.com
[    1.415816] Intel P-state driver initializing.
[    1.416054] EFI Variables Facility v0.08 2004-May-17
[    1.421663] Not Apple hardware. Shark attack imminent
[    1.421738] TCP: cubic registered
[    1.421881] NET: Registered protocol family 10
[    1.422167] NET: Registered protocol family 17
[    1.422181] Key type dns_resolver registered
[    1.422618] Loading compiled-in X.509 certificates
[    1.423730] Loaded X.509 cert 'Magrathea: Glacier signing key: 9b30699888c785d0395063f7dc93ec4c9ed48a43'
[    1.423753] registered taskstats version 1
[    1.426042] Key type trusted registered
[    1.428008] Key type encrypted registered
[    1.429836] ima: No TPM chip found, activating TPM-bypass!
[    1.429881] evm: HMAC attrs: 0x1
[    1.430413] rtc_cmos 00:02: setting system clock to 2014-09-09 14:04:10 UTC (1410271450)
[    1.431458] Freeing unused kernel memory: 1160K (ffffffff81d06000 - ffffffff81e28000)
[    1.431460] Write protecting the kernel read-only data: 12288k
[    1.436117] Freeing unused kernel memory: 1672K (ffff88000165e000 - ffff880001800000)
[    1.438782] Freeing unused kernel memory: 984K (ffff880001b0a000 - ffff880001c00000)
[    1.451749] systemd-udevd[112]: starting version 204
[    1.480606] libahci: module verification failed: signature and/or  required key missing - tainting kernel
[    1.481458] ahci 0000:00:1f.2: version 3.0
[    1.481694] ahci 0000:00:1f.2: irq 31 for MSI/MSI-X
[    1.481757] ahci 0000:00:1f.2: AHCI 0001.0300 32 slots 6 ports 6 Gbps 0x1 impl SATA mode
[    1.481763] ahci 0000:00:1f.2: flags: 64bit ncq pm led clo pio slum part ems apst 
[    1.481830] usb 2-1: New USB device found, idVendor=8087, idProduct=0024
[    1.481835] usb 2-1: New USB device strings: Mfr=0, Product=0, SerialNumber=0
[    1.482129] hub 2-1:1.0: USB hub found
[    1.482192] hub 2-1:1.0: 8 ports detected
[    1.483703] scsi host0: ahci
[    1.483862] scsi host1: ahci
[    1.484035] scsi host2: ahci
[    1.484170] scsi host3: ahci
[    1.484304] scsi host4: ahci
[    1.484462] scsi host5: ahci
[    1.484540] ata1: SATA max UDMA/133 abar m2048@0xf7d06000 port 0xf7d06100 irq 31
[    1.484543] ata2: DUMMY
[    1.484544] ata3: DUMMY
[    1.484545] ata4: DUMMY
[    1.484547] ata5: DUMMY
[    1.484548] ata6: DUMMY
[    1.753806] usb 2-1.1: new low-speed USB device number 3 using ehci-pci
[    1.801728] ata1: SATA link up 6.0 Gbps (SStatus 133 SControl 300)
[    1.815715] ata1.00: ACPI cmd ef/10:06:00:00:00:00 (SET FEATURES) succeeded
[    1.815722] ata1.00: ACPI cmd f5/00:00:00:00:00:00 (SECURITY FREEZE LOCK) filtered out
[    1.815725] ata1.00: ACPI cmd b1/c1:00:00:00:00:00 (DEVICE CONFIGURATION OVERLAY) filtered out
[    1.828581] ata1.00: ATA-9: INTEL SSDMCEAW120A4, DC33, max UDMA/133
[    1.828586] ata1.00: 234441648 sectors, multi 16: LBA48 NCQ (depth 31/32), AA
[    1.845741] ata1.00: ACPI cmd ef/10:06:00:00:00:00 (SET FEATURES) succeeded
[    1.845748] ata1.00: ACPI cmd f5/00:00:00:00:00:00 (SECURITY FREEZE LOCK) filtered out
[    1.845751] ata1.00: ACPI cmd b1/c1:00:00:00:00:00 (DEVICE CONFIGURATION OVERLAY) filtered out
[    1.854680] usb 2-1.1: New USB device found, idVendor=04ca, idProduct=0027
[    1.854685] usb 2-1.1: New USB device strings: Mfr=1, Product=2, SerialNumber=0
[    1.854687] usb 2-1.1: Product: USB Multimedia Keyboard
[    1.854689] usb 2-1.1: Manufacturer: Lite-On Technology Corp.
[    1.857213] hidraw: raw HID events driver (C) Jiri Kosina
[    1.862806] ata1.00: configured for UDMA/133
[    1.863015] scsi 0:0:0:0: Direct-Access     ATA      INTEL SSDMCEAW12 DC33 PQ: 0 ANSI: 5
[    1.863272] sd 0:0:0:0: [sda] 234441648 512-byte logical blocks: (120 GB/111 GiB)
[    1.863308] sd 0:0:0:0: Attached scsi generic sg0 type 0
[    1.863402] sd 0:0:0:0: [sda] Write Protect is off
[    1.863408] sd 0:0:0:0: [sda] Mode Sense: 00 3a 00 00
[    1.863449] sd 0:0:0:0: [sda] Write cache: enabled, read cache: enabled, doesn't support DPO or FUA
[    1.864691]  sda: sda1 sda2 sda3
[    1.865114] sd 0:0:0:0: [sda] Attached SCSI disk
[    1.867028] usbcore: registered new interface driver usbhid
[    1.867032] usbhid: USB HID core driver
[    1.868144] input: Lite-On Technology Corp. USB Multimedia Keyboard as /devices/pci0000:00/0000:00:1d.0/usb2/2-1/2-1.1/2-1.1:1.0/0003:04CA:0027.0001/input/input2
[    1.868907] hid-generic 0003:04CA:0027.0001: input,hidraw0: USB HID v1.10 Keyboard [Lite-On Technology Corp. USB Multimedia Keyboard] on usb-0000:00:1d.0-1.1/input0
[    1.870586] input: Lite-On Technology Corp. USB Multimedia Keyboard as /devices/pci0000:00/0000:00:1d.0/usb2/2-1/2-1.1/2-1.1:1.1/0003:04CA:0027.0002/input/input3
[    1.870898] hid-generic 0003:04CA:0027.0002: input,hiddev0,hidraw1: USB HID v1.10 Device [Lite-On Technology Corp. USB Multimedia Keyboard] on usb-0000:00:1d.0-1.1/input1
[    1.925926] usb 2-1.2: new low-speed USB device number 4 using ehci-pci
[    1.944270] EXT4-fs (sda2): mounted filesystem with ordered data mode. Opts: (null)
[    2.021852] usb 2-1.2: New USB device found, idVendor=0461, idProduct=4d15
[    2.021858] usb 2-1.2: New USB device strings: Mfr=0, Product=2, SerialNumber=0
[    2.021860] usb 2-1.2: Product: USB Optical Mouse
[    2.024568] input: USB Optical Mouse as /devices/pci0000:00/0000:00:1d.0/usb2/2-1/2-1.2/2-1.2:1.0/0003:0461:4D15.0003/input/input4
[    2.024969] hid-generic 0003:0461:4D15.0003: input,hidraw2: USB HID v1.11 Mouse [USB Optical Mouse] on usb-0000:00:1d.0-1.2/input0
[    2.094049] usb 2-1.4: new full-speed USB device number 5 using ehci-pci
[    2.102073] random: init urandom read with 28 bits of entropy available
[    2.131764] init: plymouth-upstart-bridge main process (184) terminated with status 1
[    2.131779] init: plymouth-upstart-bridge main process ended, respawning
[    2.137312] init: plymouth-upstart-bridge main process (194) terminated with status 1
[    2.137341] init: plymouth-upstart-bridge main process ended, respawning
[    2.142724] init: plymouth-upstart-bridge main process (197) terminated with status 1
[    2.142740] init: plymouth-upstart-bridge main process ended, respawning
[    2.190163] usb 2-1.4: New USB device found, idVendor=8087, idProduct=07da
[    2.190170] usb 2-1.4: New USB device strings: Mfr=0, Product=0, SerialNumber=0
[    2.262077] usb 2-1.7: new high-speed USB device number 6 using ehci-pci
[    2.276910] Adding 7826428k swap on /dev/sda3.  Priority:-1 extents:1 across:7826428k SSFS
[    2.367484] systemd-udevd[313]: starting version 204
[    2.371285] usb 2-1.7: New USB device found, idVendor=05ac, idProduct=1402
[    2.371291] usb 2-1.7: New USB device strings: Mfr=1, Product=2, SerialNumber=3
[    2.371295] usb 2-1.7: Product: Apple USB Ethernet Adapter
[    2.371298] usb 2-1.7: Manufacturer: Apple Inc.      
[    2.371301] usb 2-1.7: SerialNumber: 1EAC0F
[    2.414122] Switched to clocksource tsc
[    2.421698] lp: driver loaded but no devices found
[    2.430352] ppdev: user-space parallel port driver
[    2.590440] ACPI Warning: SystemIO range 0x0000000000000428-0x000000000000042f conflicts with OpRegion 0x0000000000000400-0x000000000000047f (\PMIO) (20140724/utaddress-258)
[    2.590451] ACPI: If an ACPI driver is available for this device, you should use it instead of the native driver
[    2.590456] ACPI Warning: SystemIO range 0x0000000000000540-0x000000000000054f conflicts with OpRegion 0x0000000000000500-0x0000000000000563 (\GPIO) (20140724/utaddress-258)
[    2.590462] ACPI: If an ACPI driver is available for this device, you should use it instead of the native driver
[    2.590465] ACPI Warning: SystemIO range 0x0000000000000530-0x000000000000053f conflicts with OpRegion 0x0000000000000500-0x0000000000000563 (\GPIO) (20140724/utaddress-258)
[    2.590470] ACPI: If an ACPI driver is available for this device, you should use it instead of the native driver
[    2.590472] ACPI Warning: SystemIO range 0x0000000000000500-0x000000000000052f conflicts with OpRegion 0x0000000000000500-0x0000000000000563 (\GPIO) (20140724/utaddress-258)
[    2.590478] ACPI: If an ACPI driver is available for this device, you should use it instead of the native driver
[    2.590480] lpc_ich: Resource conflict(s) found affecting gpio_ich
[    2.615590] [drm] Initialized drm 1.1.0 20060810
[    2.615899] mei_me 0000:00:16.0: irq 32 for MSI/MSI-X
[    2.625820] cfg80211: Calling CRDA to update world regulatory domain
[    2.630890] Bluetooth: Core ver 2.19
[    2.630915] NET: Registered protocol family 31
[    2.630918] Bluetooth: HCI device and connection manager initialized
[    2.630927] Bluetooth: HCI socket layer initialized
[    2.630931] Bluetooth: L2CAP socket layer initialized
[    2.630940] Bluetooth: SCO socket layer initialized
[    2.642226] Intel(R) Wireless WiFi driver for Linux, in-tree:
[    2.642230] Copyright(c) 2003- 2014 Intel Corporation
[    2.642378] iwlwifi 0000:02:00.0: enabling device (0000 -> 0002)
[    2.642467] iwlwifi 0000:02:00.0: can't disable ASPM; OS doesn't have ASPM control
[    2.642539] iwlwifi 0000:02:00.0: irq 33 for MSI/MSI-X
[    2.648638] usbcore: registered new interface driver btusb
[    2.667933] [drm] Memory usable by graphics device = 2048M
[    2.667937] [drm] Replacing VGA console driver
[    2.667943] checking generic (e0000000 300000) vs hw (e0000000 10000000)
[    2.667946] fb: switching to inteldrmfb from EFI VGA
[    2.667979] Console: switching to colour dummy device 80x25
[    2.680438] iwlwifi 0000:02:00.0: loaded firmware version 18.168.6.1 op_mode iwldvm
[    2.690306] i915 0000:00:02.0: irq 34 for MSI/MSI-X
[    2.690323] [drm] Supports vblank timestamp caching Rev 2 (21.10.2013).
[    2.690326] [drm] Driver supports precise vblank timestamp query.
[    2.690503] vgaarb: device changed decodes: PCI:0000:00:02.0,olddecodes=io+mem,decodes=io+mem:owns=io+mem
[    2.715465] iwlwifi 0000:02:00.0: CONFIG_IWLWIFI_DEBUG disabled
[    2.715471] iwlwifi 0000:02:00.0: CONFIG_IWLWIFI_DEBUGFS enabled
[    2.715474] iwlwifi 0000:02:00.0: CONFIG_IWLWIFI_DEVICE_TRACING enabled
[    2.715478] iwlwifi 0000:02:00.0: Detected Intel(R) Centrino(R) Advanced-N 6235 AGN, REV=0xB0
[    2.715532] iwlwifi 0000:02:00.0: L1 Disabled; Enabling L0S
[    2.723618] intel_rapl: RAPL domain dram detection failed
[    2.765187] ieee80211 phy0: Selected rate control algorithm 'iwl-agn-rs'
[    2.776213] EXT4-fs (sda2): re-mounted. Opts: errors=remount-ro
[    2.782403] [drm] GMBUS [i915 gmbus vga] timed out, falling back to bit banging on pin 2
[    2.842921] cfg80211: World regulatory domain updated:
[    2.842928] cfg80211:  DFS Master region: unset
[    2.842930] cfg80211:   (start_freq - end_freq @ bandwidth), (max_antenna_gain, max_eirp), (dfs_cac_time)
[    2.842935] cfg80211:   (2402000 KHz - 2472000 KHz @ 40000 KHz), (300 mBi, 2000 mBm), (N/A)
[    2.842938] cfg80211:   (2457000 KHz - 2482000 KHz @ 40000 KHz), (300 mBi, 2000 mBm), (N/A)
[    2.842942] cfg80211:   (2474000 KHz - 2494000 KHz @ 20000 KHz), (300 mBi, 2000 mBm), (N/A)
[    2.842945] cfg80211:   (5170000 KHz - 5250000 KHz @ 40000 KHz), (300 mBi, 2000 mBm), (N/A)
[    2.842948] cfg80211:   (5735000 KHz - 5835000 KHz @ 40000 KHz), (300 mBi, 2000 mBm), (N/A)
[    2.861871] fbcon: inteldrmfb (fb0) is primary device
[    2.887786] [drm:cpt_set_fifo_underrun_reporting] *ERROR* uncleared pch fifo underrun on pch transcoder A
[    2.887788] [drm:cpt_serr_int_handler] *ERROR* PCH transcoder A FIFO underrun
[    2.887855] Console: switching to colour frame buffer device 240x67
[    2.898547] i915 0000:00:02.0: fb0: inteldrmfb frame buffer device
[    2.898549] i915 0000:00:02.0: registered panic notifier
[    2.963569] ACPI: Video Device [GFX0] (multi-head: yes  rom: no  post: no)
[    2.964814] input: Video Bus as /devices/LNXSYSTM:00/LNXSYBUS:00/PNP0A08:00/LNXVIDEO:00/input/input5
[    2.966335] [drm] Initialized i915 1.6.0 20140725 for 0000:00:02.0 on minor 0
[    2.966457] snd_hda_intel 0000:00:1b.0: enabling device (0000 -> 0002)
[    2.966863] snd_hda_intel 0000:00:1b.0: irq 35 for MSI/MSI-X
[    2.995211] input: HDA Intel PCH HDMI/DP,pcm=3 as /devices/pci0000:00/0000:00:1b.0/sound/card0/input6
[    2.995341] input: HDA Intel PCH HDMI/DP,pcm=7 as /devices/pci0000:00/0000:00:1b.0/sound/card0/input7
[    3.076766] init: failsafe main process (607) killed by TERM signal
[    3.098779] Bluetooth: BNEP (Ethernet Emulation) ver 1.3
[    3.098784] Bluetooth: BNEP filters: protocol multicast
[    3.098794] Bluetooth: BNEP socket layer initialized
[    3.104947] Bluetooth: RFCOMM TTY layer initialized
[    3.104961] Bluetooth: RFCOMM socket layer initialized
[    3.104969] Bluetooth: RFCOMM ver 1.11
[    3.414768] init: cups main process (778) killed by HUP signal
[    3.414787] init: cups main process ended, respawning
[    3.488426] iwlwifi 0000:02:00.0: L1 Disabled; Enabling L0S
[    3.502761] iwlwifi 0000:02:00.0: Radio type=0x2-0x1-0x0
[    3.776603] iwlwifi 0000:02:00.0: L1 Disabled; Enabling L0S
[    3.783343] iwlwifi 0000:02:00.0: Radio type=0x2-0x1-0x0
[    4.347881] random: nonblocking pool is initialized
[    4.488277] init: plymouth-upstart-bridge main process ended, respawning
[    4.779742] init: plymouth-stop pre-start process (1080) terminated with status 1
[    5.868325] iwlwifi 0000:02:00.0: Error sending REPLY_RXON: time out after 2000ms.
[    5.868332] iwlwifi 0000:02:00.0: Current CMD queue read_ptr 22 write_ptr 23
[    5.868557] iwlwifi 0000:02:00.0: Loaded firmware version: 18.168.6.1
[    5.868584] iwlwifi 0000:02:00.0: Microcode SW error detected.  Restarting 0x2000000.
[    5.868590] iwlwifi 0000:02:00.0: CSR values:
[    5.868594] iwlwifi 0000:02:00.0: (2nd byte of CSR_INT_COALESCING is CSR_INT_PERIODIC_REG)
[    5.868603] iwlwifi 0000:02:00.0:        CSR_HW_IF_CONFIG_REG: 0X00484b00
[    5.868610] iwlwifi 0000:02:00.0:          CSR_INT_COALESCING: 0X00000040
[    5.868618] iwlwifi 0000:02:00.0:                     CSR_INT: 0X00000000
[    5.868627] iwlwifi 0000:02:00.0:                CSR_INT_MASK: 0X00000000
[    5.868635] iwlwifi 0000:02:00.0:           CSR_FH_INT_STATUS: 0X00000000
[    5.868643] iwlwifi 0000:02:00.0:                 CSR_GPIO_IN: 0X00000038
[    5.868652] iwlwifi 0000:02:00.0:                   CSR_RESET: 0X00000000
[    5.868660] iwlwifi 0000:02:00.0:                CSR_GP_CNTRL: 0X080403cd
[    5.868668] iwlwifi 0000:02:00.0:                  CSR_HW_REV: 0X000000b0
[    5.868677] iwlwifi 0000:02:00.0:              CSR_EEPROM_REG: 0Xd9e90ffd
[    5.868685] iwlwifi 0000:02:00.0:               CSR_EEPROM_GP: 0X90000801
[    5.868693] iwlwifi 0000:02:00.0:              CSR_OTP_GP_REG: 0X00030001
[    5.868701] iwlwifi 0000:02:00.0:                 CSR_GIO_REG: 0X00080044
[    5.868709] iwlwifi 0000:02:00.0:            CSR_GP_UCODE_REG: 0X0000000a
[    5.868712] iwlwifi 0000:02:00.0: Start IWL Error Log Dump:
[    5.868714] iwlwifi 0000:02:00.0: Status: 0x0000204C, count: 6
[    5.868716] iwlwifi 0000:02:00.0:           CSR_GP_DRIVER_REG: 0X00000000
[    5.868720] iwlwifi 0000:02:00.0: 0x00000066 | NMI_INTERRUPT_HOST          
[    5.868722] iwlwifi 0000:02:00.0:           CSR_UCODE_DRV_GP1: 0X00000000
[    5.868724] iwlwifi 0000:02:00.0: 0x00010564 | uPc
[    5.868725] iwlwifi 0000:02:00.0: 0x0001054E | branchlink1
[    5.868727] iwlwifi 0000:02:00.0:           CSR_UCODE_DRV_GP2: 0X00000000
[    5.868729] iwlwifi 0000:02:00.0: 0x00010580 | branchlink2
[    5.868732] iwlwifi 0000:02:00.0:                 CSR_LED_REG: 0X00000018
[    5.868732] iwlwifi 0000:02:00.0: 0x0000DBEA | interruptlink1
[    5.868735] iwlwifi 0000:02:00.0: 0x00000400 | interruptlink2
[    5.868736] iwlwifi 0000:02:00.0: 0x00000001 | data1
[    5.868738] iwlwifi 0000:02:00.0: 0x07030000 | data2
[    5.868740] iwlwifi 0000:02:00.0: 0x000260A4 | line
[    5.868742] iwlwifi 0000:02:00.0: 0x00018ED7 | beacon time
[    5.868744] iwlwifi 0000:02:00.0: 0x00000129 | tsf low
[    5.868745] iwlwifi 0000:02:00.0: 0x00000000 | tsf hi
[    5.868747] iwlwifi 0000:02:00.0: 0x00000000 | time gp1
[    5.868749] iwlwifi 0000:02:00.0: 0x00012FD5 | time gp2
[    5.868751] iwlwifi 0000:02:00.0: 0x00000000 | time gp3
[    5.868753] iwlwifi 0000:02:00.0: 0x754312A8 | uCode version
[    5.868755] iwlwifi 0000:02:00.0: 0x000000B0 | hw version
[    5.868756] iwlwifi 0000:02:00.0: 0x00484B00 | board version
[    5.868758] iwlwifi 0000:02:00.0: 0x0915004E | hcmd
[    5.868760] iwlwifi 0000:02:00.0: 0x02022080 | isr0
[    5.868762] iwlwifi 0000:02:00.0: 0x00000000 | isr1
[    5.868764] iwlwifi 0000:02:00.0: 0x00000602 | isr2
[    5.868765] iwlwifi 0000:02:00.0: 0x0141FCC1 | isr3
[    5.868767] iwlwifi 0000:02:00.0: 0x00000000 | isr4
[    5.868769] iwlwifi 0000:02:00.0: 0x01000112 | isr_pref
[    5.868771] iwlwifi 0000:02:00.0: 0x000260A4 | wait_event
[    5.868773] iwlwifi 0000:02:00.0: 0x00000000 | l2p_control
[    5.868775] iwlwifi 0000:02:00.0: 0x00000000 | l2p_duration
[    5.868776] iwlwifi 0000:02:00.0: 0x00000000 | l2p_mhvalid
[    5.868778] iwlwifi 0000:02:00.0: 0x00000000 | l2p_addr_match
[    5.868780] iwlwifi 0000:02:00.0: 0x00000004 | lmpm_pmg_sel
[    5.868782] iwlwifi 0000:02:00.0: 0x13011136 | timestamp
[    5.868784] iwlwifi 0000:02:00.0: 0x00001820 | flow_handler
[    5.868792] iwlwifi 0000:02:00.0:        CSR_DRAM_INT_TBL_REG: 0X880bd0dd
[    5.868801] iwlwifi 0000:02:00.0:        CSR_GIO_CHICKEN_BITS: 0X27800200
[    5.868809] iwlwifi 0000:02:00.0:             CSR_ANA_PLL_CFG: 0X00000000
[    5.868818] iwlwifi 0000:02:00.0:      CSR_MONITOR_STATUS_REG: 0X43f7ffd7
[    5.868827] iwlwifi 0000:02:00.0:           CSR_HW_REV_WA_REG: 0X0001001a
[    5.868836] iwlwifi 0000:02:00.0:        CSR_DBG_HPET_MEM_REG: 0Xffff0000
[    5.868839] iwlwifi 0000:02:00.0: FH register values:
[    5.868851] iwlwifi 0000:02:00.0: Start IWL Event Log Dump: display last 1 entries
[    5.868865] iwlwifi 0000:02:00.0:         FH_RSCSR_CHNL0_STTS_WPTR_REG: 0X2133f200
[    5.868881] iwlwifi 0000:02:00.0: EVT_LOGT:0000077781:0x0000010c:0123
[    5.868891] iwlwifi 0000:02:00.0: Error clearing ASSOC_MSK on BSS (-110)
[    5.868900] iwlwifi 0000:02:00.0:        FH_RSCSR_CHNL0_RBDCB_BASE_REG: 0X020ce840
[    5.868918] iwlwifi 0000:02:00.0:                  FH_RSCSR_CHNL0_WPTR: 0X00000018
[    5.868944] iwlwifi 0000:02:00.0:         FH_MEM_RCSR_CHNL0_CONFIG_REG: 0X00801114
[    5.868966] iwlwifi 0000:02:00.0:          FH_MEM_RSSR_SHARED_CTRL_REG: 0X000000fc
[    5.868991] iwlwifi 0000:02:00.0:            FH_MEM_RSSR_RX_STATUS_REG: 0X07030000
[    5.869013] iwlwifi 0000:02:00.0:    FH_MEM_RSSR_RX_ENABLE_ERR_IRQ2DRV: 0X00000000
[    5.869038] iwlwifi 0000:02:00.0:                FH_TSSR_TX_STATUS_REG: 0X07ff0001
[    5.869061] iwlwifi 0000:02:00.0:                 FH_TSSR_TX_ERROR_REG: 0X00000000
[    5.869263] ieee80211 phy0: Hardware restart was requested
[    5.869305] IPv6: ADDRCONF(NETDEV_UP): wlan0: link is not ready
[    5.869352] iwlwifi 0000:02:00.0: L1 Disabled; Enabling L0S
[    5.876081] iwlwifi 0000:02:00.0: Radio type=0x2-0x1-0x0
[    9.063276] wlan0: authenticate with 00:0b:86:75:76:79
[    9.068551] wlan0: send auth to 00:0b:86:75:76:79 (try 1/3)
[    9.111642] wlan0: authenticated
[    9.111847] iwlwifi 0000:02:00.0 wlan0: disabling HT/VHT due to WEP/TKIP use
[    9.111853] iwlwifi 0000:02:00.0 wlan0: disabling HT as WMM/QoS is not supported by the AP
[    9.111856] iwlwifi 0000:02:00.0 wlan0: disabling VHT as WMM/QoS is not supported by the AP
[    9.114597] wlan0: associate with 00:0b:86:75:76:79 (try 1/3)
[    9.115921] wlan0: RX AssocResp from 00:0b:86:75:76:79 (capab=0x511 status=0 aid=4)
[    9.118655] wlan0: associated
[    9.118701] IPv6: ADDRCONF(NETDEV_CHANGE): wlan0: link becomes ready
[    9.118769] cfg80211: Calling CRDA for country: NO
[    9.123401] cfg80211: Regulatory domain changed to country: NO
[    9.123407] cfg80211:  DFS Master region: unset
[    9.123409] cfg80211:   (start_freq - end_freq @ bandwidth), (max_antenna_gain, max_eirp), (dfs_cac_time)
[    9.123413] cfg80211:   (2402000 KHz - 2482000 KHz @ 40000 KHz), (N/A, 2000 mBm), (N/A)
[    9.123417] cfg80211:   (5170000 KHz - 5250000 KHz @ 40000 KHz), (N/A, 2000 mBm), (N/A)
[    9.123421] cfg80211:   (5250000 KHz - 5330000 KHz @ 40000 KHz), (N/A, 2000 mBm), (0 s)
[    9.123424] cfg80211:   (5490000 KHz - 5710000 KHz @ 40000 KHz), (N/A, 2700 mBm), (0 s)
[    9.123427] cfg80211:   (57240000 KHz - 65880000 KHz @ 2160000 KHz), (N/A, 4000 mBm), (N/A)
[    9.212218] wlan0: Limiting TX power to 23 (23 - 0) dBm as advertised by 00:0b:86:75:76:79
