[    0.000000] Initializing cgroup subsys cpuset
[    0.000000] Initializing cgroup subsys cpu
[    0.000000] Initializing cgroup subsys cpuacct
[    0.000000] Linux version 3.16.2minimal (aleksiml@nuc) (gcc version 4.8.2 (Ubuntu 4.8.2-19ubuntu1) ) #2 SMP Tue Sep 9 11:36:15 CEST 2014
[    0.000000] Command line: BOOT_IMAGE=/boot/vmlinuz-3.16.2minimal root=UUID=f54f0253-3e5a-4046-afe7-62f154b956d9 ro splash quiet crashkernel=384M-:128M vt.handoff=7
[    0.000000] KERNEL supported cpus:
[    0.000000]   Intel GenuineIntel
[    0.000000] e820: BIOS-provided physical RAM map:
[    0.000000] BIOS-e820: [mem 0x0000000000000000-0x000000000009efff] usable
[    0.000000] BIOS-e820: [mem 0x000000000009f000-0x000000000009ffff] reserved
[    0.000000] BIOS-e820: [mem 0x0000000000100000-0x000000001fffffff] usable
[    0.000000] BIOS-e820: [mem 0x0000000020000000-0x00000000201fffff] reserved
[    0.000000] BIOS-e820: [mem 0x0000000020200000-0x0000000040003fff] usable
[    0.000000] BIOS-e820: [mem 0x0000000040004000-0x0000000040004fff] reserved
[    0.000000] BIOS-e820: [mem 0x0000000040005000-0x000000007dfdcfff] usable
[    0.000000] BIOS-e820: [mem 0x000000007dfdd000-0x000000007e301fff] reserved
[    0.000000] BIOS-e820: [mem 0x000000007e302000-0x000000007e311fff] ACPI data
[    0.000000] BIOS-e820: [mem 0x000000007e312000-0x000000007e427fff] ACPI NVS
[    0.000000] BIOS-e820: [mem 0x000000007e428000-0x000000007e60afff] reserved
[    0.000000] BIOS-e820: [mem 0x000000007e60b000-0x000000007e69bfff] type 20
[    0.000000] BIOS-e820: [mem 0x000000007e69c000-0x000000007e69cfff] usable
[    0.000000] BIOS-e820: [mem 0x000000007e69d000-0x000000007e6dffff] ACPI NVS
[    0.000000] BIOS-e820: [mem 0x000000007e6e0000-0x000000007effffff] usable
[    0.000000] BIOS-e820: [mem 0x000000007f800000-0x000000009f9fffff] reserved
[    0.000000] BIOS-e820: [mem 0x00000000f8000000-0x00000000fbffffff] reserved
[    0.000000] BIOS-e820: [mem 0x00000000fec00000-0x00000000fec00fff] reserved
[    0.000000] BIOS-e820: [mem 0x00000000fed00000-0x00000000fed03fff] reserved
[    0.000000] BIOS-e820: [mem 0x00000000fed1c000-0x00000000fed1ffff] reserved
[    0.000000] BIOS-e820: [mem 0x00000000fee00000-0x00000000fee00fff] reserved
[    0.000000] BIOS-e820: [mem 0x00000000ff000000-0x00000000ffffffff] reserved
[    0.000000] BIOS-e820: [mem 0x0000000100000000-0x000000025f5fffff] usable
[    0.000000] NX (Execute Disable) protection: active
[    0.000000] efi: EFI v2.31 by American Megatrends
[    0.000000] efi:  ACPI=0x7e307000  ACPI 2.0=0x7e307000  SMBIOS=0xf04c0  MPS=0xfd440 
[    0.000000] efi: mem00: type=3, attr=0xf, range=[0x0000000000000000-0x0000000000008000) (0MB)
[    0.000000] efi: mem01: type=7, attr=0xf, range=[0x0000000000008000-0x000000000005e000) (0MB)
[    0.000000] efi: mem02: type=4, attr=0xf, range=[0x000000000005e000-0x0000000000060000) (0MB)
[    0.000000] efi: mem03: type=3, attr=0xf, range=[0x0000000000060000-0x000000000009f000) (0MB)
[    0.000000] efi: mem04: type=6, attr=0x800000000000000f, range=[0x000000000009f000-0x00000000000a0000) (0MB)
[    0.000000] efi: mem05: type=7, attr=0xf, range=[0x0000000000100000-0x0000000001000000) (15MB)
[    0.000000] efi: mem06: type=2, attr=0xf, range=[0x0000000001000000-0x0000000002357000) (19MB)
[    0.000000] efi: mem07: type=7, attr=0xf, range=[0x0000000002357000-0x0000000020000000) (476MB)
[    0.000000] efi: mem08: type=0, attr=0xf, range=[0x0000000020000000-0x0000000020200000) (2MB)
[    0.000000] efi: mem09: type=7, attr=0xf, range=[0x0000000020200000-0x00000000379fc000) (375MB)
[    0.000000] efi: mem10: type=2, attr=0xf, range=[0x00000000379fc000-0x0000000037cf6000) (2MB)
[    0.000000] efi: mem11: type=7, attr=0xf, range=[0x0000000037cf6000-0x0000000040004000) (131MB)
[    0.000000] efi: mem12: type=0, attr=0xf, range=[0x0000000040004000-0x0000000040005000) (0MB)
[    0.000000] efi: mem13: type=7, attr=0xf, range=[0x0000000040005000-0x0000000051fd1000) (287MB)
[    0.000000] efi: mem14: type=2, attr=0xf, range=[0x0000000051fd1000-0x000000006e74e000) (455MB)
[    0.000000] efi: mem15: type=7, attr=0xf, range=[0x000000006e74e000-0x000000006e754000) (0MB)
[    0.000000] efi: mem16: type=2, attr=0xf, range=[0x000000006e754000-0x000000006e92a000) (1MB)
[    0.000000] efi: mem17: type=1, attr=0xf, range=[0x000000006e92a000-0x000000006eb48000) (2MB)
[    0.000000] efi: mem18: type=7, attr=0xf, range=[0x000000006eb48000-0x0000000072042000) (52MB)
[    0.000000] efi: mem19: type=4, attr=0xf, range=[0x0000000072042000-0x0000000072072000) (0MB)
[    0.000000] efi: mem20: type=7, attr=0xf, range=[0x0000000072072000-0x0000000072077000) (0MB)
[    0.000000] efi: mem21: type=4, attr=0xf, range=[0x0000000072077000-0x0000000072078000) (0MB)
[    0.000000] efi: mem22: type=7, attr=0xf, range=[0x0000000072078000-0x000000007207b000) (0MB)
[    0.000000] efi: mem23: type=4, attr=0xf, range=[0x000000007207b000-0x000000007207d000) (0MB)
[    0.000000] efi: mem24: type=7, attr=0xf, range=[0x000000007207d000-0x000000007208b000) (0MB)
[    0.000000] efi: mem25: type=4, attr=0xf, range=[0x000000007208b000-0x000000007208c000) (0MB)
[    0.000000] efi: mem26: type=7, attr=0xf, range=[0x000000007208c000-0x00000000720c0000) (0MB)
[    0.000000] efi: mem27: type=4, attr=0xf, range=[0x00000000720c0000-0x0000000072101000) (0MB)
[    0.000000] efi: mem28: type=7, attr=0xf, range=[0x0000000072101000-0x0000000072115000) (0MB)
[    0.000000] efi: mem29: type=4, attr=0xf, range=[0x0000000072115000-0x0000000072140000) (0MB)
[    0.000000] efi: mem30: type=7, attr=0xf, range=[0x0000000072140000-0x0000000072152000) (0MB)
[    0.000000] efi: mem31: type=4, attr=0xf, range=[0x0000000072152000-0x000000007225c000) (1MB)
[    0.000000] efi: mem32: type=7, attr=0xf, range=[0x000000007225c000-0x0000000072270000) (0MB)
[    0.000000] efi: mem33: type=4, attr=0xf, range=[0x0000000072270000-0x0000000072558000) (2MB)
[    0.000000] efi: mem34: type=7, attr=0xf, range=[0x0000000072558000-0x0000000072559000) (0MB)
[    0.000000] efi: mem35: type=4, attr=0xf, range=[0x0000000072559000-0x0000000072562000) (0MB)
[    0.000000] efi: mem36: type=7, attr=0xf, range=[0x0000000072562000-0x0000000072564000) (0MB)
[    0.000000] efi: mem37: type=4, attr=0xf, range=[0x0000000072564000-0x0000000072565000) (0MB)
[    0.000000] efi: mem38: type=7, attr=0xf, range=[0x0000000072565000-0x0000000072566000) (0MB)
[    0.000000] efi: mem39: type=4, attr=0xf, range=[0x0000000072566000-0x0000000072568000) (0MB)
[    0.000000] efi: mem40: type=7, attr=0xf, range=[0x0000000072568000-0x0000000072569000) (0MB)
[    0.000000] efi: mem41: type=4, attr=0xf, range=[0x0000000072569000-0x000000007256c000) (0MB)
[    0.000000] efi: mem42: type=7, attr=0xf, range=[0x000000007256c000-0x000000007257d000) (0MB)
[    0.000000] efi: mem43: type=4, attr=0xf, range=[0x000000007257d000-0x000000007257e000) (0MB)
[    0.000000] efi: mem44: type=7, attr=0xf, range=[0x000000007257e000-0x000000007258a000) (0MB)
[    0.000000] efi: mem45: type=4, attr=0xf, range=[0x000000007258a000-0x000000007258b000) (0MB)
[    0.000000] efi: mem46: type=7, attr=0xf, range=[0x000000007258b000-0x000000007258e000) (0MB)
[    0.000000] efi: mem47: type=4, attr=0xf, range=[0x000000007258e000-0x0000000072591000) (0MB)
[    0.000000] efi: mem48: type=7, attr=0xf, range=[0x0000000072591000-0x0000000072593000) (0MB)
[    0.000000] efi: mem49: type=4, attr=0xf, range=[0x0000000072593000-0x000000007275c000) (1MB)
[    0.000000] efi: mem50: type=7, attr=0xf, range=[0x000000007275c000-0x000000007275f000) (0MB)
[    0.000000] efi: mem51: type=4, attr=0xf, range=[0x000000007275f000-0x000000007276a000) (0MB)
[    0.000000] efi: mem52: type=7, attr=0xf, range=[0x000000007276a000-0x0000000072773000) (0MB)
[    0.000000] efi: mem53: type=4, attr=0xf, range=[0x0000000072773000-0x000000007277c000) (0MB)
[    0.000000] efi: mem54: type=7, attr=0xf, range=[0x000000007277c000-0x000000007277e000) (0MB)
[    0.000000] efi: mem55: type=4, attr=0xf, range=[0x000000007277e000-0x000000007c1e6000) (154MB)
[    0.000000] efi: mem56: type=7, attr=0xf, range=[0x000000007c1e6000-0x000000007c1e9000) (0MB)
[    0.000000] efi: mem57: type=4, attr=0xf, range=[0x000000007c1e9000-0x000000007d5eb000) (20MB)
[    0.000000] efi: mem58: type=7, attr=0xf, range=[0x000000007d5eb000-0x000000007dad2000) (4MB)
[    0.000000] efi: mem59: type=2, attr=0xf, range=[0x000000007dad2000-0x000000007dadd000) (0MB)
[    0.000000] efi: mem60: type=3, attr=0xf, range=[0x000000007dadd000-0x000000007dfdd000) (5MB)
[    0.000000] efi: mem61: type=0, attr=0xf, range=[0x000000007dfdd000-0x000000007e269000) (2MB)
[    0.000000] efi: mem62: type=0, attr=0xf, range=[0x000000007e269000-0x000000007e297000) (0MB)
[    0.000000] efi: mem63: type=0, attr=0xf, range=[0x000000007e297000-0x000000007e2a6000) (0MB)
[    0.000000] efi: mem64: type=0, attr=0xf, range=[0x000000007e2a6000-0x000000007e2a8000) (0MB)
[    0.000000] efi: mem65: type=0, attr=0xf, range=[0x000000007e2a8000-0x000000007e2af000) (0MB)
[    0.000000] efi: mem66: type=0, attr=0xf, range=[0x000000007e2af000-0x000000007e302000) (0MB)
[    0.000000] efi: mem67: type=9, attr=0xf, range=[0x000000007e302000-0x000000007e307000) (0MB)
[    0.000000] efi: mem68: type=9, attr=0xf, range=[0x000000007e307000-0x000000007e312000) (0MB)
[    0.000000] efi: mem69: type=10, attr=0xf, range=[0x000000007e312000-0x000000007e38c000) (0MB)
[    0.000000] efi: mem70: type=10, attr=0xf, range=[0x000000007e38c000-0x000000007e428000) (0MB)
[    0.000000] efi: mem71: type=6, attr=0x800000000000000f, range=[0x000000007e428000-0x000000007e488000) (0MB)
[    0.000000] efi: mem72: type=6, attr=0x800000000000000f, range=[0x000000007e488000-0x000000007e56b000) (0MB)
[    0.000000] efi: mem73: type=6, attr=0x800000000000000f, range=[0x000000007e56b000-0x000000007e56d000) (0MB)
[    0.000000] efi: mem74: type=6, attr=0x800000000000000f, range=[0x000000007e56d000-0x000000007e60b000) (0MB)
[    0.000000] efi: mem75: type=5, attr=0x800000000000000f, range=[0x000000007e60b000-0x000000007e628000) (0MB)
[    0.000000] efi: mem76: type=5, attr=0x800000000000000f, range=[0x000000007e628000-0x000000007e69c000) (0MB)
[    0.000000] efi: mem77: type=4, attr=0xf, range=[0x000000007e69c000-0x000000007e69d000) (0MB)
[    0.000000] efi: mem78: type=10, attr=0xf, range=[0x000000007e69d000-0x000000007e6e0000) (0MB)
[    0.000000] efi: mem79: type=4, attr=0xf, range=[0x000000007e6e0000-0x000000007ed2e000) (6MB)
[    0.000000] efi: mem80: type=3, attr=0xf, range=[0x000000007ed2e000-0x000000007efca000) (2MB)
[    0.000000] efi: mem81: type=4, attr=0xf, range=[0x000000007efca000-0x000000007efd9000) (0MB)
[    0.000000] efi: mem82: type=3, attr=0xf, range=[0x000000007efd9000-0x000000007efeb000) (0MB)
[    0.000000] efi: mem83: type=4, attr=0xf, range=[0x000000007efeb000-0x000000007f000000) (0MB)
[    0.000000] efi: mem84: type=7, attr=0xf, range=[0x0000000100000000-0x000000025f600000) (5622MB)
[    0.000000] efi: mem85: type=0, attr=0x8000000000000000, range=[0x000000007f800000-0x000000009fa00000) (514MB)
[    0.000000] efi: mem86: type=11, attr=0x8000000000000001, range=[0x00000000f8000000-0x00000000fc000000) (64MB)
[    0.000000] efi: mem87: type=11, attr=0x8000000000000001, range=[0x00000000fec00000-0x00000000fec01000) (0MB)
[    0.000000] efi: mem88: type=11, attr=0x8000000000000001, range=[0x00000000fed00000-0x00000000fed04000) (0MB)
[    0.000000] efi: mem89: type=11, attr=0x8000000000000001, range=[0x00000000fed1c000-0x00000000fed20000) (0MB)
[    0.000000] efi: mem90: type=11, attr=0x8000000000000001, range=[0x00000000fee00000-0x00000000fee01000) (0MB)
[    0.000000] efi: mem91: type=11, attr=0x8000000000000001, range=[0x00000000ff000000-0x0000000100000000) (16MB)
[    0.000000] SMBIOS 2.7 present.
[    0.000000] DMI:                  /D33217CK, BIOS GKPPT10H.86A.0032.2012.1127.1710 11/27/2012
[    0.000000] e820: update [mem 0x00000000-0x00000fff] usable ==> reserved
[    0.000000] e820: remove [mem 0x000a0000-0x000fffff] usable
[    0.000000] e820: last_pfn = 0x25f600 max_arch_pfn = 0x400000000
[    0.000000] MTRR default type: uncachable
[    0.000000] MTRR fixed ranges enabled:
[    0.000000]   00000-9FFFF write-back
[    0.000000]   A0000-BFFFF uncachable
[    0.000000]   C0000-CFFFF write-protect
[    0.000000]   D0000-DFFFF uncachable
[    0.000000]   E0000-FFFFF write-protect
[    0.000000] MTRR variable ranges enabled:
[    0.000000]   0 base 000000000 mask E00000000 write-back
[    0.000000]   1 base 200000000 mask FC0000000 write-back
[    0.000000]   2 base 240000000 mask FE0000000 write-back
[    0.000000]   3 base 080000000 mask F80000000 uncachable
[    0.000000]   4 base 07F800000 mask FFF800000 uncachable
[    0.000000]   5 base 25F800000 mask FFF800000 uncachable
[    0.000000]   6 base 25F600000 mask FFFE00000 uncachable
[    0.000000]   7 disabled
[    0.000000]   8 disabled
[    0.000000]   9 disabled
[    0.000000] x86 PAT enabled: cpu 0, old 0x7040600070406, new 0x7010600070106
[    0.000000] original variable MTRRs
[    0.000000] reg 0, base: 0GB, range: 8GB, type WB
[    0.000000] reg 1, base: 8GB, range: 1GB, type WB
[    0.000000] reg 2, base: 9GB, range: 512MB, type WB
[    0.000000] reg 3, base: 2GB, range: 2GB, type UC
[    0.000000] reg 4, base: 2040MB, range: 8MB, type UC
[    0.000000] reg 5, base: 9720MB, range: 8MB, type UC
[    0.000000] reg 6, base: 9718MB, range: 2MB, type UC
[    0.000000] total RAM covered: 7662M
[    0.000000] Found optimal setting for mtrr clean up
[    0.000000]  gran_size: 64K 	chunk_size: 16M 	num_reg: 7  	lose cover RAM: 0G
[    0.000000] New variable MTRRs
[    0.000000] reg 0, base: 0GB, range: 2GB, type WB
[    0.000000] reg 1, base: 2040MB, range: 8MB, type UC
[    0.000000] reg 2, base: 4GB, range: 4GB, type WB
[    0.000000] reg 3, base: 8GB, range: 1GB, type WB
[    0.000000] reg 4, base: 9GB, range: 512MB, type WB
[    0.000000] reg 5, base: 9718MB, range: 2MB, type UC
[    0.000000] reg 6, base: 9720MB, range: 8MB, type UC
[    0.000000] e820: update [mem 0x7f800000-0xffffffff] usable ==> reserved
[    0.000000] e820: last_pfn = 0x7f000 max_arch_pfn = 0x400000000
[    0.000000] found SMP MP-table at [mem 0x000fd730-0x000fd73f] mapped at [ffff8800000fd730]
[    0.000000] Scanning 1 areas for low memory corruption
[    0.000000] Base memory trampoline at [ffff880000097000] 97000 size 24576
[    0.000000] init_memory_mapping: [mem 0x00000000-0x000fffff]
[    0.000000]  [mem 0x00000000-0x000fffff] page 4k
[    0.000000] BRK [0x01f65000, 0x01f65fff] PGTABLE
[    0.000000] BRK [0x01f66000, 0x01f66fff] PGTABLE
[    0.000000] BRK [0x01f67000, 0x01f67fff] PGTABLE
[    0.000000] init_memory_mapping: [mem 0x25f400000-0x25f5fffff]
[    0.000000]  [mem 0x25f400000-0x25f5fffff] page 2M
[    0.000000] BRK [0x01f68000, 0x01f68fff] PGTABLE
[    0.000000] init_memory_mapping: [mem 0x25c000000-0x25f3fffff]
[    0.000000]  [mem 0x25c000000-0x25f3fffff] page 2M
[    0.000000] init_memory_mapping: [mem 0x200000000-0x25bffffff]
[    0.000000]  [mem 0x200000000-0x25bffffff] page 2M
[    0.000000] BRK [0x01f69000, 0x01f69fff] PGTABLE
[    0.000000] init_memory_mapping: [mem 0x00100000-0x1fffffff]
[    0.000000]  [mem 0x00100000-0x001fffff] page 4k
[    0.000000]  [mem 0x00200000-0x1fffffff] page 2M
[    0.000000] init_memory_mapping: [mem 0x20200000-0x40003fff]
[    0.000000]  [mem 0x20200000-0x3fffffff] page 2M
[    0.000000]  [mem 0x40000000-0x40003fff] page 4k
[    0.000000] BRK [0x01f6a000, 0x01f6afff] PGTABLE
[    0.000000] init_memory_mapping: [mem 0x40005000-0x7dfdcfff]
[    0.000000]  [mem 0x40005000-0x401fffff] page 4k
[    0.000000]  [mem 0x40200000-0x7ddfffff] page 2M
[    0.000000]  [mem 0x7de00000-0x7dfdcfff] page 4k
[    0.000000] init_memory_mapping: [mem 0x7e69c000-0x7e69cfff]
[    0.000000]  [mem 0x7e69c000-0x7e69cfff] page 4k
[    0.000000] init_memory_mapping: [mem 0x7e6e0000-0x7effffff]
[    0.000000]  [mem 0x7e6e0000-0x7e7fffff] page 4k
[    0.000000]  [mem 0x7e800000-0x7effffff] page 2M
[    0.000000] init_memory_mapping: [mem 0x100000000-0x1ffffffff]
[    0.000000]  [mem 0x100000000-0x1ffffffff] page 2M
[    0.000000] RAMDISK: [mem 0x379fc000-0x37cf5fff]
[    0.000000] ACPI: Early table checksum verification disabled
[    0.000000] ACPI: RSDP 0x000000007E307000 000024 (v02 INTEL )
[    0.000000] ACPI: XSDT 0x000000007E307078 00006C (v01 INTEL  DQS77CL  00000020 AMI  00010013)
[    0.000000] ACPI: FACP 0x000000007E3106A8 00010C (v05 INTEL  DQS77CL  00000020 AMI  00010013)
[    0.000000] ACPI: DSDT 0x000000007E307170 009532 (v02 INTEL  DQS77CL  00000020 INTL 20051117)
[    0.000000] ACPI: FACS 0x000000007E426080 000040
[    0.000000] ACPI: APIC 0x000000007E3107B8 000072 (v03 INTEL  DQS77CL  00000020 AMI  00010013)
[    0.000000] ACPI: FPDT 0x000000007E310830 000044 (v01 INTEL  DQS77CL  00000020 AMI  00010013)
[    0.000000] ACPI: MCFG 0x000000007E310878 00003C (v01 INTEL  DQS77CL  00000020 MSFT 00000097)
[    0.000000] ACPI: HPET 0x000000007E3108B8 000038 (v01 INTEL  DQS77CL  00000020 AMI. 00000005)
[    0.000000] ACPI: SSDT 0x000000007E3108F0 000315 (v01 INTEL  DQS77CL  00000020 INTL 20091112)
[    0.000000] ACPI: SSDT 0x000000007E310C08 0008A2 (v01 INTEL  DQS77CL  00000020 INTL 20051117)
[    0.000000] ACPI: SSDT 0x000000007E3114B0 000A92 (v01 INTEL  DQS77CL  00000020 INTL 20051117)
[    0.000000] ACPI: BGRT 0x000000007E311F48 000038 (v00 INTEL  DQS77CL  00000020 AMI  00010013)
[    0.000000] ACPI: Local APIC address 0xfee00000
[    0.000000] No NUMA configuration found
[    0.000000] Faking a node at [mem 0x0000000000000000-0x000000025f5fffff]
[    0.000000] Initmem setup node 0 [mem 0x00000000-0x25f5fffff]
[    0.000000]   NODE_DATA [mem 0x25f5f4000-0x25f5f8fff]
[    0.000000] Reserving 128MB of memory at 752MB for crashkernel (System RAM: 7644MB)
[    0.000000]  [ffffea0000000000-ffffea00097fffff] PMD -> [ffff880257400000-ffff88025ebfffff] on node 0
[    0.000000] Zone ranges:
[    0.000000]   DMA      [mem 0x00001000-0x00ffffff]
[    0.000000]   DMA32    [mem 0x01000000-0xffffffff]
[    0.000000]   Normal   [mem 0x100000000-0x25f5fffff]
[    0.000000] Movable zone start for each node
[    0.000000] Early memory node ranges
[    0.000000]   node   0: [mem 0x00001000-0x0009efff]
[    0.000000]   node   0: [mem 0x00100000-0x1fffffff]
[    0.000000]   node   0: [mem 0x20200000-0x40003fff]
[    0.000000]   node   0: [mem 0x40005000-0x7dfdcfff]
[    0.000000]   node   0: [mem 0x7e69c000-0x7e69cfff]
[    0.000000]   node   0: [mem 0x7e6e0000-0x7effffff]
[    0.000000]   node   0: [mem 0x100000000-0x25f5fffff]
[    0.000000] On node 0 totalpages: 1957019
[    0.000000]   DMA zone: 64 pages used for memmap
[    0.000000]   DMA zone: 27 pages reserved
[    0.000000]   DMA zone: 3998 pages, LIFO batch:0
[    0.000000]   DMA32 zone: 8028 pages used for memmap
[    0.000000]   DMA32 zone: 513789 pages, LIFO batch:31
[    0.000000]   Normal zone: 22488 pages used for memmap
[    0.000000]   Normal zone: 1439232 pages, LIFO batch:31
[    0.000000] Reserving Intel graphics stolen memory at 0x7fa00000-0x9f9fffff
[    0.000000] ACPI: PM-Timer IO Port: 0x408
[    0.000000] ACPI: Local APIC address 0xfee00000
[    0.000000] ACPI: LAPIC (acpi_id[0x01] lapic_id[0x00] enabled)
[    0.000000] ACPI: LAPIC (acpi_id[0x02] lapic_id[0x02] enabled)
[    0.000000] ACPI: LAPIC (acpi_id[0x03] lapic_id[0x01] enabled)
[    0.000000] ACPI: LAPIC (acpi_id[0x04] lapic_id[0x03] enabled)
[    0.000000] ACPI: LAPIC_NMI (acpi_id[0xff] high edge lint[0x1])
[    0.000000] ACPI: IOAPIC (id[0x02] address[0xfec00000] gsi_base[0])
[    0.000000] IOAPIC[0]: apic_id 2, version 32, address 0xfec00000, GSI 0-23
[    0.000000] ACPI: INT_SRC_OVR (bus 0 bus_irq 0 global_irq 2 dfl dfl)
[    0.000000] ACPI: INT_SRC_OVR (bus 0 bus_irq 9 global_irq 9 high level)
[    0.000000] ACPI: IRQ0 used by override.
[    0.000000] ACPI: IRQ2 used by override.
[    0.000000] ACPI: IRQ9 used by override.
[    0.000000] Using ACPI (MADT) for SMP configuration information
[    0.000000] ACPI: HPET id: 0x8086a701 base: 0xfed00000
[    0.000000] smpboot: Allowing 4 CPUs, 0 hotplug CPUs
[    0.000000] nr_irqs_gsi: 40
[    0.000000] e820: [mem 0x9fa00000-0xf7ffffff] available for PCI devices
[    0.000000] setup_percpu: NR_CPUS:256 nr_cpumask_bits:256 nr_cpu_ids:4 nr_node_ids:1
[    0.000000] PERCPU: Embedded 27 pages/cpu @ffff88025f200000 s80960 r8192 d21440 u524288
[    0.000000] pcpu-alloc: s80960 r8192 d21440 u524288 alloc=1*2097152
[    0.000000] pcpu-alloc: [0] 0 1 2 3 
[    0.000000] Built 1 zonelists in Zone order, mobility grouping on.  Total pages: 1926412
[    0.000000] Policy zone: Normal
[    0.000000] Kernel command line: BOOT_IMAGE=/boot/vmlinuz-3.16.2minimal root=UUID=f54f0253-3e5a-4046-afe7-62f154b956d9 ro splash quiet crashkernel=384M-:128M vt.handoff=7
[    0.000000] PID hash table entries: 4096 (order: 3, 32768 bytes)
[    0.000000] xsave: enabled xstate_bv 0x7, cntxt size 0x340
[    0.000000] Memory: 7288660K/7828076K available (6446K kernel code, 1030K rwdata, 3080K rodata, 1156K init, 1256K bss, 539416K reserved)
[    0.000000] SLUB: HWalign=64, Order=0-3, MinObjects=0, CPUs=4, Nodes=1
[    0.000000] Hierarchical RCU implementation.
[    0.000000] 	RCU dyntick-idle grace-period acceleration is enabled.
[    0.000000] 	RCU restricting CPUs from NR_CPUS=256 to nr_cpu_ids=4.
[    0.000000] 	Offload RCU callbacks from all CPUs
[    0.000000] 	Offload RCU callbacks from CPUs: 0-3.
[    0.000000] RCU: Adjusting geometry for rcu_fanout_leaf=16, nr_cpu_ids=4
[    0.000000] NR_IRQS:16640 nr_irqs:712 16
[    0.000000] Console: colour dummy device 80x25
[    0.000000] console [tty0] enabled
[    0.000000] allocated 31457280 bytes of page_cgroup
[    0.000000] please try 'cgroup_disable=memory' option if you don't want memory cgroups
[    0.000000] hpet clockevent registered
[    0.000000] tsc: Fast TSC calibration using PIT
[    0.000000] tsc: Detected 1797.707 MHz processor
[    0.000043] Calibrating delay loop (skipped), value calculated using timer frequency.. 3595.41 BogoMIPS (lpj=7190828)
[    0.000047] pid_max: default: 32768 minimum: 301
[    0.000054] ACPI: Core revision 20140424
[    0.008525] ACPI: All ACPI Tables successfully acquired
[    0.009859] Security Framework initialized
[    0.009869] SELinux:  Disabled at boot.
[    0.010588] Dentry cache hash table entries: 1048576 (order: 11, 8388608 bytes)
[    0.013477] Inode-cache hash table entries: 524288 (order: 10, 4194304 bytes)
[    0.014759] Mount-cache hash table entries: 16384 (order: 5, 131072 bytes)
[    0.014773] Mountpoint-cache hash table entries: 16384 (order: 5, 131072 bytes)
[    0.015045] Initializing cgroup subsys memory
[    0.015075] Initializing cgroup subsys devices
[    0.015083] Initializing cgroup subsys freezer
[    0.015087] Initializing cgroup subsys net_cls
[    0.015091] Initializing cgroup subsys blkio
[    0.015096] Initializing cgroup subsys perf_event
[    0.015098] Initializing cgroup subsys hugetlb
[    0.015126] CPU: Physical Processor ID: 0
[    0.015127] CPU: Processor Core ID: 0
[    0.015133] ENERGY_PERF_BIAS: Set to 'normal', was 'performance'
[    0.015133] ENERGY_PERF_BIAS: View and update with x86_energy_perf_policy(8)
[    0.015137] mce: CPU supports 7 MCE banks
[    0.015151] CPU0: Thermal monitoring enabled (TM1)
[    0.015162] Last level iTLB entries: 4KB 512, 2MB 8, 4MB 8
[    0.015162] Last level dTLB entries: 4KB 512, 2MB 32, 4MB 32, 1GB 0
[    0.015162] tlb_flushall_shift: 2
[    0.015317] Freeing SMP alternatives memory: 24K (ffffffff81e24000 - ffffffff81e2a000)
[    0.023485] ftrace: allocating 25089 entries in 99 pages
[    0.039720] ..TIMER: vector=0x30 apic1=0 pin1=2 apic2=-1 pin2=-1
[    0.079432] smpboot: CPU0: Intel(R) Core(TM) i3-3217U CPU @ 1.80GHz (fam: 06, model: 3a, stepping: 09)
[    0.079444] TSC deadline timer enabled
[    0.079475] Performance Events: PEBS fmt1+, 16-deep LBR, IvyBridge events, full-width counters, Intel PMU driver.
[    0.079502] ... version:                3
[    0.079503] ... bit width:              48
[    0.079505] ... generic registers:      4
[    0.079506] ... value mask:             0000ffffffffffff
[    0.079507] ... max period:             0000ffffffffffff
[    0.079508] ... fixed-purpose events:   3
[    0.079510] ... event mask:             000000070000000f
[    0.081410] NMI watchdog: enabled on all CPUs, permanently consumes one hw-PMU counter.
[    0.081489] x86: Booting SMP configuration:
[    0.081492] .... node  #0, CPUs:      #1 #2 #3
[    0.120930] x86: Booted up 1 node, 4 CPUs
[    0.120934] smpboot: Total of 4 processors activated (14381.65 BogoMIPS)
[    0.124777] devtmpfs: initialized
[    0.129048] evm: security.selinux
[    0.129050] evm: security.SMACK64
[    0.129052] evm: security.ima
[    0.129053] evm: security.capability
[    0.130240] pinctrl core: initialized pinctrl subsystem
[    0.130315] regulator-dummy: no parameters
[    0.130389] NET: Registered protocol family 16
[    0.130570] cpuidle: using governor ladder
[    0.130573] cpuidle: using governor menu
[    0.130635] ACPI FADT declares the system doesn't support PCIe ASPM, so disable it
[    0.130637] ACPI: bus type PCI registered
[    0.130639] acpiphp: ACPI Hot Plug PCI Controller Driver version: 0.5
[    0.130711] PCI: MMCONFIG for domain 0000 [bus 00-3f] at [mem 0xf8000000-0xfbffffff] (base 0xf8000000)
[    0.130714] PCI: MMCONFIG at [mem 0xf8000000-0xfbffffff] reserved in E820
[    0.130787] PCI: Using configuration type 1 for base access
[    0.133384] ACPI: Added _OSI(Module Device)
[    0.133387] ACPI: Added _OSI(Processor Device)
[    0.133388] ACPI: Added _OSI(3.0 _SCP Extensions)
[    0.133390] ACPI: Added _OSI(Processor Aggregator Device)
[    0.136828] ACPI: Executed 1 blocks of module-level executable AML code
[    0.141427] ACPI: Dynamic OEM Table Load:
[    0.141438] ACPI: SSDT 0xFFFF880253F01000 00083B (v01 PmRef  Cpu0Cst  00003001 INTL 20051117)
[    0.145259] ACPI: Dynamic OEM Table Load:
[    0.145267] ACPI: SSDT 0xFFFF880253D69000 000303 (v01 PmRef  ApIst    00003000 INTL 20051117)
[    0.149083] ACPI: Dynamic OEM Table Load:
[    0.149089] ACPI: SSDT 0xFFFF880253F3A000 000119 (v01 PmRef  ApCst    00003000 INTL 20051117)
[    0.153617] ACPI: Interpreter enabled
[    0.153625] ACPI: (supports S0 S5)
[    0.153627] ACPI: Using IOAPIC for interrupt routing
[    0.153660] PCI: Using host bridge windows from ACPI; if necessary, use "pci=nocrs" and report a bug
[    0.161020] ACPI: Power Resource [FN00] (off)
[    0.161120] ACPI: Power Resource [FN01] (off)
[    0.161217] ACPI: Power Resource [FN02] (off)
[    0.161308] ACPI: Power Resource [FN03] (off)
[    0.161400] ACPI: Power Resource [FN04] (off)
[    0.162099] ACPI: PCI Root Bridge [PCI0] (domain 0000 [bus 00-3e])
[    0.162105] acpi PNP0A08:00: _OSC: OS supports [ExtendedConfig ASPM ClockPM Segments MSI]
[    0.162299] acpi PNP0A08:00: _OSC: platform does not support [PCIeHotplug PME]
[    0.162453] acpi PNP0A08:00: _OSC: OS now controls [AER PCIeCapability]
[    0.163244] PCI host bridge to bus 0000:00
[    0.163248] pci_bus 0000:00: root bus resource [bus 00-3e]
[    0.163250] pci_bus 0000:00: root bus resource [io  0x0000-0x0cf7]
[    0.163252] pci_bus 0000:00: root bus resource [io  0x0d00-0xffff]
[    0.163255] pci_bus 0000:00: root bus resource [mem 0x000a0000-0x000bffff]
[    0.163257] pci_bus 0000:00: root bus resource [mem 0x000d0000-0x000d3fff]
[    0.163259] pci_bus 0000:00: root bus resource [mem 0x000d4000-0x000d7fff]
[    0.163261] pci_bus 0000:00: root bus resource [mem 0x000d8000-0x000dbfff]
[    0.163263] pci_bus 0000:00: root bus resource [mem 0x000dc000-0x000dffff]
[    0.163265] pci_bus 0000:00: root bus resource [mem 0x9fa00000-0xfeafffff]
[    0.163274] pci 0000:00:00.0: [8086:0154] type 00 class 0x060000
[    0.163392] pci 0000:00:02.0: [8086:0166] type 00 class 0x030000
[    0.163407] pci 0000:00:02.0: reg 0x10: [mem 0xf6400000-0xf67fffff 64bit]
[    0.163415] pci 0000:00:02.0: reg 0x18: [mem 0xa0000000-0xafffffff 64bit pref]
[    0.163421] pci 0000:00:02.0: reg 0x20: [io  0xf000-0xf03f]
[    0.163556] pci 0000:00:16.0: [8086:1e3a] type 00 class 0x078000
[    0.163585] pci 0000:00:16.0: reg 0x10: [mem 0xf690b000-0xf690b00f 64bit]
[    0.163672] pci 0000:00:16.0: PME# supported from D0 D3hot D3cold
[    0.163783] pci 0000:00:1a.0: [8086:1e2d] type 00 class 0x0c0320
[    0.163808] pci 0000:00:1a.0: reg 0x10: [mem 0xf6908000-0xf69083ff]
[    0.163916] pci 0000:00:1a.0: PME# supported from D0 D3hot D3cold
[    0.164015] pci 0000:00:1b.0: [8086:1e20] type 00 class 0x040300
[    0.164034] pci 0000:00:1b.0: reg 0x10: [mem 0xf6900000-0xf6903fff 64bit]
[    0.164113] pci 0000:00:1b.0: PME# supported from D0 D3hot D3cold
[    0.164207] pci 0000:00:1c.0: [8086:1e10] type 01 class 0x060400
[    0.164347] pci 0000:00:1c.0: PME# supported from D0 D3hot D3cold
[    0.164457] pci 0000:00:1c.2: [8086:1e14] type 01 class 0x060400
[    0.164597] pci 0000:00:1c.2: PME# supported from D0 D3hot D3cold
[    0.164707] pci 0000:00:1c.4: [8086:1e18] type 01 class 0x060400
[    0.164848] pci 0000:00:1c.4: PME# supported from D0 D3hot D3cold
[    0.164961] pci 0000:00:1d.0: [8086:1e26] type 00 class 0x0c0320
[    0.164987] pci 0000:00:1d.0: reg 0x10: [mem 0xf6907000-0xf69073ff]
[    0.165095] pci 0000:00:1d.0: PME# supported from D0 D3hot D3cold
[    0.165194] pci 0000:00:1f.0: [8086:1e56] type 00 class 0x060100
[    0.165405] pci 0000:00:1f.2: [8086:1e03] type 00 class 0x010601
[    0.165428] pci 0000:00:1f.2: reg 0x10: [io  0xf0b0-0xf0b7]
[    0.165439] pci 0000:00:1f.2: reg 0x14: [io  0xf0a0-0xf0a3]
[    0.165450] pci 0000:00:1f.2: reg 0x18: [io  0xf090-0xf097]
[    0.165461] pci 0000:00:1f.2: reg 0x1c: [io  0xf080-0xf083]
[    0.165470] pci 0000:00:1f.2: reg 0x20: [io  0xf060-0xf07f]
[    0.165481] pci 0000:00:1f.2: reg 0x24: [mem 0xf6906000-0xf69067ff]
[    0.165535] pci 0000:00:1f.2: PME# supported from D3hot
[    0.165621] pci 0000:00:1f.3: [8086:1e22] type 00 class 0x0c0500
[    0.165641] pci 0000:00:1f.3: reg 0x10: [mem 0xf6905000-0xf69050ff 64bit]
[    0.165666] pci 0000:00:1f.3: reg 0x20: [io  0xf040-0xf05f]
[    0.165864] pci 0000:00:1c.0: PCI bridge to [bus 01]
[    0.166130] pci 0000:02:00.0: [8086:088e] type 00 class 0x028000
[    0.166308] pci 0000:02:00.0: reg 0x10: [mem 0xf6800000-0xf6801fff 64bit]
[    0.166987] pci 0000:02:00.0: PME# supported from D0 D3hot D3cold
[    0.175987] pci 0000:00:1c.2: PCI bridge to [bus 02]
[    0.175997] pci 0000:00:1c.2:   bridge window [mem 0xf6800000-0xf68fffff]
[    0.176110] pci 0000:00:1c.4: PCI bridge to [bus 03-3b]
[    0.176119] pci 0000:00:1c.4:   bridge window [mem 0xe0000000-0xf60fffff]
[    0.176128] pci 0000:00:1c.4:   bridge window [mem 0xb0000000-0xd1ffffff 64bit pref]
[    0.176182] acpi PNP0A08:00: Disabling ASPM (FADT indicates it is unsupported)
[    0.176687] ACPI: PCI Interrupt Link [LNKA] (IRQs 3 4 5 6 10 *11 12 14 15)
[    0.176748] ACPI: PCI Interrupt Link [LNKB] (IRQs 3 4 5 6 10 11 12 14 15) *0, disabled.
[    0.176806] ACPI: PCI Interrupt Link [LNKC] (IRQs *3 4 5 6 10 11 12 14 15)
[    0.176866] ACPI: PCI Interrupt Link [LNKD] (IRQs 3 4 5 6 *10 11 12 14 15)
[    0.176922] ACPI: PCI Interrupt Link [LNKE] (IRQs 3 4 5 6 10 11 12 14 15) *0, disabled.
[    0.176978] ACPI: PCI Interrupt Link [LNKF] (IRQs 3 4 5 6 10 11 12 14 15) *0, disabled.
[    0.177040] ACPI: PCI Interrupt Link [LNKG] (IRQs 3 4 *5 6 10 11 12 14 15)
[    0.177098] ACPI: PCI Interrupt Link [LNKH] (IRQs 3 *4 5 6 10 11 12 14 15)
[    0.177359] ACPI: Enabled 7 GPEs in block 00 to 3F
[    0.177494] vgaarb: device added: PCI:0000:00:02.0,decodes=io+mem,owns=io+mem,locks=none
[    0.177498] vgaarb: loaded
[    0.177499] vgaarb: bridge control possible 0000:00:02.0
[    0.177751] SCSI subsystem initialized
[    0.177807] libata version 3.00 loaded.
[    0.177837] ACPI: bus type USB registered
[    0.177864] usbcore: registered new interface driver usbfs
[    0.177874] usbcore: registered new interface driver hub
[    0.177902] usbcore: registered new device driver usb
[    0.178083] PCI: Using ACPI for IRQ routing
[    0.181300] PCI: pci_cache_line_size set to 64 bytes
[    0.181360] e820: reserve RAM buffer [mem 0x0009f000-0x0009ffff]
[    0.181362] e820: reserve RAM buffer [mem 0x40004000-0x43ffffff]
[    0.181364] e820: reserve RAM buffer [mem 0x7dfdd000-0x7fffffff]
[    0.181366] e820: reserve RAM buffer [mem 0x7e69d000-0x7fffffff]
[    0.181368] e820: reserve RAM buffer [mem 0x7f000000-0x7fffffff]
[    0.181370] e820: reserve RAM buffer [mem 0x25f600000-0x25fffffff]
[    0.181504] NetLabel: Initializing
[    0.181505] NetLabel:  domain hash size = 128
[    0.181506] NetLabel:  protocols = UNLABELED CIPSOv4
[    0.181523] NetLabel:  unlabeled traffic allowed by default
[    0.181601] hpet0: at MMIO 0xfed00000, IRQs 2, 8, 0, 0, 0, 0, 0, 0
[    0.181607] hpet0: 8 comparators, 64-bit 14.318180 MHz counter
[    0.183631] Switched to clocksource hpet
[    0.189899] pnp: PnP ACPI init
[    0.189919] ACPI: bus type PNP registered
[    0.190023] system 00:00: [mem 0xfed40000-0xfed44fff] has been reserved
[    0.190028] system 00:00: Plug and Play ACPI device, IDs PNP0c01 (active)
[    0.190120] system 00:01: [io  0x0680-0x069f] has been reserved
[    0.190123] system 00:01: [io  0x1000-0x100f] has been reserved
[    0.190125] system 00:01: [io  0xffff] has been reserved
[    0.190128] system 00:01: [io  0xffff] has been reserved
[    0.190130] system 00:01: [io  0x0400-0x0453] could not be reserved
[    0.190132] system 00:01: [io  0x0458-0x047f] has been reserved
[    0.190135] system 00:01: [io  0x0500-0x057f] has been reserved
[    0.190137] system 00:01: [io  0x164e-0x164f] has been reserved
[    0.190140] system 00:01: Plug and Play ACPI device, IDs PNP0c02 (active)
[    0.190176] pnp 00:02: Plug and Play ACPI device, IDs PNP0b00 (active)
[    0.190236] system 00:03: [io  0x0454-0x0457] has been reserved
[    0.190240] system 00:03: Plug and Play ACPI device, IDs INT3f0d PNP0c02 (active)
[    0.190393] system 00:04: [io  0x0a00-0x0a1f] has been reserved
[    0.190395] system 00:04: [io  0x0a30-0x0a3f] has been reserved
[    0.190398] system 00:04: [io  0x0a20-0x0a2f] has been reserved
[    0.190400] system 00:04: Plug and Play ACPI device, IDs PNP0c02 (active)
[    0.190485] system 00:05: [io  0x04d0-0x04d1] has been reserved
[    0.190488] system 00:05: Plug and Play ACPI device, IDs PNP0c02 (active)
[    0.190754] system 00:06: [mem 0xfed1c000-0xfed1ffff] has been reserved
[    0.190757] system 00:06: [mem 0xfed10000-0xfed17fff] has been reserved
[    0.190759] system 00:06: [mem 0xfed18000-0xfed18fff] has been reserved
[    0.190762] system 00:06: [mem 0xfed19000-0xfed19fff] has been reserved
[    0.190764] system 00:06: [mem 0xf8000000-0xfbffffff] has been reserved
[    0.190767] system 00:06: [mem 0xfed20000-0xfed3ffff] has been reserved
[    0.190769] system 00:06: [mem 0xfed90000-0xfed93fff] has been reserved
[    0.190771] system 00:06: [mem 0xfed45000-0xfed8ffff] has been reserved
[    0.190774] system 00:06: [mem 0xff000000-0xffffffff] has been reserved
[    0.190776] system 00:06: [mem 0xfee00000-0xfeefffff] could not be reserved
[    0.190779] system 00:06: [mem 0x9fa00000-0x9fa00fff] has been reserved
[    0.190782] system 00:06: Plug and Play ACPI device, IDs PNP0c02 (active)
[    0.190951] system 00:07: [mem 0x20000000-0x201fffff] has been reserved
[    0.190954] system 00:07: [mem 0x40004000-0x40004fff] has been reserved
[    0.190957] system 00:07: Plug and Play ACPI device, IDs PNP0c01 (active)
[    0.190979] pnp: PnP ACPI: found 8 devices
[    0.190981] ACPI: bus type PNP unregistered
[    0.197889] pci 0000:00:1c.4: bridge window [io  0x1000-0x0fff] to [bus 03-3b] add_size 1000
[    0.197895] pci 0000:00:1c.4: res[13]=[io  0x1000-0x0fff] get_res_add_size add_size 1000
[    0.197901] pci 0000:00:1c.4: BAR 13: assigned [io  0x2000-0x2fff]
[    0.197904] pci 0000:00:1c.0: PCI bridge to [bus 01]
[    0.197920] pci 0000:00:1c.2: PCI bridge to [bus 02]
[    0.197927] pci 0000:00:1c.2:   bridge window [mem 0xf6800000-0xf68fffff]
[    0.197937] pci 0000:00:1c.4: PCI bridge to [bus 03-3b]
[    0.197941] pci 0000:00:1c.4:   bridge window [io  0x2000-0x2fff]
[    0.197949] pci 0000:00:1c.4:   bridge window [mem 0xe0000000-0xf60fffff]
[    0.197956] pci 0000:00:1c.4:   bridge window [mem 0xb0000000-0xd1ffffff 64bit pref]
[    0.197966] pci_bus 0000:00: resource 4 [io  0x0000-0x0cf7]
[    0.197968] pci_bus 0000:00: resource 5 [io  0x0d00-0xffff]
[    0.197970] pci_bus 0000:00: resource 6 [mem 0x000a0000-0x000bffff]
[    0.197972] pci_bus 0000:00: resource 7 [mem 0x000d0000-0x000d3fff]
[    0.197974] pci_bus 0000:00: resource 8 [mem 0x000d4000-0x000d7fff]
[    0.197976] pci_bus 0000:00: resource 9 [mem 0x000d8000-0x000dbfff]
[    0.197979] pci_bus 0000:00: resource 10 [mem 0x000dc000-0x000dffff]
[    0.197981] pci_bus 0000:00: resource 11 [mem 0x9fa00000-0xfeafffff]
[    0.197983] pci_bus 0000:02: resource 1 [mem 0xf6800000-0xf68fffff]
[    0.197986] pci_bus 0000:03: resource 0 [io  0x2000-0x2fff]
[    0.197988] pci_bus 0000:03: resource 1 [mem 0xe0000000-0xf60fffff]
[    0.197990] pci_bus 0000:03: resource 2 [mem 0xb0000000-0xd1ffffff 64bit pref]
[    0.198025] NET: Registered protocol family 2
[    0.198238] TCP established hash table entries: 65536 (order: 7, 524288 bytes)
[    0.198441] TCP bind hash table entries: 65536 (order: 8, 1048576 bytes)
[    0.198580] TCP: Hash tables configured (established 65536 bind 65536)
[    0.198600] TCP: reno registered
[    0.198614] UDP hash table entries: 4096 (order: 5, 131072 bytes)
[    0.198652] UDP-Lite hash table entries: 4096 (order: 5, 131072 bytes)
[    0.198728] NET: Registered protocol family 1
[    0.198746] pci 0000:00:02.0: Boot video device
[    0.239805] PCI: CLS 64 bytes, default 64
[    0.239879] Trying to unpack rootfs image as initramfs...
[    0.311114] Freeing initrd memory: 3048K (ffff8800379fc000 - ffff880037cf6000)
[    0.311124] PCI-DMA: Using software bounce buffering for IO (SWIOTLB)
[    0.311128] software IO TLB [mem 0x6e042000-0x72042000] (64MB) mapped at [ffff88006e042000-ffff880072041fff]
[    0.311428] RAPL PMU detected, hw unit 2^-16 Joules, API unit is 2^-32 Joules, 3 fixed counters 163840 ms ovfl timer
[    0.311485] microcode: CPU0 sig=0x306a9, pf=0x10, revision=0x15
[    0.311496] microcode: CPU1 sig=0x306a9, pf=0x10, revision=0x15
[    0.311503] microcode: CPU2 sig=0x306a9, pf=0x10, revision=0x15
[    0.311511] microcode: CPU3 sig=0x306a9, pf=0x10, revision=0x15
[    0.311572] microcode: Microcode Update Driver: v2.00 <tigran@aivazian.fsnet.co.uk>, Peter Oruba
[    0.311771] Scanning for low memory corruption every 60 seconds
[    0.312085] futex hash table entries: 1024 (order: 4, 65536 bytes)
[    0.312102] Initialise system trusted keyring
[    0.312127] audit: initializing netlink subsys (disabled)
[    0.312144] audit: type=2000 audit(1410267011.304:1): initialized
[    0.312517] HugeTLB registered 2 MB page size, pre-allocated 0 pages
[    0.314293] zbud: loaded
[    0.314498] VFS: Disk quotas dquot_6.5.2
[    0.314541] Dquot-cache hash table entries: 512 (order 0, 4096 bytes)
[    0.314930] fuse init (API version 7.23)
[    0.315033] msgmni has been set to 14631
[    0.315098] Key type big_key registered
[    0.315579] Key type asymmetric registered
[    0.315583] Asymmetric key parser 'x509' registered
[    0.315632] Block layer SCSI generic (bsg) driver version 0.4 loaded (major 252)
[    0.315694] io scheduler noop registered (default)
[    0.316296] pci_hotplug: PCI Hot Plug PCI Core version: 0.5
[    0.316316] pciehp: PCI Express Hot Plug Controller Driver version: 0.4
[    0.316389] efifb: probing for efifb
[    0.316403] efifb: framebuffer at 0xa0000000, mapped to 0xffffc90004e80000, using 3072k, total 3072k
[    0.316405] efifb: mode is 1024x768x32, linelength=4096, pages=1
[    0.316406] efifb: scrolling: redraw
[    0.316408] efifb: Truecolor: size=8:8:8:8, shift=24:16:8:0
[    0.318931] Console: switching to colour frame buffer device 128x48
[    0.321373] fb0: EFI VGA frame buffer device
[    0.321403] intel_idle: MWAIT substates: 0x21120
[    0.321404] intel_idle: v0.4 model 0x3A
[    0.321406] intel_idle: lapic_timer_reliable_states 0xffffffff
[    0.321613] ipmi message handler version 39.2
[    0.321711] input: Power Button as /devices/LNXSYSTM:00/LNXSYBUS:00/PNP0C0C:00/input/input0
[    0.321716] ACPI: Power Button [PWRB]
[    0.321762] input: Power Button as /devices/LNXSYSTM:00/LNXPWRBN:00/input/input1
[    0.321764] ACPI: Power Button [PWRF]
[    0.321836] ACPI: Fan [FAN0] (off)
[    0.321870] ACPI: Fan [FAN1] (off)
[    0.321901] ACPI: Fan [FAN2] (off)
[    0.321932] ACPI: Fan [FAN3] (off)
[    0.321962] ACPI: Fan [FAN4] (off)
[    0.328149] thermal LNXTHERM:00: registered as thermal_zone0
[    0.328151] ACPI: Thermal Zone [TZ00] (28 C)
[    0.328403] thermal LNXTHERM:01: registered as thermal_zone1
[    0.328405] ACPI: Thermal Zone [TZ01] (30 C)
[    0.328451] GHES: HEST is not enabled!
[    0.328512] Serial: 8250/16550 driver, 32 ports, IRQ sharing enabled
[    0.330300] Linux agpgart interface v0.103
[    0.331983] brd: module loaded
[    0.332724] loop: module loaded
[    0.333228] libphy: Fixed MDIO Bus: probed
[    0.333344] tun: Universal TUN/TAP device driver, 1.6
[    0.333345] tun: (C) 1999-2004 Max Krasnyansky <maxk@qualcomm.com>
[    0.333401] ehci_hcd: USB 2.0 'Enhanced' Host Controller (EHCI) Driver
[    0.333406] ehci-pci: EHCI PCI platform driver
[    0.333538] ehci-pci 0000:00:1a.0: EHCI Host Controller
[    0.333545] ehci-pci 0000:00:1a.0: new USB bus registered, assigned bus number 1
[    0.333561] ehci-pci 0000:00:1a.0: debug port 2
[    0.337467] ehci-pci 0000:00:1a.0: cache line size of 64 is not supported
[    0.337491] ehci-pci 0000:00:1a.0: irq 16, io mem 0xf6908000
[    0.347756] ehci-pci 0000:00:1a.0: USB 2.0 started, EHCI 1.00
[    0.347808] usb usb1: New USB device found, idVendor=1d6b, idProduct=0002
[    0.347810] usb usb1: New USB device strings: Mfr=3, Product=2, SerialNumber=1
[    0.347812] usb usb1: Product: EHCI Host Controller
[    0.347814] usb usb1: Manufacturer: Linux 3.16.2minimal ehci_hcd
[    0.347816] usb usb1: SerialNumber: 0000:00:1a.0
[    0.347950] hub 1-0:1.0: USB hub found
[    0.347958] hub 1-0:1.0: 2 ports detected
[    0.348209] ehci-pci 0000:00:1d.0: EHCI Host Controller
[    0.348215] ehci-pci 0000:00:1d.0: new USB bus registered, assigned bus number 2
[    0.348230] ehci-pci 0000:00:1d.0: debug port 2
[    0.352125] ehci-pci 0000:00:1d.0: cache line size of 64 is not supported
[    0.352150] ehci-pci 0000:00:1d.0: irq 23, io mem 0xf6907000
[    0.363768] ehci-pci 0000:00:1d.0: USB 2.0 started, EHCI 1.00
[    0.363812] usb usb2: New USB device found, idVendor=1d6b, idProduct=0002
[    0.363815] usb usb2: New USB device strings: Mfr=3, Product=2, SerialNumber=1
[    0.363817] usb usb2: Product: EHCI Host Controller
[    0.363818] usb usb2: Manufacturer: Linux 3.16.2minimal ehci_hcd
[    0.363820] usb usb2: SerialNumber: 0000:00:1d.0
[    0.364023] hub 2-0:1.0: USB hub found
[    0.364034] hub 2-0:1.0: 2 ports detected
[    0.364184] ehci-platform: EHCI generic platform driver
[    0.364196] ohci_hcd: USB 1.1 'Open' Host Controller (OHCI) Driver
[    0.364203] ohci-pci: OHCI PCI platform driver
[    0.364215] ohci-platform: OHCI generic platform driver
[    0.364226] uhci_hcd: USB Universal Host Controller Interface driver
[    0.364290] i8042: PNP: No PS/2 controller found. Probing ports directly.
[    1.092288] usb 1-1: new high-speed USB device number 2 using ehci-pci
[    1.401642] i8042: No controller found
[    1.401680] tsc: Refined TSC clocksource calibration: 1797.672 MHz
[    1.401852] mousedev: PS/2 mouse device common for all mice
[    1.402035] rtc_cmos 00:02: RTC can wake from S4
[    1.402177] rtc_cmos 00:02: rtc core: registered rtc_cmos as rtc0
[    1.402209] rtc_cmos 00:02: alarms up to one month, y3k, 242 bytes nvram, hpet irqs
[    1.402299] device-mapper: uevent: version 1.0.3
[    1.402399] device-mapper: ioctl: 4.27.0-ioctl (2013-10-30) initialised: dm-devel@redhat.com
[    1.402418] Intel P-state driver initializing.
[    1.402452] Intel pstate controlling: cpu 0
[    1.402475] Intel pstate controlling: cpu 1
[    1.402522] Intel pstate controlling: cpu 2
[    1.402543] Intel pstate controlling: cpu 3
[    1.402579] EFI Variables Facility v0.08 2004-May-17
[    1.407301] TCP: cubic registered
[    1.407447] NET: Registered protocol family 10
[    1.407745] NET: Registered protocol family 17
[    1.407759] Key type dns_resolver registered
[    1.408104] Loading compiled-in X.509 certificates
[    1.409240] Loaded X.509 cert 'Magrathea: Glacier signing key: 63408e9df70df1ee1e6a537b998b6b717d5230d9'
[    1.409257] registered taskstats version 1
[    1.411878] Key type trusted registered
[    1.413839] Key type encrypted registered
[    1.415693] ima: No TPM chip found, activating TPM-bypass!
[    1.415742] evm: HMAC attrs: 0x1
[    1.416478] rtc_cmos 00:02: setting system clock to 2014-09-09 12:50:13 UTC (1410267013)
[    1.417586] Freeing unused kernel memory: 1156K (ffffffff81d03000 - ffffffff81e24000)
[    1.417588] Write protecting the kernel read-only data: 12288k
[    1.420870] usb 1-1: New USB device found, idVendor=8087, idProduct=0024
[    1.420875] usb 1-1: New USB device strings: Mfr=0, Product=0, SerialNumber=0
[    1.421158] hub 1-1:1.0: USB hub found
[    1.421242] hub 1-1:1.0: 6 ports detected
[    1.422825] Freeing unused kernel memory: 1736K (ffff88000164e000 - ffff880001800000)
[    1.425595] Freeing unused kernel memory: 1016K (ffff880001b02000 - ffff880001c00000)
[    1.438457] systemd-udevd[114]: starting version 204
[    1.463416] libahci: module verification failed: signature and/or  required key missing - tainting kernel
[    1.464321] ahci 0000:00:1f.2: version 3.0
[    1.464737] ahci 0000:00:1f.2: irq 40 for MSI/MSI-X
[    1.464805] ahci 0000:00:1f.2: AHCI 0001.0300 32 slots 6 ports 6 Gbps 0x1 impl SATA mode
[    1.464811] ahci 0000:00:1f.2: flags: 64bit ncq pm led clo pio slum part ems apst 
[    1.468359] scsi0 : ahci
[    1.468558] scsi1 : ahci
[    1.468748] scsi2 : ahci
[    1.468888] scsi3 : ahci
[    1.469039] scsi4 : ahci
[    1.469193] scsi5 : ahci
[    1.469259] ata1: SATA max UDMA/133 abar m2048@0xf6906000 port 0xf6906100 irq 40
[    1.469261] ata2: DUMMY
[    1.469262] ata3: DUMMY
[    1.469263] ata4: DUMMY
[    1.469264] ata5: DUMMY
[    1.469265] ata6: DUMMY
[    1.532672] usb 2-1: new high-speed USB device number 2 using ehci-pci
[    1.665090] usb 2-1: New USB device found, idVendor=8087, idProduct=0024
[    1.665095] usb 2-1: New USB device strings: Mfr=0, Product=0, SerialNumber=0
[    1.665491] hub 2-1:1.0: USB hub found
[    1.665729] hub 2-1:1.0: 8 ports detected
[    1.788816] ata1: SATA link up 6.0 Gbps (SStatus 133 SControl 300)
[    1.801715] ata1.00: ACPI cmd ef/10:06:00:00:00:00 (SET FEATURES) succeeded
[    1.801721] ata1.00: ACPI cmd f5/00:00:00:00:00:00 (SECURITY FREEZE LOCK) filtered out
[    1.801724] ata1.00: ACPI cmd b1/c1:00:00:00:00:00 (DEVICE CONFIGURATION OVERLAY) filtered out
[    1.813552] ata1.00: ATA-9: INTEL SSDMCEAW120A4, DC33, max UDMA/133
[    1.813556] ata1.00: 234441648 sectors, multi 16: LBA48 NCQ (depth 31/32), AA
[    1.831741] ata1.00: ACPI cmd ef/10:06:00:00:00:00 (SET FEATURES) succeeded
[    1.831747] ata1.00: ACPI cmd f5/00:00:00:00:00:00 (SECURITY FREEZE LOCK) filtered out
[    1.831750] ata1.00: ACPI cmd b1/c1:00:00:00:00:00 (DEVICE CONFIGURATION OVERLAY) filtered out
[    1.849911] ata1.00: configured for UDMA/133
[    1.850167] scsi 0:0:0:0: Direct-Access     ATA      INTEL SSDMCEAW12 DC33 PQ: 0 ANSI: 5
[    1.850626] sd 0:0:0:0: [sda] 234441648 512-byte logical blocks: (120 GB/111 GiB)
[    1.850644] sd 0:0:0:0: Attached scsi generic sg0 type 0
[    1.850807] sd 0:0:0:0: [sda] Write Protect is off
[    1.850810] sd 0:0:0:0: [sda] Mode Sense: 00 3a 00 00
[    1.850922] sd 0:0:0:0: [sda] Write cache: enabled, read cache: enabled, doesn't support DPO or FUA
[    1.851966]  sda: sda1 sda2 sda3
[    1.852636] sd 0:0:0:0: [sda] Attached SCSI disk
[    1.886426] EXT4-fs (sda2): mounted filesystem with ordered data mode. Opts: (null)
[    1.936971] usb 2-1.1: new low-speed USB device number 3 using ehci-pci
[    1.944570] random: init urandom read with 23 bits of entropy available
[    1.970229] init: plymouth-upstart-bridge main process (184) terminated with status 1
[    1.970250] init: plymouth-upstart-bridge main process ended, respawning
[    1.976899] init: plymouth-upstart-bridge main process (194) terminated with status 1
[    1.976915] init: plymouth-upstart-bridge main process ended, respawning
[    1.982246] init: plymouth-upstart-bridge main process (197) terminated with status 1
[    1.982263] init: plymouth-upstart-bridge main process ended, respawning
[    2.039443] usb 2-1.1: New USB device found, idVendor=04ca, idProduct=0027
[    2.039448] usb 2-1.1: New USB device strings: Mfr=1, Product=2, SerialNumber=0
[    2.039452] usb 2-1.1: Product: USB Multimedia Keyboard
[    2.039456] usb 2-1.1: Manufacturer: Lite-On Technology Corp.
[    2.098725] Adding 7826428k swap on /dev/sda3.  Priority:-1 extents:1 across:7826428k SSFS
[    2.109372] usb 2-1.2: new low-speed USB device number 4 using ehci-pci
[    2.168108] systemd-udevd[321]: starting version 204
[    2.205382] usb 2-1.2: New USB device found, idVendor=0461, idProduct=4d15
[    2.205388] usb 2-1.2: New USB device strings: Mfr=0, Product=2, SerialNumber=0
[    2.205392] usb 2-1.2: Product: USB Optical Mouse
[    2.251301] ACPI Warning: SystemIO range 0x0000000000000428-0x000000000000042f conflicts with OpRegion 0x0000000000000400-0x000000000000047f (\PMIO) (20140424/utaddress-258)
[    2.251311] ACPI: If an ACPI driver is available for this device, you should use it instead of the native driver
[    2.251316] ACPI Warning: SystemIO range 0x0000000000000540-0x000000000000054f conflicts with OpRegion 0x0000000000000500-0x0000000000000563 (\GPIO) (20140424/utaddress-258)
[    2.251322] ACPI: If an ACPI driver is available for this device, you should use it instead of the native driver
[    2.251325] ACPI Warning: SystemIO range 0x0000000000000530-0x000000000000053f conflicts with OpRegion 0x0000000000000500-0x0000000000000563 (\GPIO) (20140424/utaddress-258)
[    2.251330] ACPI: If an ACPI driver is available for this device, you should use it instead of the native driver
[    2.251332] ACPI Warning: SystemIO range 0x0000000000000500-0x000000000000052f conflicts with OpRegion 0x0000000000000500-0x0000000000000563 (\GPIO) (20140424/utaddress-258)
[    2.251337] ACPI: If an ACPI driver is available for this device, you should use it instead of the native driver
[    2.251339] lpc_ich: Resource conflict(s) found affecting gpio_ich
[    2.262557] mei_me 0000:00:16.0: irq 41 for MSI/MSI-X
[    2.265744] lp: driver loaded but no devices found
[    2.269232] cfg80211: Calling CRDA to update world regulatory domain
[    2.269460] [drm] Initialized drm 1.1.0 20060810
[    2.277182] usb 2-1.4: new full-speed USB device number 5 using ehci-pci
[    2.279904] ppdev: user-space parallel port driver
[    2.312646] hidraw: raw HID events driver (C) Jiri Kosina
[    2.324700] EXT4-fs (sda2): re-mounted. Opts: errors=remount-ro
[    2.341652] Intel(R) Wireless WiFi driver for Linux, in-tree:
[    2.341656] Copyright(c) 2003- 2014 Intel Corporation
[    2.341827] iwlwifi 0000:02:00.0: enabling device (0000 -> 0002)
[    2.342058] iwlwifi 0000:02:00.0: can't disable ASPM; OS doesn't have ASPM control
[    2.342131] iwlwifi 0000:02:00.0: irq 42 for MSI/MSI-X
[    2.355581] [drm] Memory usable by graphics device = 2048M
[    2.355587] [drm] Replacing VGA console driver
[    2.355592] checking generic (a0000000 300000) vs hw (a0000000 10000000)
[    2.355595] fb: switching to inteldrmfb from EFI VGA
[    2.355628] Console: switching to colour dummy device 80x25
[    2.358954] iwlwifi 0000:02:00.0: loaded firmware version 18.168.6.1 op_mode iwldvm
[    2.359261] usbcore: registered new interface driver usbhid
[    2.359264] usbhid: USB HID core driver
[    2.374042] usb 2-1.4: New USB device found, idVendor=8087, idProduct=07da
[    2.374049] usb 2-1.4: New USB device strings: Mfr=0, Product=0, SerialNumber=0
[    2.381395] i915 0000:00:02.0: irq 43 for MSI/MSI-X
[    2.381411] [drm] Supports vblank timestamp caching Rev 2 (21.10.2013).
[    2.381413] [drm] Driver supports precise vblank timestamp query.
[    2.381570] vgaarb: device changed decodes: PCI:0000:00:02.0,olddecodes=io+mem,decodes=io+mem:owns=io+mem
[    2.399994] iwlwifi 0000:02:00.0: CONFIG_IWLWIFI_DEBUG disabled
[    2.399999] iwlwifi 0000:02:00.0: CONFIG_IWLWIFI_DEBUGFS enabled
[    2.400002] iwlwifi 0000:02:00.0: CONFIG_IWLWIFI_DEVICE_TRACING enabled
[    2.400006] iwlwifi 0000:02:00.0: Detected Intel(R) Centrino(R) Advanced-N 6235 AGN, REV=0xB0
[    2.400311] iwlwifi 0000:02:00.0: L1 Disabled; Enabling L0S
[    2.407034] Switched to clocksource tsc
[    2.425829] intel_rapl: RAPL domain dram detection failed
[    2.449293] usb 2-1.7: new high-speed USB device number 6 using ehci-pci
[    2.452125] ieee80211 phy0: Selected rate control algorithm 'iwl-agn-rs'
[    2.477812] [drm] GMBUS [i915 gmbus vga] timed out, falling back to bit banging on pin 2
[    2.526921] fbcon: inteldrmfb (fb0) is primary device
[    2.556446] cfg80211: World regulatory domain updated:
[    2.556448] cfg80211:  DFS Master region: unset
[    2.556448] cfg80211:   (start_freq - end_freq @ bandwidth), (max_antenna_gain, max_eirp), (dfs_cac_time)
[    2.556451] cfg80211:   (2402000 KHz - 2472000 KHz @ 40000 KHz), (300 mBi, 2000 mBm), (N/A)
[    2.556452] cfg80211:   (2457000 KHz - 2482000 KHz @ 40000 KHz), (300 mBi, 2000 mBm), (N/A)
[    2.556453] cfg80211:   (2474000 KHz - 2494000 KHz @ 20000 KHz), (300 mBi, 2000 mBm), (N/A)
[    2.556454] cfg80211:   (5170000 KHz - 5250000 KHz @ 40000 KHz), (300 mBi, 2000 mBm), (N/A)
[    2.556456] cfg80211:   (5735000 KHz - 5835000 KHz @ 40000 KHz), (300 mBi, 2000 mBm), (N/A)
[    2.557860] usb 2-1.7: New USB device found, idVendor=05ac, idProduct=1402
[    2.557863] usb 2-1.7: New USB device strings: Mfr=1, Product=2, SerialNumber=3
[    2.557865] usb 2-1.7: Product: Apple USB Ethernet Adapter
[    2.557867] usb 2-1.7: Manufacturer: Apple Inc.      
[    2.557869] usb 2-1.7: SerialNumber: 1EAC0F
[    2.560454] [drm:cpt_set_fifo_underrun_reporting] *ERROR* uncleared pch fifo underrun on pch transcoder A
[    2.560456] [drm:cpt_serr_int_handler] *ERROR* PCH transcoder A FIFO underrun
[    2.560724] Console: switching to colour frame buffer device 240x67
[    2.568315] i915 0000:00:02.0: fb0: inteldrmfb frame buffer device
[    2.568317] i915 0000:00:02.0: registered panic notifier
[    2.568940] input: Lite-On Technology Corp. USB Multimedia Keyboard as /devices/pci0000:00/0000:00:1d.0/usb2/2-1/2-1.1/2-1.1:1.0/0003:04CA:0027.0001/input/input2
[    2.569261] hid-generic 0003:04CA:0027.0001: input,hidraw0: USB HID v1.10 Keyboard [Lite-On Technology Corp. USB Multimedia Keyboard] on usb-0000:00:1d.0-1.1/input0
[    2.570982] input: Lite-On Technology Corp. USB Multimedia Keyboard as /devices/pci0000:00/0000:00:1d.0/usb2/2-1/2-1.1/2-1.1:1.1/0003:04CA:0027.0002/input/input3
[    2.571377] hid-generic 0003:04CA:0027.0002: input,hiddev0,hidraw1: USB HID v1.10 Device [Lite-On Technology Corp. USB Multimedia Keyboard] on usb-0000:00:1d.0-1.1/input1
[    2.571560] input: USB Optical Mouse as /devices/pci0000:00/0000:00:1d.0/usb2/2-1/2-1.2/2-1.2:1.0/0003:0461:4D15.0003/input/input4
[    2.577991] Bluetooth: Core ver 2.19
[    2.578013] NET: Registered protocol family 31
[    2.578016] Bluetooth: HCI device and connection manager initialized
[    2.578025] Bluetooth: HCI socket layer initialized
[    2.578029] Bluetooth: L2CAP socket layer initialized
[    2.578040] Bluetooth: SCO socket layer initialized
[    2.584823] usbcore: registered new interface driver btusb
[    2.589363] hid-generic 0003:0461:4D15.0003: input,hidraw2: USB HID v1.11 Mouse [USB Optical Mouse] on usb-0000:00:1d.0-1.2/input0
[    2.642319] ACPI: Video Device [GFX0] (multi-head: yes  rom: no  post: no)
[    2.642623] input: Video Bus as /devices/LNXSYSTM:00/LNXSYBUS:00/PNP0A08:00/LNXVIDEO:00/input/input5
[    2.642753] [drm] Initialized i915 1.6.0 20080730 for 0000:00:02.0 on minor 0
[    2.642950] snd_hda_intel 0000:00:1b.0: enabling device (0000 -> 0002)
[    2.644174] snd_hda_intel 0000:00:1b.0: irq 44 for MSI/MSI-X
[    2.658554] input: HDA Intel PCH HDMI/DP,pcm=3 as /devices/pci0000:00/0000:00:1b.0/sound/card0/input6
[    2.658725] input: HDA Intel PCH HDMI/DP,pcm=7 as /devices/pci0000:00/0000:00:1b.0/sound/card0/input7
[    2.738758] init: udev-fallback-graphics main process (621) terminated with status 1
[    2.742132] Bluetooth: BNEP (Ethernet Emulation) ver 1.3
[    2.742136] Bluetooth: BNEP filters: protocol multicast
[    2.742145] Bluetooth: BNEP socket layer initialized
[    2.757925] Bluetooth: RFCOMM TTY layer initialized
[    2.757938] Bluetooth: RFCOMM socket layer initialized
[    2.757950] Bluetooth: RFCOMM ver 1.11
[    2.967629] init: failsafe main process (569) killed by TERM signal
[    3.302727] iwlwifi 0000:02:00.0: L1 Disabled; Enabling L0S
[    3.309454] iwlwifi 0000:02:00.0: Radio type=0x2-0x1-0x0
[    3.592334] iwlwifi 0000:02:00.0: L1 Disabled; Enabling L0S
[    3.600831] iwlwifi 0000:02:00.0: Radio type=0x2-0x1-0x0
[    3.604298] random: nonblocking pool is initialized
[    3.692069] IPv6: ADDRCONF(NETDEV_UP): wlan0: link is not ready
[    3.790365] [drm] Enabling RC6 states: RC6 on, RC6p on, RC6pp off
[    4.212516] init: plymouth-upstart-bridge main process ended, respawning
[    4.495650] init: plymouth-stop pre-start process (1118) terminated with status 1
[    6.816642] wlan0: authenticate with 00:0b:86:75:76:79
[    6.821147] wlan0: send auth to 00:0b:86:75:76:79 (try 1/3)
[    6.861846] wlan0: authenticated
[    6.862134] iwlwifi 0000:02:00.0 wlan0: disabling HT/VHT due to WEP/TKIP use
[    6.862146] iwlwifi 0000:02:00.0 wlan0: disabling HT as WMM/QoS is not supported by the AP
[    6.862152] iwlwifi 0000:02:00.0 wlan0: disabling VHT as WMM/QoS is not supported by the AP
[    6.864090] wlan0: associate with 00:0b:86:75:76:79 (try 1/3)
[    6.865757] wlan0: RX AssocResp from 00:0b:86:75:76:79 (capab=0x511 status=0 aid=11)
[    6.868073] wlan0: associated
[    6.868110] IPv6: ADDRCONF(NETDEV_CHANGE): wlan0: link becomes ready
[    6.868174] cfg80211: Calling CRDA for country: NO
[    6.870645] cfg80211: Regulatory domain changed to country: NO
[    6.870649] cfg80211:  DFS Master region: unset
[    6.870650] cfg80211:   (start_freq - end_freq @ bandwidth), (max_antenna_gain, max_eirp), (dfs_cac_time)
[    6.870653] cfg80211:   (2402000 KHz - 2482000 KHz @ 40000 KHz), (N/A, 2000 mBm), (N/A)
[    6.870655] cfg80211:   (5170000 KHz - 5250000 KHz @ 40000 KHz), (N/A, 2000 mBm), (N/A)
[    6.870657] cfg80211:   (5250000 KHz - 5330000 KHz @ 40000 KHz), (N/A, 2000 mBm), (0 s)
[    6.870658] cfg80211:   (5490000 KHz - 5710000 KHz @ 40000 KHz), (N/A, 2700 mBm), (0 s)
[    6.870660] cfg80211:   (57240000 KHz - 65880000 KHz @ 2160000 KHz), (N/A, 4000 mBm), (N/A)
[    6.962005] wlan0: Limiting TX power to 23 (23 - 0) dBm as advertised by 00:0b:86:75:76:79
