[    0.000000] Initializing cgroup subsys cpuset
[    0.000000] Initializing cgroup subsys cpu
[    0.000000] Initializing cgroup subsys cpuacct
[    0.000000] Linux version 3.17.0-rc3minimal-tbhack-00002-g7505cea-dirty (larsbk@nuc) (gcc version 4.8.2 (Ubuntu 4.8.2-19ubuntu1) ) #6 SMP Tue Sep 9 17:39:46 CEST 2014
[    0.000000] Command line: BOOT_IMAGE=/boot/vmlinuz-3.17.0-rc3minimal-tbhack-00002-g7505cea-dirty root=UUID=f54f0253-3e5a-4046-afe7-62f154b956d9 ro splash quiet crashkernel=384M-:128M vt.handoff=7
[    0.000000] KERNEL supported cpus:
[    0.000000]   Intel GenuineIntel
[    0.000000] e820: BIOS-provided physical RAM map:
[    0.000000] BIOS-e820: [mem 0x0000000000000000-0x000000000009efff] usable
[    0.000000] BIOS-e820: [mem 0x000000000009f000-0x000000000009ffff] reserved
[    0.000000] BIOS-e820: [mem 0x0000000000100000-0x000000001fffffff] usable
[    0.000000] BIOS-e820: [mem 0x0000000020000000-0x00000000201fffff] reserved
[    0.000000] BIOS-e820: [mem 0x0000000020200000-0x0000000040003fff] usable
[    0.000000] BIOS-e820: [mem 0x0000000040004000-0x0000000040004fff] reserved
[    0.000000] BIOS-e820: [mem 0x0000000040005000-0x00000000bdfdcfff] usable
[    0.000000] BIOS-e820: [mem 0x00000000bdfdd000-0x00000000be301fff] reserved
[    0.000000] BIOS-e820: [mem 0x00000000be302000-0x00000000be311fff] ACPI data
[    0.000000] BIOS-e820: [mem 0x00000000be312000-0x00000000be427fff] ACPI NVS
[    0.000000] BIOS-e820: [mem 0x00000000be428000-0x00000000be60afff] reserved
[    0.000000] BIOS-e820: [mem 0x00000000be60b000-0x00000000be69bfff] type 20
[    0.000000] BIOS-e820: [mem 0x00000000be69c000-0x00000000be69cfff] usable
[    0.000000] BIOS-e820: [mem 0x00000000be69d000-0x00000000be6dffff] ACPI NVS
[    0.000000] BIOS-e820: [mem 0x00000000be6e0000-0x00000000beffffff] usable
[    0.000000] BIOS-e820: [mem 0x00000000bf800000-0x00000000df9fffff] reserved
[    0.000000] BIOS-e820: [mem 0x00000000f8000000-0x00000000fbffffff] reserved
[    0.000000] BIOS-e820: [mem 0x00000000fec00000-0x00000000fec00fff] reserved
[    0.000000] BIOS-e820: [mem 0x00000000fed00000-0x00000000fed03fff] reserved
[    0.000000] BIOS-e820: [mem 0x00000000fed1c000-0x00000000fed1ffff] reserved
[    0.000000] BIOS-e820: [mem 0x00000000fee00000-0x00000000fee00fff] reserved
[    0.000000] BIOS-e820: [mem 0x00000000ff000000-0x00000000ffffffff] reserved
[    0.000000] BIOS-e820: [mem 0x0000000100000000-0x000000021f5fffff] usable
[    0.000000] NX (Execute Disable) protection: active
[    0.000000] efi: EFI v2.31 by American Megatrends
[    0.000000] efi:  ACPI=0xbe307000  ACPI 2.0=0xbe307000  SMBIOS=0xf04c0  MPS=0xfd440 
[    0.000000] efi: mem00: type=3, attr=0xf, range=[0x0000000000000000-0x0000000000008000) (0MB)
[    0.000000] efi: mem01: type=7, attr=0xf, range=[0x0000000000008000-0x000000000005e000) (0MB)
[    0.000000] efi: mem02: type=4, attr=0xf, range=[0x000000000005e000-0x0000000000060000) (0MB)
[    0.000000] efi: mem03: type=3, attr=0xf, range=[0x0000000000060000-0x000000000009f000) (0MB)
[    0.000000] efi: mem04: type=6, attr=0x800000000000000f, range=[0x000000000009f000-0x00000000000a0000) (0MB)
[    0.000000] efi: mem05: type=7, attr=0xf, range=[0x0000000000100000-0x0000000001000000) (15MB)
[    0.000000] efi: mem06: type=2, attr=0xf, range=[0x0000000001000000-0x000000000235c000) (19MB)
[    0.000000] efi: mem07: type=7, attr=0xf, range=[0x000000000235c000-0x0000000020000000) (476MB)
[    0.000000] efi: mem08: type=0, attr=0xf, range=[0x0000000020000000-0x0000000020200000) (2MB)
[    0.000000] efi: mem09: type=7, attr=0xf, range=[0x0000000020200000-0x00000000379fc000) (375MB)
[    0.000000] efi: mem10: type=2, attr=0xf, range=[0x00000000379fc000-0x0000000037cf6000) (2MB)
[    0.000000] efi: mem11: type=7, attr=0xf, range=[0x0000000037cf6000-0x0000000040004000) (131MB)
[    0.000000] efi: mem12: type=0, attr=0xf, range=[0x0000000040004000-0x0000000040005000) (0MB)
[    0.000000] efi: mem13: type=7, attr=0xf, range=[0x0000000040005000-0x0000000081fcf000) (1055MB)
[    0.000000] efi: mem14: type=2, attr=0xf, range=[0x0000000081fcf000-0x00000000ae74e000) (711MB)
[    0.000000] efi: mem15: type=7, attr=0xf, range=[0x00000000ae74e000-0x00000000ae754000) (0MB)
[    0.000000] efi: mem16: type=2, attr=0xf, range=[0x00000000ae754000-0x00000000ae92a000) (1MB)
[    0.000000] efi: mem17: type=1, attr=0xf, range=[0x00000000ae92a000-0x00000000aeb48000) (2MB)
[    0.000000] efi: mem18: type=7, attr=0xf, range=[0x00000000aeb48000-0x00000000b205f000) (53MB)
[    0.000000] efi: mem19: type=4, attr=0xf, range=[0x00000000b205f000-0x00000000b207a000) (0MB)
[    0.000000] efi: mem20: type=7, attr=0xf, range=[0x00000000b207a000-0x00000000b207d000) (0MB)
[    0.000000] efi: mem21: type=4, attr=0xf, range=[0x00000000b207d000-0x00000000b207e000) (0MB)
[    0.000000] efi: mem22: type=7, attr=0xf, range=[0x00000000b207e000-0x00000000b2080000) (0MB)
[    0.000000] efi: mem23: type=4, attr=0xf, range=[0x00000000b2080000-0x00000000b2081000) (0MB)
[    0.000000] efi: mem24: type=7, attr=0xf, range=[0x00000000b2081000-0x00000000b2083000) (0MB)
[    0.000000] efi: mem25: type=4, attr=0xf, range=[0x00000000b2083000-0x00000000b2084000) (0MB)
[    0.000000] efi: mem26: type=7, attr=0xf, range=[0x00000000b2084000-0x00000000b2091000) (0MB)
[    0.000000] efi: mem27: type=4, attr=0xf, range=[0x00000000b2091000-0x00000000b2092000) (0MB)
[    0.000000] efi: mem28: type=7, attr=0xf, range=[0x00000000b2092000-0x00000000b2094000) (0MB)
[    0.000000] efi: mem29: type=4, attr=0xf, range=[0x00000000b2094000-0x00000000b2095000) (0MB)
[    0.000000] efi: mem30: type=7, attr=0xf, range=[0x00000000b2095000-0x00000000b20c9000) (0MB)
[    0.000000] efi: mem31: type=4, attr=0xf, range=[0x00000000b20c9000-0x00000000b20f7000) (0MB)
[    0.000000] efi: mem32: type=7, attr=0xf, range=[0x00000000b20f7000-0x00000000b2108000) (0MB)
[    0.000000] efi: mem33: type=4, attr=0xf, range=[0x00000000b2108000-0x00000000b2263000) (1MB)
[    0.000000] efi: mem34: type=7, attr=0xf, range=[0x00000000b2263000-0x00000000b2278000) (0MB)
[    0.000000] efi: mem35: type=4, attr=0xf, range=[0x00000000b2278000-0x00000000b2561000) (2MB)
[    0.000000] efi: mem36: type=7, attr=0xf, range=[0x00000000b2561000-0x00000000b2562000) (0MB)
[    0.000000] efi: mem37: type=4, attr=0xf, range=[0x00000000b2562000-0x00000000b256c000) (0MB)
[    0.000000] efi: mem38: type=7, attr=0xf, range=[0x00000000b256c000-0x00000000b256f000) (0MB)
[    0.000000] efi: mem39: type=4, attr=0xf, range=[0x00000000b256f000-0x00000000b2571000) (0MB)
[    0.000000] efi: mem40: type=7, attr=0xf, range=[0x00000000b2571000-0x00000000b2572000) (0MB)
[    0.000000] efi: mem41: type=4, attr=0xf, range=[0x00000000b2572000-0x00000000b2574000) (0MB)
[    0.000000] efi: mem42: type=7, attr=0xf, range=[0x00000000b2574000-0x00000000b257b000) (0MB)
[    0.000000] efi: mem43: type=4, attr=0xf, range=[0x00000000b257b000-0x00000000b257c000) (0MB)
[    0.000000] efi: mem44: type=7, attr=0xf, range=[0x00000000b257c000-0x00000000b2586000) (0MB)
[    0.000000] efi: mem45: type=4, attr=0xf, range=[0x00000000b2586000-0x00000000b2587000) (0MB)
[    0.000000] efi: mem46: type=7, attr=0xf, range=[0x00000000b2587000-0x00000000b2589000) (0MB)
[    0.000000] efi: mem47: type=4, attr=0xf, range=[0x00000000b2589000-0x00000000b258a000) (0MB)
[    0.000000] efi: mem48: type=7, attr=0xf, range=[0x00000000b258a000-0x00000000b2596000) (0MB)
[    0.000000] efi: mem49: type=4, attr=0xf, range=[0x00000000b2596000-0x00000000b2765000) (1MB)
[    0.000000] efi: mem50: type=7, attr=0xf, range=[0x00000000b2765000-0x00000000b2773000) (0MB)
[    0.000000] efi: mem51: type=4, attr=0xf, range=[0x00000000b2773000-0x00000000b2786000) (0MB)
[    0.000000] efi: mem52: type=7, attr=0xf, range=[0x00000000b2786000-0x00000000b2788000) (0MB)
[    0.000000] efi: mem53: type=4, attr=0xf, range=[0x00000000b2788000-0x00000000bc1ef000) (154MB)
[    0.000000] efi: mem54: type=7, attr=0xf, range=[0x00000000bc1ef000-0x00000000bc1f2000) (0MB)
[    0.000000] efi: mem55: type=4, attr=0xf, range=[0x00000000bc1f2000-0x00000000bd5eb000) (19MB)
[    0.000000] efi: mem56: type=7, attr=0xf, range=[0x00000000bd5eb000-0x00000000bdad4000) (4MB)
[    0.000000] efi: mem57: type=2, attr=0xf, range=[0x00000000bdad4000-0x00000000bdadf000) (0MB)
[    0.000000] efi: mem58: type=3, attr=0xf, range=[0x00000000bdadf000-0x00000000bdfdd000) (4MB)
[    0.000000] efi: mem59: type=0, attr=0xf, range=[0x00000000bdfdd000-0x00000000be269000) (2MB)
[    0.000000] efi: mem60: type=0, attr=0xf, range=[0x00000000be269000-0x00000000be297000) (0MB)
[    0.000000] efi: mem61: type=0, attr=0xf, range=[0x00000000be297000-0x00000000be2a6000) (0MB)
[    0.000000] efi: mem62: type=0, attr=0xf, range=[0x00000000be2a6000-0x00000000be2a8000) (0MB)
[    0.000000] efi: mem63: type=0, attr=0xf, range=[0x00000000be2a8000-0x00000000be2af000) (0MB)
[    0.000000] efi: mem64: type=0, attr=0xf, range=[0x00000000be2af000-0x00000000be302000) (0MB)
[    0.000000] efi: mem65: type=9, attr=0xf, range=[0x00000000be302000-0x00000000be307000) (0MB)
[    0.000000] efi: mem66: type=9, attr=0xf, range=[0x00000000be307000-0x00000000be312000) (0MB)
[    0.000000] efi: mem67: type=10, attr=0xf, range=[0x00000000be312000-0x00000000be38c000) (0MB)
[    0.000000] efi: mem68: type=10, attr=0xf, range=[0x00000000be38c000-0x00000000be428000) (0MB)
[    0.000000] efi: mem69: type=6, attr=0x800000000000000f, range=[0x00000000be428000-0x00000000be488000) (0MB)
[    0.000000] efi: mem70: type=6, attr=0x800000000000000f, range=[0x00000000be488000-0x00000000be56b000) (0MB)
[    0.000000] efi: mem71: type=6, attr=0x800000000000000f, range=[0x00000000be56b000-0x00000000be56d000) (0MB)
[    0.000000] efi: mem72: type=6, attr=0x800000000000000f, range=[0x00000000be56d000-0x00000000be60b000) (0MB)
[    0.000000] efi: mem73: type=5, attr=0x800000000000000f, range=[0x00000000be60b000-0x00000000be62c000) (0MB)
[    0.000000] efi: mem74: type=5, attr=0x800000000000000f, range=[0x00000000be62c000-0x00000000be69c000) (0MB)
[    0.000000] efi: mem75: type=4, attr=0xf, range=[0x00000000be69c000-0x00000000be69d000) (0MB)
[    0.000000] efi: mem76: type=10, attr=0xf, range=[0x00000000be69d000-0x00000000be6e0000) (0MB)
[    0.000000] efi: mem77: type=4, attr=0xf, range=[0x00000000be6e0000-0x00000000bed2e000) (6MB)
[    0.000000] efi: mem78: type=3, attr=0xf, range=[0x00000000bed2e000-0x00000000befca000) (2MB)
[    0.000000] efi: mem79: type=4, attr=0xf, range=[0x00000000befca000-0x00000000befd9000) (0MB)
[    0.000000] efi: mem80: type=3, attr=0xf, range=[0x00000000befd9000-0x00000000befeb000) (0MB)
[    0.000000] efi: mem81: type=4, attr=0xf, range=[0x00000000befeb000-0x00000000bf000000) (0MB)
[    0.000000] efi: mem82: type=7, attr=0xf, range=[0x0000000100000000-0x000000021f600000) (4598MB)
[    0.000000] efi: mem83: type=0, attr=0x8000000000000000, range=[0x00000000bf800000-0x00000000dfa00000) (514MB)
[    0.000000] efi: mem84: type=11, attr=0x8000000000000001, range=[0x00000000f8000000-0x00000000fc000000) (64MB)
[    0.000000] efi: mem85: type=11, attr=0x8000000000000001, range=[0x00000000fec00000-0x00000000fec01000) (0MB)
[    0.000000] efi: mem86: type=11, attr=0x8000000000000001, range=[0x00000000fed00000-0x00000000fed04000) (0MB)
[    0.000000] efi: mem87: type=11, attr=0x8000000000000001, range=[0x00000000fed1c000-0x00000000fed20000) (0MB)
[    0.000000] efi: mem88: type=11, attr=0x8000000000000001, range=[0x00000000fee00000-0x00000000fee01000) (0MB)
[    0.000000] efi: mem89: type=11, attr=0x8000000000000001, range=[0x00000000ff000000-0x0000000100000000) (16MB)
[    0.000000] SMBIOS 2.7 present.
[    0.000000] DMI:                  /D33217CK, BIOS GKPPT10H.86A.0032.2012.1127.1710 11/27/2012
[    0.000000] e820: update [mem 0x00000000-0x00000fff] usable ==> reserved
[    0.000000] e820: remove [mem 0x000a0000-0x000fffff] usable
[    0.000000] e820: last_pfn = 0x21f600 max_arch_pfn = 0x400000000
[    0.000000] MTRR default type: uncachable
[    0.000000] MTRR fixed ranges enabled:
[    0.000000]   00000-9FFFF write-back
[    0.000000]   A0000-BFFFF uncachable
[    0.000000]   C0000-CFFFF write-protect
[    0.000000]   D0000-DFFFF uncachable
[    0.000000]   E0000-FFFFF write-protect
[    0.000000] MTRR variable ranges enabled:
[    0.000000]   0 base 000000000 mask E00000000 write-back
[    0.000000]   1 base 200000000 mask FE0000000 write-back
[    0.000000]   2 base 0C0000000 mask FC0000000 uncachable
[    0.000000]   3 base 0BF800000 mask FFF800000 uncachable
[    0.000000]   4 base 21F800000 mask FFF800000 uncachable
[    0.000000]   5 base 21F600000 mask FFFE00000 uncachable
[    0.000000]   6 disabled
[    0.000000]   7 disabled
[    0.000000]   8 disabled
[    0.000000]   9 disabled
[    0.000000] x86 PAT enabled: cpu 0, old 0x7040600070406, new 0x7010600070106
[    0.000000] original variable MTRRs
[    0.000000] reg 0, base: 0GB, range: 8GB, type WB
[    0.000000] reg 1, base: 8GB, range: 512MB, type WB
[    0.000000] reg 2, base: 3GB, range: 1GB, type UC
[    0.000000] reg 3, base: 3064MB, range: 8MB, type UC
[    0.000000] reg 4, base: 8696MB, range: 8MB, type UC
[    0.000000] reg 5, base: 8694MB, range: 2MB, type UC
[    0.000000] total RAM covered: 7662M
[    0.000000] Found optimal setting for mtrr clean up
[    0.000000]  gran_size: 64K 	chunk_size: 16M 	num_reg: 7  	lose cover RAM: 0G
[    0.000000] New variable MTRRs
[    0.000000] reg 0, base: 0GB, range: 2GB, type WB
[    0.000000] reg 1, base: 2GB, range: 1GB, type WB
[    0.000000] reg 2, base: 3064MB, range: 8MB, type UC
[    0.000000] reg 3, base: 4GB, range: 4GB, type WB
[    0.000000] reg 4, base: 8GB, range: 512MB, type WB
[    0.000000] reg 5, base: 8694MB, range: 2MB, type UC
[    0.000000] reg 6, base: 8696MB, range: 8MB, type UC
[    0.000000] e820: update [mem 0xbf800000-0xffffffff] usable ==> reserved
[    0.000000] e820: last_pfn = 0xbf000 max_arch_pfn = 0x400000000
[    0.000000] found SMP MP-table at [mem 0x000fd730-0x000fd73f] mapped at [ffff8800000fd730]
[    0.000000] Scanning 1 areas for low memory corruption
[    0.000000] Base memory trampoline at [ffff880000097000] 97000 size 24576
[    0.000000] init_memory_mapping: [mem 0x00000000-0x000fffff]
[    0.000000]  [mem 0x00000000-0x000fffff] page 4k
[    0.000000] BRK [0x01f6a000, 0x01f6afff] PGTABLE
[    0.000000] BRK [0x01f6b000, 0x01f6bfff] PGTABLE
[    0.000000] BRK [0x01f6c000, 0x01f6cfff] PGTABLE
[    0.000000] init_memory_mapping: [mem 0x21f400000-0x21f5fffff]
[    0.000000]  [mem 0x21f400000-0x21f5fffff] page 2M
[    0.000000] BRK [0x01f6d000, 0x01f6dfff] PGTABLE
[    0.000000] init_memory_mapping: [mem 0x21c000000-0x21f3fffff]
[    0.000000]  [mem 0x21c000000-0x21f3fffff] page 2M
[    0.000000] init_memory_mapping: [mem 0x200000000-0x21bffffff]
[    0.000000]  [mem 0x200000000-0x21bffffff] page 2M
[    0.000000] init_memory_mapping: [mem 0x00100000-0x1fffffff]
[    0.000000]  [mem 0x00100000-0x001fffff] page 4k
[    0.000000]  [mem 0x00200000-0x1fffffff] page 2M
[    0.000000] init_memory_mapping: [mem 0x20200000-0x40003fff]
[    0.000000]  [mem 0x20200000-0x3fffffff] page 2M
[    0.000000]  [mem 0x40000000-0x40003fff] page 4k
[    0.000000] BRK [0x01f6e000, 0x01f6efff] PGTABLE
[    0.000000] BRK [0x01f6f000, 0x01f6ffff] PGTABLE
[    0.000000] init_memory_mapping: [mem 0x40005000-0xbdfdcfff]
[    0.000000]  [mem 0x40005000-0x401fffff] page 4k
[    0.000000]  [mem 0x40200000-0xbddfffff] page 2M
[    0.000000]  [mem 0xbde00000-0xbdfdcfff] page 4k
[    0.000000] init_memory_mapping: [mem 0xbe69c000-0xbe69cfff]
[    0.000000]  [mem 0xbe69c000-0xbe69cfff] page 4k
[    0.000000] init_memory_mapping: [mem 0xbe6e0000-0xbeffffff]
[    0.000000]  [mem 0xbe6e0000-0xbe7fffff] page 4k
[    0.000000]  [mem 0xbe800000-0xbeffffff] page 2M
[    0.000000] init_memory_mapping: [mem 0x100000000-0x1ffffffff]
[    0.000000]  [mem 0x100000000-0x1ffffffff] page 2M
[    0.000000] RAMDISK: [mem 0x379fc000-0x37cf5fff]
[    0.000000] ACPI: Early table checksum verification disabled
[    0.000000] ACPI: RSDP 0x00000000BE307000 000024 (v02 INTEL )
[    0.000000] ACPI: XSDT 0x00000000BE307078 00006C (v01 INTEL  DQS77CL  00000020 AMI  00010013)
[    0.000000] ACPI: FACP 0x00000000BE3106A8 00010C (v05 INTEL  DQS77CL  00000020 AMI  00010013)
[    0.000000] ACPI: DSDT 0x00000000BE307170 009532 (v02 INTEL  DQS77CL  00000020 INTL 20051117)
[    0.000000] ACPI: FACS 0x00000000BE426080 000040
[    0.000000] ACPI: APIC 0x00000000BE3107B8 000072 (v03 INTEL  DQS77CL  00000020 AMI  00010013)
[    0.000000] ACPI: FPDT 0x00000000BE310830 000044 (v01 INTEL  DQS77CL  00000020 AMI  00010013)
[    0.000000] ACPI: MCFG 0x00000000BE310878 00003C (v01 INTEL  DQS77CL  00000020 MSFT 00000097)
[    0.000000] ACPI: HPET 0x00000000BE3108B8 000038 (v01 INTEL  DQS77CL  00000020 AMI. 00000005)
[    0.000000] ACPI: SSDT 0x00000000BE3108F0 000315 (v01 INTEL  DQS77CL  00000020 INTL 20091112)
[    0.000000] ACPI: SSDT 0x00000000BE310C08 0008A2 (v01 INTEL  DQS77CL  00000020 INTL 20051117)
[    0.000000] ACPI: SSDT 0x00000000BE3114B0 000A92 (v01 INTEL  DQS77CL  00000020 INTL 20051117)
[    0.000000] ACPI: BGRT 0x00000000BE311F48 000038 (v00 INTEL  DQS77CL  00000020 AMI  00010013)
[    0.000000] ACPI: Local APIC address 0xfee00000
[    0.000000] No NUMA configuration found
[    0.000000] Faking a node at [mem 0x0000000000000000-0x000000021f5fffff]
[    0.000000] Initmem setup node 0 [mem 0x00000000-0x21f5fffff]
[    0.000000]   NODE_DATA [mem 0x21f5f4000-0x21f5f8fff]
[    0.000000] Reserving 128MB of memory at 752MB for crashkernel (System RAM: 7644MB)
[    0.000000]  [ffffea0000000000-ffffea00087fffff] PMD -> [ffff880217400000-ffff88021ebfffff] on node 0
[    0.000000] Zone ranges:
[    0.000000]   DMA      [mem 0x00001000-0x00ffffff]
[    0.000000]   DMA32    [mem 0x01000000-0xffffffff]
[    0.000000]   Normal   [mem 0x100000000-0x21f5fffff]
[    0.000000] Movable zone start for each node
[    0.000000] Early memory node ranges
[    0.000000]   node   0: [mem 0x00001000-0x0009efff]
[    0.000000]   node   0: [mem 0x00100000-0x1fffffff]
[    0.000000]   node   0: [mem 0x20200000-0x40003fff]
[    0.000000]   node   0: [mem 0x40005000-0xbdfdcfff]
[    0.000000]   node   0: [mem 0xbe69c000-0xbe69cfff]
[    0.000000]   node   0: [mem 0xbe6e0000-0xbeffffff]
[    0.000000]   node   0: [mem 0x100000000-0x21f5fffff]
[    0.000000] On node 0 totalpages: 1957019
[    0.000000]   DMA zone: 64 pages used for memmap
[    0.000000]   DMA zone: 27 pages reserved
[    0.000000]   DMA zone: 3998 pages, LIFO batch:0
[    0.000000]   DMA32 zone: 12124 pages used for memmap
[    0.000000]   DMA32 zone: 775933 pages, LIFO batch:31
[    0.000000]   Normal zone: 18392 pages used for memmap
[    0.000000]   Normal zone: 1177088 pages, LIFO batch:31
[    0.000000] Reserving Intel graphics stolen memory at 0xbfa00000-0xdf9fffff
[    0.000000] ACPI: PM-Timer IO Port: 0x408
[    0.000000] ACPI: Local APIC address 0xfee00000
[    0.000000] ACPI: LAPIC (acpi_id[0x01] lapic_id[0x00] enabled)
[    0.000000] ACPI: LAPIC (acpi_id[0x02] lapic_id[0x02] enabled)
[    0.000000] ACPI: LAPIC (acpi_id[0x03] lapic_id[0x01] enabled)
[    0.000000] ACPI: LAPIC (acpi_id[0x04] lapic_id[0x03] enabled)
[    0.000000] ACPI: LAPIC_NMI (acpi_id[0xff] high edge lint[0x1])
[    0.000000] ACPI: IOAPIC (id[0x02] address[0xfec00000] gsi_base[0])
[    0.000000] IOAPIC[0]: apic_id 2, version 32, address 0xfec00000, GSI 0-23
[    0.000000] ACPI: INT_SRC_OVR (bus 0 bus_irq 0 global_irq 2 dfl dfl)
[    0.000000] ACPI: INT_SRC_OVR (bus 0 bus_irq 9 global_irq 9 high level)
[    0.000000] ACPI: IRQ0 used by override.
[    0.000000] ACPI: IRQ9 used by override.
[    0.000000] Using ACPI (MADT) for SMP configuration information
[    0.000000] ACPI: HPET id: 0x8086a701 base: 0xfed00000
[    0.000000] smpboot: Allowing 4 CPUs, 0 hotplug CPUs
[    0.000000] e820: [mem 0xdfa00000-0xf7ffffff] available for PCI devices
[    0.000000] setup_percpu: NR_CPUS:256 nr_cpumask_bits:256 nr_cpu_ids:4 nr_node_ids:1
[    0.000000] PERCPU: Embedded 27 pages/cpu @ffff88021f200000 s81408 r8192 d20992 u524288
[    0.000000] pcpu-alloc: s81408 r8192 d20992 u524288 alloc=1*2097152
[    0.000000] pcpu-alloc: [0] 0 1 2 3 
[    0.000000] Built 1 zonelists in Zone order, mobility grouping on.  Total pages: 1926412
[    0.000000] Policy zone: Normal
[    0.000000] Kernel command line: BOOT_IMAGE=/boot/vmlinuz-3.17.0-rc3minimal-tbhack-00002-g7505cea-dirty root=UUID=f54f0253-3e5a-4046-afe7-62f154b956d9 ro splash quiet crashkernel=384M-:128M vt.handoff=7
[    0.000000] PID hash table entries: 4096 (order: 3, 32768 bytes)
[    0.000000] xsave: enabled xstate_bv 0x7, cntxt size 0x340 using standard form
[    0.000000] Memory: 7288680K/7828076K available (6509K kernel code, 1041K rwdata, 3112K rodata, 1160K init, 1260K bss, 539396K reserved)
[    0.000000] SLUB: HWalign=64, Order=0-3, MinObjects=0, CPUs=4, Nodes=1
[    0.000000] Hierarchical RCU implementation.
[    0.000000] 	RCU dyntick-idle grace-period acceleration is enabled.
[    0.000000] 	RCU restricting CPUs from NR_CPUS=256 to nr_cpu_ids=4.
[    0.000000] 	Offload RCU callbacks from all CPUs
[    0.000000] 	Offload RCU callbacks from CPUs: 0-3.
[    0.000000] RCU: Adjusting geometry for rcu_fanout_leaf=16, nr_cpu_ids=4
[    0.000000] NR_IRQS:16640 nr_irqs:456 0
[    0.000000] Console: colour dummy device 80x25
[    0.000000] console [tty0] enabled
[    0.000000] allocated 31457280 bytes of page_cgroup
[    0.000000] please try 'cgroup_disable=memory' option if you don't want memory cgroups
[    0.000000] hpet clockevent registered
[    0.000000] tsc: Fast TSC calibration using PIT
[    0.000000] tsc: Detected 1797.479 MHz processor
[    0.000043] Calibrating delay loop (skipped), value calculated using timer frequency.. 3594.95 BogoMIPS (lpj=7189916)
[    0.000046] pid_max: default: 32768 minimum: 301
[    0.000054] ACPI: Core revision 20140724
[    0.008584] ACPI: All ACPI Tables successfully acquired
[    0.009919] Security Framework initialized
[    0.009928] SELinux:  Disabled at boot.
[    0.010624] Dentry cache hash table entries: 1048576 (order: 11, 8388608 bytes)
[    0.013496] Inode-cache hash table entries: 524288 (order: 10, 4194304 bytes)
[    0.014774] Mount-cache hash table entries: 16384 (order: 5, 131072 bytes)
[    0.014788] Mountpoint-cache hash table entries: 16384 (order: 5, 131072 bytes)
[    0.015035] Initializing cgroup subsys memory
[    0.015041] Initializing cgroup subsys devices
[    0.015044] Initializing cgroup subsys freezer
[    0.015046] Initializing cgroup subsys net_cls
[    0.015049] Initializing cgroup subsys blkio
[    0.015051] Initializing cgroup subsys perf_event
[    0.015054] Initializing cgroup subsys hugetlb
[    0.015081] CPU: Physical Processor ID: 0
[    0.015082] CPU: Processor Core ID: 0
[    0.015088] ENERGY_PERF_BIAS: Set to 'normal', was 'performance'
[    0.015088] ENERGY_PERF_BIAS: View and update with x86_energy_perf_policy(8)
[    0.015092] mce: CPU supports 7 MCE banks
[    0.015106] CPU0: Thermal monitoring enabled (TM1)
[    0.015118] Last level iTLB entries: 4KB 512, 2MB 8, 4MB 8
[    0.015118] Last level dTLB entries: 4KB 512, 2MB 32, 4MB 32, 1GB 0
[    0.015275] Freeing SMP alternatives memory: 24K (ffffffff81e28000 - ffffffff81e2e000)
[    0.023397] ftrace: allocating 25300 entries in 99 pages
[    0.039355] ..TIMER: vector=0x30 apic1=0 pin1=2 apic2=-1 pin2=-1
[    0.079063] smpboot: CPU0: Intel(R) Core(TM) i3-3217U CPU @ 1.80GHz (fam: 06, model: 3a, stepping: 09)
[    0.079075] TSC deadline timer enabled
[    0.079106] Performance Events: PEBS fmt1+, 16-deep LBR, IvyBridge events, full-width counters, Intel PMU driver.
[    0.079133] ... version:                3
[    0.079134] ... bit width:              48
[    0.079135] ... generic registers:      4
[    0.079137] ... value mask:             0000ffffffffffff
[    0.079138] ... max period:             0000ffffffffffff
[    0.079139] ... fixed-purpose events:   3
[    0.079141] ... event mask:             000000070000000f
[    0.081181] NMI watchdog: enabled on all CPUs, permanently consumes one hw-PMU counter.
[    0.081263] x86: Booting SMP configuration:
[    0.081265] .... node  #0, CPUs:      #1 #2 #3
[    0.120787] x86: Booted up 1 node, 4 CPUs
[    0.120792] smpboot: Total of 4 processors activated (14379.83 BogoMIPS)
[    0.124600] devtmpfs: initialized
[    0.128683] evm: security.selinux
[    0.128685] evm: security.SMACK64
[    0.128686] evm: security.ima
[    0.128687] evm: security.capability
[    0.129950] pinctrl core: initialized pinctrl subsystem
[    0.130026] regulator-dummy: no parameters
[    0.130137] NET: Registered protocol family 16
[    0.130310] cpuidle: using governor ladder
[    0.130314] cpuidle: using governor menu
[    0.130371] ACPI FADT declares the system doesn't support PCIe ASPM, so disable it
[    0.130372] ACPI: bus type PCI registered
[    0.130374] acpiphp: ACPI Hot Plug PCI Controller Driver version: 0.5
[    0.130449] PCI: MMCONFIG for domain 0000 [bus 00-3f] at [mem 0xf8000000-0xfbffffff] (base 0xf8000000)
[    0.130452] PCI: MMCONFIG at [mem 0xf8000000-0xfbffffff] reserved in E820
[    0.130524] PCI: Using configuration type 1 for base access
[    0.133229] ACPI: Added _OSI(Module Device)
[    0.133232] ACPI: Added _OSI(Processor Device)
[    0.133233] ACPI: Added _OSI(3.0 _SCP Extensions)
[    0.133235] ACPI: Added _OSI(Processor Aggregator Device)
[    0.136684] ACPI: Executed 1 blocks of module-level executable AML code
[    0.141281] ACPI: Dynamic OEM Table Load:
[    0.141290] ACPI: SSDT 0xFFFF880213F30000 00083B (v01 PmRef  Cpu0Cst  00003001 INTL 20051117)
[    0.145086] ACPI: Dynamic OEM Table Load:
[    0.145092] ACPI: SSDT 0xFFFF880213EE2400 000303 (v01 PmRef  ApIst    00003000 INTL 20051117)
[    0.148931] ACPI: Dynamic OEM Table Load:
[    0.148935] ACPI: SSDT 0xFFFF880213EDEE00 000119 (v01 PmRef  ApCst    00003000 INTL 20051117)
[    0.153482] ACPI: Interpreter enabled
[    0.153490] ACPI: (supports S0 S5)
[    0.153492] ACPI: Using IOAPIC for interrupt routing
[    0.153524] PCI: Using host bridge windows from ACPI; if necessary, use "pci=nocrs" and report a bug
[    0.160977] ACPI: Power Resource [FN00] (off)
[    0.161077] ACPI: Power Resource [FN01] (off)
[    0.161171] ACPI: Power Resource [FN02] (off)
[    0.161265] ACPI: Power Resource [FN03] (off)
[    0.161359] ACPI: Power Resource [FN04] (off)
[    0.162071] ACPI: PCI Root Bridge [PCI0] (domain 0000 [bus 00-3e])
[    0.162077] acpi PNP0A08:00: _OSC: OS supports [ExtendedConfig ASPM ClockPM Segments MSI]
[    0.162276] acpi PNP0A08:00: _OSC: platform does not support [PCIeHotplug PME]
[    0.162435] acpi PNP0A08:00: _OSC: OS now controls [AER PCIeCapability]
[    0.163238] PCI host bridge to bus 0000:00
[    0.163242] pci_bus 0000:00: root bus resource [bus 00-3e]
[    0.163244] pci_bus 0000:00: root bus resource [io  0x0000-0x0cf7]
[    0.163247] pci_bus 0000:00: root bus resource [io  0x0d00-0xffff]
[    0.163249] pci_bus 0000:00: root bus resource [mem 0x000a0000-0x000bffff]
[    0.163251] pci_bus 0000:00: root bus resource [mem 0x000d0000-0x000d3fff]
[    0.163253] pci_bus 0000:00: root bus resource [mem 0x000d4000-0x000d7fff]
[    0.163255] pci_bus 0000:00: root bus resource [mem 0x000d8000-0x000dbfff]
[    0.163257] pci_bus 0000:00: root bus resource [mem 0x000dc000-0x000dffff]
[    0.163259] pci_bus 0000:00: root bus resource [mem 0xdfa00000-0xfeafffff]
[    0.163269] pci 0000:00:00.0: [8086:0154] type 00 class 0x060000
[    0.163386] pci 0000:00:02.0: [8086:0166] type 00 class 0x030000
[    0.163400] pci 0000:00:02.0: reg 0x10: [mem 0xf7800000-0xf7bfffff 64bit]
[    0.163408] pci 0000:00:02.0: reg 0x18: [mem 0xe0000000-0xefffffff 64bit pref]
[    0.163414] pci 0000:00:02.0: reg 0x20: [io  0xf000-0xf03f]
[    0.163553] pci 0000:00:16.0: [8086:1e3a] type 00 class 0x078000
[    0.163581] pci 0000:00:16.0: reg 0x10: [mem 0xf7d0b000-0xf7d0b00f 64bit]
[    0.163668] pci 0000:00:16.0: PME# supported from D0 D3hot D3cold
[    0.163781] pci 0000:00:1a.0: [8086:1e2d] type 00 class 0x0c0320
[    0.163806] pci 0000:00:1a.0: reg 0x10: [mem 0xf7d08000-0xf7d083ff]
[    0.163910] pci 0000:00:1a.0: PME# supported from D0 D3hot D3cold
[    0.164007] pci 0000:00:1b.0: [8086:1e20] type 00 class 0x040300
[    0.164026] pci 0000:00:1b.0: reg 0x10: [mem 0xf7d00000-0xf7d03fff 64bit]
[    0.164105] pci 0000:00:1b.0: PME# supported from D0 D3hot D3cold
[    0.164204] pci 0000:00:1c.0: [8086:1e10] type 01 class 0x060400
[    0.164343] pci 0000:00:1c.0: PME# supported from D0 D3hot D3cold
[    0.164448] pci 0000:00:1c.2: [8086:1e14] type 01 class 0x060400
[    0.164588] pci 0000:00:1c.2: PME# supported from D0 D3hot D3cold
[    0.164698] pci 0000:00:1c.4: [8086:1e18] type 01 class 0x060400
[    0.164846] pci 0000:00:1c.4: PME# supported from D0 D3hot D3cold
[    0.164959] pci 0000:00:1d.0: [8086:1e26] type 00 class 0x0c0320
[    0.164985] pci 0000:00:1d.0: reg 0x10: [mem 0xf7d07000-0xf7d073ff]
[    0.165088] pci 0000:00:1d.0: PME# supported from D0 D3hot D3cold
[    0.165184] pci 0000:00:1f.0: [8086:1e56] type 00 class 0x060100
[    0.165395] pci 0000:00:1f.2: [8086:1e03] type 00 class 0x010601
[    0.165418] pci 0000:00:1f.2: reg 0x10: [io  0xf0b0-0xf0b7]
[    0.165429] pci 0000:00:1f.2: reg 0x14: [io  0xf0a0-0xf0a3]
[    0.165440] pci 0000:00:1f.2: reg 0x18: [io  0xf090-0xf097]
[    0.165449] pci 0000:00:1f.2: reg 0x1c: [io  0xf080-0xf083]
[    0.165458] pci 0000:00:1f.2: reg 0x20: [io  0xf060-0xf07f]
[    0.165468] pci 0000:00:1f.2: reg 0x24: [mem 0xf7d06000-0xf7d067ff]
[    0.165522] pci 0000:00:1f.2: PME# supported from D3hot
[    0.165611] pci 0000:00:1f.3: [8086:1e22] type 00 class 0x0c0500
[    0.165631] pci 0000:00:1f.3: reg 0x10: [mem 0xf7d05000-0xf7d050ff 64bit]
[    0.165657] pci 0000:00:1f.3: reg 0x20: [io  0xf040-0xf05f]
[    0.165854] pci 0000:00:1c.0: PCI bridge to [bus 01]
[    0.166151] pci 0000:02:00.0: [8086:088e] type 00 class 0x028000
[    0.166321] pci 0000:02:00.0: reg 0x10: [mem 0xf7c00000-0xf7c01fff 64bit]
[    0.167022] pci 0000:02:00.0: PME# supported from D0 D3hot D3cold
[    0.173003] pci 0000:00:1c.2: PCI bridge to [bus 02]
[    0.173013] pci 0000:00:1c.2:   bridge window [mem 0xf7c00000-0xf7cfffff]
[    0.173126] pci 0000:00:1c.4: PCI bridge to [bus 03]
[    0.173195] acpi PNP0A08:00: Disabling ASPM (FADT indicates it is unsupported)
[    0.173716] ACPI: PCI Interrupt Link [LNKA] (IRQs 3 4 5 6 10 *11 12 14 15)
[    0.173778] ACPI: PCI Interrupt Link [LNKB] (IRQs 3 4 5 6 10 11 12 14 15) *0, disabled.
[    0.173837] ACPI: PCI Interrupt Link [LNKC] (IRQs *3 4 5 6 10 11 12 14 15)
[    0.173895] ACPI: PCI Interrupt Link [LNKD] (IRQs 3 4 5 6 *10 11 12 14 15)
[    0.173952] ACPI: PCI Interrupt Link [LNKE] (IRQs 3 4 5 6 10 11 12 14 15) *0, disabled.
[    0.174009] ACPI: PCI Interrupt Link [LNKF] (IRQs 3 4 5 6 10 11 12 14 15) *0, disabled.
[    0.174068] ACPI: PCI Interrupt Link [LNKG] (IRQs 3 4 *5 6 10 11 12 14 15)
[    0.174126] ACPI: PCI Interrupt Link [LNKH] (IRQs 3 *4 5 6 10 11 12 14 15)
[    0.174393] ACPI: Enabled 6 GPEs in block 00 to 3F
[    0.174520] vgaarb: device added: PCI:0000:00:02.0,decodes=io+mem,owns=io+mem,locks=none
[    0.174524] vgaarb: loaded
[    0.174525] vgaarb: bridge control possible 0000:00:02.0
[    0.174740] SCSI subsystem initialized
[    0.174795] libata version 3.00 loaded.
[    0.174826] ACPI: bus type USB registered
[    0.174848] usbcore: registered new interface driver usbfs
[    0.174859] usbcore: registered new interface driver hub
[    0.174900] usbcore: registered new device driver usb
[    0.175103] PCI: Using ACPI for IRQ routing
[    0.176925] PCI: pci_cache_line_size set to 64 bytes
[    0.176984] e820: reserve RAM buffer [mem 0x0009f000-0x0009ffff]
[    0.176986] e820: reserve RAM buffer [mem 0x40004000-0x43ffffff]
[    0.176987] e820: reserve RAM buffer [mem 0xbdfdd000-0xbfffffff]
[    0.176990] e820: reserve RAM buffer [mem 0xbe69d000-0xbfffffff]
[    0.176992] e820: reserve RAM buffer [mem 0xbf000000-0xbfffffff]
[    0.176994] e820: reserve RAM buffer [mem 0x21f600000-0x21fffffff]
[    0.177122] NetLabel: Initializing
[    0.177124] NetLabel:  domain hash size = 128
[    0.177125] NetLabel:  protocols = UNLABELED CIPSOv4
[    0.177140] NetLabel:  unlabeled traffic allowed by default
[    0.177226] hpet0: at MMIO 0xfed00000, IRQs 2, 8, 0, 0, 0, 0, 0, 0
[    0.177232] hpet0: 8 comparators, 64-bit 14.318180 MHz counter
[    0.179259] Switched to clocksource hpet
[    0.185538] pnp: PnP ACPI init
[    0.185652] system 00:00: [mem 0xfed40000-0xfed44fff] has been reserved
[    0.185657] system 00:00: Plug and Play ACPI device, IDs PNP0c01 (active)
[    0.185745] system 00:01: [io  0x0680-0x069f] has been reserved
[    0.185748] system 00:01: [io  0x1000-0x100f] has been reserved
[    0.185750] system 00:01: [io  0xffff] has been reserved
[    0.185753] system 00:01: [io  0xffff] has been reserved
[    0.185755] system 00:01: [io  0x0400-0x0453] could not be reserved
[    0.185757] system 00:01: [io  0x0458-0x047f] has been reserved
[    0.185760] system 00:01: [io  0x0500-0x057f] has been reserved
[    0.185762] system 00:01: [io  0x164e-0x164f] has been reserved
[    0.185765] system 00:01: Plug and Play ACPI device, IDs PNP0c02 (active)
[    0.185801] pnp 00:02: Plug and Play ACPI device, IDs PNP0b00 (active)
[    0.185858] system 00:03: [io  0x0454-0x0457] has been reserved
[    0.185861] system 00:03: Plug and Play ACPI device, IDs INT3f0d PNP0c02 (active)
[    0.186008] system 00:04: [io  0x0a00-0x0a1f] has been reserved
[    0.186011] system 00:04: [io  0x0a30-0x0a3f] has been reserved
[    0.186013] system 00:04: [io  0x0a20-0x0a2f] has been reserved
[    0.186016] system 00:04: Plug and Play ACPI device, IDs PNP0c02 (active)
[    0.186099] system 00:05: [io  0x04d0-0x04d1] has been reserved
[    0.186102] system 00:05: Plug and Play ACPI device, IDs PNP0c02 (active)
[    0.186354] system 00:06: [mem 0xfed1c000-0xfed1ffff] has been reserved
[    0.186357] system 00:06: [mem 0xfed10000-0xfed17fff] has been reserved
[    0.186359] system 00:06: [mem 0xfed18000-0xfed18fff] has been reserved
[    0.186362] system 00:06: [mem 0xfed19000-0xfed19fff] has been reserved
[    0.186364] system 00:06: [mem 0xf8000000-0xfbffffff] has been reserved
[    0.186367] system 00:06: [mem 0xfed20000-0xfed3ffff] has been reserved
[    0.186369] system 00:06: [mem 0xfed90000-0xfed93fff] has been reserved
[    0.186371] system 00:06: [mem 0xfed45000-0xfed8ffff] has been reserved
[    0.186374] system 00:06: [mem 0xff000000-0xffffffff] has been reserved
[    0.186376] system 00:06: [mem 0xfee00000-0xfeefffff] could not be reserved
[    0.186379] system 00:06: [mem 0xdfa00000-0xdfa00fff] has been reserved
[    0.186382] system 00:06: Plug and Play ACPI device, IDs PNP0c02 (active)
[    0.186550] system 00:07: [mem 0x20000000-0x201fffff] has been reserved
[    0.186553] system 00:07: [mem 0x40004000-0x40004fff] has been reserved
[    0.186555] system 00:07: Plug and Play ACPI device, IDs PNP0c01 (active)
[    0.186581] pnp: PnP ACPI: found 8 devices
[    0.193490] pci 0000:00:1c.4: bridge window [io  0x1000-0x0fff] to [bus 03] add_size 1000
[    0.193494] pci 0000:00:1c.4: bridge window [mem 0x00100000-0x000fffff 64bit pref] to [bus 03] add_size 200000
[    0.193497] pci 0000:00:1c.4: bridge window [mem 0x00100000-0x000fffff] to [bus 03] add_size 200000
[    0.193502] pci 0000:00:1c.4: res[14]=[mem 0x00100000-0x000fffff] get_res_add_size add_size 200000
[    0.193505] pci 0000:00:1c.4: res[15]=[mem 0x00100000-0x000fffff 64bit pref] get_res_add_size add_size 200000
[    0.193507] pci 0000:00:1c.4: res[13]=[io  0x1000-0x0fff] get_res_add_size add_size 1000
[    0.193514] pci 0000:00:1c.4: BAR 14: assigned [mem 0xdfb00000-0xdfcfffff]
[    0.193522] pci 0000:00:1c.4: BAR 15: assigned [mem 0xdfd00000-0xdfefffff 64bit pref]
[    0.193525] pci 0000:00:1c.4: BAR 13: assigned [io  0x2000-0x2fff]
[    0.193528] pci 0000:00:1c.0: PCI bridge to [bus 01]
[    0.193544] pci 0000:00:1c.2: PCI bridge to [bus 02]
[    0.193550] pci 0000:00:1c.2:   bridge window [mem 0xf7c00000-0xf7cfffff]
[    0.193560] pci 0000:00:1c.4: PCI bridge to [bus 03]
[    0.193565] pci 0000:00:1c.4:   bridge window [io  0x2000-0x2fff]
[    0.193572] pci 0000:00:1c.4:   bridge window [mem 0xdfb00000-0xdfcfffff]
[    0.193578] pci 0000:00:1c.4:   bridge window [mem 0xdfd00000-0xdfefffff 64bit pref]
[    0.193588] pci_bus 0000:00: resource 4 [io  0x0000-0x0cf7]
[    0.193590] pci_bus 0000:00: resource 5 [io  0x0d00-0xffff]
[    0.193593] pci_bus 0000:00: resource 6 [mem 0x000a0000-0x000bffff]
[    0.193595] pci_bus 0000:00: resource 7 [mem 0x000d0000-0x000d3fff]
[    0.193597] pci_bus 0000:00: resource 8 [mem 0x000d4000-0x000d7fff]
[    0.193599] pci_bus 0000:00: resource 9 [mem 0x000d8000-0x000dbfff]
[    0.193601] pci_bus 0000:00: resource 10 [mem 0x000dc000-0x000dffff]
[    0.193604] pci_bus 0000:00: resource 11 [mem 0xdfa00000-0xfeafffff]
[    0.193606] pci_bus 0000:02: resource 1 [mem 0xf7c00000-0xf7cfffff]
[    0.193609] pci_bus 0000:03: resource 0 [io  0x2000-0x2fff]
[    0.193611] pci_bus 0000:03: resource 1 [mem 0xdfb00000-0xdfcfffff]
[    0.193613] pci_bus 0000:03: resource 2 [mem 0xdfd00000-0xdfefffff 64bit pref]
[    0.193646] NET: Registered protocol family 2
[    0.193848] TCP established hash table entries: 65536 (order: 7, 524288 bytes)
[    0.194048] TCP bind hash table entries: 65536 (order: 8, 1048576 bytes)
[    0.194182] TCP: Hash tables configured (established 65536 bind 65536)
[    0.194202] TCP: reno registered
[    0.194216] UDP hash table entries: 4096 (order: 5, 131072 bytes)
[    0.194253] UDP-Lite hash table entries: 4096 (order: 5, 131072 bytes)
[    0.194325] NET: Registered protocol family 1
[    0.194344] pci 0000:00:02.0: Boot video device
[    0.235435] PCI: CLS 64 bytes, default 64
[    0.235496] Trying to unpack rootfs image as initramfs...
[    0.306158] Freeing initrd memory: 3048K (ffff8800379fc000 - ffff880037cf6000)
[    0.306168] PCI-DMA: Using software bounce buffering for IO (SWIOTLB)
[    0.306171] software IO TLB [mem 0xae05f000-0xb205f000] (64MB) mapped at [ffff8800ae05f000-ffff8800b205efff]
[    0.306478] RAPL PMU detected, hw unit 2^-16 Joules, API unit is 2^-32 Joules, 3 fixed counters 163840 ms ovfl timer
[    0.306528] microcode: CPU0 sig=0x306a9, pf=0x10, revision=0x15
[    0.306537] microcode: CPU1 sig=0x306a9, pf=0x10, revision=0x15
[    0.306548] microcode: CPU2 sig=0x306a9, pf=0x10, revision=0x15
[    0.306559] microcode: CPU3 sig=0x306a9, pf=0x10, revision=0x15
[    0.306614] microcode: Microcode Update Driver: v2.00 <tigran@aivazian.fsnet.co.uk>, Peter Oruba
[    0.306782] Scanning for low memory corruption every 60 seconds
[    0.307104] futex hash table entries: 1024 (order: 4, 65536 bytes)
[    0.307121] Initialise system trusted keyring
[    0.307151] audit: initializing netlink subsys (disabled)
[    0.307165] audit: type=2000 audit(1410277687.296:1): initialized
[    0.307570] HugeTLB registered 2 MB page size, pre-allocated 0 pages
[    0.309332] zpool: loaded
[    0.309337] zbud: loaded
[    0.309533] VFS: Disk quotas dquot_6.5.2
[    0.309577] Dquot-cache hash table entries: 512 (order 0, 4096 bytes)
[    0.309972] fuse init (API version 7.23)
[    0.310080] msgmni has been set to 14631
[    0.310151] Key type big_key registered
[    0.310718] Key type asymmetric registered
[    0.310724] Asymmetric key parser 'x509' registered
[    0.310767] Block layer SCSI generic (bsg) driver version 0.4 loaded (major 252)
[    0.310814] io scheduler noop registered (default)
[    0.311387] pci_hotplug: PCI Hot Plug PCI Core version: 0.5
[    0.311407] pciehp: PCI Express Hot Plug Controller Driver version: 0.4
[    0.311471] efifb: probing for efifb
[    0.311486] efifb: framebuffer at 0xe0000000, mapped to 0xffffc90004e80000, using 3072k, total 3072k
[    0.311488] efifb: mode is 1024x768x32, linelength=4096, pages=1
[    0.311489] efifb: scrolling: redraw
[    0.311491] efifb: Truecolor: size=8:8:8:8, shift=24:16:8:0
[    0.314010] Console: switching to colour frame buffer device 128x48
[    0.316442] fb0: EFI VGA frame buffer device
[    0.316463] intel_idle: MWAIT substates: 0x21120
[    0.316464] intel_idle: v0.4 model 0x3A
[    0.316466] intel_idle: lapic_timer_reliable_states 0xffffffff
[    0.316662] ipmi message handler version 39.2
[    0.316766] input: Power Button as /devices/LNXSYSTM:00/LNXSYBUS:00/PNP0C0C:00/input/input0
[    0.316771] ACPI: Power Button [PWRB]
[    0.316815] input: Power Button as /devices/LNXSYSTM:00/LNXPWRBN:00/input/input1
[    0.316818] ACPI: Power Button [PWRF]
[    0.316893] ACPI: Fan [FAN0] (off)
[    0.316928] ACPI: Fan [FAN1] (off)
[    0.316963] ACPI: Fan [FAN2] (off)
[    0.316994] ACPI: Fan [FAN3] (off)
[    0.317026] ACPI: Fan [FAN4] (off)
[    0.327778] thermal LNXTHERM:00: registered as thermal_zone0
[    0.327780] ACPI: Thermal Zone [TZ00] (28 C)
[    0.328029] thermal LNXTHERM:01: registered as thermal_zone1
[    0.328031] ACPI: Thermal Zone [TZ01] (30 C)
[    0.328081] GHES: HEST is not enabled!
[    0.328167] Serial: 8250/16550 driver, 32 ports, IRQ sharing enabled
[    0.330031] Linux agpgart interface v0.103
[    0.331719] brd: module loaded
[    0.332458] loop: module loaded
[    0.332922] libphy: Fixed MDIO Bus: probed
[    0.333042] tun: Universal TUN/TAP device driver, 1.6
[    0.333044] tun: (C) 1999-2004 Max Krasnyansky <maxk@qualcomm.com>
[    0.333096] ehci_hcd: USB 2.0 'Enhanced' Host Controller (EHCI) Driver
[    0.333108] ehci-pci: EHCI PCI platform driver
[    0.333235] ehci-pci 0000:00:1a.0: EHCI Host Controller
[    0.333242] ehci-pci 0000:00:1a.0: new USB bus registered, assigned bus number 1
[    0.333258] ehci-pci 0000:00:1a.0: debug port 2
[    0.337163] ehci-pci 0000:00:1a.0: cache line size of 64 is not supported
[    0.337181] ehci-pci 0000:00:1a.0: irq 16, io mem 0xf7d08000
[    0.347388] ehci-pci 0000:00:1a.0: USB 2.0 started, EHCI 1.00
[    0.347433] usb usb1: New USB device found, idVendor=1d6b, idProduct=0002
[    0.347436] usb usb1: New USB device strings: Mfr=3, Product=2, SerialNumber=1
[    0.347438] usb usb1: Product: EHCI Host Controller
[    0.347440] usb usb1: Manufacturer: Linux 3.17.0-rc3minimal-tbhack-00002-g7505cea-dirty ehci_hcd
[    0.347442] usb usb1: SerialNumber: 0000:00:1a.0
[    0.347573] hub 1-0:1.0: USB hub found
[    0.347580] hub 1-0:1.0: 2 ports detected
[    0.347829] ehci-pci 0000:00:1d.0: EHCI Host Controller
[    0.347835] ehci-pci 0000:00:1d.0: new USB bus registered, assigned bus number 2
[    0.347849] ehci-pci 0000:00:1d.0: debug port 2
[    0.351760] ehci-pci 0000:00:1d.0: cache line size of 64 is not supported
[    0.351775] ehci-pci 0000:00:1d.0: irq 23, io mem 0xf7d07000
[    0.363397] ehci-pci 0000:00:1d.0: USB 2.0 started, EHCI 1.00
[    0.363433] usb usb2: New USB device found, idVendor=1d6b, idProduct=0002
[    0.363436] usb usb2: New USB device strings: Mfr=3, Product=2, SerialNumber=1
[    0.363438] usb usb2: Product: EHCI Host Controller
[    0.363440] usb usb2: Manufacturer: Linux 3.17.0-rc3minimal-tbhack-00002-g7505cea-dirty ehci_hcd
[    0.363441] usb usb2: SerialNumber: 0000:00:1d.0
[    0.363599] hub 2-0:1.0: USB hub found
[    0.363605] hub 2-0:1.0: 2 ports detected
[    0.363740] ehci-platform: EHCI generic platform driver
[    0.363753] ohci_hcd: USB 1.1 'Open' Host Controller (OHCI) Driver
[    0.363759] ohci-pci: OHCI PCI platform driver
[    0.363772] ohci-platform: OHCI generic platform driver
[    0.363783] uhci_hcd: USB Universal Host Controller Interface driver
[    0.363850] i8042: PNP: No PS/2 controller found. Probing ports directly.
[    1.091902] usb 1-1: new high-speed USB device number 2 using ehci-pci
[    1.224306] usb 1-1: New USB device found, idVendor=8087, idProduct=0024
[    1.224310] usb 1-1: New USB device strings: Mfr=0, Product=0, SerialNumber=0
[    1.224589] hub 1-1:1.0: USB hub found
[    1.224677] hub 1-1:1.0: 6 ports detected
[    1.336068] usb 2-1: new high-speed USB device number 2 using ehci-pci
[    1.403430] i8042: No controller found
[    1.403462] tsc: Refined TSC clocksource calibration: 1797.672 MHz
[    1.403622] mousedev: PS/2 mouse device common for all mice
[    1.403839] rtc_cmos 00:02: RTC can wake from S4
[    1.403991] rtc_cmos 00:02: rtc core: registered rtc_cmos as rtc0
[    1.404022] rtc_cmos 00:02: alarms up to one month, y3k, 242 bytes nvram, hpet irqs
[    1.404133] device-mapper: uevent: version 1.0.3
[    1.404249] device-mapper: ioctl: 4.27.0-ioctl (2013-10-30) initialised: dm-devel@redhat.com
[    1.404274] Intel P-state driver initializing.
[    1.404465] EFI Variables Facility v0.08 2004-May-17
[    1.410121] Not Apple hardware. Shark attack imminent
[    1.410286] TCP: cubic registered
[    1.410595] NET: Registered protocol family 10
[    1.411139] NET: Registered protocol family 17
[    1.411170] Key type dns_resolver registered
[    1.411944] Loading compiled-in X.509 certificates
[    1.414429] Loaded X.509 cert 'Magrathea: Glacier signing key: 9b30699888c785d0395063f7dc93ec4c9ed48a43'
[    1.414481] registered taskstats version 1
[    1.417199] Key type trusted registered
[    1.419430] Key type encrypted registered
[    1.421390] ima: No TPM chip found, activating TPM-bypass!
[    1.421434] evm: HMAC attrs: 0x1
[    1.421835] rtc_cmos 00:02: setting system clock to 2014-09-09 15:48:08 UTC (1410277688)
[    1.422892] Freeing unused kernel memory: 1160K (ffffffff81d06000 - ffffffff81e28000)
[    1.422894] Write protecting the kernel read-only data: 12288k
[    1.427496] Freeing unused kernel memory: 1672K (ffff88000165e000 - ffff880001800000)
[    1.430148] Freeing unused kernel memory: 984K (ffff880001b0a000 - ffff880001c00000)
[    1.442789] systemd-udevd[112]: starting version 204
[    1.467720] libahci: module verification failed: signature and/or  required key missing - tainting kernel
[    1.468471] usb 2-1: New USB device found, idVendor=8087, idProduct=0024
[    1.468479] usb 2-1: New USB device strings: Mfr=0, Product=0, SerialNumber=0
[    1.468606] ahci 0000:00:1f.2: version 3.0
[    1.468750] hub 2-1:1.0: USB hub found
[    1.468829] ahci 0000:00:1f.2: irq 24 for MSI/MSI-X
[    1.468842] hub 2-1:1.0: 8 ports detected
[    1.468892] ahci 0000:00:1f.2: AHCI 0001.0300 32 slots 6 ports 6 Gbps 0x1 impl SATA mode
[    1.468898] ahci 0000:00:1f.2: flags: 64bit ncq pm led clo pio slum part ems apst 
[    1.470174] scsi host0: ahci
[    1.470369] scsi host1: ahci
[    1.470523] scsi host2: ahci
[    1.470686] scsi host3: ahci
[    1.470854] scsi host4: ahci
[    1.471017] scsi host5: ahci
[    1.471111] ata1: SATA max UDMA/133 abar m2048@0xf7d06000 port 0xf7d06100 irq 24
[    1.471114] ata2: DUMMY
[    1.471116] ata3: DUMMY
[    1.471117] ata4: DUMMY
[    1.471119] ata5: DUMMY
[    1.471121] ata6: DUMMY
[    1.740595] usb 2-1.1: new low-speed USB device number 3 using ehci-pci
[    1.788419] ata1: SATA link up 6.0 Gbps (SStatus 133 SControl 300)
[    1.801283] ata1.00: ACPI cmd ef/10:06:00:00:00:00 (SET FEATURES) succeeded
[    1.801289] ata1.00: ACPI cmd f5/00:00:00:00:00:00 (SECURITY FREEZE LOCK) filtered out
[    1.801292] ata1.00: ACPI cmd b1/c1:00:00:00:00:00 (DEVICE CONFIGURATION OVERLAY) filtered out
[    1.813149] ata1.00: ATA-9: INTEL SSDMCEAW120A4, DC33, max UDMA/133
[    1.813156] ata1.00: 234441648 sectors, multi 16: LBA48 NCQ (depth 31/32), AA
[    1.831291] ata1.00: ACPI cmd ef/10:06:00:00:00:00 (SET FEATURES) succeeded
[    1.831298] ata1.00: ACPI cmd f5/00:00:00:00:00:00 (SECURITY FREEZE LOCK) filtered out
[    1.831301] ata1.00: ACPI cmd b1/c1:00:00:00:00:00 (DEVICE CONFIGURATION OVERLAY) filtered out
[    1.841650] usb 2-1.1: New USB device found, idVendor=04ca, idProduct=0027
[    1.841655] usb 2-1.1: New USB device strings: Mfr=1, Product=2, SerialNumber=0
[    1.841658] usb 2-1.1: Product: USB Multimedia Keyboard
[    1.841660] usb 2-1.1: Manufacturer: Lite-On Technology Corp.
[    1.843726] hidraw: raw HID events driver (C) Jiri Kosina
[    1.849392] ata1.00: configured for UDMA/133
[    1.849576] scsi 0:0:0:0: Direct-Access     ATA      INTEL SSDMCEAW12 DC33 PQ: 0 ANSI: 5
[    1.849882] sd 0:0:0:0: [sda] 234441648 512-byte logical blocks: (120 GB/111 GiB)
[    1.849886] sd 0:0:0:0: Attached scsi generic sg0 type 0
[    1.850011] sd 0:0:0:0: [sda] Write Protect is off
[    1.850015] sd 0:0:0:0: [sda] Mode Sense: 00 3a 00 00
[    1.850121] sd 0:0:0:0: [sda] Write cache: enabled, read cache: enabled, doesn't support DPO or FUA
[    1.851197]  sda: sda1 sda2 sda3
[    1.851691] sd 0:0:0:0: [sda] Attached SCSI disk
[    1.853305] usbcore: registered new interface driver usbhid
[    1.853309] usbhid: USB HID core driver
[    1.854405] input: Lite-On Technology Corp. USB Multimedia Keyboard as /devices/pci0000:00/0000:00:1d.0/usb2/2-1/2-1.1/2-1.1:1.0/0003:04CA:0027.0001/input/input2
[    1.854544] hid-generic 0003:04CA:0027.0001: input,hidraw0: USB HID v1.10 Keyboard [Lite-On Technology Corp. USB Multimedia Keyboard] on usb-0000:00:1d.0-1.1/input0
[    1.856607] input: Lite-On Technology Corp. USB Multimedia Keyboard as /devices/pci0000:00/0000:00:1d.0/usb2/2-1/2-1.1/2-1.1:1.1/0003:04CA:0027.0002/input/input3
[    1.856853] hid-generic 0003:04CA:0027.0002: input,hiddev0,hidraw1: USB HID v1.10 Device [Lite-On Technology Corp. USB Multimedia Keyboard] on usb-0000:00:1d.0-1.1/input1
[    1.912706] usb 2-1.2: new low-speed USB device number 4 using ehci-pci
[    1.921915] EXT4-fs (sda2): mounted filesystem with ordered data mode. Opts: (null)
[    2.008549] usb 2-1.2: New USB device found, idVendor=0461, idProduct=4d15
[    2.008554] usb 2-1.2: New USB device strings: Mfr=0, Product=2, SerialNumber=0
[    2.008556] usb 2-1.2: Product: USB Optical Mouse
[    2.011311] input: USB Optical Mouse as /devices/pci0000:00/0000:00:1d.0/usb2/2-1/2-1.2/2-1.2:1.0/0003:0461:4D15.0003/input/input4
[    2.011659] hid-generic 0003:0461:4D15.0003: input,hidraw2: USB HID v1.11 Mouse [USB Optical Mouse] on usb-0000:00:1d.0-1.2/input0
[    2.065292] random: init urandom read with 29 bits of entropy available
[    2.080622] usb 2-1.4: new full-speed USB device number 5 using ehci-pci
[    2.092624] init: plymouth-upstart-bridge main process (184) terminated with status 1
[    2.092643] init: plymouth-upstart-bridge main process ended, respawning
[    2.100253] init: plymouth-upstart-bridge main process (194) terminated with status 1
[    2.100267] init: plymouth-upstart-bridge main process ended, respawning
[    2.105798] init: plymouth-upstart-bridge main process (198) terminated with status 1
[    2.105814] init: plymouth-upstart-bridge main process ended, respawning
[    2.177688] usb 2-1.4: New USB device found, idVendor=8087, idProduct=07da
[    2.177695] usb 2-1.4: New USB device strings: Mfr=0, Product=0, SerialNumber=0
[    2.226618] Adding 7826428k swap on /dev/sda3.  Priority:-1 extents:1 across:7826428k SSFS
[    2.345221] systemd-udevd[323]: starting version 204
[    2.382562] lp: driver loaded but no devices found
[    2.391578] ppdev: user-space parallel port driver
[    2.400963] EXT4-fs (sda2): re-mounted. Opts: errors=remount-ro
[    2.401523] Switched to clocksource tsc
[    2.582606] [drm] Initialized drm 1.1.0 20060810
[    2.584740] mei_me 0000:00:16.0: irq 25 for MSI/MSI-X
[    2.595384] ACPI Warning: SystemIO range 0x0000000000000428-0x000000000000042f conflicts with OpRegion 0x0000000000000400-0x000000000000047f (\PMIO) (20140724/utaddress-258)
[    2.595395] ACPI: If an ACPI driver is available for this device, you should use it instead of the native driver
[    2.595400] ACPI Warning: SystemIO range 0x0000000000000540-0x000000000000054f conflicts with OpRegion 0x0000000000000500-0x0000000000000563 (\GPIO) (20140724/utaddress-258)
[    2.595406] ACPI: If an ACPI driver is available for this device, you should use it instead of the native driver
[    2.595409] ACPI Warning: SystemIO range 0x0000000000000530-0x000000000000053f conflicts with OpRegion 0x0000000000000500-0x0000000000000563 (\GPIO) (20140724/utaddress-258)
[    2.595414] ACPI: If an ACPI driver is available for this device, you should use it instead of the native driver
[    2.595417] ACPI Warning: SystemIO range 0x0000000000000500-0x000000000000052f conflicts with OpRegion 0x0000000000000500-0x0000000000000563 (\GPIO) (20140724/utaddress-258)
[    2.595422] ACPI: If an ACPI driver is available for this device, you should use it instead of the native driver
[    2.595424] lpc_ich: Resource conflict(s) found affecting gpio_ich
[    2.597091] cfg80211: Calling CRDA to update world regulatory domain
[    2.606619] Intel(R) Wireless WiFi driver for Linux, in-tree:
[    2.606623] Copyright(c) 2003- 2014 Intel Corporation
[    2.606676] iwlwifi 0000:02:00.0: enabling device (0000 -> 0002)
[    2.606757] iwlwifi 0000:02:00.0: can't disable ASPM; OS doesn't have ASPM control
[    2.606834] iwlwifi 0000:02:00.0: irq 26 for MSI/MSI-X
[    2.609837] [drm] Memory usable by graphics device = 2048M
[    2.609842] [drm] Replacing VGA console driver
[    2.609847] checking generic (e0000000 300000) vs hw (e0000000 10000000)
[    2.609850] fb: switching to inteldrmfb from EFI VGA
[    2.609880] Console: switching to colour dummy device 80x25
[    2.614586] iwlwifi 0000:02:00.0: loaded firmware version 18.168.6.1 op_mode iwldvm
[    2.631924] iwlwifi 0000:02:00.0: CONFIG_IWLWIFI_DEBUG disabled
[    2.631930] iwlwifi 0000:02:00.0: CONFIG_IWLWIFI_DEBUGFS enabled
[    2.631933] iwlwifi 0000:02:00.0: CONFIG_IWLWIFI_DEVICE_TRACING enabled
[    2.631938] iwlwifi 0000:02:00.0: Detected Intel(R) Centrino(R) Advanced-N 6235 AGN, REV=0xB0
[    2.632255] iwlwifi 0000:02:00.0: L1 Disabled; Enabling L0S
[    2.640973] i915 0000:00:02.0: irq 27 for MSI/MSI-X
[    2.640998] [drm] Supports vblank timestamp caching Rev 2 (21.10.2013).
[    2.641001] [drm] Driver supports precise vblank timestamp query.
[    2.641245] vgaarb: device changed decodes: PCI:0000:00:02.0,olddecodes=io+mem,decodes=io+mem:owns=io+mem
[    2.644186] Bluetooth: Core ver 2.19
[    2.644233] NET: Registered protocol family 31
[    2.644236] Bluetooth: HCI device and connection manager initialized
[    2.644243] Bluetooth: HCI socket layer initialized
[    2.644246] Bluetooth: L2CAP socket layer initialized
[    2.644256] Bluetooth: SCO socket layer initialized
[    2.661061] usbcore: registered new interface driver btusb
[    2.688215] ieee80211 phy0: Selected rate control algorithm 'iwl-agn-rs'
[    2.701697] Bluetooth: BNEP (Ethernet Emulation) ver 1.3
[    2.701702] Bluetooth: BNEP filters: protocol multicast
[    2.701711] Bluetooth: BNEP socket layer initialized
[    2.722078] Bluetooth: RFCOMM TTY layer initialized
[    2.722092] Bluetooth: RFCOMM socket layer initialized
[    2.722100] Bluetooth: RFCOMM ver 1.11
[    2.730952] intel_rapl: RAPL domain dram detection failed
[    2.732977] [drm] GMBUS [i915 gmbus vga] timed out, falling back to bit banging on pin 2
[    2.791015] fbcon: inteldrmfb (fb0) is primary device
[    2.828913] [drm:cpt_set_fifo_underrun_reporting] *ERROR* uncleared pch fifo underrun on pch transcoder A
[    2.828914] [drm:cpt_serr_int_handler] *ERROR* PCH transcoder A FIFO underrun
[    2.829128] Console: switching to colour frame buffer device 240x67
[    2.838836] i915 0000:00:02.0: fb0: inteldrmfb frame buffer device
[    2.838838] i915 0000:00:02.0: registered panic notifier
[    2.860308] init: cups main process (552) killed by HUP signal
[    2.860322] init: cups main process ended, respawning
[    2.905556] cfg80211: World regulatory domain updated:
[    2.905563] cfg80211:  DFS Master region: unset
[    2.905565] cfg80211:   (start_freq - end_freq @ bandwidth), (max_antenna_gain, max_eirp), (dfs_cac_time)
[    2.905570] cfg80211:   (2402000 KHz - 2472000 KHz @ 40000 KHz), (300 mBi, 2000 mBm), (N/A)
[    2.905574] cfg80211:   (2457000 KHz - 2482000 KHz @ 40000 KHz), (300 mBi, 2000 mBm), (N/A)
[    2.905577] cfg80211:   (2474000 KHz - 2494000 KHz @ 20000 KHz), (300 mBi, 2000 mBm), (N/A)
[    2.905581] cfg80211:   (5170000 KHz - 5250000 KHz @ 40000 KHz), (300 mBi, 2000 mBm), (N/A)
[    2.905584] cfg80211:   (5735000 KHz - 5835000 KHz @ 40000 KHz), (300 mBi, 2000 mBm), (N/A)
[    2.906181] ACPI: Video Device [GFX0] (multi-head: yes  rom: no  post: no)
[    2.906531] input: Video Bus as /devices/LNXSYSTM:00/LNXSYBUS:00/PNP0A08:00/LNXVIDEO:00/input/input5
[    2.906937] [drm] Initialized i915 1.6.0 20140725 for 0000:00:02.0 on minor 0
[    2.907128] snd_hda_intel 0000:00:1b.0: enabling device (0000 -> 0002)
[    2.907331] snd_hda_intel 0000:00:1b.0: irq 28 for MSI/MSI-X
[    2.924888] input: HDA Intel PCH HDMI/DP,pcm=3 as /devices/pci0000:00/0000:00:1b.0/sound/card0/input6
[    2.924974] input: HDA Intel PCH HDMI/DP,pcm=7 as /devices/pci0000:00/0000:00:1b.0/sound/card0/input7
[    3.027000] init: udev-fallback-graphics main process (643) terminated with status 1
[    3.238949] init: failsafe main process (619) killed by TERM signal
[    3.495726] iwlwifi 0000:02:00.0: L1 Disabled; Enabling L0S
[    3.502439] iwlwifi 0000:02:00.0: Radio type=0x2-0x1-0x0
[    3.784197] iwlwifi 0000:02:00.0: L1 Disabled; Enabling L0S
[    3.790916] iwlwifi 0000:02:00.0: Radio type=0x2-0x1-0x0
[    3.869055] IPv6: ADDRCONF(NETDEV_UP): wlan0: link is not ready
[    4.125448] random: nonblocking pool is initialized
[    4.529507] init: plymouth-upstart-bridge main process ended, respawning
[    4.775446] init: plymouth-stop pre-start process (1103) terminated with status 1
[    6.924464] wlan0: authenticate with 00:0b:86:75:76:79
[    6.933550] wlan0: send auth to 00:0b:86:75:76:79 (try 1/3)
[    6.959200] wlan0: authenticated
[    6.959436] iwlwifi 0000:02:00.0 wlan0: disabling HT/VHT due to WEP/TKIP use
[    6.959442] iwlwifi 0000:02:00.0 wlan0: disabling HT as WMM/QoS is not supported by the AP
[    6.959445] iwlwifi 0000:02:00.0 wlan0: disabling VHT as WMM/QoS is not supported by the AP
[    6.959797] wlan0: associate with 00:0b:86:75:76:79 (try 1/3)
[    6.961524] wlan0: RX AssocResp from 00:0b:86:75:76:79 (capab=0x511 status=0 aid=4)
[    6.964362] wlan0: associated
[    6.964410] IPv6: ADDRCONF(NETDEV_CHANGE): wlan0: link becomes ready
[    6.964499] cfg80211: Calling CRDA for country: NO
[    6.966923] cfg80211: Regulatory domain changed to country: NO
[    6.966928] cfg80211:  DFS Master region: unset
[    6.966929] cfg80211:   (start_freq - end_freq @ bandwidth), (max_antenna_gain, max_eirp), (dfs_cac_time)
[    6.966932] cfg80211:   (2402000 KHz - 2482000 KHz @ 40000 KHz), (N/A, 2000 mBm), (N/A)
[    6.966934] cfg80211:   (5170000 KHz - 5250000 KHz @ 40000 KHz), (N/A, 2000 mBm), (N/A)
[    6.966936] cfg80211:   (5250000 KHz - 5330000 KHz @ 40000 KHz), (N/A, 2000 mBm), (0 s)
[    6.966938] cfg80211:   (5490000 KHz - 5710000 KHz @ 40000 KHz), (N/A, 2700 mBm), (0 s)
[    6.966940] cfg80211:   (57240000 KHz - 65880000 KHz @ 2160000 KHz), (N/A, 4000 mBm), (N/A)
[    7.059197] wlan0: Limiting TX power to 23 (23 - 0) dBm as advertised by 00:0b:86:75:76:79
[   32.180279] wlan0: authenticate with 00:0b:86:75:77:21
[   32.184181] wlan0: direct probe to 00:0b:86:75:77:21 (try 1/3)
[   32.187372] cfg80211: Calling CRDA to update world regulatory domain
[   32.190871] cfg80211: World regulatory domain updated:
[   32.190876] cfg80211:  DFS Master region: unset
[   32.190878] cfg80211:   (start_freq - end_freq @ bandwidth), (max_antenna_gain, max_eirp), (dfs_cac_time)
[   32.190883] cfg80211:   (2402000 KHz - 2472000 KHz @ 40000 KHz), (300 mBi, 2000 mBm), (N/A)
[   32.190887] cfg80211:   (2457000 KHz - 2482000 KHz @ 40000 KHz), (300 mBi, 2000 mBm), (N/A)
[   32.190890] cfg80211:   (2474000 KHz - 2494000 KHz @ 20000 KHz), (300 mBi, 2000 mBm), (N/A)
[   32.190893] cfg80211:   (5170000 KHz - 5250000 KHz @ 40000 KHz), (300 mBi, 2000 mBm), (N/A)
[   32.190897] cfg80211:   (5735000 KHz - 5835000 KHz @ 40000 KHz), (300 mBi, 2000 mBm), (N/A)
[   32.385191] wlan0: direct probe to 00:0b:86:75:77:21 (try 2/3)
[   32.589386] wlan0: direct probe to 00:0b:86:75:77:21 (try 3/3)
[   32.793620] wlan0: authentication with 00:0b:86:75:77:21 timed out
[   33.287690] wlan0: authenticate with 00:0b:86:75:76:79
[   33.294064] wlan0: send auth to 00:0b:86:75:76:79 (try 1/3)
[   33.396147] wlan0: authenticated
[   33.396423] iwlwifi 0000:02:00.0 wlan0: disabling HT/VHT due to WEP/TKIP use
[   33.396429] iwlwifi 0000:02:00.0 wlan0: disabling HT as WMM/QoS is not supported by the AP
[   33.396432] iwlwifi 0000:02:00.0 wlan0: disabling VHT as WMM/QoS is not supported by the AP
[   33.398388] wlan0: associate with 00:0b:86:75:76:79 (try 1/3)
[   33.400372] wlan0: RX AssocResp from 00:0b:86:75:76:79 (capab=0x511 status=0 aid=4)
[   33.402711] wlan0: associated
[   33.402771] cfg80211: Calling CRDA for country: NO
[   33.405041] cfg80211: Regulatory domain changed to country: NO
[   33.405045] cfg80211:  DFS Master region: unset
[   33.405047] cfg80211:   (start_freq - end_freq @ bandwidth), (max_antenna_gain, max_eirp), (dfs_cac_time)
[   33.405050] cfg80211:   (2402000 KHz - 2482000 KHz @ 40000 KHz), (N/A, 2000 mBm), (N/A)
[   33.405052] cfg80211:   (5170000 KHz - 5250000 KHz @ 40000 KHz), (N/A, 2000 mBm), (N/A)
[   33.405054] cfg80211:   (5250000 KHz - 5330000 KHz @ 40000 KHz), (N/A, 2000 mBm), (0 s)
[   33.405055] cfg80211:   (5490000 KHz - 5710000 KHz @ 40000 KHz), (N/A, 2700 mBm), (0 s)
[   33.405058] cfg80211:   (57240000 KHz - 65880000 KHz @ 2160000 KHz), (N/A, 4000 mBm), (N/A)
[   33.496502] wlan0: Limiting TX power to 23 (23 - 0) dBm as advertised by 00:0b:86:75:76:79
