[    0.000000] Initializing cgroup subsys cpuset
[    0.000000] Initializing cgroup subsys cpu
[    0.000000] Initializing cgroup subsys cpuacct
[    0.000000] Linux version 3.16.2minimal (aleksiml@nuc) (gcc version 4.8.2 (Ubuntu 4.8.2-19ubuntu1) ) #2 SMP Tue Sep 9 11:36:15 CEST 2014
[    0.000000] Command line: BOOT_IMAGE=/boot/vmlinuz-3.16.2minimal root=UUID=f54f0253-3e5a-4046-afe7-62f154b956d9 ro splash quiet crashkernel=384M-:128M vt.handoff=7
[    0.000000] KERNEL supported cpus:
[    0.000000]   Intel GenuineIntel
[    0.000000] e820: BIOS-provided physical RAM map:
[    0.000000] BIOS-e820: [mem 0x0000000000000000-0x000000000009efff] usable
[    0.000000] BIOS-e820: [mem 0x000000000009f000-0x000000000009ffff] reserved
[    0.000000] BIOS-e820: [mem 0x0000000000100000-0x000000001fffffff] usable
[    0.000000] BIOS-e820: [mem 0x0000000020000000-0x00000000201fffff] reserved
[    0.000000] BIOS-e820: [mem 0x0000000020200000-0x0000000040003fff] usable
[    0.000000] BIOS-e820: [mem 0x0000000040004000-0x0000000040004fff] reserved
[    0.000000] BIOS-e820: [mem 0x0000000040005000-0x00000000bdfdcfff] usable
[    0.000000] BIOS-e820: [mem 0x00000000bdfdd000-0x00000000be301fff] reserved
[    0.000000] BIOS-e820: [mem 0x00000000be302000-0x00000000be311fff] ACPI data
[    0.000000] BIOS-e820: [mem 0x00000000be312000-0x00000000be427fff] ACPI NVS
[    0.000000] BIOS-e820: [mem 0x00000000be428000-0x00000000be60afff] reserved
[    0.000000] BIOS-e820: [mem 0x00000000be60b000-0x00000000be69bfff] type 20
[    0.000000] BIOS-e820: [mem 0x00000000be69c000-0x00000000be69cfff] usable
[    0.000000] BIOS-e820: [mem 0x00000000be69d000-0x00000000be6dffff] ACPI NVS
[    0.000000] BIOS-e820: [mem 0x00000000be6e0000-0x00000000beffffff] usable
[    0.000000] BIOS-e820: [mem 0x00000000bf800000-0x00000000df9fffff] reserved
[    0.000000] BIOS-e820: [mem 0x00000000f8000000-0x00000000fbffffff] reserved
[    0.000000] BIOS-e820: [mem 0x00000000fec00000-0x00000000fec00fff] reserved
[    0.000000] BIOS-e820: [mem 0x00000000fed00000-0x00000000fed03fff] reserved
[    0.000000] BIOS-e820: [mem 0x00000000fed1c000-0x00000000fed1ffff] reserved
[    0.000000] BIOS-e820: [mem 0x00000000fee00000-0x00000000fee00fff] reserved
[    0.000000] BIOS-e820: [mem 0x00000000ff000000-0x00000000ffffffff] reserved
[    0.000000] BIOS-e820: [mem 0x0000000100000000-0x000000021f5fffff] usable
[    0.000000] NX (Execute Disable) protection: active
[    0.000000] efi: EFI v2.31 by American Megatrends
[    0.000000] efi:  ACPI=0xbe307000  ACPI 2.0=0xbe307000  SMBIOS=0xf04c0  MPS=0xfd440 
[    0.000000] efi: mem00: type=3, attr=0xf, range=[0x0000000000000000-0x0000000000008000) (0MB)
[    0.000000] efi: mem01: type=7, attr=0xf, range=[0x0000000000008000-0x000000000005e000) (0MB)
[    0.000000] efi: mem02: type=4, attr=0xf, range=[0x000000000005e000-0x0000000000060000) (0MB)
[    0.000000] efi: mem03: type=3, attr=0xf, range=[0x0000000000060000-0x000000000009f000) (0MB)
[    0.000000] efi: mem04: type=6, attr=0x800000000000000f, range=[0x000000000009f000-0x00000000000a0000) (0MB)
[    0.000000] efi: mem05: type=7, attr=0xf, range=[0x0000000000100000-0x0000000001000000) (15MB)
[    0.000000] efi: mem06: type=2, attr=0xf, range=[0x0000000001000000-0x0000000002357000) (19MB)
[    0.000000] efi: mem07: type=7, attr=0xf, range=[0x0000000002357000-0x0000000020000000) (476MB)
[    0.000000] efi: mem08: type=0, attr=0xf, range=[0x0000000020000000-0x0000000020200000) (2MB)
[    0.000000] efi: mem09: type=7, attr=0xf, range=[0x0000000020200000-0x00000000379fc000) (375MB)
[    0.000000] efi: mem10: type=2, attr=0xf, range=[0x00000000379fc000-0x0000000037cf6000) (2MB)
[    0.000000] efi: mem11: type=7, attr=0xf, range=[0x0000000037cf6000-0x0000000040004000) (131MB)
[    0.000000] efi: mem12: type=0, attr=0xf, range=[0x0000000040004000-0x0000000040005000) (0MB)
[    0.000000] efi: mem13: type=7, attr=0xf, range=[0x0000000040005000-0x0000000081fd3000) (1055MB)
[    0.000000] efi: mem14: type=2, attr=0xf, range=[0x0000000081fd3000-0x00000000ae74e000) (711MB)
[    0.000000] efi: mem15: type=7, attr=0xf, range=[0x00000000ae74e000-0x00000000ae754000) (0MB)
[    0.000000] efi: mem16: type=2, attr=0xf, range=[0x00000000ae754000-0x00000000ae92a000) (1MB)
[    0.000000] efi: mem17: type=1, attr=0xf, range=[0x00000000ae92a000-0x00000000aeb48000) (2MB)
[    0.000000] efi: mem18: type=7, attr=0xf, range=[0x00000000aeb48000-0x00000000b203e000) (52MB)
[    0.000000] efi: mem19: type=4, attr=0xf, range=[0x00000000b203e000-0x00000000b206e000) (0MB)
[    0.000000] efi: mem20: type=7, attr=0xf, range=[0x00000000b206e000-0x00000000b2072000) (0MB)
[    0.000000] efi: mem21: type=4, attr=0xf, range=[0x00000000b2072000-0x00000000b2073000) (0MB)
[    0.000000] efi: mem22: type=7, attr=0xf, range=[0x00000000b2073000-0x00000000b2076000) (0MB)
[    0.000000] efi: mem23: type=4, attr=0xf, range=[0x00000000b2076000-0x00000000b2078000) (0MB)
[    0.000000] efi: mem24: type=7, attr=0xf, range=[0x00000000b2078000-0x00000000b2084000) (0MB)
[    0.000000] efi: mem25: type=4, attr=0xf, range=[0x00000000b2084000-0x00000000b2085000) (0MB)
[    0.000000] efi: mem26: type=7, attr=0xf, range=[0x00000000b2085000-0x00000000b2088000) (0MB)
[    0.000000] efi: mem27: type=4, attr=0xf, range=[0x00000000b2088000-0x00000000b2089000) (0MB)
[    0.000000] efi: mem28: type=7, attr=0xf, range=[0x00000000b2089000-0x00000000b20bc000) (0MB)
[    0.000000] efi: mem29: type=4, attr=0xf, range=[0x00000000b20bc000-0x00000000b20e8000) (0MB)
[    0.000000] efi: mem30: type=7, attr=0xf, range=[0x00000000b20e8000-0x00000000b210d000) (0MB)
[    0.000000] efi: mem31: type=4, attr=0xf, range=[0x00000000b210d000-0x00000000b2257000) (1MB)
[    0.000000] efi: mem32: type=7, attr=0xf, range=[0x00000000b2257000-0x00000000b226b000) (0MB)
[    0.000000] efi: mem33: type=4, attr=0xf, range=[0x00000000b226b000-0x00000000b2545000) (2MB)
[    0.000000] efi: mem34: type=7, attr=0xf, range=[0x00000000b2545000-0x00000000b2546000) (0MB)
[    0.000000] efi: mem35: type=4, attr=0xf, range=[0x00000000b2546000-0x00000000b255f000) (0MB)
[    0.000000] efi: mem36: type=7, attr=0xf, range=[0x00000000b255f000-0x00000000b2561000) (0MB)
[    0.000000] efi: mem37: type=4, attr=0xf, range=[0x00000000b2561000-0x00000000b2562000) (0MB)
[    0.000000] efi: mem38: type=7, attr=0xf, range=[0x00000000b2562000-0x00000000b2563000) (0MB)
[    0.000000] efi: mem39: type=4, attr=0xf, range=[0x00000000b2563000-0x00000000b2565000) (0MB)
[    0.000000] efi: mem40: type=7, attr=0xf, range=[0x00000000b2565000-0x00000000b2566000) (0MB)
[    0.000000] efi: mem41: type=4, attr=0xf, range=[0x00000000b2566000-0x00000000b2567000) (0MB)
[    0.000000] efi: mem42: type=7, attr=0xf, range=[0x00000000b2567000-0x00000000b2568000) (0MB)
[    0.000000] efi: mem43: type=4, attr=0xf, range=[0x00000000b2568000-0x00000000b2569000) (0MB)
[    0.000000] efi: mem44: type=7, attr=0xf, range=[0x00000000b2569000-0x00000000b257a000) (0MB)
[    0.000000] efi: mem45: type=4, attr=0xf, range=[0x00000000b257a000-0x00000000b257b000) (0MB)
[    0.000000] efi: mem46: type=7, attr=0xf, range=[0x00000000b257b000-0x00000000b2585000) (0MB)
[    0.000000] efi: mem47: type=4, attr=0xf, range=[0x00000000b2585000-0x00000000b2586000) (0MB)
[    0.000000] efi: mem48: type=7, attr=0xf, range=[0x00000000b2586000-0x00000000b2589000) (0MB)
[    0.000000] efi: mem49: type=4, attr=0xf, range=[0x00000000b2589000-0x00000000b258a000) (0MB)
[    0.000000] efi: mem50: type=7, attr=0xf, range=[0x00000000b258a000-0x00000000b258c000) (0MB)
[    0.000000] efi: mem51: type=4, attr=0xf, range=[0x00000000b258c000-0x00000000b2590000) (0MB)
[    0.000000] efi: mem52: type=7, attr=0xf, range=[0x00000000b2590000-0x00000000b2591000) (0MB)
[    0.000000] efi: mem53: type=4, attr=0xf, range=[0x00000000b2591000-0x00000000b275b000) (1MB)
[    0.000000] efi: mem54: type=7, attr=0xf, range=[0x00000000b275b000-0x00000000b275c000) (0MB)
[    0.000000] efi: mem55: type=4, attr=0xf, range=[0x00000000b275c000-0x00000000b2767000) (0MB)
[    0.000000] efi: mem56: type=7, attr=0xf, range=[0x00000000b2767000-0x00000000b2770000) (0MB)
[    0.000000] efi: mem57: type=4, attr=0xf, range=[0x00000000b2770000-0x00000000b2779000) (0MB)
[    0.000000] efi: mem58: type=7, attr=0xf, range=[0x00000000b2779000-0x00000000b277b000) (0MB)
[    0.000000] efi: mem59: type=4, attr=0xf, range=[0x00000000b277b000-0x00000000bc224000) (154MB)
[    0.000000] efi: mem60: type=7, attr=0xf, range=[0x00000000bc224000-0x00000000bc227000) (0MB)
[    0.000000] efi: mem61: type=4, attr=0xf, range=[0x00000000bc227000-0x00000000bd5eb000) (19MB)
[    0.000000] efi: mem62: type=7, attr=0xf, range=[0x00000000bd5eb000-0x00000000bdad4000) (4MB)
[    0.000000] efi: mem63: type=2, attr=0xf, range=[0x00000000bdad4000-0x00000000bdadf000) (0MB)
[    0.000000] efi: mem64: type=3, attr=0xf, range=[0x00000000bdadf000-0x00000000bdfdd000) (4MB)
[    0.000000] efi: mem65: type=0, attr=0xf, range=[0x00000000bdfdd000-0x00000000be269000) (2MB)
[    0.000000] efi: mem66: type=0, attr=0xf, range=[0x00000000be269000-0x00000000be297000) (0MB)
[    0.000000] efi: mem67: type=0, attr=0xf, range=[0x00000000be297000-0x00000000be2a6000) (0MB)
[    0.000000] efi: mem68: type=0, attr=0xf, range=[0x00000000be2a6000-0x00000000be2a8000) (0MB)
[    0.000000] efi: mem69: type=0, attr=0xf, range=[0x00000000be2a8000-0x00000000be2af000) (0MB)
[    0.000000] efi: mem70: type=0, attr=0xf, range=[0x00000000be2af000-0x00000000be302000) (0MB)
[    0.000000] efi: mem71: type=9, attr=0xf, range=[0x00000000be302000-0x00000000be307000) (0MB)
[    0.000000] efi: mem72: type=9, attr=0xf, range=[0x00000000be307000-0x00000000be312000) (0MB)
[    0.000000] efi: mem73: type=10, attr=0xf, range=[0x00000000be312000-0x00000000be38c000) (0MB)
[    0.000000] efi: mem74: type=10, attr=0xf, range=[0x00000000be38c000-0x00000000be428000) (0MB)
[    0.000000] efi: mem75: type=6, attr=0x800000000000000f, range=[0x00000000be428000-0x00000000be488000) (0MB)
[    0.000000] efi: mem76: type=6, attr=0x800000000000000f, range=[0x00000000be488000-0x00000000be56b000) (0MB)
[    0.000000] efi: mem77: type=6, attr=0x800000000000000f, range=[0x00000000be56b000-0x00000000be56d000) (0MB)
[    0.000000] efi: mem78: type=6, attr=0x800000000000000f, range=[0x00000000be56d000-0x00000000be60b000) (0MB)
[    0.000000] efi: mem79: type=5, attr=0x800000000000000f, range=[0x00000000be60b000-0x00000000be62c000) (0MB)
[    0.000000] efi: mem80: type=5, attr=0x800000000000000f, range=[0x00000000be62c000-0x00000000be69c000) (0MB)
[    0.000000] efi: mem81: type=4, attr=0xf, range=[0x00000000be69c000-0x00000000be69d000) (0MB)
[    0.000000] efi: mem82: type=10, attr=0xf, range=[0x00000000be69d000-0x00000000be6e0000) (0MB)
[    0.000000] efi: mem83: type=4, attr=0xf, range=[0x00000000be6e0000-0x00000000bed2e000) (6MB)
[    0.000000] efi: mem84: type=3, attr=0xf, range=[0x00000000bed2e000-0x00000000befca000) (2MB)
[    0.000000] efi: mem85: type=4, attr=0xf, range=[0x00000000befca000-0x00000000befd9000) (0MB)
[    0.000000] efi: mem86: type=3, attr=0xf, range=[0x00000000befd9000-0x00000000befeb000) (0MB)
[    0.000000] efi: mem87: type=4, attr=0xf, range=[0x00000000befeb000-0x00000000bf000000) (0MB)
[    0.000000] efi: mem88: type=7, attr=0xf, range=[0x0000000100000000-0x000000021f600000) (4598MB)
[    0.000000] efi: mem89: type=0, attr=0x8000000000000000, range=[0x00000000bf800000-0x00000000dfa00000) (514MB)
[    0.000000] efi: mem90: type=11, attr=0x8000000000000001, range=[0x00000000f8000000-0x00000000fc000000) (64MB)
[    0.000000] efi: mem91: type=11, attr=0x8000000000000001, range=[0x00000000fec00000-0x00000000fec01000) (0MB)
[    0.000000] efi: mem92: type=11, attr=0x8000000000000001, range=[0x00000000fed00000-0x00000000fed04000) (0MB)
[    0.000000] efi: mem93: type=11, attr=0x8000000000000001, range=[0x00000000fed1c000-0x00000000fed20000) (0MB)
[    0.000000] efi: mem94: type=11, attr=0x8000000000000001, range=[0x00000000fee00000-0x00000000fee01000) (0MB)
[    0.000000] efi: mem95: type=11, attr=0x8000000000000001, range=[0x00000000ff000000-0x0000000100000000) (16MB)
[    0.000000] SMBIOS 2.7 present.
[    0.000000] DMI:                  /D33217CK, BIOS GKPPT10H.86A.0032.2012.1127.1710 11/27/2012
[    0.000000] e820: update [mem 0x00000000-0x00000fff] usable ==> reserved
[    0.000000] e820: remove [mem 0x000a0000-0x000fffff] usable
[    0.000000] e820: last_pfn = 0x21f600 max_arch_pfn = 0x400000000
[    0.000000] MTRR default type: uncachable
[    0.000000] MTRR fixed ranges enabled:
[    0.000000]   00000-9FFFF write-back
[    0.000000]   A0000-BFFFF uncachable
[    0.000000]   C0000-CFFFF write-protect
[    0.000000]   D0000-DFFFF uncachable
[    0.000000]   E0000-FFFFF write-protect
[    0.000000] MTRR variable ranges enabled:
[    0.000000]   0 base 000000000 mask E00000000 write-back
[    0.000000]   1 base 200000000 mask FE0000000 write-back
[    0.000000]   2 base 0C0000000 mask FC0000000 uncachable
[    0.000000]   3 base 0BF800000 mask FFF800000 uncachable
[    0.000000]   4 base 21F800000 mask FFF800000 uncachable
[    0.000000]   5 base 21F600000 mask FFFE00000 uncachable
[    0.000000]   6 disabled
[    0.000000]   7 disabled
[    0.000000]   8 disabled
[    0.000000]   9 disabled
[    0.000000] x86 PAT enabled: cpu 0, old 0x7040600070406, new 0x7010600070106
[    0.000000] original variable MTRRs
[    0.000000] reg 0, base: 0GB, range: 8GB, type WB
[    0.000000] reg 1, base: 8GB, range: 512MB, type WB
[    0.000000] reg 2, base: 3GB, range: 1GB, type UC
[    0.000000] reg 3, base: 3064MB, range: 8MB, type UC
[    0.000000] reg 4, base: 8696MB, range: 8MB, type UC
[    0.000000] reg 5, base: 8694MB, range: 2MB, type UC
[    0.000000] total RAM covered: 7662M
[    0.000000] Found optimal setting for mtrr clean up
[    0.000000]  gran_size: 64K 	chunk_size: 16M 	num_reg: 7  	lose cover RAM: 0G
[    0.000000] New variable MTRRs
[    0.000000] reg 0, base: 0GB, range: 2GB, type WB
[    0.000000] reg 1, base: 2GB, range: 1GB, type WB
[    0.000000] reg 2, base: 3064MB, range: 8MB, type UC
[    0.000000] reg 3, base: 4GB, range: 4GB, type WB
[    0.000000] reg 4, base: 8GB, range: 512MB, type WB
[    0.000000] reg 5, base: 8694MB, range: 2MB, type UC
[    0.000000] reg 6, base: 8696MB, range: 8MB, type UC
[    0.000000] e820: update [mem 0xbf800000-0xffffffff] usable ==> reserved
[    0.000000] e820: last_pfn = 0xbf000 max_arch_pfn = 0x400000000
[    0.000000] found SMP MP-table at [mem 0x000fd770-0x000fd77f] mapped at [ffff8800000fd770]
[    0.000000] Scanning 1 areas for low memory corruption
[    0.000000] Base memory trampoline at [ffff880000097000] 97000 size 24576
[    0.000000] init_memory_mapping: [mem 0x00000000-0x000fffff]
[    0.000000]  [mem 0x00000000-0x000fffff] page 4k
[    0.000000] BRK [0x01f65000, 0x01f65fff] PGTABLE
[    0.000000] BRK [0x01f66000, 0x01f66fff] PGTABLE
[    0.000000] BRK [0x01f67000, 0x01f67fff] PGTABLE
[    0.000000] init_memory_mapping: [mem 0x21f400000-0x21f5fffff]
[    0.000000]  [mem 0x21f400000-0x21f5fffff] page 2M
[    0.000000] BRK [0x01f68000, 0x01f68fff] PGTABLE
[    0.000000] init_memory_mapping: [mem 0x21c000000-0x21f3fffff]
[    0.000000]  [mem 0x21c000000-0x21f3fffff] page 2M
[    0.000000] init_memory_mapping: [mem 0x200000000-0x21bffffff]
[    0.000000]  [mem 0x200000000-0x21bffffff] page 2M
[    0.000000] init_memory_mapping: [mem 0x00100000-0x1fffffff]
[    0.000000]  [mem 0x00100000-0x001fffff] page 4k
[    0.000000]  [mem 0x00200000-0x1fffffff] page 2M
[    0.000000] init_memory_mapping: [mem 0x20200000-0x40003fff]
[    0.000000]  [mem 0x20200000-0x3fffffff] page 2M
[    0.000000]  [mem 0x40000000-0x40003fff] page 4k
[    0.000000] BRK [0x01f69000, 0x01f69fff] PGTABLE
[    0.000000] BRK [0x01f6a000, 0x01f6afff] PGTABLE
[    0.000000] init_memory_mapping: [mem 0x40005000-0xbdfdcfff]
[    0.000000]  [mem 0x40005000-0x401fffff] page 4k
[    0.000000]  [mem 0x40200000-0xbddfffff] page 2M
[    0.000000]  [mem 0xbde00000-0xbdfdcfff] page 4k
[    0.000000] init_memory_mapping: [mem 0xbe69c000-0xbe69cfff]
[    0.000000]  [mem 0xbe69c000-0xbe69cfff] page 4k
[    0.000000] init_memory_mapping: [mem 0xbe6e0000-0xbeffffff]
[    0.000000]  [mem 0xbe6e0000-0xbe7fffff] page 4k
[    0.000000]  [mem 0xbe800000-0xbeffffff] page 2M
[    0.000000] init_memory_mapping: [mem 0x100000000-0x1ffffffff]
[    0.000000]  [mem 0x100000000-0x1ffffffff] page 2M
[    0.000000] RAMDISK: [mem 0x379fc000-0x37cf5fff]
[    0.000000] ACPI: Early table checksum verification disabled
[    0.000000] ACPI: RSDP 0x00000000BE307000 000024 (v02 INTEL )
[    0.000000] ACPI: XSDT 0x00000000BE307078 00006C (v01 INTEL  DQS77CL  00000020 AMI  00010013)
[    0.000000] ACPI: FACP 0x00000000BE3106A8 00010C (v05 INTEL  DQS77CL  00000020 AMI  00010013)
[    0.000000] ACPI: DSDT 0x00000000BE307170 009532 (v02 INTEL  DQS77CL  00000020 INTL 20051117)
[    0.000000] ACPI: FACS 0x00000000BE426080 000040
[    0.000000] ACPI: APIC 0x00000000BE3107B8 000072 (v03 INTEL  DQS77CL  00000020 AMI  00010013)
[    0.000000] ACPI: FPDT 0x00000000BE310830 000044 (v01 INTEL  DQS77CL  00000020 AMI  00010013)
[    0.000000] ACPI: MCFG 0x00000000BE310878 00003C (v01 INTEL  DQS77CL  00000020 MSFT 00000097)
[    0.000000] ACPI: HPET 0x00000000BE3108B8 000038 (v01 INTEL  DQS77CL  00000020 AMI. 00000005)
[    0.000000] ACPI: SSDT 0x00000000BE3108F0 000315 (v01 INTEL  DQS77CL  00000020 INTL 20091112)
[    0.000000] ACPI: SSDT 0x00000000BE310C08 0008A2 (v01 INTEL  DQS77CL  00000020 INTL 20051117)
[    0.000000] ACPI: SSDT 0x00000000BE3114B0 000A92 (v01 INTEL  DQS77CL  00000020 INTL 20051117)
[    0.000000] ACPI: BGRT 0x00000000BE311F48 000038 (v00 INTEL  DQS77CL  00000020 AMI  00010013)
[    0.000000] ACPI: Local APIC address 0xfee00000
[    0.000000] No NUMA configuration found
[    0.000000] Faking a node at [mem 0x0000000000000000-0x000000021f5fffff]
[    0.000000] Initmem setup node 0 [mem 0x00000000-0x21f5fffff]
[    0.000000]   NODE_DATA [mem 0x21f5f4000-0x21f5f8fff]
[    0.000000] Reserving 128MB of memory at 752MB for crashkernel (System RAM: 7644MB)
[    0.000000]  [ffffea0000000000-ffffea00087fffff] PMD -> [ffff880217400000-ffff88021ebfffff] on node 0
[    0.000000] Zone ranges:
[    0.000000]   DMA      [mem 0x00001000-0x00ffffff]
[    0.000000]   DMA32    [mem 0x01000000-0xffffffff]
[    0.000000]   Normal   [mem 0x100000000-0x21f5fffff]
[    0.000000] Movable zone start for each node
[    0.000000] Early memory node ranges
[    0.000000]   node   0: [mem 0x00001000-0x0009efff]
[    0.000000]   node   0: [mem 0x00100000-0x1fffffff]
[    0.000000]   node   0: [mem 0x20200000-0x40003fff]
[    0.000000]   node   0: [mem 0x40005000-0xbdfdcfff]
[    0.000000]   node   0: [mem 0xbe69c000-0xbe69cfff]
[    0.000000]   node   0: [mem 0xbe6e0000-0xbeffffff]
[    0.000000]   node   0: [mem 0x100000000-0x21f5fffff]
[    0.000000] On node 0 totalpages: 1957019
[    0.000000]   DMA zone: 64 pages used for memmap
[    0.000000]   DMA zone: 27 pages reserved
[    0.000000]   DMA zone: 3998 pages, LIFO batch:0
[    0.000000]   DMA32 zone: 12124 pages used for memmap
[    0.000000]   DMA32 zone: 775933 pages, LIFO batch:31
[    0.000000]   Normal zone: 18392 pages used for memmap
[    0.000000]   Normal zone: 1177088 pages, LIFO batch:31
[    0.000000] Reserving Intel graphics stolen memory at 0xbfa00000-0xdf9fffff
[    0.000000] ACPI: PM-Timer IO Port: 0x408
[    0.000000] ACPI: Local APIC address 0xfee00000
[    0.000000] ACPI: LAPIC (acpi_id[0x01] lapic_id[0x00] enabled)
[    0.000000] ACPI: LAPIC (acpi_id[0x02] lapic_id[0x02] enabled)
[    0.000000] ACPI: LAPIC (acpi_id[0x03] lapic_id[0x01] enabled)
[    0.000000] ACPI: LAPIC (acpi_id[0x04] lapic_id[0x03] enabled)
[    0.000000] ACPI: LAPIC_NMI (acpi_id[0xff] high edge lint[0x1])
[    0.000000] ACPI: IOAPIC (id[0x02] address[0xfec00000] gsi_base[0])
[    0.000000] IOAPIC[0]: apic_id 2, version 32, address 0xfec00000, GSI 0-23
[    0.000000] ACPI: INT_SRC_OVR (bus 0 bus_irq 0 global_irq 2 dfl dfl)
[    0.000000] ACPI: INT_SRC_OVR (bus 0 bus_irq 9 global_irq 9 high level)
[    0.000000] ACPI: IRQ0 used by override.
[    0.000000] ACPI: IRQ2 used by override.
[    0.000000] ACPI: IRQ9 used by override.
[    0.000000] Using ACPI (MADT) for SMP configuration information
[    0.000000] ACPI: HPET id: 0x8086a701 base: 0xfed00000
[    0.000000] smpboot: Allowing 4 CPUs, 0 hotplug CPUs
[    0.000000] nr_irqs_gsi: 40
[    0.000000] e820: [mem 0xdfa00000-0xf7ffffff] available for PCI devices
[    0.000000] setup_percpu: NR_CPUS:256 nr_cpumask_bits:256 nr_cpu_ids:4 nr_node_ids:1
[    0.000000] PERCPU: Embedded 27 pages/cpu @ffff88021f200000 s80960 r8192 d21440 u524288
[    0.000000] pcpu-alloc: s80960 r8192 d21440 u524288 alloc=1*2097152
[    0.000000] pcpu-alloc: [0] 0 1 2 3 
[    0.000000] Built 1 zonelists in Zone order, mobility grouping on.  Total pages: 1926412
[    0.000000] Policy zone: Normal
[    0.000000] Kernel command line: BOOT_IMAGE=/boot/vmlinuz-3.16.2minimal root=UUID=f54f0253-3e5a-4046-afe7-62f154b956d9 ro splash quiet crashkernel=384M-:128M vt.handoff=7
[    0.000000] PID hash table entries: 4096 (order: 3, 32768 bytes)
[    0.000000] xsave: enabled xstate_bv 0x7, cntxt size 0x340
[    0.000000] Memory: 7288636K/7828076K available (6446K kernel code, 1030K rwdata, 3080K rodata, 1156K init, 1256K bss, 539440K reserved)
[    0.000000] SLUB: HWalign=64, Order=0-3, MinObjects=0, CPUs=4, Nodes=1
[    0.000000] Hierarchical RCU implementation.
[    0.000000] 	RCU dyntick-idle grace-period acceleration is enabled.
[    0.000000] 	RCU restricting CPUs from NR_CPUS=256 to nr_cpu_ids=4.
[    0.000000] 	Offload RCU callbacks from all CPUs
[    0.000000] 	Offload RCU callbacks from CPUs: 0-3.
[    0.000000] RCU: Adjusting geometry for rcu_fanout_leaf=16, nr_cpu_ids=4
[    0.000000] NR_IRQS:16640 nr_irqs:712 16
[    0.000000] Console: colour dummy device 80x25
[    0.000000] console [tty0] enabled
[    0.000000] allocated 31457280 bytes of page_cgroup
[    0.000000] please try 'cgroup_disable=memory' option if you don't want memory cgroups
[    0.000000] hpet clockevent registered
[    0.000000] tsc: Fast TSC calibration using PIT
[    0.000000] tsc: Detected 1797.754 MHz processor
[    0.000043] Calibrating delay loop (skipped), value calculated using timer frequency.. 3595.50 BogoMIPS (lpj=7191016)
[    0.000046] pid_max: default: 32768 minimum: 301
[    0.000054] ACPI: Core revision 20140424
[    0.008530] ACPI: All ACPI Tables successfully acquired
[    0.009871] Security Framework initialized
[    0.009880] SELinux:  Disabled at boot.
[    0.010598] Dentry cache hash table entries: 1048576 (order: 11, 8388608 bytes)
[    0.013486] Inode-cache hash table entries: 524288 (order: 10, 4194304 bytes)
[    0.014763] Mount-cache hash table entries: 16384 (order: 5, 131072 bytes)
[    0.014777] Mountpoint-cache hash table entries: 16384 (order: 5, 131072 bytes)
[    0.015050] Initializing cgroup subsys memory
[    0.015080] Initializing cgroup subsys devices
[    0.015088] Initializing cgroup subsys freezer
[    0.015091] Initializing cgroup subsys net_cls
[    0.015096] Initializing cgroup subsys blkio
[    0.015100] Initializing cgroup subsys perf_event
[    0.015103] Initializing cgroup subsys hugetlb
[    0.015131] CPU: Physical Processor ID: 0
[    0.015132] CPU: Processor Core ID: 0
[    0.015138] ENERGY_PERF_BIAS: Set to 'normal', was 'performance'
[    0.015138] ENERGY_PERF_BIAS: View and update with x86_energy_perf_policy(8)
[    0.015142] mce: CPU supports 7 MCE banks
[    0.015156] CPU0: Thermal monitoring enabled (TM1)
[    0.015168] Last level iTLB entries: 4KB 512, 2MB 8, 4MB 8
[    0.015168] Last level dTLB entries: 4KB 512, 2MB 32, 4MB 32, 1GB 0
[    0.015168] tlb_flushall_shift: 2
[    0.015325] Freeing SMP alternatives memory: 24K (ffffffff81e24000 - ffffffff81e2a000)
[    0.023482] ftrace: allocating 25089 entries in 99 pages
[    0.039706] ..TIMER: vector=0x30 apic1=0 pin1=2 apic2=-1 pin2=-1
[    0.079420] smpboot: CPU0: Intel(R) Core(TM) i3-3217U CPU @ 1.80GHz (fam: 06, model: 3a, stepping: 09)
[    0.079431] TSC deadline timer enabled
[    0.079463] Performance Events: PEBS fmt1+, 16-deep LBR, IvyBridge events, full-width counters, Intel PMU driver.
[    0.079490] ... version:                3
[    0.079492] ... bit width:              48
[    0.079493] ... generic registers:      4
[    0.079494] ... value mask:             0000ffffffffffff
[    0.079495] ... max period:             0000ffffffffffff
[    0.079496] ... fixed-purpose events:   3
[    0.079498] ... event mask:             000000070000000f
[    0.081420] NMI watchdog: enabled on all CPUs, permanently consumes one hw-PMU counter.
[    0.081502] x86: Booting SMP configuration:
[    0.081504] .... node  #0, CPUs:      #1 #2 #3
[    0.120889] x86: Booted up 1 node, 4 CPUs
[    0.120893] smpboot: Total of 4 processors activated (14382.03 BogoMIPS)
[    0.124730] devtmpfs: initialized
[    0.128995] evm: security.selinux
[    0.128997] evm: security.SMACK64
[    0.128998] evm: security.ima
[    0.128999] evm: security.capability
[    0.130189] pinctrl core: initialized pinctrl subsystem
[    0.130264] regulator-dummy: no parameters
[    0.130339] NET: Registered protocol family 16
[    0.130519] cpuidle: using governor ladder
[    0.130523] cpuidle: using governor menu
[    0.130585] ACPI FADT declares the system doesn't support PCIe ASPM, so disable it
[    0.130586] ACPI: bus type PCI registered
[    0.130588] acpiphp: ACPI Hot Plug PCI Controller Driver version: 0.5
[    0.130660] PCI: MMCONFIG for domain 0000 [bus 00-3f] at [mem 0xf8000000-0xfbffffff] (base 0xf8000000)
[    0.130663] PCI: MMCONFIG at [mem 0xf8000000-0xfbffffff] reserved in E820
[    0.130736] PCI: Using configuration type 1 for base access
[    0.133347] ACPI: Added _OSI(Module Device)
[    0.133350] ACPI: Added _OSI(Processor Device)
[    0.133351] ACPI: Added _OSI(3.0 _SCP Extensions)
[    0.133353] ACPI: Added _OSI(Processor Aggregator Device)
[    0.136794] ACPI: Executed 1 blocks of module-level executable AML code
[    0.141389] ACPI: Dynamic OEM Table Load:
[    0.141399] ACPI: SSDT 0xFFFF880213F01000 00083B (v01 PmRef  Cpu0Cst  00003001 INTL 20051117)
[    0.145216] ACPI: Dynamic OEM Table Load:
[    0.145223] ACPI: SSDT 0xFFFF880213D69000 000303 (v01 PmRef  ApIst    00003000 INTL 20051117)
[    0.149044] ACPI: Dynamic OEM Table Load:
[    0.149050] ACPI: SSDT 0xFFFF880213F3A000 000119 (v01 PmRef  ApCst    00003000 INTL 20051117)
[    0.153577] ACPI: Interpreter enabled
[    0.153585] ACPI: (supports S0 S5)
[    0.153586] ACPI: Using IOAPIC for interrupt routing
[    0.153619] PCI: Using host bridge windows from ACPI; if necessary, use "pci=nocrs" and report a bug
[    0.160979] ACPI: Power Resource [FN00] (off)
[    0.161079] ACPI: Power Resource [FN01] (off)
[    0.161175] ACPI: Power Resource [FN02] (off)
[    0.161267] ACPI: Power Resource [FN03] (off)
[    0.161359] ACPI: Power Resource [FN04] (off)
[    0.162062] ACPI: PCI Root Bridge [PCI0] (domain 0000 [bus 00-3e])
[    0.162069] acpi PNP0A08:00: _OSC: OS supports [ExtendedConfig ASPM ClockPM Segments MSI]
[    0.162263] acpi PNP0A08:00: _OSC: platform does not support [PCIeHotplug PME]
[    0.162417] acpi PNP0A08:00: _OSC: OS now controls [AER PCIeCapability]
[    0.163209] PCI host bridge to bus 0000:00
[    0.163213] pci_bus 0000:00: root bus resource [bus 00-3e]
[    0.163215] pci_bus 0000:00: root bus resource [io  0x0000-0x0cf7]
[    0.163218] pci_bus 0000:00: root bus resource [io  0x0d00-0xffff]
[    0.163220] pci_bus 0000:00: root bus resource [mem 0x000a0000-0x000bffff]
[    0.163222] pci_bus 0000:00: root bus resource [mem 0x000d0000-0x000d3fff]
[    0.163224] pci_bus 0000:00: root bus resource [mem 0x000d4000-0x000d7fff]
[    0.163226] pci_bus 0000:00: root bus resource [mem 0x000d8000-0x000dbfff]
[    0.163228] pci_bus 0000:00: root bus resource [mem 0x000dc000-0x000dffff]
[    0.163230] pci_bus 0000:00: root bus resource [mem 0xdfa00000-0xfeafffff]
[    0.163240] pci 0000:00:00.0: [8086:0154] type 00 class 0x060000
[    0.163360] pci 0000:00:02.0: [8086:0166] type 00 class 0x030000
[    0.163374] pci 0000:00:02.0: reg 0x10: [mem 0xf7800000-0xf7bfffff 64bit]
[    0.163382] pci 0000:00:02.0: reg 0x18: [mem 0xe0000000-0xefffffff 64bit pref]
[    0.163388] pci 0000:00:02.0: reg 0x20: [io  0xf000-0xf03f]
[    0.163525] pci 0000:00:16.0: [8086:1e3a] type 00 class 0x078000
[    0.163553] pci 0000:00:16.0: reg 0x10: [mem 0xf7d0b000-0xf7d0b00f 64bit]
[    0.163639] pci 0000:00:16.0: PME# supported from D0 D3hot D3cold
[    0.163749] pci 0000:00:1a.0: [8086:1e2d] type 00 class 0x0c0320
[    0.163775] pci 0000:00:1a.0: reg 0x10: [mem 0xf7d08000-0xf7d083ff]
[    0.163885] pci 0000:00:1a.0: PME# supported from D0 D3hot D3cold
[    0.163988] pci 0000:00:1b.0: [8086:1e20] type 00 class 0x040300
[    0.164007] pci 0000:00:1b.0: reg 0x10: [mem 0xf7d00000-0xf7d03fff 64bit]
[    0.164087] pci 0000:00:1b.0: PME# supported from D0 D3hot D3cold
[    0.164185] pci 0000:00:1c.0: [8086:1e10] type 01 class 0x060400
[    0.164324] pci 0000:00:1c.0: PME# supported from D0 D3hot D3cold
[    0.164433] pci 0000:00:1c.2: [8086:1e14] type 01 class 0x060400
[    0.164573] pci 0000:00:1c.2: PME# supported from D0 D3hot D3cold
[    0.164681] pci 0000:00:1c.4: [8086:1e18] type 01 class 0x060400
[    0.164822] pci 0000:00:1c.4: PME# supported from D0 D3hot D3cold
[    0.164935] pci 0000:00:1d.0: [8086:1e26] type 00 class 0x0c0320
[    0.164964] pci 0000:00:1d.0: reg 0x10: [mem 0xf7d07000-0xf7d073ff]
[    0.165068] pci 0000:00:1d.0: PME# supported from D0 D3hot D3cold
[    0.165166] pci 0000:00:1f.0: [8086:1e56] type 00 class 0x060100
[    0.165377] pci 0000:00:1f.2: [8086:1e03] type 00 class 0x010601
[    0.165402] pci 0000:00:1f.2: reg 0x10: [io  0xf0b0-0xf0b7]
[    0.165413] pci 0000:00:1f.2: reg 0x14: [io  0xf0a0-0xf0a3]
[    0.165424] pci 0000:00:1f.2: reg 0x18: [io  0xf090-0xf097]
[    0.165434] pci 0000:00:1f.2: reg 0x1c: [io  0xf080-0xf083]
[    0.165444] pci 0000:00:1f.2: reg 0x20: [io  0xf060-0xf07f]
[    0.165455] pci 0000:00:1f.2: reg 0x24: [mem 0xf7d06000-0xf7d067ff]
[    0.165509] pci 0000:00:1f.2: PME# supported from D3hot
[    0.165597] pci 0000:00:1f.3: [8086:1e22] type 00 class 0x0c0500
[    0.165617] pci 0000:00:1f.3: reg 0x10: [mem 0xf7d05000-0xf7d050ff 64bit]
[    0.165643] pci 0000:00:1f.3: reg 0x20: [io  0xf040-0xf05f]
[    0.165844] pci 0000:00:1c.0: PCI bridge to [bus 01]
[    0.166138] pci 0000:02:00.0: [8086:088e] type 00 class 0x028000
[    0.166300] pci 0000:02:00.0: reg 0x10: [mem 0xf7c00000-0xf7c01fff 64bit]
[    0.167013] pci 0000:02:00.0: PME# supported from D0 D3hot D3cold
[    0.175965] pci 0000:00:1c.2: PCI bridge to [bus 02]
[    0.175975] pci 0000:00:1c.2:   bridge window [mem 0xf7c00000-0xf7cfffff]
[    0.176174] pci 0000:03:00.0: [8086:1548] type 01 class 0x060400
[    0.176592] pci 0000:03:00.0: supports D1 D2
[    0.176594] pci 0000:03:00.0: PME# supported from D0 D1 D2 D3hot D3cold
[    0.183889] pci 0000:00:1c.4: PCI bridge to [bus 03-0b]
[    0.184176] pci 0000:04:00.0: [8086:1548] type 01 class 0x060400
[    0.184599] pci 0000:04:00.0: supports D1 D2
[    0.184601] pci 0000:04:00.0: PME# supported from D0 D1 D2 D3hot D3cold
[    0.184793] pci 0000:04:03.0: [8086:1548] type 01 class 0x060400
[    0.185208] pci 0000:04:03.0: supports D1 D2
[    0.185210] pci 0000:04:03.0: PME# supported from D0 D1 D2 D3hot D3cold
[    0.185411] pci 0000:04:04.0: [8086:1548] type 01 class 0x060400
[    0.185815] pci 0000:04:04.0: supports D1 D2
[    0.185817] pci 0000:04:04.0: PME# supported from D0 D1 D2 D3hot D3cold
[    0.186007] pci 0000:04:05.0: [8086:1548] type 01 class 0x060400
[    0.186426] pci 0000:04:05.0: supports D1 D2
[    0.186428] pci 0000:04:05.0: PME# supported from D0 D1 D2 D3hot D3cold
[    0.186613] pci 0000:04:06.0: [8086:1548] type 01 class 0x060400
[    0.187049] pci 0000:04:06.0: supports D1 D2
[    0.187051] pci 0000:04:06.0: PME# supported from D0 D1 D2 D3hot D3cold
[    0.187297] pci 0000:03:00.0: PCI bridge to [bus 04-0b]
[    0.187320] pci 0000:03:00.0:   bridge window [io  0x0000-0x0fff]
[    0.187333] pci 0000:03:00.0:   bridge window [mem 0x00000000-0x000fffff]
[    0.187357] pci 0000:03:00.0:   bridge window [mem 0x00000000-0x000fffff 64bit pref]
[    0.187567] pci 0000:04:00.0: PCI bridge to [bus 05]
[    0.187590] pci 0000:04:00.0:   bridge window [io  0x0000-0x0fff]
[    0.187603] pci 0000:04:00.0:   bridge window [mem 0x00000000-0x000fffff]
[    0.187623] pci 0000:04:00.0:   bridge window [mem 0x00000000-0x000fffff 64bit pref]
[    0.187884] pci 0000:06:00.0: [8086:1549] type 01 class 0x060400
[    0.188211] pci 0000:06:00.0: supports D1 D2
[    0.188213] pci 0000:06:00.0: PME# supported from D0 D1 D2 D3hot D3cold
[    0.188390] pci 0000:04:03.0: PCI bridge to [bus 06-08]
[    0.188408] pci 0000:04:03.0:   bridge window [io  0x0000-0x0fff]
[    0.188421] pci 0000:04:03.0:   bridge window [mem 0x00000000-0x000fffff]
[    0.188444] pci 0000:04:03.0:   bridge window [mem 0x00000000-0x000fffff 64bit pref]
[    0.188638] pci 0000:07:00.0: [8086:1549] type 01 class 0x060400
[    0.188974] pci 0000:07:00.0: supports D1 D2
[    0.188976] pci 0000:07:00.0: PME# supported from D0 D1 D2 D3hot D3cold
[    0.189216] pci 0000:06:00.0: PCI bridge to [bus 07-08]
[    0.189236] pci 0000:06:00.0:   bridge window [io  0x0000-0x0fff]
[    0.189248] pci 0000:06:00.0:   bridge window [mem 0x00000000-0x000fffff]
[    0.189269] pci 0000:06:00.0:   bridge window [mem 0x00000000-0x000fffff 64bit pref]
[    0.189529] pci 0000:08:00.0: [14e4:1682] type 00 class 0x020000
[    0.189645] pci 0000:08:00.0: reg 0x10: [mem 0x00000000-0x0000ffff 64bit pref]
[    0.189728] pci 0000:08:00.0: reg 0x18: [mem 0x00000000-0x0000ffff 64bit pref]
[    0.189858] pci 0000:08:00.0: reg 0x30: [mem 0x00000000-0x0000ffff pref]
[    0.190352] pci 0000:08:00.0: PME# supported from D0 D3hot D3cold
[    0.190645] pci 0000:07:00.0: PCI bridge to [bus 08]
[    0.190664] pci 0000:07:00.0:   bridge window [io  0x0000-0x0fff]
[    0.190674] pci 0000:07:00.0:   bridge window [mem 0x00000000-0x000fffff]
[    0.190691] pci 0000:07:00.0:   bridge window [mem 0x00000000-0x000fffff 64bit pref]
[    0.190819] pci 0000:04:04.0: PCI bridge to [bus 09]
[    0.190829] pci 0000:04:04.0:   bridge window [io  0x0000-0x0fff]
[    0.190835] pci 0000:04:04.0:   bridge window [mem 0x00000000-0x000fffff]
[    0.190845] pci 0000:04:04.0:   bridge window [mem 0x00000000-0x000fffff 64bit pref]
[    0.190936] pci 0000:04:05.0: PCI bridge to [bus 0a]
[    0.190946] pci 0000:04:05.0:   bridge window [io  0x0000-0x0fff]
[    0.190952] pci 0000:04:05.0:   bridge window [mem 0x00000000-0x000fffff]
[    0.190962] pci 0000:04:05.0:   bridge window [mem 0x00000000-0x000fffff 64bit pref]
[    0.191052] pci 0000:04:06.0: PCI bridge to [bus 0b]
[    0.191062] pci 0000:04:06.0:   bridge window [io  0x0000-0x0fff]
[    0.191069] pci 0000:04:06.0:   bridge window [mem 0x00000000-0x000fffff]
[    0.191078] pci 0000:04:06.0:   bridge window [mem 0x00000000-0x000fffff 64bit pref]
[    0.191223] acpi PNP0A08:00: Disabling ASPM (FADT indicates it is unsupported)
[    0.191750] ACPI: PCI Interrupt Link [LNKA] (IRQs 3 4 5 6 10 *11 12 14 15)
[    0.191810] ACPI: PCI Interrupt Link [LNKB] (IRQs 3 *4 5 6 10 11 12 14 15)
[    0.191873] ACPI: PCI Interrupt Link [LNKC] (IRQs *3 4 5 6 10 11 12 14 15)
[    0.191930] ACPI: PCI Interrupt Link [LNKD] (IRQs 3 4 5 6 *10 11 12 14 15)
[    0.191986] ACPI: PCI Interrupt Link [LNKE] (IRQs 3 4 5 6 10 11 12 14 15) *0, disabled.
[    0.192043] ACPI: PCI Interrupt Link [LNKF] (IRQs 3 4 5 6 10 11 12 14 15) *0, disabled.
[    0.192102] ACPI: PCI Interrupt Link [LNKG] (IRQs 3 4 *5 6 10 11 12 14 15)
[    0.192159] ACPI: PCI Interrupt Link [LNKH] (IRQs 3 4 5 6 10 *11 12 14 15)
[    0.192420] ACPI: Enabled 6 GPEs in block 00 to 3F
[    0.192558] vgaarb: device added: PCI:0000:00:02.0,decodes=io+mem,owns=io+mem,locks=none
[    0.192563] vgaarb: loaded
[    0.192564] vgaarb: bridge control possible 0000:00:02.0
[    0.192818] SCSI subsystem initialized
[    0.192874] libata version 3.00 loaded.
[    0.192904] ACPI: bus type USB registered
[    0.192929] usbcore: registered new interface driver usbfs
[    0.192940] usbcore: registered new interface driver hub
[    0.192970] usbcore: registered new device driver usb
[    0.193155] PCI: Using ACPI for IRQ routing
[    0.194765] PCI: pci_cache_line_size set to 64 bytes
[    0.194877] e820: reserve RAM buffer [mem 0x0009f000-0x0009ffff]
[    0.194879] e820: reserve RAM buffer [mem 0x40004000-0x43ffffff]
[    0.194881] e820: reserve RAM buffer [mem 0xbdfdd000-0xbfffffff]
[    0.194883] e820: reserve RAM buffer [mem 0xbe69d000-0xbfffffff]
[    0.194885] e820: reserve RAM buffer [mem 0xbf000000-0xbfffffff]
[    0.194887] e820: reserve RAM buffer [mem 0x21f600000-0x21fffffff]
[    0.195020] NetLabel: Initializing
[    0.195022] NetLabel:  domain hash size = 128
[    0.195023] NetLabel:  protocols = UNLABELED CIPSOv4
[    0.195039] NetLabel:  unlabeled traffic allowed by default
[    0.195118] hpet0: at MMIO 0xfed00000, IRQs 2, 8, 0, 0, 0, 0, 0, 0
[    0.195124] hpet0: 8 comparators, 64-bit 14.318180 MHz counter
[    0.197153] Switched to clocksource hpet
[    0.203450] pnp: PnP ACPI init
[    0.203473] ACPI: bus type PNP registered
[    0.203575] system 00:00: [mem 0xfed40000-0xfed44fff] has been reserved
[    0.203579] system 00:00: Plug and Play ACPI device, IDs PNP0c01 (active)
[    0.203672] system 00:01: [io  0x0680-0x069f] has been reserved
[    0.203675] system 00:01: [io  0x1000-0x100f] has been reserved
[    0.203677] system 00:01: [io  0xffff] has been reserved
[    0.203679] system 00:01: [io  0xffff] has been reserved
[    0.203682] system 00:01: [io  0x0400-0x0453] could not be reserved
[    0.203684] system 00:01: [io  0x0458-0x047f] has been reserved
[    0.203687] system 00:01: [io  0x0500-0x057f] has been reserved
[    0.203689] system 00:01: [io  0x164e-0x164f] has been reserved
[    0.203692] system 00:01: Plug and Play ACPI device, IDs PNP0c02 (active)
[    0.203728] pnp 00:02: Plug and Play ACPI device, IDs PNP0b00 (active)
[    0.203789] system 00:03: [io  0x0454-0x0457] has been reserved
[    0.203792] system 00:03: Plug and Play ACPI device, IDs INT3f0d PNP0c02 (active)
[    0.203946] system 00:04: [io  0x0a00-0x0a1f] has been reserved
[    0.203949] system 00:04: [io  0x0a30-0x0a3f] has been reserved
[    0.203951] system 00:04: [io  0x0a20-0x0a2f] has been reserved
[    0.203954] system 00:04: Plug and Play ACPI device, IDs PNP0c02 (active)
[    0.204042] system 00:05: [io  0x04d0-0x04d1] has been reserved
[    0.204045] system 00:05: Plug and Play ACPI device, IDs PNP0c02 (active)
[    0.204311] system 00:06: [mem 0xfed1c000-0xfed1ffff] has been reserved
[    0.204314] system 00:06: [mem 0xfed10000-0xfed17fff] has been reserved
[    0.204316] system 00:06: [mem 0xfed18000-0xfed18fff] has been reserved
[    0.204319] system 00:06: [mem 0xfed19000-0xfed19fff] has been reserved
[    0.204321] system 00:06: [mem 0xf8000000-0xfbffffff] has been reserved
[    0.204324] system 00:06: [mem 0xfed20000-0xfed3ffff] has been reserved
[    0.204326] system 00:06: [mem 0xfed90000-0xfed93fff] has been reserved
[    0.204329] system 00:06: [mem 0xfed45000-0xfed8ffff] has been reserved
[    0.204331] system 00:06: [mem 0xff000000-0xffffffff] has been reserved
[    0.204334] system 00:06: [mem 0xfee00000-0xfeefffff] could not be reserved
[    0.204336] system 00:06: [mem 0xdfa00000-0xdfa00fff] has been reserved
[    0.204339] system 00:06: Plug and Play ACPI device, IDs PNP0c02 (active)
[    0.204513] system 00:07: [mem 0x20000000-0x201fffff] has been reserved
[    0.204516] system 00:07: [mem 0x40004000-0x40004fff] has been reserved
[    0.204518] system 00:07: Plug and Play ACPI device, IDs PNP0c01 (active)
[    0.204541] pnp: PnP ACPI: found 8 devices
[    0.204542] ACPI: bus type PNP unregistered
[    0.211439] pci 0000:04:00.0: bridge window [io  0x1000-0x0fff] to [bus 05] add_size 1000
[    0.211443] pci 0000:04:00.0: bridge window [mem 0x00100000-0x000fffff 64bit pref] to [bus 05] add_size 200000
[    0.211446] pci 0000:04:00.0: bridge window [mem 0x00100000-0x000fffff] to [bus 05] add_size 200000
[    0.211472] pci 0000:07:00.0: bridge window [io  0x1000-0x0fff] to [bus 08] add_size 1000
[    0.211475] pci 0000:07:00.0: bridge window [mem 0x00100000-0x001fffff 64bit pref] to [bus 08] add_size 200000
[    0.211478] pci 0000:07:00.0: bridge window [mem 0x00100000-0x001fffff] to [bus 08] add_size 200000
[    0.211504] pci 0000:07:00.0: res[13]=[io  0x1000-0x0fff] get_res_add_size add_size 1000
[    0.211507] pci 0000:06:00.0: bridge window [io  0x1000-0x0fff] to [bus 07-08] add_size 1000
[    0.211509] pci 0000:07:00.0: res[15]=[mem 0x00100000-0x001fffff 64bit pref] get_res_add_size add_size 200000
[    0.211512] pci 0000:06:00.0: bridge window [mem 0x00100000-0x001fffff 64bit pref] to [bus 07-08] add_size 200000
[    0.211515] pci 0000:07:00.0: res[14]=[mem 0x00100000-0x001fffff] get_res_add_size add_size 200000
[    0.211517] pci 0000:06:00.0: bridge window [mem 0x00100000-0x001fffff] to [bus 07-08] add_size 200000
[    0.211531] pci 0000:06:00.0: res[13]=[io  0x1000-0x0fff] get_res_add_size add_size 1000
[    0.211533] pci 0000:04:03.0: bridge window [io  0x1000-0x0fff] to [bus 06-08] add_size 1000
[    0.211536] pci 0000:06:00.0: res[15]=[mem 0x00100000-0x001fffff 64bit pref] get_res_add_size add_size 200000
[    0.211538] pci 0000:04:03.0: bridge window [mem 0x00100000-0x001fffff 64bit pref] to [bus 06-08] add_size 200000
[    0.211541] pci 0000:06:00.0: res[14]=[mem 0x00100000-0x001fffff] get_res_add_size add_size 200000
[    0.211543] pci 0000:04:03.0: bridge window [mem 0x00100000-0x001fffff] to [bus 06-08] add_size 200000
[    0.211557] pci 0000:04:04.0: bridge window [io  0x1000-0x0fff] to [bus 09] add_size 1000
[    0.211560] pci 0000:04:04.0: bridge window [mem 0x00100000-0x000fffff 64bit pref] to [bus 09] add_size 200000
[    0.211562] pci 0000:04:04.0: bridge window [mem 0x00100000-0x000fffff] to [bus 09] add_size 200000
[    0.211578] pci 0000:04:05.0: bridge window [io  0x1000-0x0fff] to [bus 0a] add_size 1000
[    0.211580] pci 0000:04:05.0: bridge window [mem 0x00100000-0x000fffff 64bit pref] to [bus 0a] add_size 200000
[    0.211583] pci 0000:04:05.0: bridge window [mem 0x00100000-0x000fffff] to [bus 0a] add_size 200000
[    0.211597] pci 0000:04:06.0: bridge window [io  0x1000-0x0fff] to [bus 0b] add_size 1000
[    0.211599] pci 0000:04:06.0: bridge window [mem 0x00100000-0x000fffff 64bit pref] to [bus 0b] add_size 200000
[    0.211602] pci 0000:04:06.0: bridge window [mem 0x00100000-0x000fffff] to [bus 0b] add_size 200000
[    0.211615] pci 0000:04:00.0: res[13]=[io  0x1000-0x0fff] get_res_add_size add_size 1000
[    0.211618] pci 0000:04:03.0: res[13]=[io  0x1000-0x0fff] get_res_add_size add_size 1000
[    0.211620] pci 0000:04:04.0: res[13]=[io  0x1000-0x0fff] get_res_add_size add_size 1000
[    0.211622] pci 0000:04:05.0: res[13]=[io  0x1000-0x0fff] get_res_add_size add_size 1000
[    0.211624] pci 0000:04:06.0: res[13]=[io  0x1000-0x0fff] get_res_add_size add_size 1000
[    0.211627] pci 0000:03:00.0: bridge window [io  0x1000-0x0fff] to [bus 04-0b] add_size 5000
[    0.211630] pci 0000:04:00.0: res[15]=[mem 0x00100000-0x000fffff 64bit pref] get_res_add_size add_size 200000
[    0.211632] pci 0000:04:03.0: res[15]=[mem 0x00100000-0x001fffff 64bit pref] get_res_add_size add_size 200000
[    0.211635] pci 0000:04:04.0: res[15]=[mem 0x00100000-0x000fffff 64bit pref] get_res_add_size add_size 200000
[    0.211638] pci 0000:04:05.0: res[15]=[mem 0x00100000-0x000fffff 64bit pref] get_res_add_size add_size 200000
[    0.211640] pci 0000:04:06.0: res[15]=[mem 0x00100000-0x000fffff 64bit pref] get_res_add_size add_size 200000
[    0.211643] pci 0000:03:00.0: bridge window [mem 0x00100000-0x001fffff 64bit pref] to [bus 04-0b] add_size a00000
[    0.211645] pci 0000:04:00.0: res[14]=[mem 0x00100000-0x000fffff] get_res_add_size add_size 200000
[    0.211648] pci 0000:04:03.0: res[14]=[mem 0x00100000-0x001fffff] get_res_add_size add_size 200000
[    0.211650] pci 0000:04:04.0: res[14]=[mem 0x00100000-0x000fffff] get_res_add_size add_size 200000
[    0.211653] pci 0000:04:05.0: res[14]=[mem 0x00100000-0x000fffff] get_res_add_size add_size 200000
[    0.211655] pci 0000:04:06.0: res[14]=[mem 0x00100000-0x000fffff] get_res_add_size add_size 200000
[    0.211658] pci 0000:03:00.0: bridge window [mem 0x00100000-0x001fffff] to [bus 04-0b] add_size a00000
[    0.211668] pci 0000:03:00.0: res[13]=[io  0x1000-0x0fff] get_res_add_size add_size 5000
[    0.211670] pci 0000:00:1c.4: bridge window [io  0x1000-0x0fff] to [bus 03-0b] add_size 5000
[    0.211673] pci 0000:03:00.0: res[15]=[mem 0x00100000-0x001fffff 64bit pref] get_res_add_size add_size a00000
[    0.211675] pci 0000:00:1c.4: bridge window [mem 0x00100000-0x001fffff 64bit pref] to [bus 03-0b] add_size a00000
[    0.211678] pci 0000:03:00.0: res[14]=[mem 0x00100000-0x001fffff] get_res_add_size add_size a00000
[    0.211680] pci 0000:00:1c.4: bridge window [mem 0x00100000-0x001fffff] to [bus 03-0b] add_size a00000
[    0.211685] pci 0000:00:1c.4: res[14]=[mem 0x00100000-0x001fffff] get_res_add_size add_size a00000
[    0.211688] pci 0000:00:1c.4: res[15]=[mem 0x00100000-0x001fffff 64bit pref] get_res_add_size add_size a00000
[    0.211690] pci 0000:00:1c.4: res[13]=[io  0x1000-0x0fff] get_res_add_size add_size 5000
[    0.211697] pci 0000:00:1c.4: BAR 14: assigned [mem 0xf0000000-0xf0afffff]
[    0.211705] pci 0000:00:1c.4: BAR 15: assigned [mem 0xf0b00000-0xf15fffff 64bit pref]
[    0.211709] pci 0000:00:1c.4: BAR 13: assigned [io  0x2000-0x6fff]
[    0.211712] pci 0000:00:1c.0: PCI bridge to [bus 01]
[    0.211727] pci 0000:00:1c.2: PCI bridge to [bus 02]
[    0.211734] pci 0000:00:1c.2:   bridge window [mem 0xf7c00000-0xf7cfffff]
[    0.211746] pci 0000:03:00.0: res[14]=[mem 0x00100000-0x001fffff] get_res_add_size add_size a00000
[    0.211748] pci 0000:03:00.0: res[15]=[mem 0x00100000-0x001fffff 64bit pref] get_res_add_size add_size a00000
[    0.211750] pci 0000:03:00.0: res[13]=[io  0x1000-0x0fff] get_res_add_size add_size 5000
[    0.211753] pci 0000:03:00.0: BAR 14: assigned [mem 0xf0000000-0xf0afffff]
[    0.211757] pci 0000:03:00.0: BAR 15: assigned [mem 0xf0b00000-0xf15fffff 64bit pref]
[    0.211759] pci 0000:03:00.0: BAR 13: assigned [io  0x2000-0x6fff]
[    0.211765] pci 0000:04:00.0: res[14]=[mem 0x00100000-0x000fffff] get_res_add_size add_size 200000
[    0.211768] pci 0000:04:00.0: res[15]=[mem 0x00100000-0x000fffff 64bit pref] get_res_add_size add_size 200000
[    0.211770] pci 0000:04:03.0: res[14]=[mem 0x00100000-0x001fffff] get_res_add_size add_size 200000
[    0.211772] pci 0000:04:03.0: res[15]=[mem 0x00100000-0x001fffff 64bit pref] get_res_add_size add_size 200000
[    0.211775] pci 0000:04:04.0: res[14]=[mem 0x00100000-0x000fffff] get_res_add_size add_size 200000
[    0.211777] pci 0000:04:04.0: res[15]=[mem 0x00100000-0x000fffff 64bit pref] get_res_add_size add_size 200000
[    0.211780] pci 0000:04:05.0: res[14]=[mem 0x00100000-0x000fffff] get_res_add_size add_size 200000
[    0.211782] pci 0000:04:05.0: res[15]=[mem 0x00100000-0x000fffff 64bit pref] get_res_add_size add_size 200000
[    0.211784] pci 0000:04:06.0: res[14]=[mem 0x00100000-0x000fffff] get_res_add_size add_size 200000
[    0.211787] pci 0000:04:06.0: res[15]=[mem 0x00100000-0x000fffff 64bit pref] get_res_add_size add_size 200000
[    0.211789] pci 0000:04:00.0: res[13]=[io  0x1000-0x0fff] get_res_add_size add_size 1000
[    0.211791] pci 0000:04:03.0: res[13]=[io  0x1000-0x0fff] get_res_add_size add_size 1000
[    0.211794] pci 0000:04:04.0: res[13]=[io  0x1000-0x0fff] get_res_add_size add_size 1000
[    0.211796] pci 0000:04:05.0: res[13]=[io  0x1000-0x0fff] get_res_add_size add_size 1000
[    0.211798] pci 0000:04:06.0: res[13]=[io  0x1000-0x0fff] get_res_add_size add_size 1000
[    0.211801] pci 0000:04:00.0: BAR 14: assigned [mem 0xf0000000-0xf01fffff]
[    0.211804] pci 0000:04:00.0: BAR 15: assigned [mem 0xf0b00000-0xf0cfffff 64bit pref]
[    0.211807] pci 0000:04:03.0: BAR 14: assigned [mem 0xf0200000-0xf04fffff]
[    0.211810] pci 0000:04:03.0: BAR 15: assigned [mem 0xf0d00000-0xf0ffffff 64bit pref]
[    0.211812] pci 0000:04:04.0: BAR 14: assigned [mem 0xf0500000-0xf06fffff]
[    0.211815] pci 0000:04:04.0: BAR 15: assigned [mem 0xf1000000-0xf11fffff 64bit pref]
[    0.211818] pci 0000:04:05.0: BAR 14: assigned [mem 0xf0700000-0xf08fffff]
[    0.211820] pci 0000:04:05.0: BAR 15: assigned [mem 0xf1200000-0xf13fffff 64bit pref]
[    0.211823] pci 0000:04:06.0: BAR 14: assigned [mem 0xf0900000-0xf0afffff]
[    0.211826] pci 0000:04:06.0: BAR 15: assigned [mem 0xf1400000-0xf15fffff 64bit pref]
[    0.211828] pci 0000:04:00.0: BAR 13: assigned [io  0x2000-0x2fff]
[    0.211831] pci 0000:04:03.0: BAR 13: assigned [io  0x3000-0x3fff]
[    0.211833] pci 0000:04:04.0: BAR 13: assigned [io  0x4000-0x4fff]
[    0.211835] pci 0000:04:05.0: BAR 13: assigned [io  0x5000-0x5fff]
[    0.211838] pci 0000:04:06.0: BAR 13: assigned [io  0x6000-0x6fff]
[    0.211842] pci 0000:04:00.0: PCI bridge to [bus 05]
[    0.211846] pci 0000:04:00.0:   bridge window [io  0x2000-0x2fff]
[    0.211854] pci 0000:04:00.0:   bridge window [mem 0xf0000000-0xf01fffff]
[    0.211861] pci 0000:04:00.0:   bridge window [mem 0xf0b00000-0xf0cfffff 64bit pref]
[    0.211872] pci 0000:06:00.0: res[14]=[mem 0x00100000-0x001fffff] get_res_add_size add_size 200000
[    0.211874] pci 0000:06:00.0: res[15]=[mem 0x00100000-0x001fffff 64bit pref] get_res_add_size add_size 200000
[    0.211876] pci 0000:06:00.0: res[13]=[io  0x1000-0x0fff] get_res_add_size add_size 1000
[    0.211879] pci 0000:06:00.0: BAR 14: assigned [mem 0xf0200000-0xf04fffff]
[    0.211882] pci 0000:06:00.0: BAR 15: assigned [mem 0xf0d00000-0xf0ffffff 64bit pref]
[    0.211884] pci 0000:06:00.0: BAR 13: assigned [io  0x3000-0x3fff]
[    0.211888] pci 0000:07:00.0: res[14]=[mem 0x00100000-0x001fffff] get_res_add_size add_size 200000
[    0.211890] pci 0000:07:00.0: res[15]=[mem 0x00100000-0x001fffff 64bit pref] get_res_add_size add_size 200000
[    0.211893] pci 0000:07:00.0: res[13]=[io  0x1000-0x0fff] get_res_add_size add_size 1000
[    0.211895] pci 0000:07:00.0: BAR 14: assigned [mem 0xf0200000-0xf04fffff]
[    0.211898] pci 0000:07:00.0: BAR 15: assigned [mem 0xf0d00000-0xf0ffffff 64bit pref]
[    0.211901] pci 0000:07:00.0: BAR 13: assigned [io  0x3000-0x3fff]
[    0.211905] pci 0000:08:00.0: BAR 0: assigned [mem 0xf0d00000-0xf0d0ffff 64bit pref]
[    0.211942] pci 0000:08:00.0: BAR 2: assigned [mem 0xf0d10000-0xf0d1ffff 64bit pref]
[    0.211980] pci 0000:08:00.0: BAR 6: assigned [mem 0xf0200000-0xf020ffff pref]
[    0.211982] pci 0000:07:00.0: PCI bridge to [bus 08]
[    0.211988] pci 0000:07:00.0:   bridge window [io  0x3000-0x3fff]
[    0.212002] pci 0000:07:00.0:   bridge window [mem 0xf0200000-0xf04fffff]
[    0.212012] pci 0000:07:00.0:   bridge window [mem 0xf0d00000-0xf0ffffff 64bit pref]
[    0.212028] pci 0000:06:00.0: PCI bridge to [bus 07-08]
[    0.212034] pci 0000:06:00.0:   bridge window [io  0x3000-0x3fff]
[    0.212047] pci 0000:06:00.0:   bridge window [mem 0xf0200000-0xf04fffff]
[    0.212057] pci 0000:06:00.0:   bridge window [mem 0xf0d00000-0xf0ffffff 64bit pref]
[    0.212074] pci 0000:04:03.0: PCI bridge to [bus 06-08]
[    0.212078] pci 0000:04:03.0:   bridge window [io  0x3000-0x3fff]
[    0.212086] pci 0000:04:03.0:   bridge window [mem 0xf0200000-0xf04fffff]
[    0.212092] pci 0000:04:03.0:   bridge window [mem 0xf0d00000-0xf0ffffff 64bit pref]
[    0.212102] pci 0000:04:04.0: PCI bridge to [bus 09]
[    0.212106] pci 0000:04:04.0:   bridge window [io  0x4000-0x4fff]
[    0.212114] pci 0000:04:04.0:   bridge window [mem 0xf0500000-0xf06fffff]
[    0.212120] pci 0000:04:04.0:   bridge window [mem 0xf1000000-0xf11fffff 64bit pref]
[    0.212130] pci 0000:04:05.0: PCI bridge to [bus 0a]
[    0.212135] pci 0000:04:05.0:   bridge window [io  0x5000-0x5fff]
[    0.212143] pci 0000:04:05.0:   bridge window [mem 0xf0700000-0xf08fffff]
[    0.212149] pci 0000:04:05.0:   bridge window [mem 0xf1200000-0xf13fffff 64bit pref]
[    0.212159] pci 0000:04:06.0: PCI bridge to [bus 0b]
[    0.212163] pci 0000:04:06.0:   bridge window [io  0x6000-0x6fff]
[    0.212171] pci 0000:04:06.0:   bridge window [mem 0xf0900000-0xf0afffff]
[    0.212177] pci 0000:04:06.0:   bridge window [mem 0xf1400000-0xf15fffff 64bit pref]
[    0.212187] pci 0000:03:00.0: PCI bridge to [bus 04-0b]
[    0.212192] pci 0000:03:00.0:   bridge window [io  0x2000-0x6fff]
[    0.212200] pci 0000:03:00.0:   bridge window [mem 0xf0000000-0xf0afffff]
[    0.212206] pci 0000:03:00.0:   bridge window [mem 0xf0b00000-0xf15fffff 64bit pref]
[    0.212215] pci 0000:00:1c.4: PCI bridge to [bus 03-0b]
[    0.212218] pci 0000:00:1c.4:   bridge window [io  0x2000-0x6fff]
[    0.212225] pci 0000:00:1c.4:   bridge window [mem 0xf0000000-0xf0afffff]
[    0.212230] pci 0000:00:1c.4:   bridge window [mem 0xf0b00000-0xf15fffff 64bit pref]
[    0.212238] pci_bus 0000:00: resource 4 [io  0x0000-0x0cf7]
[    0.212241] pci_bus 0000:00: resource 5 [io  0x0d00-0xffff]
[    0.212243] pci_bus 0000:00: resource 6 [mem 0x000a0000-0x000bffff]
[    0.212245] pci_bus 0000:00: resource 7 [mem 0x000d0000-0x000d3fff]
[    0.212247] pci_bus 0000:00: resource 8 [mem 0x000d4000-0x000d7fff]
[    0.212249] pci_bus 0000:00: resource 9 [mem 0x000d8000-0x000dbfff]
[    0.212251] pci_bus 0000:00: resource 10 [mem 0x000dc000-0x000dffff]
[    0.212254] pci_bus 0000:00: resource 11 [mem 0xdfa00000-0xfeafffff]
[    0.212256] pci_bus 0000:02: resource 1 [mem 0xf7c00000-0xf7cfffff]
[    0.212259] pci_bus 0000:03: resource 0 [io  0x2000-0x6fff]
[    0.212261] pci_bus 0000:03: resource 1 [mem 0xf0000000-0xf0afffff]
[    0.212263] pci_bus 0000:03: resource 2 [mem 0xf0b00000-0xf15fffff 64bit pref]
[    0.212265] pci_bus 0000:04: resource 0 [io  0x2000-0x6fff]
[    0.212267] pci_bus 0000:04: resource 1 [mem 0xf0000000-0xf0afffff]
[    0.212270] pci_bus 0000:04: resource 2 [mem 0xf0b00000-0xf15fffff 64bit pref]
[    0.212272] pci_bus 0000:05: resource 0 [io  0x2000-0x2fff]
[    0.212274] pci_bus 0000:05: resource 1 [mem 0xf0000000-0xf01fffff]
[    0.212276] pci_bus 0000:05: resource 2 [mem 0xf0b00000-0xf0cfffff 64bit pref]
[    0.212278] pci_bus 0000:06: resource 0 [io  0x3000-0x3fff]
[    0.212280] pci_bus 0000:06: resource 1 [mem 0xf0200000-0xf04fffff]
[    0.212283] pci_bus 0000:06: resource 2 [mem 0xf0d00000-0xf0ffffff 64bit pref]
[    0.212285] pci_bus 0000:07: resource 0 [io  0x3000-0x3fff]
[    0.212287] pci_bus 0000:07: resource 1 [mem 0xf0200000-0xf04fffff]
[    0.212289] pci_bus 0000:07: resource 2 [mem 0xf0d00000-0xf0ffffff 64bit pref]
[    0.212291] pci_bus 0000:08: resource 0 [io  0x3000-0x3fff]
[    0.212293] pci_bus 0000:08: resource 1 [mem 0xf0200000-0xf04fffff]
[    0.212295] pci_bus 0000:08: resource 2 [mem 0xf0d00000-0xf0ffffff 64bit pref]
[    0.212298] pci_bus 0000:09: resource 0 [io  0x4000-0x4fff]
[    0.212300] pci_bus 0000:09: resource 1 [mem 0xf0500000-0xf06fffff]
[    0.212302] pci_bus 0000:09: resource 2 [mem 0xf1000000-0xf11fffff 64bit pref]
[    0.212304] pci_bus 0000:0a: resource 0 [io  0x5000-0x5fff]
[    0.212306] pci_bus 0000:0a: resource 1 [mem 0xf0700000-0xf08fffff]
[    0.212308] pci_bus 0000:0a: resource 2 [mem 0xf1200000-0xf13fffff 64bit pref]
[    0.212311] pci_bus 0000:0b: resource 0 [io  0x6000-0x6fff]
[    0.212313] pci_bus 0000:0b: resource 1 [mem 0xf0900000-0xf0afffff]
[    0.212315] pci_bus 0000:0b: resource 2 [mem 0xf1400000-0xf15fffff 64bit pref]
[    0.212349] NET: Registered protocol family 2
[    0.212563] TCP established hash table entries: 65536 (order: 7, 524288 bytes)
[    0.212766] TCP bind hash table entries: 65536 (order: 8, 1048576 bytes)
[    0.212905] TCP: Hash tables configured (established 65536 bind 65536)
[    0.212926] TCP: reno registered
[    0.212940] UDP hash table entries: 4096 (order: 5, 131072 bytes)
[    0.212979] UDP-Lite hash table entries: 4096 (order: 5, 131072 bytes)
[    0.213051] NET: Registered protocol family 1
[    0.213069] pci 0000:00:02.0: Boot video device
[    0.253363] PCI: CLS 64 bytes, default 64
[    0.253436] Trying to unpack rootfs image as initramfs...
[    0.324660] Freeing initrd memory: 3048K (ffff8800379fc000 - ffff880037cf6000)
[    0.324670] PCI-DMA: Using software bounce buffering for IO (SWIOTLB)
[    0.324673] software IO TLB [mem 0xae03e000-0xb203e000] (64MB) mapped at [ffff8800ae03e000-ffff8800b203dfff]
[    0.324976] RAPL PMU detected, hw unit 2^-16 Joules, API unit is 2^-32 Joules, 3 fixed counters 163840 ms ovfl timer
[    0.325030] microcode: CPU0 sig=0x306a9, pf=0x10, revision=0x15
[    0.325043] microcode: CPU1 sig=0x306a9, pf=0x10, revision=0x15
[    0.325049] microcode: CPU2 sig=0x306a9, pf=0x10, revision=0x15
[    0.325058] microcode: CPU3 sig=0x306a9, pf=0x10, revision=0x15
[    0.325120] microcode: Microcode Update Driver: v2.00 <tigran@aivazian.fsnet.co.uk>, Peter Oruba
[    0.325322] Scanning for low memory corruption every 60 seconds
[    0.325635] futex hash table entries: 1024 (order: 4, 65536 bytes)
[    0.325652] Initialise system trusted keyring
[    0.325679] audit: initializing netlink subsys (disabled)
[    0.325696] audit: type=2000 audit(1410268066.320:1): initialized
[    0.326069] HugeTLB registered 2 MB page size, pre-allocated 0 pages
[    0.327837] zbud: loaded
[    0.328044] VFS: Disk quotas dquot_6.5.2
[    0.328087] Dquot-cache hash table entries: 512 (order 0, 4096 bytes)
[    0.328481] fuse init (API version 7.23)
[    0.328584] msgmni has been set to 14631
[    0.328650] Key type big_key registered
[    0.329130] Key type asymmetric registered
[    0.329134] Asymmetric key parser 'x509' registered
[    0.329180] Block layer SCSI generic (bsg) driver version 0.4 loaded (major 252)
[    0.329257] io scheduler noop registered (default)
[    0.329794] pcieport 0000:03:00.0: enabling device (0000 -> 0003)
[    0.329874] pcieport 0000:03:00.0: irq 40 for MSI/MSI-X
[    0.330012] pcieport 0000:04:00.0: enabling device (0000 -> 0003)
[    0.330089] pcieport 0000:04:00.0: irq 41 for MSI/MSI-X
[    0.330224] pcieport 0000:04:03.0: enabling device (0000 -> 0003)
[    0.330297] pcieport 0000:04:03.0: irq 42 for MSI/MSI-X
[    0.330433] pcieport 0000:04:04.0: enabling device (0000 -> 0003)
[    0.330507] pcieport 0000:04:04.0: irq 43 for MSI/MSI-X
[    0.330639] pcieport 0000:04:05.0: enabling device (0000 -> 0003)
[    0.330714] pcieport 0000:04:05.0: irq 44 for MSI/MSI-X
[    0.330847] pcieport 0000:04:06.0: enabling device (0000 -> 0003)
[    0.330920] pcieport 0000:04:06.0: irq 45 for MSI/MSI-X
[    0.331058] pcieport 0000:06:00.0: enabling device (0000 -> 0003)
[    0.331170] pcieport 0000:06:00.0: irq 46 for MSI/MSI-X
[    0.331395] pcieport 0000:07:00.0: enabling device (0000 -> 0003)
[    0.331508] pcieport 0000:07:00.0: irq 47 for MSI/MSI-X
[    0.331773] pci_hotplug: PCI Hot Plug PCI Core version: 0.5
[    0.331795] pciehp: PCI Express Hot Plug Controller Driver version: 0.4
[    0.331869] efifb: probing for efifb
[    0.331886] efifb: framebuffer at 0xe0000000, mapped to 0xffffc90004e80000, using 3072k, total 3072k
[    0.331888] efifb: mode is 1024x768x32, linelength=4096, pages=1
[    0.331889] efifb: scrolling: redraw
[    0.331891] efifb: Truecolor: size=8:8:8:8, shift=24:16:8:0
[    0.334425] Console: switching to colour frame buffer device 128x48
[    0.336856] fb0: EFI VGA frame buffer device
[    0.336886] intel_idle: MWAIT substates: 0x21120
[    0.336888] intel_idle: v0.4 model 0x3A
[    0.336889] intel_idle: lapic_timer_reliable_states 0xffffffff
[    0.337098] ipmi message handler version 39.2
[    0.337202] input: Power Button as /devices/LNXSYSTM:00/LNXSYBUS:00/PNP0C0C:00/input/input0
[    0.337207] ACPI: Power Button [PWRB]
[    0.337275] input: Power Button as /devices/LNXSYSTM:00/LNXPWRBN:00/input/input1
[    0.337284] ACPI: Power Button [PWRF]
[    0.337365] ACPI: Fan [FAN0] (off)
[    0.337400] ACPI: Fan [FAN1] (off)
[    0.337431] ACPI: Fan [FAN2] (off)
[    0.337462] ACPI: Fan [FAN3] (off)
[    0.337494] ACPI: Fan [FAN4] (off)
[    0.345672] thermal LNXTHERM:00: registered as thermal_zone0
[    0.345674] ACPI: Thermal Zone [TZ00] (28 C)
[    0.345918] thermal LNXTHERM:01: registered as thermal_zone1
[    0.345920] ACPI: Thermal Zone [TZ01] (30 C)
[    0.345966] GHES: HEST is not enabled!
[    0.346028] Serial: 8250/16550 driver, 32 ports, IRQ sharing enabled
[    0.347809] Linux agpgart interface v0.103
[    0.349540] brd: module loaded
[    0.350308] loop: module loaded
[    0.350818] libphy: Fixed MDIO Bus: probed
[    0.350932] tun: Universal TUN/TAP device driver, 1.6
[    0.350933] tun: (C) 1999-2004 Max Krasnyansky <maxk@qualcomm.com>
[    0.350994] ehci_hcd: USB 2.0 'Enhanced' Host Controller (EHCI) Driver
[    0.350999] ehci-pci: EHCI PCI platform driver
[    0.351136] ehci-pci 0000:00:1a.0: EHCI Host Controller
[    0.351143] ehci-pci 0000:00:1a.0: new USB bus registered, assigned bus number 1
[    0.351159] ehci-pci 0000:00:1a.0: debug port 2
[    0.355075] ehci-pci 0000:00:1a.0: cache line size of 64 is not supported
[    0.355101] ehci-pci 0000:00:1a.0: irq 16, io mem 0xf7d08000
[    0.365284] ehci-pci 0000:00:1a.0: USB 2.0 started, EHCI 1.00
[    0.365337] usb usb1: New USB device found, idVendor=1d6b, idProduct=0002
[    0.365340] usb usb1: New USB device strings: Mfr=3, Product=2, SerialNumber=1
[    0.365342] usb usb1: Product: EHCI Host Controller
[    0.365344] usb usb1: Manufacturer: Linux 3.16.2minimal ehci_hcd
[    0.365346] usb usb1: SerialNumber: 0000:00:1a.0
[    0.365480] hub 1-0:1.0: USB hub found
[    0.365488] hub 1-0:1.0: 2 ports detected
[    0.365740] ehci-pci 0000:00:1d.0: EHCI Host Controller
[    0.365746] ehci-pci 0000:00:1d.0: new USB bus registered, assigned bus number 2
[    0.365760] ehci-pci 0000:00:1d.0: debug port 2
[    0.369671] ehci-pci 0000:00:1d.0: cache line size of 64 is not supported
[    0.369696] ehci-pci 0000:00:1d.0: irq 23, io mem 0xf7d07000
[    0.381293] ehci-pci 0000:00:1d.0: USB 2.0 started, EHCI 1.00
[    0.381338] usb usb2: New USB device found, idVendor=1d6b, idProduct=0002
[    0.381341] usb usb2: New USB device strings: Mfr=3, Product=2, SerialNumber=1
[    0.381343] usb usb2: Product: EHCI Host Controller
[    0.381345] usb usb2: Manufacturer: Linux 3.16.2minimal ehci_hcd
[    0.381347] usb usb2: SerialNumber: 0000:00:1d.0
[    0.381505] hub 2-0:1.0: USB hub found
[    0.381512] hub 2-0:1.0: 2 ports detected
[    0.381648] ehci-platform: EHCI generic platform driver
[    0.381662] ohci_hcd: USB 1.1 'Open' Host Controller (OHCI) Driver
[    0.381667] ohci-pci: OHCI PCI platform driver
[    0.381680] ohci-platform: OHCI generic platform driver
[    0.381691] uhci_hcd: USB Universal Host Controller Interface driver
[    0.381755] i8042: PNP: No PS/2 controller found. Probing ports directly.
[    1.109812] usb 1-1: new high-speed USB device number 2 using ehci-pci
[    1.421878] i8042: No controller found
[    1.421914] tsc: Refined TSC clocksource calibration: 1797.672 MHz
[    1.422091] mousedev: PS/2 mouse device common for all mice
[    1.422368] rtc_cmos 00:02: RTC can wake from S4
[    1.422560] rtc_cmos 00:02: rtc core: registered rtc_cmos as rtc0
[    1.422592] rtc_cmos 00:02: alarms up to one month, y3k, 242 bytes nvram, hpet irqs
[    1.422679] device-mapper: uevent: version 1.0.3
[    1.422775] device-mapper: ioctl: 4.27.0-ioctl (2013-10-30) initialised: dm-devel@redhat.com
[    1.422793] Intel P-state driver initializing.
[    1.422806] Intel pstate controlling: cpu 0
[    1.422855] Intel pstate controlling: cpu 1
[    1.422916] Intel pstate controlling: cpu 2
[    1.422957] Intel pstate controlling: cpu 3
[    1.423014] EFI Variables Facility v0.08 2004-May-17
[    1.429022] TCP: cubic registered
[    1.429362] NET: Registered protocol family 10
[    1.429817] NET: Registered protocol family 17
[    1.429842] Key type dns_resolver registered
[    1.430349] Loading compiled-in X.509 certificates
[    1.431467] Loaded X.509 cert 'Magrathea: Glacier signing key: 63408e9df70df1ee1e6a537b998b6b717d5230d9'
[    1.431484] registered taskstats version 1
[    1.433722] Key type trusted registered
[    1.435720] Key type encrypted registered
[    1.437604] ima: No TPM chip found, activating TPM-bypass!
[    1.437634] evm: HMAC attrs: 0x1
[    1.438352] rtc_cmos 00:02: setting system clock to 2014-09-09 13:07:47 UTC (1410268067)
[    1.438356] usb 1-1: New USB device found, idVendor=8087, idProduct=0024
[    1.438359] usb 1-1: New USB device strings: Mfr=0, Product=0, SerialNumber=0
[    1.438647] hub 1-1:1.0: USB hub found
[    1.438727] hub 1-1:1.0: 6 ports detected
[    1.439838] Freeing unused kernel memory: 1156K (ffffffff81d03000 - ffffffff81e24000)
[    1.439841] Write protecting the kernel read-only data: 12288k
[    1.444638] Freeing unused kernel memory: 1736K (ffff88000164e000 - ffff880001800000)
[    1.447410] Freeing unused kernel memory: 1016K (ffff880001b02000 - ffff880001c00000)
[    1.460433] systemd-udevd[114]: starting version 204
[    1.487777] pps_core: module verification failed: signature and/or  required key missing - tainting kernel
[    1.488057] pps_core: LinuxPPS API ver. 1 registered
[    1.488060] pps_core: Software ver. 5.3.6 - Copyright 2005-2007 Rodolfo Giometti <giometti@linux.it>
[    1.488443] PTP clock support registered
[    1.489390] tg3.c:v3.137 (May 11, 2014)
[    1.489411] tg3 0000:08:00.0: enabling device (0000 -> 0002)
[    1.490725] ahci 0000:00:1f.2: version 3.0
[    1.490881] ahci 0000:00:1f.2: irq 48 for MSI/MSI-X
[    1.490929] ahci 0000:00:1f.2: AHCI 0001.0300 32 slots 6 ports 6 Gbps 0x1 impl SATA mode
[    1.490932] ahci 0000:00:1f.2: flags: 64bit ncq pm led clo pio slum part ems apst 
[    1.491625] scsi0 : ahci
[    1.491763] scsi1 : ahci
[    1.491876] scsi2 : ahci
[    1.492002] scsi3 : ahci
[    1.492119] scsi4 : ahci
[    1.492236] scsi5 : ahci
[    1.492291] ata1: SATA max UDMA/133 abar m2048@0xf7d06000 port 0xf7d06100 irq 48
[    1.492293] ata2: DUMMY
[    1.492294] ata3: DUMMY
[    1.492295] ata4: DUMMY
[    1.492296] ata5: DUMMY
[    1.492297] ata6: DUMMY
[    1.529786] tg3 0000:08:00.0 eth0: Tigon3 [partno(BCM957762) rev 57766000] (PCI Express) MAC address 40:6c:8f:39:1b:19
[    1.529791] tg3 0000:08:00.0 eth0: attached PHY is 57765 (10/100/1000Base-T Ethernet) (WireSpeed[1], EEE[1])
[    1.529794] tg3 0000:08:00.0 eth0: RXcsums[1] LinkChgREG[0] MIirq[0] ASF[0] TSOcap[1]
[    1.529796] tg3 0000:08:00.0 eth0: dma_rwctrl[00000001] dma_mask[64-bit]
[    1.550160] usb 2-1: new high-speed USB device number 2 using ehci-pci
[    1.558310] systemd-udevd[118]: renamed network interface eth0 to p9p1
[    1.682982] usb 2-1: New USB device found, idVendor=8087, idProduct=0024
[    1.682987] usb 2-1: New USB device strings: Mfr=0, Product=0, SerialNumber=0
[    1.683368] hub 2-1:1.0: USB hub found
[    1.683591] hub 2-1:1.0: 8 ports detected
[    1.810322] ata1: SATA link up 6.0 Gbps (SStatus 133 SControl 300)
[    1.823193] ata1.00: ACPI cmd ef/10:06:00:00:00:00 (SET FEATURES) succeeded
[    1.823199] ata1.00: ACPI cmd f5/00:00:00:00:00:00 (SECURITY FREEZE LOCK) filtered out
[    1.823202] ata1.00: ACPI cmd b1/c1:00:00:00:00:00 (DEVICE CONFIGURATION OVERLAY) filtered out
[    1.835060] ata1.00: ATA-9: INTEL SSDMCEAW120A4, DC33, max UDMA/133
[    1.835065] ata1.00: 234441648 sectors, multi 16: LBA48 NCQ (depth 31/32), AA
[    1.853207] ata1.00: ACPI cmd ef/10:06:00:00:00:00 (SET FEATURES) succeeded
[    1.853213] ata1.00: ACPI cmd f5/00:00:00:00:00:00 (SECURITY FREEZE LOCK) filtered out
[    1.853216] ata1.00: ACPI cmd b1/c1:00:00:00:00:00 (DEVICE CONFIGURATION OVERLAY) filtered out
[    1.871418] ata1.00: configured for UDMA/133
[    1.871674] scsi 0:0:0:0: Direct-Access     ATA      INTEL SSDMCEAW12 DC33 PQ: 0 ANSI: 5
[    1.872150] sd 0:0:0:0: Attached scsi generic sg0 type 0
[    1.872157] sd 0:0:0:0: [sda] 234441648 512-byte logical blocks: (120 GB/111 GiB)
[    1.872387] sd 0:0:0:0: [sda] Write Protect is off
[    1.872392] sd 0:0:0:0: [sda] Mode Sense: 00 3a 00 00
[    1.872513] sd 0:0:0:0: [sda] Write cache: enabled, read cache: enabled, doesn't support DPO or FUA
[    1.873637]  sda: sda1 sda2 sda3
[    1.874104] sd 0:0:0:0: [sda] Attached SCSI disk
[    1.908159] EXT4-fs (sda2): mounted filesystem with ordered data mode. Opts: (null)
[    1.954474] usb 2-1.1: new low-speed USB device number 3 using ehci-pci
[    1.964919] random: init urandom read with 23 bits of entropy available
[    1.989612] init: plymouth-upstart-bridge main process (185) terminated with status 1
[    1.989626] init: plymouth-upstart-bridge main process ended, respawning
[    1.996330] init: plymouth-upstart-bridge main process (195) terminated with status 1
[    1.996346] init: plymouth-upstart-bridge main process ended, respawning
[    2.002221] init: plymouth-upstart-bridge main process (198) terminated with status 1
[    2.002242] init: plymouth-upstart-bridge main process ended, respawning
[    2.055638] usb 2-1.1: New USB device found, idVendor=04ca, idProduct=0027
[    2.055643] usb 2-1.1: New USB device strings: Mfr=1, Product=2, SerialNumber=0
[    2.055647] usb 2-1.1: Product: USB Multimedia Keyboard
[    2.055649] usb 2-1.1: Manufacturer: Lite-On Technology Corp.
[    2.104656] Adding 7826428k swap on /dev/sda3.  Priority:-1 extents:1 across:7826428k SSFS
[    2.126558] usb 2-1.2: new low-speed USB device number 4 using ehci-pci
[    2.185940] systemd-udevd[322]: starting version 204
[    2.222140] usb 2-1.2: New USB device found, idVendor=0461, idProduct=4d15
[    2.222146] usb 2-1.2: New USB device strings: Mfr=0, Product=2, SerialNumber=0
[    2.222150] usb 2-1.2: Product: USB Optical Mouse
[    2.282842] lp: driver loaded but no devices found
[    2.293897] ppdev: user-space parallel port driver
[    2.294676] usb 2-1.4: new full-speed USB device number 5 using ehci-pci
[    2.318519] mei_me 0000:00:16.0: irq 49 for MSI/MSI-X
[    2.324674] [drm] Initialized drm 1.1.0 20060810
[    2.329350] cfg80211: Calling CRDA to update world regulatory domain
[    2.331718] ACPI Warning: SystemIO range 0x0000000000000428-0x000000000000042f conflicts with OpRegion 0x0000000000000400-0x000000000000047f (\PMIO) (20140424/utaddress-258)
[    2.331726] ACPI: If an ACPI driver is available for this device, you should use it instead of the native driver
[    2.331732] ACPI Warning: SystemIO range 0x0000000000000540-0x000000000000054f conflicts with OpRegion 0x0000000000000500-0x0000000000000563 (\GPIO) (20140424/utaddress-258)
[    2.331736] ACPI: If an ACPI driver is available for this device, you should use it instead of the native driver
[    2.331738] ACPI Warning: SystemIO range 0x0000000000000530-0x000000000000053f conflicts with OpRegion 0x0000000000000500-0x0000000000000563 (\GPIO) (20140424/utaddress-258)
[    2.331741] ACPI: If an ACPI driver is available for this device, you should use it instead of the native driver
[    2.331743] ACPI Warning: SystemIO range 0x0000000000000500-0x000000000000052f conflicts with OpRegion 0x0000000000000500-0x0000000000000563 (\GPIO) (20140424/utaddress-258)
[    2.331747] ACPI: If an ACPI driver is available for this device, you should use it instead of the native driver
[    2.331748] lpc_ich: Resource conflict(s) found affecting gpio_ich
[    2.341776] Intel(R) Wireless WiFi driver for Linux, in-tree:
[    2.341781] Copyright(c) 2003- 2014 Intel Corporation
[    2.341871] iwlwifi 0000:02:00.0: enabling device (0000 -> 0002)
[    2.342393] iwlwifi 0000:02:00.0: can't disable ASPM; OS doesn't have ASPM control
[    2.342480] iwlwifi 0000:02:00.0: irq 50 for MSI/MSI-X
[    2.378950] EXT4-fs (sda2): re-mounted. Opts: errors=remount-ro
[    2.391433] iwlwifi 0000:02:00.0: loaded firmware version 18.168.6.1 op_mode iwldvm
[    2.394739] usb 2-1.4: New USB device found, idVendor=8087, idProduct=07da
[    2.394744] usb 2-1.4: New USB device strings: Mfr=0, Product=0, SerialNumber=0
[    2.418892] Switched to clocksource tsc
[    2.421609] [drm] Memory usable by graphics device = 2048M
[    2.421614] [drm] Replacing VGA console driver
[    2.421620] checking generic (e0000000 300000) vs hw (e0000000 10000000)
[    2.421623] fb: switching to inteldrmfb from EFI VGA
[    2.421656] Console: switching to colour dummy device 80x25
[    2.431300] intel_rapl: RAPL domain dram detection failed
[    2.434195] iwlwifi 0000:02:00.0: CONFIG_IWLWIFI_DEBUG disabled
[    2.434201] iwlwifi 0000:02:00.0: CONFIG_IWLWIFI_DEBUGFS enabled
[    2.434205] iwlwifi 0000:02:00.0: CONFIG_IWLWIFI_DEVICE_TRACING enabled
[    2.434208] iwlwifi 0000:02:00.0: Detected Intel(R) Centrino(R) Advanced-N 6235 AGN, REV=0xB0
[    2.434268] iwlwifi 0000:02:00.0: L1 Disabled; Enabling L0S
[    2.452333] i915 0000:00:02.0: irq 51 for MSI/MSI-X
[    2.452350] [drm] Supports vblank timestamp caching Rev 2 (21.10.2013).
[    2.452352] [drm] Driver supports precise vblank timestamp query.
[    2.452500] vgaarb: device changed decodes: PCI:0000:00:02.0,olddecodes=io+mem,decodes=io+mem:owns=io+mem
[    2.466780] usb 2-1.7: new high-speed USB device number 6 using ehci-pci
[    2.488607] ieee80211 phy0: Selected rate control algorithm 'iwl-agn-rs'
[    2.546838] [drm] GMBUS [i915 gmbus vga] timed out, falling back to bit banging on pin 2
[    2.585111] usb 2-1.7: New USB device found, idVendor=05ac, idProduct=1402
[    2.585117] usb 2-1.7: New USB device strings: Mfr=1, Product=2, SerialNumber=3
[    2.585121] usb 2-1.7: Product: Apple USB Ethernet Adapter
[    2.585124] usb 2-1.7: Manufacturer: Apple Inc.      
[    2.585127] usb 2-1.7: SerialNumber: 1EAC0F
[    2.590126] cfg80211: World regulatory domain updated:
[    2.590131] cfg80211:  DFS Master region: unset
[    2.590133] cfg80211:   (start_freq - end_freq @ bandwidth), (max_antenna_gain, max_eirp), (dfs_cac_time)
[    2.590138] cfg80211:   (2402000 KHz - 2472000 KHz @ 40000 KHz), (300 mBi, 2000 mBm), (N/A)
[    2.590141] cfg80211:   (2457000 KHz - 2482000 KHz @ 40000 KHz), (300 mBi, 2000 mBm), (N/A)
[    2.590144] cfg80211:   (2474000 KHz - 2494000 KHz @ 20000 KHz), (300 mBi, 2000 mBm), (N/A)
[    2.590147] cfg80211:   (5170000 KHz - 5250000 KHz @ 40000 KHz), (300 mBi, 2000 mBm), (N/A)
[    2.590151] cfg80211:   (5735000 KHz - 5835000 KHz @ 40000 KHz), (300 mBi, 2000 mBm), (N/A)
[    2.616764] Bluetooth: Core ver 2.19
[    2.616809] NET: Registered protocol family 31
[    2.616811] Bluetooth: HCI device and connection manager initialized
[    2.616820] Bluetooth: HCI socket layer initialized
[    2.616823] Bluetooth: L2CAP socket layer initialized
[    2.616832] Bluetooth: SCO socket layer initialized
[    2.622680] fbcon: inteldrmfb (fb0) is primary device
[    2.630957] hidraw: raw HID events driver (C) Jiri Kosina
[    2.632481] usbcore: registered new interface driver btusb
[    2.642825] input: Lite-On Technology Corp. USB Multimedia Keyboard as /devices/pci0000:00/0000:00:1d.0/usb2/2-1/2-1.1/2-1.1:1.0/0003:04CA:0027.0001/input/input2
[    2.642970] hid-generic 0003:04CA:0027.0001: input,hidraw0: USB HID v1.10 Keyboard [Lite-On Technology Corp. USB Multimedia Keyboard] on usb-0000:00:1d.0-1.1/input0
[    2.643663] input: USB Optical Mouse as /devices/pci0000:00/0000:00:1d.0/usb2/2-1/2-1.2/2-1.2:1.0/0003:0461:4D15.0003/input/input3
[    2.643951] hid-generic 0003:0461:4D15.0003: input,hidraw1: USB HID v1.11 Mouse [USB Optical Mouse] on usb-0000:00:1d.0-1.2/input0
[    2.644013] usbcore: registered new interface driver usbhid
[    2.644014] usbhid: USB HID core driver
[    2.644957] input: Lite-On Technology Corp. USB Multimedia Keyboard as /devices/pci0000:00/0000:00:1d.0/usb2/2-1/2-1.1/2-1.1:1.1/0003:04CA:0027.0002/input/input4
[    2.645179] hid-generic 0003:04CA:0027.0002: input,hiddev0,hidraw2: USB HID v1.10 Device [Lite-On Technology Corp. USB Multimedia Keyboard] on usb-0000:00:1d.0-1.1/input1
[    2.654014] Console: switching to colour frame buffer device 240x67
[    2.654023] [drm:cpt_set_fifo_underrun_reporting] *ERROR* uncleared pch fifo underrun on pch transcoder A
[    2.654025] [drm:cpt_serr_int_handler] *ERROR* PCH transcoder A FIFO underrun
[    2.665175] i915 0000:00:02.0: fb0: inteldrmfb frame buffer device
[    2.665177] i915 0000:00:02.0: registered panic notifier
[    2.728068] ACPI: Video Device [GFX0] (multi-head: yes  rom: no  post: no)
[    2.728346] input: Video Bus as /devices/LNXSYSTM:00/LNXSYBUS:00/PNP0A08:00/LNXVIDEO:00/input/input5
[    2.728603] [drm] Initialized i915 1.6.0 20080730 for 0000:00:02.0 on minor 0
[    2.728657] snd_hda_intel 0000:00:1b.0: enabling device (0000 -> 0002)
[    2.728835] snd_hda_intel 0000:00:1b.0: irq 52 for MSI/MSI-X
[    2.739027] input: HDA Intel PCH HDMI/DP,pcm=3 as /devices/pci0000:00/0000:00:1b.0/sound/card0/input6
[    2.739138] input: HDA Intel PCH HDMI/DP,pcm=7 as /devices/pci0000:00/0000:00:1b.0/sound/card0/input7
[    2.773165] Bluetooth: BNEP (Ethernet Emulation) ver 1.3
[    2.773169] Bluetooth: BNEP filters: protocol multicast
[    2.773179] Bluetooth: BNEP socket layer initialized
[    2.786042] Bluetooth: RFCOMM TTY layer initialized
[    2.786054] Bluetooth: RFCOMM socket layer initialized
[    2.786061] Bluetooth: RFCOMM ver 1.11
[    2.812669] init: udev-fallback-graphics main process (641) terminated with status 1
[    2.920451] init: failsafe main process (572) killed by TERM signal
[    3.343181] iwlwifi 0000:02:00.0: L1 Disabled; Enabling L0S
[    3.350098] iwlwifi 0000:02:00.0: Radio type=0x2-0x1-0x0
[    3.459441] random: nonblocking pool is initialized
[    3.625427] iwlwifi 0000:02:00.0: L1 Disabled; Enabling L0S
[    3.632522] iwlwifi 0000:02:00.0: Radio type=0x2-0x1-0x0
[    3.724878] IPv6: ADDRCONF(NETDEV_UP): wlan0: link is not ready
[    3.733533] tg3 0000:08:00.0: irq 53 for MSI/MSI-X
[    3.733542] tg3 0000:08:00.0: irq 54 for MSI/MSI-X
[    3.733549] tg3 0000:08:00.0: irq 55 for MSI/MSI-X
[    3.733554] tg3 0000:08:00.0: irq 56 for MSI/MSI-X
[    3.733560] tg3 0000:08:00.0: irq 57 for MSI/MSI-X
[    3.907959] [drm] Enabling RC6 states: RC6 on, RC6p on, RC6pp off
[    3.908094] IPv6: ADDRCONF(NETDEV_UP): p9p1: link is not ready
[    4.247052] init: plymouth-upstart-bridge main process ended, respawning
[   10.042032] wlan0: authenticate with 00:0b:86:75:76:79
[   10.055401] wlan0: send auth to 00:0b:86:75:76:79 (try 1/3)
[   10.120883] wlan0: authenticated
[   10.121121] iwlwifi 0000:02:00.0 wlan0: disabling HT/VHT due to WEP/TKIP use
[   10.121126] iwlwifi 0000:02:00.0 wlan0: disabling HT as WMM/QoS is not supported by the AP
[   10.121129] iwlwifi 0000:02:00.0 wlan0: disabling VHT as WMM/QoS is not supported by the AP
[   10.123838] wlan0: associate with 00:0b:86:75:76:79 (try 1/3)
[   10.125181] wlan0: RX AssocResp from 00:0b:86:75:76:79 (capab=0x511 status=0 aid=3)
[   10.127220] wlan0: associated
[   10.127267] IPv6: ADDRCONF(NETDEV_CHANGE): wlan0: link becomes ready
[   10.127332] cfg80211: Calling CRDA for country: NO
[   10.132684] wlan0: deauthenticating from 00:0b:86:75:76:79 by local choice (Reason: 2=PREV_AUTH_NOT_VALID)
[   10.146227] wlan0: authenticate with 00:0b:86:75:76:79
[   10.148447] wlan0: send auth to 00:0b:86:75:76:79 (try 1/3)
[   10.149247] wlan0: authenticated
[   10.149266] cfg80211: Calling CRDA to update world regulatory domain
[   10.150317] iwlwifi 0000:02:00.0 wlan0: disabling HT/VHT due to WEP/TKIP use
[   10.150323] iwlwifi 0000:02:00.0 wlan0: disabling HT as WMM/QoS is not supported by the AP
[   10.150326] iwlwifi 0000:02:00.0 wlan0: disabling VHT as WMM/QoS is not supported by the AP
[   10.151716] wlan0: associate with 00:0b:86:75:76:79 (try 1/3)
[   10.153058] wlan0: RX AssocResp from 00:0b:86:75:76:79 (capab=0x511 status=0 aid=3)
[   10.153373] cfg80211: World regulatory domain updated:
[   10.153377] cfg80211:  DFS Master region: unset
[   10.153379] cfg80211:   (start_freq - end_freq @ bandwidth), (max_antenna_gain, max_eirp), (dfs_cac_time)
[   10.153383] cfg80211:   (2402000 KHz - 2472000 KHz @ 40000 KHz), (300 mBi, 2000 mBm), (N/A)
[   10.153387] cfg80211:   (2457000 KHz - 2482000 KHz @ 40000 KHz), (300 mBi, 2000 mBm), (N/A)
[   10.153390] cfg80211:   (2474000 KHz - 2494000 KHz @ 20000 KHz), (300 mBi, 2000 mBm), (N/A)
[   10.153393] cfg80211:   (5170000 KHz - 5250000 KHz @ 40000 KHz), (300 mBi, 2000 mBm), (N/A)
[   10.153396] cfg80211:   (5735000 KHz - 5835000 KHz @ 40000 KHz), (300 mBi, 2000 mBm), (N/A)
[   10.154888] wlan0: associated
[   10.154943] cfg80211: Calling CRDA for country: NO
[   10.158779] cfg80211: Regulatory domain changed to country: NO
[   10.158784] cfg80211:  DFS Master region: unset
[   10.158787] cfg80211:   (start_freq - end_freq @ bandwidth), (max_antenna_gain, max_eirp), (dfs_cac_time)
[   10.158791] cfg80211:   (2402000 KHz - 2482000 KHz @ 40000 KHz), (N/A, 2000 mBm), (N/A)
[   10.158794] cfg80211:   (5170000 KHz - 5250000 KHz @ 40000 KHz), (N/A, 2000 mBm), (N/A)
[   10.158797] cfg80211:   (5250000 KHz - 5330000 KHz @ 40000 KHz), (N/A, 2000 mBm), (0 s)
[   10.158800] cfg80211:   (5490000 KHz - 5710000 KHz @ 40000 KHz), (N/A, 2700 mBm), (0 s)
[   10.158803] cfg80211:   (57240000 KHz - 65880000 KHz @ 2160000 KHz), (N/A, 4000 mBm), (N/A)
[   10.221380] wlan0: Limiting TX power to 23 (23 - 0) dBm as advertised by 00:0b:86:75:76:79
[   20.168047] wlan0: deauthenticating from 00:0b:86:75:76:79 by local choice (Reason: 3=DEAUTH_LEAVING)
[   20.176412] cfg80211: Calling CRDA to update world regulatory domain
[   20.179099] cfg80211: World regulatory domain updated:
[   20.179104] cfg80211:  DFS Master region: unset
[   20.179106] cfg80211:   (start_freq - end_freq @ bandwidth), (max_antenna_gain, max_eirp), (dfs_cac_time)
[   20.179109] cfg80211:   (2402000 KHz - 2472000 KHz @ 40000 KHz), (300 mBi, 2000 mBm), (N/A)
[   20.179111] cfg80211:   (2457000 KHz - 2482000 KHz @ 40000 KHz), (300 mBi, 2000 mBm), (N/A)
[   20.179113] cfg80211:   (2474000 KHz - 2494000 KHz @ 20000 KHz), (300 mBi, 2000 mBm), (N/A)
[   20.179115] cfg80211:   (5170000 KHz - 5250000 KHz @ 40000 KHz), (300 mBi, 2000 mBm), (N/A)
[   20.179116] cfg80211:   (5735000 KHz - 5835000 KHz @ 40000 KHz), (300 mBi, 2000 mBm), (N/A)
[   32.038485] wlan0: authenticate with 00:0b:86:75:76:79
[   32.040711] wlan0: send auth to 00:0b:86:75:76:79 (try 1/3)
[   32.049276] wlan0: send auth to 00:0b:86:75:76:79 (try 2/3)
[   32.060896] wlan0: send auth to 00:0b:86:75:76:79 (try 3/3)
[   32.066871] wlan0: authenticated
[   32.067067] iwlwifi 0000:02:00.0 wlan0: disabling HT/VHT due to WEP/TKIP use
[   32.067072] iwlwifi 0000:02:00.0 wlan0: disabling HT as WMM/QoS is not supported by the AP
[   32.067075] iwlwifi 0000:02:00.0 wlan0: disabling VHT as WMM/QoS is not supported by the AP
[   32.070114] wlan0: associate with 00:0b:86:75:76:79 (try 1/3)
[   32.072118] wlan0: RX AssocResp from 00:0b:86:75:76:79 (capab=0x511 status=0 aid=16)
[   32.074201] wlan0: associated
[   32.074272] cfg80211: Calling CRDA for country: NO
[   32.076959] cfg80211: Regulatory domain changed to country: NO
[   32.076964] cfg80211:  DFS Master region: unset
[   32.076965] cfg80211:   (start_freq - end_freq @ bandwidth), (max_antenna_gain, max_eirp), (dfs_cac_time)
[   32.076968] cfg80211:   (2402000 KHz - 2482000 KHz @ 40000 KHz), (N/A, 2000 mBm), (N/A)
[   32.076970] cfg80211:   (5170000 KHz - 5250000 KHz @ 40000 KHz), (N/A, 2000 mBm), (N/A)
[   32.076972] cfg80211:   (5250000 KHz - 5330000 KHz @ 40000 KHz), (N/A, 2000 mBm), (0 s)
[   32.076974] cfg80211:   (5490000 KHz - 5710000 KHz @ 40000 KHz), (N/A, 2700 mBm), (0 s)
[   32.076976] cfg80211:   (57240000 KHz - 65880000 KHz @ 2160000 KHz), (N/A, 4000 mBm), (N/A)
[   32.150111] wlan0: Limiting TX power to 23 (23 - 0) dBm as advertised by 00:0b:86:75:76:79
