[    0.000000] Initializing cgroup subsys cpuset
[    0.000000] Initializing cgroup subsys cpu
[    0.000000] Initializing cgroup subsys cpuacct
[    0.000000] Linux version 3.13.0-35-generic (buildd@panlong) (gcc version 4.8.2 (Ubuntu 4.8.2-19ubuntu1) ) #62-Ubuntu SMP Fri Aug 15 01:58:42 UTC 2014 (Ubuntu 3.13.0-35.62-generic 3.13.11.6)
[    0.000000] Command line: BOOT_IMAGE=/boot/vmlinuz-3.13.0-35-generic.efi.signed root=UUID=f54f0253-3e5a-4046-afe7-62f154b956d9 ro splash quiet vt.handoff=7
[    0.000000] KERNEL supported cpus:
[    0.000000]   Intel GenuineIntel
[    0.000000]   AMD AuthenticAMD
[    0.000000]   Centaur CentaurHauls
[    0.000000] e820: BIOS-provided physical RAM map:
[    0.000000] BIOS-e820: [mem 0x0000000000000000-0x000000000009efff] usable
[    0.000000] BIOS-e820: [mem 0x000000000009f000-0x000000000009ffff] reserved
[    0.000000] BIOS-e820: [mem 0x0000000000100000-0x000000001fffffff] usable
[    0.000000] BIOS-e820: [mem 0x0000000020000000-0x00000000201fffff] reserved
[    0.000000] BIOS-e820: [mem 0x0000000020200000-0x0000000040003fff] usable
[    0.000000] BIOS-e820: [mem 0x0000000040004000-0x0000000040004fff] reserved
[    0.000000] BIOS-e820: [mem 0x0000000040005000-0x000000007dfddfff] usable
[    0.000000] BIOS-e820: [mem 0x000000007dfde000-0x000000007e302fff] reserved
[    0.000000] BIOS-e820: [mem 0x000000007e303000-0x000000007e312fff] ACPI data
[    0.000000] BIOS-e820: [mem 0x000000007e313000-0x000000007e428fff] ACPI NVS
[    0.000000] BIOS-e820: [mem 0x000000007e429000-0x000000007e60afff] reserved
[    0.000000] BIOS-e820: [mem 0x000000007e60b000-0x000000007e69bfff] type 20
[    0.000000] BIOS-e820: [mem 0x000000007e69c000-0x000000007e69cfff] usable
[    0.000000] BIOS-e820: [mem 0x000000007e69d000-0x000000007e6dffff] ACPI NVS
[    0.000000] BIOS-e820: [mem 0x000000007e6e0000-0x000000007effffff] usable
[    0.000000] BIOS-e820: [mem 0x000000007f800000-0x000000009f9fffff] reserved
[    0.000000] BIOS-e820: [mem 0x00000000f8000000-0x00000000fbffffff] reserved
[    0.000000] BIOS-e820: [mem 0x00000000fec00000-0x00000000fec00fff] reserved
[    0.000000] BIOS-e820: [mem 0x00000000fed00000-0x00000000fed03fff] reserved
[    0.000000] BIOS-e820: [mem 0x00000000fed1c000-0x00000000fed1ffff] reserved
[    0.000000] BIOS-e820: [mem 0x00000000fee00000-0x00000000fee00fff] reserved
[    0.000000] BIOS-e820: [mem 0x00000000ff000000-0x00000000ffffffff] reserved
[    0.000000] BIOS-e820: [mem 0x0000000100000000-0x000000025f5fffff] usable
[    0.000000] NX (Execute Disable) protection: active
[    0.000000] efi: EFI v2.31 by American Megatrends
[    0.000000] efi:  ACPI=0x7e308000  ACPI 2.0=0x7e308000  SMBIOS=0xf04c0  MPS=0xfd440 
[    0.000000] efi: mem00: type=3, attr=0xf, range=[0x0000000000000000-0x0000000000008000) (0MB)
[    0.000000] efi: mem01: type=7, attr=0xf, range=[0x0000000000008000-0x000000000005e000) (0MB)
[    0.000000] efi: mem02: type=4, attr=0xf, range=[0x000000000005e000-0x0000000000060000) (0MB)
[    0.000000] efi: mem03: type=3, attr=0xf, range=[0x0000000000060000-0x000000000009f000) (0MB)
[    0.000000] efi: mem04: type=6, attr=0x800000000000000f, range=[0x000000000009f000-0x00000000000a0000) (0MB)
[    0.000000] efi: mem05: type=7, attr=0xf, range=[0x0000000000100000-0x0000000001000000) (15MB)
[    0.000000] efi: mem06: type=2, attr=0xf, range=[0x0000000001000000-0x0000000002501000) (21MB)
[    0.000000] efi: mem07: type=7, attr=0xf, range=[0x0000000002501000-0x0000000020000000) (474MB)
[    0.000000] efi: mem08: type=0, attr=0xf, range=[0x0000000020000000-0x0000000020200000) (2MB)
[    0.000000] efi: mem09: type=7, attr=0xf, range=[0x0000000020200000-0x0000000035b1e000) (345MB)
[    0.000000] efi: mem10: type=2, attr=0xf, range=[0x0000000035b1e000-0x0000000036d87000) (18MB)
[    0.000000] efi: mem11: type=7, attr=0xf, range=[0x0000000036d87000-0x0000000040004000) (146MB)
[    0.000000] efi: mem12: type=0, attr=0xf, range=[0x0000000040004000-0x0000000040005000) (0MB)
[    0.000000] efi: mem13: type=7, attr=0xf, range=[0x0000000040005000-0x000000005202c000) (288MB)
[    0.000000] efi: mem14: type=2, attr=0xf, range=[0x000000005202c000-0x000000006e7a6000) (455MB)
[    0.000000] efi: mem15: type=7, attr=0xf, range=[0x000000006e7a6000-0x000000006e7ac000) (0MB)
[    0.000000] efi: mem16: type=2, attr=0xf, range=[0x000000006e7ac000-0x000000006e982000) (1MB)
[    0.000000] efi: mem17: type=1, attr=0xf, range=[0x000000006e982000-0x000000006eba0000) (2MB)
[    0.000000] efi: mem18: type=7, attr=0xf, range=[0x000000006eba0000-0x0000000071f72000) (51MB)
[    0.000000] efi: mem19: type=4, attr=0xf, range=[0x0000000071f72000-0x0000000071f87000) (0MB)
[    0.000000] efi: mem20: type=7, attr=0xf, range=[0x0000000071f87000-0x0000000072061000) (0MB)
[    0.000000] efi: mem21: type=4, attr=0xf, range=[0x0000000072061000-0x0000000072067000) (0MB)
[    0.000000] efi: mem22: type=7, attr=0xf, range=[0x0000000072067000-0x000000007206c000) (0MB)
[    0.000000] efi: mem23: type=4, attr=0xf, range=[0x000000007206c000-0x000000007206d000) (0MB)
[    0.000000] efi: mem24: type=7, attr=0xf, range=[0x000000007206d000-0x000000007206f000) (0MB)
[    0.000000] efi: mem25: type=4, attr=0xf, range=[0x000000007206f000-0x0000000072071000) (0MB)
[    0.000000] efi: mem26: type=7, attr=0xf, range=[0x0000000072071000-0x0000000072080000) (0MB)
[    0.000000] efi: mem27: type=4, attr=0xf, range=[0x0000000072080000-0x0000000072081000) (0MB)
[    0.000000] efi: mem28: type=7, attr=0xf, range=[0x0000000072081000-0x00000000720b5000) (0MB)
[    0.000000] efi: mem29: type=4, attr=0xf, range=[0x00000000720b5000-0x00000000721e4000) (1MB)
[    0.000000] efi: mem30: type=7, attr=0xf, range=[0x00000000721e4000-0x00000000721f8000) (0MB)
[    0.000000] efi: mem31: type=4, attr=0xf, range=[0x00000000721f8000-0x000000007224e000) (0MB)
[    0.000000] efi: mem32: type=7, attr=0xf, range=[0x000000007224e000-0x000000007225f000) (0MB)
[    0.000000] efi: mem33: type=4, attr=0xf, range=[0x000000007225f000-0x000000007253d000) (2MB)
[    0.000000] efi: mem34: type=7, attr=0xf, range=[0x000000007253d000-0x0000000072551000) (0MB)
[    0.000000] efi: mem35: type=4, attr=0xf, range=[0x0000000072551000-0x0000000072557000) (0MB)
[    0.000000] efi: mem36: type=7, attr=0xf, range=[0x0000000072557000-0x0000000072559000) (0MB)
[    0.000000] efi: mem37: type=4, attr=0xf, range=[0x0000000072559000-0x000000007255b000) (0MB)
[    0.000000] efi: mem38: type=7, attr=0xf, range=[0x000000007255b000-0x000000007255c000) (0MB)
[    0.000000] efi: mem39: type=4, attr=0xf, range=[0x000000007255c000-0x000000007255e000) (0MB)
[    0.000000] efi: mem40: type=7, attr=0xf, range=[0x000000007255e000-0x000000007255f000) (0MB)
[    0.000000] efi: mem41: type=4, attr=0xf, range=[0x000000007255f000-0x0000000072560000) (0MB)
[    0.000000] efi: mem42: type=7, attr=0xf, range=[0x0000000072560000-0x0000000072564000) (0MB)
[    0.000000] efi: mem43: type=4, attr=0xf, range=[0x0000000072564000-0x0000000072565000) (0MB)
[    0.000000] efi: mem44: type=7, attr=0xf, range=[0x0000000072565000-0x0000000072572000) (0MB)
[    0.000000] efi: mem45: type=4, attr=0xf, range=[0x0000000072572000-0x0000000072573000) (0MB)
[    0.000000] efi: mem46: type=7, attr=0xf, range=[0x0000000072573000-0x0000000072575000) (0MB)
[    0.000000] efi: mem47: type=4, attr=0xf, range=[0x0000000072575000-0x0000000072576000) (0MB)
[    0.000000] efi: mem48: type=7, attr=0xf, range=[0x0000000072576000-0x000000007257a000) (0MB)
[    0.000000] efi: mem49: type=4, attr=0xf, range=[0x000000007257a000-0x0000000072752000) (1MB)
[    0.000000] efi: mem50: type=7, attr=0xf, range=[0x0000000072752000-0x0000000072753000) (0MB)
[    0.000000] efi: mem51: type=4, attr=0xf, range=[0x0000000072753000-0x000000007275c000) (0MB)
[    0.000000] efi: mem52: type=7, attr=0xf, range=[0x000000007275c000-0x000000007275e000) (0MB)
[    0.000000] efi: mem53: type=4, attr=0xf, range=[0x000000007275e000-0x000000007276e000) (0MB)
[    0.000000] efi: mem54: type=7, attr=0xf, range=[0x000000007276e000-0x000000007276f000) (0MB)
[    0.000000] efi: mem55: type=4, attr=0xf, range=[0x000000007276f000-0x000000007c21c000) (154MB)
[    0.000000] efi: mem56: type=7, attr=0xf, range=[0x000000007c21c000-0x000000007c21f000) (0MB)
[    0.000000] efi: mem57: type=4, attr=0xf, range=[0x000000007c21f000-0x000000007d5ec000) (19MB)
[    0.000000] efi: mem58: type=7, attr=0xf, range=[0x000000007d5ec000-0x000000007dad2000) (4MB)
[    0.000000] efi: mem59: type=2, attr=0xf, range=[0x000000007dad2000-0x000000007dade000) (0MB)
[    0.000000] efi: mem60: type=3, attr=0xf, range=[0x000000007dade000-0x000000007dfde000) (5MB)
[    0.000000] efi: mem61: type=0, attr=0xf, range=[0x000000007dfde000-0x000000007e26a000) (2MB)
[    0.000000] efi: mem62: type=0, attr=0xf, range=[0x000000007e26a000-0x000000007e298000) (0MB)
[    0.000000] efi: mem63: type=0, attr=0xf, range=[0x000000007e298000-0x000000007e2a7000) (0MB)
[    0.000000] efi: mem64: type=0, attr=0xf, range=[0x000000007e2a7000-0x000000007e2a9000) (0MB)
[    0.000000] efi: mem65: type=0, attr=0xf, range=[0x000000007e2a9000-0x000000007e2b0000) (0MB)
[    0.000000] efi: mem66: type=0, attr=0xf, range=[0x000000007e2b0000-0x000000007e303000) (0MB)
[    0.000000] efi: mem67: type=9, attr=0xf, range=[0x000000007e303000-0x000000007e308000) (0MB)
[    0.000000] efi: mem68: type=9, attr=0xf, range=[0x000000007e308000-0x000000007e313000) (0MB)
[    0.000000] efi: mem69: type=10, attr=0xf, range=[0x000000007e313000-0x000000007e38d000) (0MB)
[    0.000000] efi: mem70: type=10, attr=0xf, range=[0x000000007e38d000-0x000000007e429000) (0MB)
[    0.000000] efi: mem71: type=6, attr=0x800000000000000f, range=[0x000000007e429000-0x000000007e488000) (0MB)
[    0.000000] efi: mem72: type=6, attr=0x800000000000000f, range=[0x000000007e488000-0x000000007e56b000) (0MB)
[    0.000000] efi: mem73: type=6, attr=0x800000000000000f, range=[0x000000007e56b000-0x000000007e56d000) (0MB)
[    0.000000] efi: mem74: type=6, attr=0x800000000000000f, range=[0x000000007e56d000-0x000000007e60b000) (0MB)
[    0.000000] efi: mem75: type=5, attr=0x800000000000000f, range=[0x000000007e60b000-0x000000007e628000) (0MB)
[    0.000000] efi: mem76: type=5, attr=0x800000000000000f, range=[0x000000007e628000-0x000000007e69c000) (0MB)
[    0.000000] efi: mem77: type=4, attr=0xf, range=[0x000000007e69c000-0x000000007e69d000) (0MB)
[    0.000000] efi: mem78: type=10, attr=0xf, range=[0x000000007e69d000-0x000000007e6e0000) (0MB)
[    0.000000] efi: mem79: type=4, attr=0xf, range=[0x000000007e6e0000-0x000000007ed2e000) (6MB)
[    0.000000] efi: mem80: type=3, attr=0xf, range=[0x000000007ed2e000-0x000000007efca000) (2MB)
[    0.000000] efi: mem81: type=4, attr=0xf, range=[0x000000007efca000-0x000000007efd9000) (0MB)
[    0.000000] efi: mem82: type=3, attr=0xf, range=[0x000000007efd9000-0x000000007efeb000) (0MB)
[    0.000000] efi: mem83: type=4, attr=0xf, range=[0x000000007efeb000-0x000000007f000000) (0MB)
[    0.000000] efi: mem84: type=7, attr=0xf, range=[0x0000000100000000-0x000000025f600000) (5622MB)
[    0.000000] efi: mem85: type=0, attr=0x8000000000000000, range=[0x000000007f800000-0x000000009fa00000) (514MB)
[    0.000000] efi: mem86: type=11, attr=0x8000000000000001, range=[0x00000000f8000000-0x00000000fc000000) (64MB)
[    0.000000] efi: mem87: type=11, attr=0x8000000000000001, range=[0x00000000fec00000-0x00000000fec01000) (0MB)
[    0.000000] efi: mem88: type=11, attr=0x8000000000000001, range=[0x00000000fed00000-0x00000000fed04000) (0MB)
[    0.000000] efi: mem89: type=11, attr=0x8000000000000001, range=[0x00000000fed1c000-0x00000000fed20000) (0MB)
[    0.000000] efi: mem90: type=11, attr=0x8000000000000001, range=[0x00000000fee00000-0x00000000fee01000) (0MB)
[    0.000000] efi: mem91: type=11, attr=0x8000000000000001, range=[0x00000000ff000000-0x0000000100000000) (16MB)
[    0.000000] SMBIOS 2.7 present.
[    0.000000] DMI:                  /D33217CK, BIOS GKPPT10H.86A.0032.2012.1127.1710 11/27/2012
[    0.000000] e820: update [mem 0x00000000-0x00000fff] usable ==> reserved
[    0.000000] e820: remove [mem 0x000a0000-0x000fffff] usable
[    0.000000] No AGP bridge found
[    0.000000] e820: last_pfn = 0x25f600 max_arch_pfn = 0x400000000
[    0.000000] MTRR default type: uncachable
[    0.000000] MTRR fixed ranges enabled:
[    0.000000]   00000-9FFFF write-back
[    0.000000]   A0000-BFFFF uncachable
[    0.000000]   C0000-CFFFF write-protect
[    0.000000]   D0000-DFFFF uncachable
[    0.000000]   E0000-FFFFF write-protect
[    0.000000] MTRR variable ranges enabled:
[    0.000000]   0 base 000000000 mask E00000000 write-back
[    0.000000]   1 base 200000000 mask FC0000000 write-back
[    0.000000]   2 base 240000000 mask FE0000000 write-back
[    0.000000]   3 base 080000000 mask F80000000 uncachable
[    0.000000]   4 base 07F800000 mask FFF800000 uncachable
[    0.000000]   5 base 25F800000 mask FFF800000 uncachable
[    0.000000]   6 base 25F600000 mask FFFE00000 uncachable
[    0.000000]   7 disabled
[    0.000000]   8 disabled
[    0.000000]   9 disabled
[    0.000000] x86 PAT enabled: cpu 0, old 0x7040600070406, new 0x7010600070106
[    0.000000] original variable MTRRs
[    0.000000] reg 0, base: 0GB, range: 8GB, type WB
[    0.000000] reg 1, base: 8GB, range: 1GB, type WB
[    0.000000] reg 2, base: 9GB, range: 512MB, type WB
[    0.000000] reg 3, base: 2GB, range: 2GB, type UC
[    0.000000] reg 4, base: 2040MB, range: 8MB, type UC
[    0.000000] reg 5, base: 9720MB, range: 8MB, type UC
[    0.000000] reg 6, base: 9718MB, range: 2MB, type UC
[    0.000000] total RAM covered: 7662M
[    0.000000] Found optimal setting for mtrr clean up
[    0.000000]  gran_size: 64K 	chunk_size: 16M 	num_reg: 7  	lose cover RAM: 0G
[    0.000000] New variable MTRRs
[    0.000000] reg 0, base: 0GB, range: 2GB, type WB
[    0.000000] reg 1, base: 2040MB, range: 8MB, type UC
[    0.000000] reg 2, base: 4GB, range: 4GB, type WB
[    0.000000] reg 3, base: 8GB, range: 1GB, type WB
[    0.000000] reg 4, base: 9GB, range: 512MB, type WB
[    0.000000] reg 5, base: 9718MB, range: 2MB, type UC
[    0.000000] reg 6, base: 9720MB, range: 8MB, type UC
[    0.000000] e820: update [mem 0x7f800000-0xffffffff] usable ==> reserved
[    0.000000] e820: last_pfn = 0x7f000 max_arch_pfn = 0x400000000
[    0.000000] found SMP MP-table at [mem 0x000fd770-0x000fd77f] mapped at [ffff8800000fd770]
[    0.000000] Scanning 1 areas for low memory corruption
[    0.000000] Base memory trampoline at [ffff880000097000] 97000 size 24576
[    0.000000] init_memory_mapping: [mem 0x00000000-0x000fffff]
[    0.000000]  [mem 0x00000000-0x000fffff] page 4k
[    0.000000] BRK [0x01fdf000, 0x01fdffff] PGTABLE
[    0.000000] BRK [0x01fe0000, 0x01fe0fff] PGTABLE
[    0.000000] BRK [0x01fe1000, 0x01fe1fff] PGTABLE
[    0.000000] init_memory_mapping: [mem 0x25f400000-0x25f5fffff]
[    0.000000]  [mem 0x25f400000-0x25f5fffff] page 2M
[    0.000000] BRK [0x01fe2000, 0x01fe2fff] PGTABLE
[    0.000000] init_memory_mapping: [mem 0x25c000000-0x25f3fffff]
[    0.000000]  [mem 0x25c000000-0x25f3fffff] page 2M
[    0.000000] init_memory_mapping: [mem 0x200000000-0x25bffffff]
[    0.000000]  [mem 0x200000000-0x25bffffff] page 2M
[    0.000000] BRK [0x01fe3000, 0x01fe3fff] PGTABLE
[    0.000000] init_memory_mapping: [mem 0x00100000-0x1fffffff]
[    0.000000]  [mem 0x00100000-0x001fffff] page 4k
[    0.000000]  [mem 0x00200000-0x1fffffff] page 2M
[    0.000000] init_memory_mapping: [mem 0x20200000-0x40003fff]
[    0.000000]  [mem 0x20200000-0x3fffffff] page 2M
[    0.000000]  [mem 0x40000000-0x40003fff] page 4k
[    0.000000] BRK [0x01fe4000, 0x01fe4fff] PGTABLE
[    0.000000] init_memory_mapping: [mem 0x40005000-0x7dfddfff]
[    0.000000]  [mem 0x40005000-0x401fffff] page 4k
[    0.000000]  [mem 0x40200000-0x7ddfffff] page 2M
[    0.000000]  [mem 0x7de00000-0x7dfddfff] page 4k
[    0.000000] init_memory_mapping: [mem 0x7e69c000-0x7e69cfff]
[    0.000000]  [mem 0x7e69c000-0x7e69cfff] page 4k
[    0.000000] init_memory_mapping: [mem 0x7e6e0000-0x7effffff]
[    0.000000]  [mem 0x7e6e0000-0x7e7fffff] page 4k
[    0.000000]  [mem 0x7e800000-0x7effffff] page 2M
[    0.000000] init_memory_mapping: [mem 0x100000000-0x1ffffffff]
[    0.000000]  [mem 0x100000000-0x1ffffffff] page 2M
[    0.000000] RAMDISK: [mem 0x35b1e000-0x36d86fff]
[    0.000000] ACPI: RSDP 000000007e308000 000024 (v02  INTEL)
[    0.000000] ACPI: XSDT 000000007e308078 00006C (v01 INTEL  DQS77CL  00000020 AMI  00010013)
[    0.000000] ACPI: FACP 000000007e3116a8 00010C (v05 INTEL  DQS77CL  00000020 AMI  00010013)
[    0.000000] ACPI: DSDT 000000007e308170 009532 (v02 INTEL  DQS77CL  00000020 INTL 20051117)
[    0.000000] ACPI: FACS 000000007e427080 000040
[    0.000000] ACPI: APIC 000000007e3117b8 000072 (v03 INTEL  DQS77CL  00000020 AMI  00010013)
[    0.000000] ACPI: FPDT 000000007e311830 000044 (v01 INTEL  DQS77CL  00000020 AMI  00010013)
[    0.000000] ACPI: MCFG 000000007e311878 00003C (v01 INTEL  DQS77CL  00000020 MSFT 00000097)
[    0.000000] ACPI: HPET 000000007e3118b8 000038 (v01 INTEL  DQS77CL  00000020 AMI. 00000005)
[    0.000000] ACPI: SSDT 000000007e3118f0 000315 (v01 INTEL  DQS77CL  00000020 INTL 20091112)
[    0.000000] ACPI: SSDT 000000007e311c08 0008A2 (v01 INTEL  DQS77CL  00000020 INTL 20051117)
[    0.000000] ACPI: SSDT 000000007e3124b0 000A92 (v01 INTEL  DQS77CL  00000020 INTL 20051117)
[    0.000000] ACPI: BGRT 000000007e312f48 000038 (v00 INTEL  DQS77CL  00000020 AMI  00010013)
[    0.000000] ACPI: Local APIC address 0xfee00000
[    0.000000] No NUMA configuration found
[    0.000000] Faking a node at [mem 0x0000000000000000-0x000000025f5fffff]
[    0.000000] Initmem setup node 0 [mem 0x00000000-0x25f5fffff]
[    0.000000]   NODE_DATA [mem 0x25f5f4000-0x25f5f8fff]
[    0.000000]  [ffffea0000000000-ffffea00097fffff] PMD -> [ffff880257400000-ffff88025ebfffff] on node 0
[    0.000000] Zone ranges:
[    0.000000]   DMA      [mem 0x00001000-0x00ffffff]
[    0.000000]   DMA32    [mem 0x01000000-0xffffffff]
[    0.000000]   Normal   [mem 0x100000000-0x25f5fffff]
[    0.000000] Movable zone start for each node
[    0.000000] Early memory node ranges
[    0.000000]   node   0: [mem 0x00001000-0x0009efff]
[    0.000000]   node   0: [mem 0x00100000-0x1fffffff]
[    0.000000]   node   0: [mem 0x20200000-0x40003fff]
[    0.000000]   node   0: [mem 0x40005000-0x7dfddfff]
[    0.000000]   node   0: [mem 0x7e69c000-0x7e69cfff]
[    0.000000]   node   0: [mem 0x7e6e0000-0x7effffff]
[    0.000000]   node   0: [mem 0x100000000-0x25f5fffff]
[    0.000000] On node 0 totalpages: 1957020
[    0.000000]   DMA zone: 64 pages used for memmap
[    0.000000]   DMA zone: 27 pages reserved
[    0.000000]   DMA zone: 3998 pages, LIFO batch:0
[    0.000000]   DMA32 zone: 8028 pages used for memmap
[    0.000000]   DMA32 zone: 513790 pages, LIFO batch:31
[    0.000000]   Normal zone: 22488 pages used for memmap
[    0.000000]   Normal zone: 1439232 pages, LIFO batch:31
[    0.000000] ACPI: PM-Timer IO Port: 0x408
[    0.000000] ACPI: Local APIC address 0xfee00000
[    0.000000] ACPI: LAPIC (acpi_id[0x01] lapic_id[0x00] enabled)
[    0.000000] ACPI: LAPIC (acpi_id[0x02] lapic_id[0x02] enabled)
[    0.000000] ACPI: LAPIC (acpi_id[0x03] lapic_id[0x01] enabled)
[    0.000000] ACPI: LAPIC (acpi_id[0x04] lapic_id[0x03] enabled)
[    0.000000] ACPI: LAPIC_NMI (acpi_id[0xff] high edge lint[0x1])
[    0.000000] ACPI: IOAPIC (id[0x02] address[0xfec00000] gsi_base[0])
[    0.000000] IOAPIC[0]: apic_id 2, version 32, address 0xfec00000, GSI 0-23
[    0.000000] ACPI: INT_SRC_OVR (bus 0 bus_irq 0 global_irq 2 dfl dfl)
[    0.000000] ACPI: INT_SRC_OVR (bus 0 bus_irq 9 global_irq 9 high level)
[    0.000000] ACPI: IRQ0 used by override.
[    0.000000] ACPI: IRQ2 used by override.
[    0.000000] ACPI: IRQ9 used by override.
[    0.000000] Using ACPI (MADT) for SMP configuration information
[    0.000000] ACPI: HPET id: 0x8086a701 base: 0xfed00000
[    0.000000] smpboot: Allowing 4 CPUs, 0 hotplug CPUs
[    0.000000] nr_irqs_gsi: 40
[    0.000000] PM: Registered nosave memory: [mem 0x0009f000-0x0009ffff]
[    0.000000] PM: Registered nosave memory: [mem 0x000a0000-0x000fffff]
[    0.000000] PM: Registered nosave memory: [mem 0x20000000-0x201fffff]
[    0.000000] PM: Registered nosave memory: [mem 0x40004000-0x40004fff]
[    0.000000] PM: Registered nosave memory: [mem 0x7dfde000-0x7e302fff]
[    0.000000] PM: Registered nosave memory: [mem 0x7e303000-0x7e312fff]
[    0.000000] PM: Registered nosave memory: [mem 0x7e313000-0x7e428fff]
[    0.000000] PM: Registered nosave memory: [mem 0x7e429000-0x7e60afff]
[    0.000000] PM: Registered nosave memory: [mem 0x7e60b000-0x7e69bfff]
[    0.000000] PM: Registered nosave memory: [mem 0x7e69d000-0x7e6dffff]
[    0.000000] PM: Registered nosave memory: [mem 0x7f000000-0x7f7fffff]
[    0.000000] PM: Registered nosave memory: [mem 0x7f800000-0x9f9fffff]
[    0.000000] PM: Registered nosave memory: [mem 0x9fa00000-0xf7ffffff]
[    0.000000] PM: Registered nosave memory: [mem 0xf8000000-0xfbffffff]
[    0.000000] PM: Registered nosave memory: [mem 0xfc000000-0xfebfffff]
[    0.000000] PM: Registered nosave memory: [mem 0xfec00000-0xfec00fff]
[    0.000000] PM: Registered nosave memory: [mem 0xfec01000-0xfecfffff]
[    0.000000] PM: Registered nosave memory: [mem 0xfed00000-0xfed03fff]
[    0.000000] PM: Registered nosave memory: [mem 0xfed04000-0xfed1bfff]
[    0.000000] PM: Registered nosave memory: [mem 0xfed1c000-0xfed1ffff]
[    0.000000] PM: Registered nosave memory: [mem 0xfed20000-0xfedfffff]
[    0.000000] PM: Registered nosave memory: [mem 0xfee00000-0xfee00fff]
[    0.000000] PM: Registered nosave memory: [mem 0xfee01000-0xfeffffff]
[    0.000000] PM: Registered nosave memory: [mem 0xff000000-0xffffffff]
[    0.000000] e820: [mem 0x9fa00000-0xf7ffffff] available for PCI devices
[    0.000000] Booting paravirtualized kernel on bare hardware
[    0.000000] setup_percpu: NR_CPUS:256 nr_cpumask_bits:256 nr_cpu_ids:4 nr_node_ids:1
[    0.000000] PERCPU: Embedded 29 pages/cpu @ffff88025f200000 s86336 r8192 d24256 u524288
[    0.000000] pcpu-alloc: s86336 r8192 d24256 u524288 alloc=1*2097152
[    0.000000] pcpu-alloc: [0] 0 1 2 3 
[    0.000000] Built 1 zonelists in Zone order, mobility grouping on.  Total pages: 1926413
[    0.000000] Policy zone: Normal
[    0.000000] Kernel command line: BOOT_IMAGE=/boot/vmlinuz-3.13.0-35-generic.efi.signed root=UUID=f54f0253-3e5a-4046-afe7-62f154b956d9 ro splash quiet vt.handoff=7
[    0.000000] PID hash table entries: 4096 (order: 3, 32768 bytes)
[    0.000000] xsave: enabled xstate_bv 0x7, cntxt size 0x340
[    0.000000] Checking aperture...
[    0.000000] No AGP bridge found
[    0.000000] Calgary: detecting Calgary via BIOS EBDA area
[    0.000000] Calgary: Unable to locate Rio Grande table in EBDA - bailing!
[    0.000000] Memory: 7403356K/7828080K available (7372K kernel code, 1144K rwdata, 3404K rodata, 1336K init, 1440K bss, 424724K reserved)
[    0.000000] SLUB: HWalign=64, Order=0-3, MinObjects=0, CPUs=4, Nodes=1
[    0.000000] Hierarchical RCU implementation.
[    0.000000] 	RCU dyntick-idle grace-period acceleration is enabled.
[    0.000000] 	RCU restricting CPUs from NR_CPUS=256 to nr_cpu_ids=4.
[    0.000000] 	Offload RCU callbacks from all CPUs
[    0.000000] 	Offload RCU callbacks from CPUs: 0-3.
[    0.000000] NR_IRQS:16640 nr_irqs:712 16
[    0.000000] Console: colour dummy device 80x25
[    0.000000] console [tty0] enabled
[    0.000000] allocated 31457280 bytes of page_cgroup
[    0.000000] please try 'cgroup_disable=memory' option if you don't want memory cgroups
[    0.000000] hpet clockevent registered
[    0.000000] tsc: Fast TSC calibration using PIT
[    0.004000] tsc: Detected 1797.772 MHz processor
[    0.000002] Calibrating delay loop (skipped), value calculated using timer frequency.. 3595.54 BogoMIPS (lpj=7191088)
[    0.000006] pid_max: default: 32768 minimum: 301
[    0.001457] Security Framework initialized
[    0.001476] AppArmor: AppArmor initialized
[    0.001477] Yama: becoming mindful.
[    0.002213] Dentry cache hash table entries: 1048576 (order: 11, 8388608 bytes)
[    0.005106] Inode-cache hash table entries: 524288 (order: 10, 4194304 bytes)
[    0.006386] Mount-cache hash table entries: 16384 (order: 5, 131072 bytes)
[    0.006399] Mountpoint-cache hash table entries: 16384 (order: 5, 131072 bytes)
[    0.006646] Initializing cgroup subsys memory
[    0.006652] Initializing cgroup subsys devices
[    0.006655] Initializing cgroup subsys freezer
[    0.006657] Initializing cgroup subsys blkio
[    0.006659] Initializing cgroup subsys perf_event
[    0.006662] Initializing cgroup subsys hugetlb
[    0.006690] CPU: Physical Processor ID: 0
[    0.006692] CPU: Processor Core ID: 0
[    0.006698] ENERGY_PERF_BIAS: Set to 'normal', was 'performance'
[    0.006698] ENERGY_PERF_BIAS: View and update with x86_energy_perf_policy(8)
[    0.006702] mce: CPU supports 7 MCE banks
[    0.006716] CPU0: Thermal monitoring enabled (TM1)
[    0.006727] Last level iTLB entries: 4KB 512, 2MB 0, 4MB 0
[    0.006727] Last level dTLB entries: 4KB 512, 2MB 32, 4MB 32
[    0.006727] tlb_flushall_shift: 2
[    0.006886] Freeing SMP alternatives memory: 32K (ffffffff81e6d000 - ffffffff81e75000)
[    0.008482] ACPI: Core revision 20131115
[    0.014949] ACPI: All ACPI Tables successfully acquired
[    0.023386] ftrace: allocating 28537 entries in 112 pages
[    0.042146] ..TIMER: vector=0x30 apic1=0 pin1=2 apic2=-1 pin2=-1
[    0.081861] smpboot: CPU0: Intel(R) Core(TM) i3-3217U CPU @ 1.80GHz (fam: 06, model: 3a, stepping: 09)
[    0.081873] TSC deadline timer enabled
[    0.081886] Performance Events: PEBS fmt1+, 16-deep LBR, IvyBridge events, full-width counters, Intel PMU driver.
[    0.081895] ... version:                3
[    0.081897] ... bit width:              48
[    0.081898] ... generic registers:      4
[    0.081899] ... value mask:             0000ffffffffffff
[    0.081900] ... max period:             0000ffffffffffff
[    0.081902] ... fixed-purpose events:   3
[    0.081903] ... event mask:             000000070000000f
[    0.083920] x86: Booting SMP configuration:
[    0.097148] NMI watchdog: enabled on all CPUs, permanently consumes one hw-PMU counter.
[    0.083923] .... node  #0, CPUs:      #1 #2 #3
[    0.123747] x86: Booted up 1 node, 4 CPUs
[    0.123752] smpboot: Total of 4 processors activated (14382.17 BogoMIPS)
[    0.128115] devtmpfs: initialized
[    0.131601] EVM: security.selinux
[    0.131603] EVM: security.SMACK64
[    0.131604] EVM: security.ima
[    0.131606] EVM: security.capability
[    0.131665] PM: Registering ACPI NVS region [mem 0x7e313000-0x7e428fff] (1138688 bytes)
[    0.131686] PM: Registering ACPI NVS region [mem 0x7e69d000-0x7e6dffff] (274432 bytes)
[    0.132693] pinctrl core: initialized pinctrl subsystem
[    0.132759] regulator-dummy: no parameters
[    0.132799] RTC time: 10:49:18, date: 09/02/14
[    0.132838] NET: Registered protocol family 16
[    0.132965] cpuidle: using governor ladder
[    0.132967] cpuidle: using governor menu
[    0.133011] ACPI FADT declares the system doesn't support PCIe ASPM, so disable it
[    0.133013] ACPI: bus type PCI registered
[    0.133015] acpiphp: ACPI Hot Plug PCI Controller Driver version: 0.5
[    0.133082] PCI: MMCONFIG for domain 0000 [bus 00-3f] at [mem 0xf8000000-0xfbffffff] (base 0xf8000000)
[    0.133085] PCI: MMCONFIG at [mem 0xf8000000-0xfbffffff] reserved in E820
[    0.142453] PCI: Using configuration type 1 for base access
[    0.143554] bio: create slab <bio-0> at 0
[    0.143750] ACPI: Added _OSI(Module Device)
[    0.143752] ACPI: Added _OSI(Processor Device)
[    0.143754] ACPI: Added _OSI(3.0 _SCP Extensions)
[    0.143756] ACPI: Added _OSI(Processor Aggregator Device)
[    0.147182] ACPI: Executed 1 blocks of module-level executable AML code
[    0.152372] ACPI: SSDT 000000007e2b0018 00083B (v01  PmRef  Cpu0Cst 00003001 INTL 20051117)
[    0.152798] ACPI: Dynamic OEM Table Load:
[    0.152800] ACPI: SSDT           (null) 00083B (v01  PmRef  Cpu0Cst 00003001 INTL 20051117)
[    0.156204] ACPI: SSDT 000000007e2b1a98 000303 (v01  PmRef    ApIst 00003000 INTL 20051117)
[    0.156661] ACPI: Dynamic OEM Table Load:
[    0.156664] ACPI: SSDT           (null) 000303 (v01  PmRef    ApIst 00003000 INTL 20051117)
[    0.160028] ACPI: SSDT 000000007e2b2c18 000119 (v01  PmRef    ApCst 00003000 INTL 20051117)
[    0.160444] ACPI: Dynamic OEM Table Load:
[    0.160446] ACPI: SSDT           (null) 000119 (v01  PmRef    ApCst 00003000 INTL 20051117)
[    0.164569] ACPI: Interpreter enabled
[    0.164581] ACPI Exception: AE_NOT_FOUND, While evaluating Sleep State [\_S2_] (20131115/hwxface-580)
[    0.164598] ACPI: (supports S0 S1 S3 S4 S5)
[    0.164600] ACPI: Using IOAPIC for interrupt routing
[    0.164633] PCI: Using host bridge windows from ACPI; if necessary, use "pci=nocrs" and report a bug
[    0.164825] ACPI: No dock devices found.
[    0.172568] ACPI: Power Resource [FN00] (off)
[    0.172662] ACPI: Power Resource [FN01] (off)
[    0.172754] ACPI: Power Resource [FN02] (off)
[    0.172844] ACPI: Power Resource [FN03] (off)
[    0.172933] ACPI: Power Resource [FN04] (off)
[    0.173682] ACPI: PCI Root Bridge [PCI0] (domain 0000 [bus 00-3e])
[    0.173688] acpi PNP0A08:00: _OSC: OS supports [ExtendedConfig ASPM ClockPM Segments MSI]
[    0.173887] acpi PNP0A08:00: _OSC: platform does not support [PCIeHotplug PME]
[    0.174046] acpi PNP0A08:00: _OSC: OS now controls [AER PCIeCapability]
[    0.174888] PCI host bridge to bus 0000:00
[    0.174892] pci_bus 0000:00: root bus resource [bus 00-3e]
[    0.174894] pci_bus 0000:00: root bus resource [io  0x0000-0x0cf7]
[    0.174897] pci_bus 0000:00: root bus resource [io  0x0d00-0xffff]
[    0.174899] pci_bus 0000:00: root bus resource [mem 0x000a0000-0x000bffff]
[    0.174901] pci_bus 0000:00: root bus resource [mem 0x000d0000-0x000d3fff]
[    0.174903] pci_bus 0000:00: root bus resource [mem 0x000d4000-0x000d7fff]
[    0.174905] pci_bus 0000:00: root bus resource [mem 0x000d8000-0x000dbfff]
[    0.174907] pci_bus 0000:00: root bus resource [mem 0x000dc000-0x000dffff]
[    0.174909] pci_bus 0000:00: root bus resource [mem 0x9fa00000-0xfeafffff]
[    0.174919] pci 0000:00:00.0: [8086:0154] type 00 class 0x060000
[    0.175037] pci 0000:00:02.0: [8086:0166] type 00 class 0x030000
[    0.175052] pci 0000:00:02.0: reg 0x10: [mem 0xf6400000-0xf67fffff 64bit]
[    0.175060] pci 0000:00:02.0: reg 0x18: [mem 0xa0000000-0xafffffff 64bit pref]
[    0.175065] pci 0000:00:02.0: reg 0x20: [io  0xf000-0xf03f]
[    0.175210] pci 0000:00:16.0: [8086:1e3a] type 00 class 0x078000
[    0.175239] pci 0000:00:16.0: reg 0x10: [mem 0xf690b000-0xf690b00f 64bit]
[    0.175326] pci 0000:00:16.0: PME# supported from D0 D3hot D3cold
[    0.175439] pci 0000:00:1a.0: [8086:1e2d] type 00 class 0x0c0320
[    0.175463] pci 0000:00:1a.0: reg 0x10: [mem 0xf6908000-0xf69083ff]
[    0.175566] pci 0000:00:1a.0: PME# supported from D0 D3hot D3cold
[    0.175650] pci 0000:00:1a.0: System wakeup disabled by ACPI
[    0.175697] pci 0000:00:1b.0: [8086:1e20] type 00 class 0x040300
[    0.175714] pci 0000:00:1b.0: reg 0x10: [mem 0xf6900000-0xf6903fff 64bit]
[    0.175785] pci 0000:00:1b.0: PME# supported from D0 D3hot D3cold
[    0.175850] pci 0000:00:1b.0: System wakeup disabled by ACPI
[    0.175893] pci 0000:00:1c.0: [8086:1e10] type 01 class 0x060400
[    0.176027] pci 0000:00:1c.0: PME# supported from D0 D3hot D3cold
[    0.176104] pci 0000:00:1c.0: System wakeup disabled by ACPI
[    0.176150] pci 0000:00:1c.2: [8086:1e14] type 01 class 0x060400
[    0.176283] pci 0000:00:1c.2: PME# supported from D0 D3hot D3cold
[    0.176358] pci 0000:00:1c.2: System wakeup disabled by ACPI
[    0.176401] pci 0000:00:1c.4: [8086:1e18] type 01 class 0x060400
[    0.176531] pci 0000:00:1c.4: PME# supported from D0 D3hot D3cold
[    0.176605] pci 0000:00:1c.4: System wakeup disabled by ACPI
[    0.176656] pci 0000:00:1d.0: [8086:1e26] type 00 class 0x0c0320
[    0.176681] pci 0000:00:1d.0: reg 0x10: [mem 0xf6907000-0xf69073ff]
[    0.176785] pci 0000:00:1d.0: PME# supported from D0 D3hot D3cold
[    0.176866] pci 0000:00:1d.0: System wakeup disabled by ACPI
[    0.176907] pci 0000:00:1f.0: [8086:1e56] type 00 class 0x060100
[    0.177114] pci 0000:00:1f.2: [8086:1e03] type 00 class 0x010601
[    0.177137] pci 0000:00:1f.2: reg 0x10: [io  0xf0b0-0xf0b7]
[    0.177148] pci 0000:00:1f.2: reg 0x14: [io  0xf0a0-0xf0a3]
[    0.177159] pci 0000:00:1f.2: reg 0x18: [io  0xf090-0xf097]
[    0.177169] pci 0000:00:1f.2: reg 0x1c: [io  0xf080-0xf083]
[    0.177179] pci 0000:00:1f.2: reg 0x20: [io  0xf060-0xf07f]
[    0.177189] pci 0000:00:1f.2: reg 0x24: [mem 0xf6906000-0xf69067ff]
[    0.177243] pci 0000:00:1f.2: PME# supported from D3hot
[    0.177333] pci 0000:00:1f.3: [8086:1e22] type 00 class 0x0c0500
[    0.177352] pci 0000:00:1f.3: reg 0x10: [mem 0xf6905000-0xf69050ff 64bit]
[    0.177378] pci 0000:00:1f.3: reg 0x20: [io  0xf040-0xf05f]
[    0.177578] pci 0000:00:1c.0: PCI bridge to [bus 01]
[    0.177885] pci 0000:02:00.0: [8086:088e] type 00 class 0x028000
[    0.178036] pci 0000:02:00.0: reg 0x10: [mem 0xf6800000-0xf6801fff 64bit]
[    0.178711] pci 0000:02:00.0: PME# supported from D0 D3hot D3cold
[    0.178868] pci 0000:02:00.0: System wakeup disabled by ACPI
[    0.186731] pci 0000:00:1c.2: PCI bridge to [bus 02]
[    0.186741] pci 0000:00:1c.2:   bridge window [mem 0xf6800000-0xf68fffff]
[    0.186941] pci 0000:03:00.0: [8086:1548] type 01 class 0x060400
[    0.187310] pci 0000:03:00.0: supports D1 D2
[    0.187312] pci 0000:03:00.0: PME# supported from D0 D1 D2 D3hot D3cold
[    0.187414] pci 0000:03:00.0: System wakeup disabled by ACPI
[    0.194658] pci 0000:00:1c.4: PCI bridge to [bus 03-3b]
[    0.194666] pci 0000:00:1c.4:   bridge window [mem 0xe0000000-0xf60fffff]
[    0.194674] pci 0000:00:1c.4:   bridge window [mem 0xb0000000-0xd1ffffff 64bit pref]
[    0.194938] pci 0000:04:00.0: [8086:1548] type 01 class 0x060400
[    0.195312] pci 0000:04:00.0: supports D1 D2
[    0.195314] pci 0000:04:00.0: PME# supported from D0 D1 D2 D3hot D3cold
[    0.195515] pci 0000:04:03.0: [8086:1548] type 01 class 0x060400
[    0.195890] pci 0000:04:03.0: supports D1 D2
[    0.195892] pci 0000:04:03.0: PME# supported from D0 D1 D2 D3hot D3cold
[    0.196089] pci 0000:04:04.0: [8086:1548] type 01 class 0x060400
[    0.196469] pci 0000:04:04.0: supports D1 D2
[    0.196470] pci 0000:04:04.0: PME# supported from D0 D1 D2 D3hot D3cold
[    0.196665] pci 0000:04:05.0: [8086:1548] type 01 class 0x060400
[    0.197014] pci 0000:04:05.0: supports D1 D2
[    0.197016] pci 0000:04:05.0: PME# supported from D0 D1 D2 D3hot D3cold
[    0.197197] pci 0000:04:06.0: [8086:1548] type 01 class 0x060400
[    0.197541] pci 0000:04:06.0: supports D1 D2
[    0.197543] pci 0000:04:06.0: PME# supported from D0 D1 D2 D3hot D3cold
[    0.197787] pci 0000:03:00.0: PCI bridge to [bus 04-3b]
[    0.197819] pci 0000:03:00.0:   bridge window [mem 0xe0000000-0xf60fffff]
[    0.197839] pci 0000:03:00.0:   bridge window [mem 0xb0000000-0xd1ffffff 64bit pref]
[    0.198043] pci 0000:04:00.0: PCI bridge to [bus 05]
[    0.198076] pci 0000:04:00.0:   bridge window [mem 0xf6000000-0xf60fffff]
[    0.198349] pci 0000:06:00.0: [8086:1549] type 01 class 0x060400
[    0.198625] pci 0000:06:00.0: supports D1 D2
[    0.198627] pci 0000:06:00.0: PME# supported from D0 D1 D2 D3hot D3cold
[    0.198786] pci 0000:04:03.0: PCI bridge to [bus 06-30]
[    0.198819] pci 0000:04:03.0:   bridge window [mem 0xe0000000-0xedffffff]
[    0.198842] pci 0000:04:03.0:   bridge window [mem 0xb0000000-0xc9ffffff 64bit pref]
[    0.199029] pci 0000:07:00.0: [8086:1549] type 01 class 0x060400
[    0.199305] pci 0000:07:00.0: supports D1 D2
[    0.199307] pci 0000:07:00.0: PME# supported from D0 D1 D2 D3hot D3cold
[    0.199528] pci 0000:06:00.0: PCI bridge to [bus 07-30]
[    0.199557] pci 0000:06:00.0:   bridge window [mem 0xe0000000-0xedffffff]
[    0.199577] pci 0000:06:00.0:   bridge window [mem 0xb0000000-0xc9ffffff 64bit pref]
[    0.199817] pci 0000:08:00.0: [14e4:1682] type 00 class 0x020000
[    0.199926] pci 0000:08:00.0: reg 0x10: [mem 0xb0000000-0xb000ffff 64bit pref]
[    0.200023] pci 0000:08:00.0: reg 0x18: [mem 0xb0010000-0xb001ffff 64bit pref]
[    0.200197] pci 0000:08:00.0: reg 0x30: [mem 0xe0100000-0xe010ffff pref]
[    0.200521] pci 0000:08:00.0: PME# supported from D0 D3hot D3cold
[    0.200831] pci 0000:07:00.0: PCI bridge to [bus 08]
[    0.200850] pci 0000:07:00.0:   bridge window [io  0xf000-0xe0000fff]
[    0.200859] pci 0000:07:00.0:   bridge window [mem 0xe0000000-0xe3ffffff]
[    0.200876] pci 0000:07:00.0:   bridge window [mem 0xb0000000-0xbfffffff 64bit pref]
[    0.201000] pci 0000:04:04.0: PCI bridge to [bus 31-39]
[    0.201013] pci 0000:04:04.0:   bridge window [mem 0xee000000-0xf5ffffff]
[    0.201023] pci 0000:04:04.0:   bridge window [mem 0xca000000-0xd1ffffff 64bit pref]
[    0.201106] pci 0000:04:05.0: PCI bridge to [bus 3a]
[    0.201206] pci 0000:04:06.0: PCI bridge to [bus 3b]
[    0.201369] acpi PNP0A08:00: Disabling ASPM (FADT indicates it is unsupported)
[    0.201953] ACPI: PCI Interrupt Link [LNKA] (IRQs 3 4 5 6 10 *11 12 14 15)
[    0.202018] ACPI: PCI Interrupt Link [LNKB] (IRQs 3 *4 5 6 10 11 12 14 15)
[    0.202080] ACPI: PCI Interrupt Link [LNKC] (IRQs 3 4 *5 6 10 11 12 14 15)
[    0.202140] ACPI: PCI Interrupt Link [LNKD] (IRQs 3 4 5 6 *10 11 12 14 15)
[    0.202200] ACPI: PCI Interrupt Link [LNKE] (IRQs 3 4 5 6 10 11 12 14 15) *0, disabled.
[    0.202261] ACPI: PCI Interrupt Link [LNKF] (IRQs 3 4 5 6 10 11 12 14 15) *0, disabled.
[    0.202322] ACPI: PCI Interrupt Link [LNKG] (IRQs *3 4 5 6 10 11 12 14 15)
[    0.202382] ACPI: PCI Interrupt Link [LNKH] (IRQs 3 4 5 6 10 *11 12 14 15)
[    0.202672] ACPI: Enabled 7 GPEs in block 00 to 3F
[    0.202680] ACPI: \_SB_.PCI0: notify handler is installed
[    0.202748] Found 1 acpi root devices
[    0.202865] vgaarb: device added: PCI:0000:00:02.0,decodes=io+mem,owns=io+mem,locks=none
[    0.202870] vgaarb: loaded
[    0.202871] vgaarb: bridge control possible 0000:00:02.0
[    0.203055] SCSI subsystem initialized
[    0.203117] libata version 3.00 loaded.
[    0.203158] ACPI: bus type USB registered
[    0.203177] usbcore: registered new interface driver usbfs
[    0.203187] usbcore: registered new interface driver hub
[    0.203221] usbcore: registered new device driver usb
[    0.203348] PCI: Using ACPI for IRQ routing
[    0.208552] PCI: pci_cache_line_size set to 64 bytes
[    0.208559] pci 0000:07:00.0: no compatible bridge window for [io  0xf000-0xe0000fff]
[    0.208675] e820: reserve RAM buffer [mem 0x0009f000-0x0009ffff]
[    0.208677] e820: reserve RAM buffer [mem 0x40004000-0x43ffffff]
[    0.208679] e820: reserve RAM buffer [mem 0x7dfde000-0x7fffffff]
[    0.208682] e820: reserve RAM buffer [mem 0x7e69d000-0x7fffffff]
[    0.208684] e820: reserve RAM buffer [mem 0x7f000000-0x7fffffff]
[    0.208686] e820: reserve RAM buffer [mem 0x25f600000-0x25fffffff]
[    0.208781] NetLabel: Initializing
[    0.208783] NetLabel:  domain hash size = 128
[    0.208784] NetLabel:  protocols = UNLABELED CIPSOv4
[    0.208799] NetLabel:  unlabeled traffic allowed by default
[    0.208871] hpet0: at MMIO 0xfed00000, IRQs 2, 8, 0, 0, 0, 0, 0, 0
[    0.208879] hpet0: 8 comparators, 64-bit 14.318180 MHz counter
[    0.210915] Switched to clocksource hpet
[    0.216123] AppArmor: AppArmor Filesystem Enabled
[    0.216148] pnp: PnP ACPI init
[    0.216164] ACPI: bus type PNP registered
[    0.216275] system 00:00: [mem 0xfed40000-0xfed44fff] has been reserved
[    0.216280] system 00:00: Plug and Play ACPI device, IDs PNP0c01 (active)
[    0.216295] pnp 00:01: [dma 4]
[    0.216313] pnp 00:01: Plug and Play ACPI device, IDs PNP0200 (active)
[    0.216334] pnp 00:02: Plug and Play ACPI device, IDs INT0800 (active)
[    0.216446] pnp 00:03: Plug and Play ACPI device, IDs PNP0103 (active)
[    0.216495] system 00:04: [io  0x0680-0x069f] has been reserved
[    0.216498] system 00:04: [io  0x1000-0x100f] has been reserved
[    0.216500] system 00:04: [io  0xffff] has been reserved
[    0.216502] system 00:04: [io  0xffff] has been reserved
[    0.216505] system 00:04: [io  0x0400-0x0453] could not be reserved
[    0.216507] system 00:04: [io  0x0458-0x047f] has been reserved
[    0.216510] system 00:04: [io  0x0500-0x057f] has been reserved
[    0.216512] system 00:04: [io  0x164e-0x164f] has been reserved
[    0.216515] system 00:04: Plug and Play ACPI device, IDs PNP0c02 (active)
[    0.216548] pnp 00:05: Plug and Play ACPI device, IDs PNP0b00 (active)
[    0.216603] system 00:06: [io  0x0454-0x0457] has been reserved
[    0.216607] system 00:06: Plug and Play ACPI device, IDs INT3f0d PNP0c02 (active)
[    0.216753] system 00:07: [io  0x0a00-0x0a1f] has been reserved
[    0.216755] system 00:07: [io  0x0a30-0x0a3f] has been reserved
[    0.216758] system 00:07: [io  0x0a20-0x0a2f] has been reserved
[    0.216761] system 00:07: Plug and Play ACPI device, IDs PNP0c02 (active)
[    0.216842] system 00:08: [io  0x04d0-0x04d1] has been reserved
[    0.216845] system 00:08: Plug and Play ACPI device, IDs PNP0c02 (active)
[    0.216872] pnp 00:09: Plug and Play ACPI device, IDs PNP0c04 (active)
[    0.217152] system 00:0a: [mem 0xfed1c000-0xfed1ffff] has been reserved
[    0.217155] system 00:0a: [mem 0xfed10000-0xfed17fff] has been reserved
[    0.217158] system 00:0a: [mem 0xfed18000-0xfed18fff] has been reserved
[    0.217160] system 00:0a: [mem 0xfed19000-0xfed19fff] has been reserved
[    0.217163] system 00:0a: [mem 0xf8000000-0xfbffffff] has been reserved
[    0.217166] system 00:0a: [mem 0xfed20000-0xfed3ffff] has been reserved
[    0.217168] system 00:0a: [mem 0xfed90000-0xfed93fff] has been reserved
[    0.217170] system 00:0a: [mem 0xfed45000-0xfed8ffff] has been reserved
[    0.217173] system 00:0a: [mem 0xff000000-0xffffffff] has been reserved
[    0.217176] system 00:0a: [mem 0xfee00000-0xfeefffff] could not be reserved
[    0.217178] system 00:0a: [mem 0x9fa00000-0x9fa00fff] has been reserved
[    0.217181] system 00:0a: Plug and Play ACPI device, IDs PNP0c02 (active)
[    0.217361] system 00:0b: [mem 0x20000000-0x201fffff] has been reserved
[    0.217364] system 00:0b: [mem 0x40004000-0x40004fff] has been reserved
[    0.217367] system 00:0b: Plug and Play ACPI device, IDs PNP0c01 (active)
[    0.217391] pnp: PnP ACPI: found 12 devices
[    0.217392] ACPI: bus type PNP unregistered
[    0.224310] pci 0000:04:00.0: bridge window [io  0x1000-0x0fff] to [bus 05] add_size 1000
[    0.224314] pci 0000:04:00.0: bridge window [mem 0x00100000-0x000fffff 64bit pref] to [bus 05] add_size 200000
[    0.224340] pci 0000:07:00.0: bridge window [io  0x1000-0x0fff] to [bus 08] add_size 1000
[    0.224365] pci 0000:07:00.0: res[13]=[io  0x1000-0x0fff] get_res_add_size add_size 1000
[    0.224368] pci 0000:06:00.0: bridge window [io  0x1000-0x0fff] to [bus 07-30] add_size 1000
[    0.224382] pci 0000:06:00.0: res[13]=[io  0x1000-0x0fff] get_res_add_size add_size 1000
[    0.224385] pci 0000:04:03.0: bridge window [io  0x1000-0x0fff] to [bus 06-30] add_size 1000
[    0.224399] pci 0000:04:04.0: bridge window [io  0x1000-0x0fff] to [bus 31-39] add_size 1000
[    0.224412] pci 0000:04:05.0: bridge window [io  0x1000-0x0fff] to [bus 3a] add_size 1000
[    0.224415] pci 0000:04:05.0: bridge window [mem 0x00100000-0x000fffff 64bit pref] to [bus 3a] add_size 200000
[    0.224418] pci 0000:04:05.0: bridge window [mem 0x00100000-0x000fffff] to [bus 3a] add_size 200000
[    0.224432] pci 0000:04:06.0: bridge window [io  0x1000-0x0fff] to [bus 3b] add_size 1000
[    0.224434] pci 0000:04:06.0: bridge window [mem 0x00100000-0x000fffff 64bit pref] to [bus 3b] add_size 200000
[    0.224437] pci 0000:04:06.0: bridge window [mem 0x00100000-0x000fffff] to [bus 3b] add_size 200000
[    0.224451] pci 0000:04:00.0: res[13]=[io  0x1000-0x0fff] get_res_add_size add_size 1000
[    0.224453] pci 0000:04:03.0: res[13]=[io  0x1000-0x0fff] get_res_add_size add_size 1000
[    0.224456] pci 0000:04:04.0: res[13]=[io  0x1000-0x0fff] get_res_add_size add_size 1000
[    0.224458] pci 0000:04:05.0: res[13]=[io  0x1000-0x0fff] get_res_add_size add_size 1000
[    0.224460] pci 0000:04:06.0: res[13]=[io  0x1000-0x0fff] get_res_add_size add_size 1000
[    0.224463] pci 0000:03:00.0: bridge window [io  0x1000-0x0fff] to [bus 04-3b] add_size 5000
[    0.224475] pci 0000:03:00.0: res[13]=[io  0x1000-0x0fff] get_res_add_size add_size 5000
[    0.224478] pci 0000:00:1c.4: bridge window [io  0x1000-0x0fff] to [bus 03-3b] add_size 5000
[    0.224483] pci 0000:00:1c.4: res[13]=[io  0x1000-0x0fff] get_res_add_size add_size 5000
[    0.224487] pci 0000:00:1c.4: BAR 13: assigned [io  0x2000-0x6fff]
[    0.224490] pci 0000:00:1c.0: PCI bridge to [bus 01]
[    0.224507] pci 0000:00:1c.2: PCI bridge to [bus 02]
[    0.224513] pci 0000:00:1c.2:   bridge window [mem 0xf6800000-0xf68fffff]
[    0.224524] pci 0000:03:00.0: res[13]=[io  0x1000-0x0fff] get_res_add_size add_size 5000
[    0.224527] pci 0000:03:00.0: BAR 13: assigned [io  0x2000-0x6fff]
[    0.224532] pci 0000:04:00.0: res[15]=[mem 0x00100000-0x000fffff 64bit pref] get_res_add_size add_size 200000
[    0.224534] pci 0000:04:05.0: res[14]=[mem 0x00100000-0x000fffff] get_res_add_size add_size 200000
[    0.224537] pci 0000:04:05.0: res[15]=[mem 0x00100000-0x000fffff 64bit pref] get_res_add_size add_size 200000
[    0.224539] pci 0000:04:06.0: res[14]=[mem 0x00100000-0x000fffff] get_res_add_size add_size 200000
[    0.224542] pci 0000:04:06.0: res[15]=[mem 0x00100000-0x000fffff 64bit pref] get_res_add_size add_size 200000
[    0.224544] pci 0000:04:00.0: res[13]=[io  0x1000-0x0fff] get_res_add_size add_size 1000
[    0.224546] pci 0000:04:03.0: res[13]=[io  0x1000-0x0fff] get_res_add_size add_size 1000
[    0.224549] pci 0000:04:04.0: res[13]=[io  0x1000-0x0fff] get_res_add_size add_size 1000
[    0.224551] pci 0000:04:05.0: res[13]=[io  0x1000-0x0fff] get_res_add_size add_size 1000
[    0.224553] pci 0000:04:06.0: res[13]=[io  0x1000-0x0fff] get_res_add_size add_size 1000
[    0.224556] pci 0000:04:00.0: BAR 15: can't assign mem pref (size 0x200000)
[    0.224559] pci 0000:04:05.0: BAR 14: can't assign mem (size 0x200000)
[    0.224562] pci 0000:04:05.0: BAR 15: can't assign mem pref (size 0x200000)
[    0.224564] pci 0000:04:06.0: BAR 14: can't assign mem (size 0x200000)
[    0.224568] pci 0000:04:06.0: BAR 15: can't assign mem pref (size 0x200000)
[    0.224571] pci 0000:04:00.0: BAR 13: assigned [io  0x2000-0x2fff]
[    0.224573] pci 0000:04:03.0: BAR 13: assigned [io  0x3000-0x3fff]
[    0.224575] pci 0000:04:04.0: BAR 13: assigned [io  0x4000-0x4fff]
[    0.224577] pci 0000:04:05.0: BAR 13: assigned [io  0x5000-0x5fff]
[    0.224580] pci 0000:04:06.0: BAR 13: assigned [io  0x6000-0x6fff]
[    0.224584] pci 0000:04:06.0: BAR 14: can't assign mem (size 0x200000)
[    0.224586] pci 0000:04:06.0: BAR 15: can't assign mem pref (size 0x200000)
[    0.224589] pci 0000:04:05.0: BAR 14: can't assign mem (size 0x200000)
[    0.224591] pci 0000:04:05.0: BAR 15: can't assign mem pref (size 0x200000)
[    0.224593] pci 0000:04:00.0: BAR 15: can't assign mem pref (size 0x200000)
[    0.224596] pci 0000:04:00.0: PCI bridge to [bus 05]
[    0.224600] pci 0000:04:00.0:   bridge window [io  0x2000-0x2fff]
[    0.224608] pci 0000:04:00.0:   bridge window [mem 0xf6000000-0xf60fffff]
[    0.224622] pci 0000:06:00.0: res[13]=[io  0x1000-0x0fff] get_res_add_size add_size 1000
[    0.224624] pci 0000:06:00.0: BAR 13: assigned [io  0x3000-0x3fff]
[    0.224627] pci 0000:07:00.0: res[13]=[io  0x1000-0x0fff] get_res_add_size add_size 1000
[    0.224629] pci 0000:07:00.0: BAR 13: assigned [io  0x3000-0x3fff]
[    0.224632] pci 0000:07:00.0: PCI bridge to [bus 08]
[    0.224638] pci 0000:07:00.0:   bridge window [io  0x3000-0x3fff]
[    0.224652] pci 0000:07:00.0:   bridge window [mem 0xe0000000-0xe3ffffff]
[    0.224662] pci 0000:07:00.0:   bridge window [mem 0xb0000000-0xbfffffff 64bit pref]
[    0.224679] pci 0000:06:00.0: PCI bridge to [bus 07-30]
[    0.224685] pci 0000:06:00.0:   bridge window [io  0x3000-0x3fff]
[    0.224699] pci 0000:06:00.0:   bridge window [mem 0xe0000000-0xedffffff]
[    0.224709] pci 0000:06:00.0:   bridge window [mem 0xb0000000-0xc9ffffff 64bit pref]
[    0.224726] pci 0000:04:03.0: PCI bridge to [bus 06-30]
[    0.224731] pci 0000:04:03.0:   bridge window [io  0x3000-0x3fff]
[    0.224739] pci 0000:04:03.0:   bridge window [mem 0xe0000000-0xedffffff]
[    0.224744] pci 0000:04:03.0:   bridge window [mem 0xb0000000-0xc9ffffff 64bit pref]
[    0.224754] pci 0000:04:04.0: PCI bridge to [bus 31-39]
[    0.224758] pci 0000:04:04.0:   bridge window [io  0x4000-0x4fff]
[    0.224766] pci 0000:04:04.0:   bridge window [mem 0xee000000-0xf5ffffff]
[    0.224772] pci 0000:04:04.0:   bridge window [mem 0xca000000-0xd1ffffff 64bit pref]
[    0.224782] pci 0000:04:05.0: PCI bridge to [bus 3a]
[    0.224786] pci 0000:04:05.0:   bridge window [io  0x5000-0x5fff]
[    0.224806] pci 0000:04:06.0: PCI bridge to [bus 3b]
[    0.224810] pci 0000:04:06.0:   bridge window [io  0x6000-0x6fff]
[    0.224830] pci 0000:03:00.0: PCI bridge to [bus 04-3b]
[    0.224835] pci 0000:03:00.0:   bridge window [io  0x2000-0x6fff]
[    0.224842] pci 0000:03:00.0:   bridge window [mem 0xe0000000-0xf60fffff]
[    0.224849] pci 0000:03:00.0:   bridge window [mem 0xb0000000-0xd1ffffff 64bit pref]
[    0.224858] pci 0000:00:1c.4: PCI bridge to [bus 03-3b]
[    0.224862] pci 0000:00:1c.4:   bridge window [io  0x2000-0x6fff]
[    0.224868] pci 0000:00:1c.4:   bridge window [mem 0xe0000000-0xf60fffff]
[    0.224873] pci 0000:00:1c.4:   bridge window [mem 0xb0000000-0xd1ffffff 64bit pref]
[    0.224882] pci_bus 0000:00: resource 4 [io  0x0000-0x0cf7]
[    0.224884] pci_bus 0000:00: resource 5 [io  0x0d00-0xffff]
[    0.224886] pci_bus 0000:00: resource 6 [mem 0x000a0000-0x000bffff]
[    0.224888] pci_bus 0000:00: resource 7 [mem 0x000d0000-0x000d3fff]
[    0.224890] pci_bus 0000:00: resource 8 [mem 0x000d4000-0x000d7fff]
[    0.224893] pci_bus 0000:00: resource 9 [mem 0x000d8000-0x000dbfff]
[    0.224895] pci_bus 0000:00: resource 10 [mem 0x000dc000-0x000dffff]
[    0.224897] pci_bus 0000:00: resource 11 [mem 0x9fa00000-0xfeafffff]
[    0.224899] pci_bus 0000:02: resource 1 [mem 0xf6800000-0xf68fffff]
[    0.224902] pci_bus 0000:03: resource 0 [io  0x2000-0x6fff]
[    0.224904] pci_bus 0000:03: resource 1 [mem 0xe0000000-0xf60fffff]
[    0.224906] pci_bus 0000:03: resource 2 [mem 0xb0000000-0xd1ffffff 64bit pref]
[    0.224908] pci_bus 0000:04: resource 0 [io  0x2000-0x6fff]
[    0.224911] pci_bus 0000:04: resource 1 [mem 0xe0000000-0xf60fffff]
[    0.224913] pci_bus 0000:04: resource 2 [mem 0xb0000000-0xd1ffffff 64bit pref]
[    0.224915] pci_bus 0000:05: resource 0 [io  0x2000-0x2fff]
[    0.224917] pci_bus 0000:05: resource 1 [mem 0xf6000000-0xf60fffff]
[    0.224919] pci_bus 0000:06: resource 0 [io  0x3000-0x3fff]
[    0.224921] pci_bus 0000:06: resource 1 [mem 0xe0000000-0xedffffff]
[    0.224924] pci_bus 0000:06: resource 2 [mem 0xb0000000-0xc9ffffff 64bit pref]
[    0.224926] pci_bus 0000:07: resource 0 [io  0x3000-0x3fff]
[    0.224928] pci_bus 0000:07: resource 1 [mem 0xe0000000-0xedffffff]
[    0.224930] pci_bus 0000:07: resource 2 [mem 0xb0000000-0xc9ffffff 64bit pref]
[    0.224932] pci_bus 0000:08: resource 0 [io  0x3000-0x3fff]
[    0.224934] pci_bus 0000:08: resource 1 [mem 0xe0000000-0xe3ffffff]
[    0.224937] pci_bus 0000:08: resource 2 [mem 0xb0000000-0xbfffffff 64bit pref]
[    0.224939] pci_bus 0000:31: resource 0 [io  0x4000-0x4fff]
[    0.224941] pci_bus 0000:31: resource 1 [mem 0xee000000-0xf5ffffff]
[    0.224943] pci_bus 0000:31: resource 2 [mem 0xca000000-0xd1ffffff 64bit pref]
[    0.224946] pci_bus 0000:3a: resource 0 [io  0x5000-0x5fff]
[    0.224948] pci_bus 0000:3b: resource 0 [io  0x6000-0x6fff]
[    0.224982] NET: Registered protocol family 2
[    0.225180] TCP established hash table entries: 65536 (order: 7, 524288 bytes)
[    0.225381] TCP bind hash table entries: 65536 (order: 8, 1048576 bytes)
[    0.225516] TCP: Hash tables configured (established 65536 bind 65536)
[    0.225536] TCP: reno registered
[    0.225550] UDP hash table entries: 4096 (order: 5, 131072 bytes)
[    0.225587] UDP-Lite hash table entries: 4096 (order: 5, 131072 bytes)
[    0.225669] NET: Registered protocol family 1
[    0.225683] pci 0000:00:02.0: Boot video device
[    0.263087] PCI: CLS mismatch (64 != 128), using 64 bytes
[    0.263159] Trying to unpack rootfs image as initramfs...
[    0.665924] Freeing initrd memory: 18852K (ffff880035b1e000 - ffff880036d87000)
[    0.665930] PCI-DMA: Using software bounce buffering for IO (SWIOTLB)
[    0.665933] software IO TLB [mem 0x6df72000-0x71f72000] (64MB) mapped at [ffff88006df72000-ffff880071f71fff]
[    0.666211] microcode: CPU0 sig=0x306a9, pf=0x10, revision=0x15
[    0.666217] microcode: CPU1 sig=0x306a9, pf=0x10, revision=0x15
[    0.666224] microcode: CPU2 sig=0x306a9, pf=0x10, revision=0x15
[    0.666233] microcode: CPU3 sig=0x306a9, pf=0x10, revision=0x15
[    0.666299] microcode: Microcode Update Driver: v2.00 <tigran@aivazian.fsnet.co.uk>, Peter Oruba
[    0.666301] Scanning for low memory corruption every 60 seconds
[    0.666580] Initialise system trusted keyring
[    0.666631] audit: initializing netlink socket (disabled)
[    0.666642] type=2000 audit(1409654958.656:1): initialized
[    0.703219] HugeTLB registered 2 MB page size, pre-allocated 0 pages
[    0.704476] zbud: loaded
[    0.704649] VFS: Disk quotas dquot_6.5.2
[    0.704694] Dquot-cache hash table entries: 512 (order 0, 4096 bytes)
[    0.705160] fuse init (API version 7.22)
[    0.705238] msgmni has been set to 14886
[    0.705293] Key type big_key registered
[    0.705764] Key type asymmetric registered
[    0.705767] Asymmetric key parser 'x509' registered
[    0.705802] Block layer SCSI generic (bsg) driver version 0.4 loaded (major 252)
[    0.705846] io scheduler noop registered
[    0.705849] io scheduler deadline registered (default)
[    0.705876] io scheduler cfq registered
[    0.706401] pcieport 0000:03:00.0: enabling device (0006 -> 0007)
[    0.706481] pcieport 0000:03:00.0: irq 40 for MSI/MSI-X
[    0.706585] pcieport 0000:04:00.0: enabling device (0006 -> 0007)
[    0.706663] pcieport 0000:04:00.0: irq 41 for MSI/MSI-X
[    0.706767] pcieport 0000:04:03.0: enabling device (0006 -> 0007)
[    0.706842] pcieport 0000:04:03.0: irq 42 for MSI/MSI-X
[    0.706941] pcieport 0000:04:04.0: enabling device (0006 -> 0007)
[    0.707016] pcieport 0000:04:04.0: irq 43 for MSI/MSI-X
[    0.707116] pcieport 0000:04:05.0: enabling device (0004 -> 0005)
[    0.707190] pcieport 0000:04:05.0: irq 44 for MSI/MSI-X
[    0.707299] pcieport 0000:04:06.0: enabling device (0004 -> 0005)
[    0.707374] pcieport 0000:04:06.0: irq 45 for MSI/MSI-X
[    0.707477] pcieport 0000:06:00.0: enabling device (0006 -> 0007)
[    0.707587] pcieport 0000:06:00.0: irq 46 for MSI/MSI-X
[    0.707741] pcieport 0000:07:00.0: enabling device (0006 -> 0007)
[    0.707851] pcieport 0000:07:00.0: irq 47 for MSI/MSI-X
[    0.708027] pci_hotplug: PCI Hot Plug PCI Core version: 0.5
[    0.708044] pciehp: PCI Express Hot Plug Controller Driver version: 0.4
[    0.708092] efifb: probing for efifb
[    0.708582] efifb: framebuffer at 0xa0000000, mapped to 0xffffc90004e80000, using 3072k, total 3072k
[    0.708584] efifb: mode is 1024x768x32, linelength=4096, pages=1
[    0.708585] efifb: scrolling: redraw
[    0.708587] efifb: Truecolor: size=8:8:8:8, shift=24:16:8:0
[    0.711152] Console: switching to colour frame buffer device 128x48
[    0.713657] fb0: EFI VGA frame buffer device
[    0.713671] intel_idle: MWAIT substates: 0x21120
[    0.713672] intel_idle: v0.4 model 0x3A
[    0.713674] intel_idle: lapic_timer_reliable_states 0xffffffff
[    0.713792] ipmi message handler version 39.2
[    0.713875] input: Power Button as /devices/LNXSYSTM:00/device:00/PNP0C0C:00/input/input0
[    0.713881] ACPI: Power Button [PWRB]
[    0.713917] input: Power Button as /devices/LNXSYSTM:00/LNXPWRBN:00/input/input1
[    0.713920] ACPI: Power Button [PWRF]
[    0.713985] ACPI: Fan [FAN0] (off)
[    0.714013] ACPI: Fan [FAN1] (off)
[    0.714041] ACPI: Fan [FAN2] (off)
[    0.714067] ACPI: Fan [FAN3] (off)
[    0.714095] ACPI: Fan [FAN4] (off)
[    0.719691] thermal LNXTHERM:00: registered as thermal_zone0
[    0.719695] ACPI: Thermal Zone [TZ00] (28 C)
[    0.719943] thermal LNXTHERM:01: registered as thermal_zone1
[    0.719945] ACPI: Thermal Zone [TZ01] (30 C)
[    0.719977] GHES: HEST is not enabled!
[    0.720073] Serial: 8250/16550 driver, 32 ports, IRQ sharing enabled
[    0.721760] Linux agpgart interface v0.103
[    0.723207] brd: module loaded
[    0.724015] loop: module loaded
[    0.724376] libphy: Fixed MDIO Bus: probed
[    0.724464] tun: Universal TUN/TAP device driver, 1.6
[    0.724465] tun: (C) 1999-2004 Max Krasnyansky <maxk@qualcomm.com>
[    0.724511] PPP generic driver version 2.4.2
[    0.724559] ehci_hcd: USB 2.0 'Enhanced' Host Controller (EHCI) Driver
[    0.724564] ehci-pci: EHCI PCI platform driver
[    0.724702] ehci-pci 0000:00:1a.0: EHCI Host Controller
[    0.724708] ehci-pci 0000:00:1a.0: new USB bus registered, assigned bus number 1
[    0.724724] ehci-pci 0000:00:1a.0: debug port 2
[    0.728633] ehci-pci 0000:00:1a.0: cache line size of 64 is not supported
[    0.728657] ehci-pci 0000:00:1a.0: irq 16, io mem 0xf6908000
[    0.739274] ehci-pci 0000:00:1a.0: USB 2.0 started, EHCI 1.00
[    0.739330] usb usb1: New USB device found, idVendor=1d6b, idProduct=0002
[    0.739333] usb usb1: New USB device strings: Mfr=3, Product=2, SerialNumber=1
[    0.739335] usb usb1: Product: EHCI Host Controller
[    0.739337] usb usb1: Manufacturer: Linux 3.13.0-35-generic ehci_hcd
[    0.739339] usb usb1: SerialNumber: 0000:00:1a.0
[    0.739470] hub 1-0:1.0: USB hub found
[    0.739478] hub 1-0:1.0: 2 ports detected
[    0.739725] ehci-pci 0000:00:1d.0: EHCI Host Controller
[    0.739731] ehci-pci 0000:00:1d.0: new USB bus registered, assigned bus number 2
[    0.739745] ehci-pci 0000:00:1d.0: debug port 2
[    0.743658] ehci-pci 0000:00:1d.0: cache line size of 64 is not supported
[    0.743681] ehci-pci 0000:00:1d.0: irq 23, io mem 0xf6907000
[    0.755362] ehci-pci 0000:00:1d.0: USB 2.0 started, EHCI 1.00
[    0.755439] usb usb2: New USB device found, idVendor=1d6b, idProduct=0002
[    0.755442] usb usb2: New USB device strings: Mfr=3, Product=2, SerialNumber=1
[    0.755445] usb usb2: Product: EHCI Host Controller
[    0.755447] usb usb2: Manufacturer: Linux 3.13.0-35-generic ehci_hcd
[    0.755449] usb usb2: SerialNumber: 0000:00:1d.0
[    0.755672] hub 2-0:1.0: USB hub found
[    0.755684] hub 2-0:1.0: 2 ports detected
[    0.755877] ehci-platform: EHCI generic platform driver
[    0.755891] ohci_hcd: USB 1.1 'Open' Host Controller (OHCI) Driver
[    0.755894] ohci-pci: OHCI PCI platform driver
[    0.755908] ohci-platform: OHCI generic platform driver
[    0.755915] uhci_hcd: USB Universal Host Controller Interface driver
[    0.755991] i8042: PNP: No PS/2 controller found. Probing ports directly.
[    1.792393] i8042: No controller found
[    1.792475] tsc: Refined TSC clocksource calibration: 1797.671 MHz
[    1.792650] mousedev: PS/2 mouse device common for all mice
[    1.793062] rtc_cmos 00:05: RTC can wake from S4
[    1.793289] rtc_cmos 00:05: rtc core: registered rtc_cmos as rtc0
[    1.793325] rtc_cmos 00:05: alarms up to one month, y3k, 242 bytes nvram, hpet irqs
[    1.793403] device-mapper: uevent: version 1.0.3
[    1.793496] device-mapper: ioctl: 4.27.0-ioctl (2013-10-30) initialised: dm-devel@redhat.com
[    1.793502] ledtrig-cpu: registered to indicate activity on CPUs
[    1.793504] EFI Variables Facility v0.08 2004-May-17
[    1.797839] TCP: cubic registered
[    1.797931] NET: Registered protocol family 10
[    1.798113] NET: Registered protocol family 17
[    1.798123] Key type dns_resolver registered
[    1.798692] Loading compiled-in X.509 certificates
[    1.799851] Loaded X.509 cert 'Magrathea: Glacier signing key: b1414ae96c1b0ebb7c141fa405c1f6c98e8a66f0'
[    1.799867] registered taskstats version 1
[    1.802629] Key type trusted registered
[    1.804794] Key type encrypted registered
[    1.806775] AppArmor: AppArmor sha1 policy hashing enabled
[    1.806779] IMA: No TPM chip found, activating TPM-bypass!
[    1.807326] regulator-dummy: disabling
[    1.807408]   Magic number: 14:15:830
[    1.807516] rtc_cmos 00:05: setting system clock to 2014-09-02 10:49:20 UTC (1409654960)
[    1.808202] BIOS EDD facility v0.16 2004-Jun-25, 0 devices found
[    1.808204] EDD information not available.
[    1.808254] PM: Hibernation image not present or could not be loaded.
[    1.809315] Freeing unused kernel memory: 1336K (ffffffff81d1f000 - ffffffff81e6d000)
[    1.809317] Write protecting the kernel read-only data: 12288k
[    1.811864] Freeing unused kernel memory: 808K (ffff880001736000 - ffff880001800000)
[    1.814059] Freeing unused kernel memory: 692K (ffff880001b53000 - ffff880001c00000)
[    1.827949] systemd-udevd[114]: starting version 204
[    1.857126] pps_core: LinuxPPS API ver. 1 registered
[    1.857131] pps_core: Software ver. 5.3.6 - Copyright 2005-2007 Rodolfo Giometti <giometti@linux.it>
[    1.859455] PTP clock support registered
[    1.862627] ahci 0000:00:1f.2: version 3.0
[    1.862842] ahci 0000:00:1f.2: irq 48 for MSI/MSI-X
[    1.862912] ahci 0000:00:1f.2: AHCI 0001.0300 32 slots 6 ports 6 Gbps 0x1 impl SATA mode
[    1.862918] ahci 0000:00:1f.2: flags: 64bit ncq pm led clo pio slum part ems apst 
[    1.865120] tg3.c:v3.134 (Sep 16, 2013)
[    1.868195] scsi0 : ahci
[    1.868409] scsi1 : ahci
[    1.868599] scsi2 : ahci
[    1.868785] scsi3 : ahci
[    1.868968] scsi4 : ahci
[    1.869867] scsi5 : ahci
[    1.869939] ata1: SATA max UDMA/133 abar m2048@0xf6906000 port 0xf6906100 irq 48
[    1.869942] ata2: DUMMY
[    1.869944] ata3: DUMMY
[    1.869946] ata4: DUMMY
[    1.869948] ata5: DUMMY
[    1.869950] ata6: DUMMY
[    1.932644] tg3 0000:08:00.0 eth0: Tigon3 [partno(BCM957762) rev 57766000] (PCI Express) MAC address 40:6c:8f:39:1b:19
[    1.932649] tg3 0000:08:00.0 eth0: attached PHY is 57765 (10/100/1000Base-T Ethernet) (WireSpeed[1], EEE[1])
[    1.932652] tg3 0000:08:00.0 eth0: RXcsums[1] LinkChgREG[0] MIirq[0] ASF[0] TSOcap[1]
[    1.932654] tg3 0000:08:00.0 eth0: dma_rwctrl[00000001] dma_mask[64-bit]
[    1.952340] systemd-udevd[116]: renamed network interface eth0 to p9p1
[    2.004243] usb 1-1: new high-speed USB device number 2 using ehci-pci
[    2.136964] usb 1-1: New USB device found, idVendor=8087, idProduct=0024
[    2.136969] usb 1-1: New USB device strings: Mfr=0, Product=0, SerialNumber=0
[    2.137372] hub 1-1:1.0: USB hub found
[    2.137518] hub 1-1:1.0: 6 ports detected
[    2.188320] ata1: SATA link up 6.0 Gbps (SStatus 133 SControl 300)
[    2.201198] ata1.00: ACPI cmd ef/10:06:00:00:00:00 (SET FEATURES) succeeded
[    2.201204] ata1.00: ACPI cmd f5/00:00:00:00:00:00 (SECURITY FREEZE LOCK) filtered out
[    2.201207] ata1.00: ACPI cmd b1/c1:00:00:00:00:00 (DEVICE CONFIGURATION OVERLAY) filtered out
[    2.213056] ata1.00: ATA-9: INTEL SSDMCEAW120A4, DC33, max UDMA/133
[    2.213061] ata1.00: 234441648 sectors, multi 16: LBA48 NCQ (depth 31/32), AA
[    2.231243] ata1.00: ACPI cmd ef/10:06:00:00:00:00 (SET FEATURES) succeeded
[    2.231250] ata1.00: ACPI cmd f5/00:00:00:00:00:00 (SECURITY FREEZE LOCK) filtered out
[    2.231252] ata1.00: ACPI cmd b1/c1:00:00:00:00:00 (DEVICE CONFIGURATION OVERLAY) filtered out
[    2.248408] usb 2-1: new high-speed USB device number 2 using ehci-pci
[    2.249390] ata1.00: configured for UDMA/133
[    2.249661] scsi 0:0:0:0: Direct-Access     ATA      INTEL SSDMCEAW12 DC33 PQ: 0 ANSI: 5
[    2.249939] sd 0:0:0:0: [sda] 234441648 512-byte logical blocks: (120 GB/111 GiB)
[    2.249993] sd 0:0:0:0: Attached scsi generic sg0 type 0
[    2.250335] sd 0:0:0:0: [sda] Write Protect is off
[    2.250340] sd 0:0:0:0: [sda] Mode Sense: 00 3a 00 00
[    2.250409] sd 0:0:0:0: [sda] Write cache: enabled, read cache: enabled, doesn't support DPO or FUA
[    2.251555]  sda: sda1 sda2 sda3
[    2.252042] sd 0:0:0:0: [sda] Attached SCSI disk
[    2.288995] EXT4-fs (sda2): mounted filesystem with ordered data mode. Opts: (null)
[    2.355286] random: init urandom read with 24 bits of entropy available
[    2.380688] usb 2-1: New USB device found, idVendor=8087, idProduct=0024
[    2.380693] usb 2-1: New USB device strings: Mfr=0, Product=0, SerialNumber=0
[    2.380961] hub 2-1:1.0: USB hub found
[    2.381035] hub 2-1:1.0: 8 ports detected
[    2.381108] init: plymouth-upstart-bridge main process (181) terminated with status 1
[    2.381122] init: plymouth-upstart-bridge main process ended, respawning
[    2.389230] init: plymouth-upstart-bridge main process (191) terminated with status 1
[    2.389244] init: plymouth-upstart-bridge main process ended, respawning
[    2.394686] init: plymouth-upstart-bridge main process (195) terminated with status 1
[    2.394701] init: plymouth-upstart-bridge main process ended, respawning
[    2.649205] Adding 7826428k swap on /dev/sda3.  Priority:-1 extents:1 across:7826428k SSFS
[    2.652601] usb 2-1.1: new low-speed USB device number 3 using ehci-pci
[    2.737491] IPv6: ADDRCONF(NETDEV_UP): p9p1: link is not ready
[    2.753278] usb 2-1.1: New USB device found, idVendor=04ca, idProduct=0027
[    2.753283] usb 2-1.1: New USB device strings: Mfr=1, Product=2, SerialNumber=0
[    2.753286] usb 2-1.1: Product: USB Multimedia Keyboard
[    2.753289] usb 2-1.1: Manufacturer: Lite-On Technology Corp.
[    2.792684] Switched to clocksource tsc
[    2.824846] usb 2-1.4: new full-speed USB device number 4 using ehci-pci
[    2.854332] systemd-udevd[321]: starting version 204
[    2.921143] usb 2-1.4: New USB device found, idVendor=8087, idProduct=07da
[    2.921150] usb 2-1.4: New USB device strings: Mfr=0, Product=0, SerialNumber=0
[    2.925863] EXT4-fs (sda2): re-mounted. Opts: errors=remount-ro
[    2.946747] lp: driver loaded but no devices found
[    2.960751] ppdev: user-space parallel port driver
[    2.985229] [drm] Initialized drm 1.1.0 20060810
[    2.992807] usb 2-1.7: new low-speed USB device number 5 using ehci-pci
[    3.020152] mei_me 0000:00:16.0: irq 49 for MSI/MSI-X
[    3.025600] [drm] Memory usable by graphics device = 2048M
[    3.025605] checking generic (a0000000 300000) vs hw (a0000000 10000000)
[    3.025608] fb: conflicting fb hw usage inteldrmfb vs EFI VGA - removing generic driver
[    3.025625] Console: switching to colour dummy device 80x25
[    3.077215] type=1400 audit(1409654961.764:2): apparmor="STATUS" operation="profile_load" profile="unconfined" name="/sbin/dhclient" pid=405 comm="apparmor_parser"
[    3.077225] type=1400 audit(1409654961.764:3): apparmor="STATUS" operation="profile_load" profile="unconfined" name="/usr/lib/NetworkManager/nm-dhcp-client.action" pid=405 comm="apparmor_parser"
[    3.077232] type=1400 audit(1409654961.764:4): apparmor="STATUS" operation="profile_load" profile="unconfined" name="/usr/lib/connman/scripts/dhclient-script" pid=405 comm="apparmor_parser"
[    3.078424] type=1400 audit(1409654961.764:5): apparmor="STATUS" operation="profile_replace" profile="unconfined" name="/usr/lib/NetworkManager/nm-dhcp-client.action" pid=405 comm="apparmor_parser"
[    3.078435] type=1400 audit(1409654961.764:6): apparmor="STATUS" operation="profile_replace" profile="unconfined" name="/usr/lib/connman/scripts/dhclient-script" pid=405 comm="apparmor_parser"
[    3.078805] type=1400 audit(1409654961.764:7): apparmor="STATUS" operation="profile_replace" profile="unconfined" name="/usr/lib/connman/scripts/dhclient-script" pid=405 comm="apparmor_parser"
[    3.100880] usb 2-1.7: New USB device found, idVendor=0461, idProduct=4d15
[    3.100886] usb 2-1.7: New USB device strings: Mfr=0, Product=2, SerialNumber=0
[    3.100890] usb 2-1.7: Product: USB Optical Mouse
[    3.100986] i915 0000:00:02.0: irq 50 for MSI/MSI-X
[    3.101000] [drm] Supports vblank timestamp caching Rev 2 (21.10.2013).
[    3.101002] [drm] Driver supports precise vblank timestamp query.
[    3.101171] vgaarb: device changed decodes: PCI:0000:00:02.0,olddecodes=io+mem,decodes=io+mem:owns=io+mem
[    3.137638] cfg80211: Calling CRDA to update world regulatory domain
[    3.151366] Intel(R) Wireless WiFi driver for Linux, in-tree:
[    3.151371] Copyright(c) 2003-2013 Intel Corporation
[    3.151430] iwlwifi 0000:02:00.0: enabling device (0000 -> 0002)
[    3.151513] iwlwifi 0000:02:00.0: can't disable ASPM; OS doesn't have ASPM control
[    3.151617] iwlwifi 0000:02:00.0: irq 51 for MSI/MSI-X
[    3.174080] iwlwifi 0000:02:00.0: loaded firmware version 18.168.6.1 op_mode iwldvm
[    3.199838] hidraw: raw HID events driver (C) Jiri Kosina
[    3.208901] [drm] GMBUS [i915 gmbus vga] timed out, falling back to bit banging on pin 2
[    3.214591] iwlwifi 0000:02:00.0: CONFIG_IWLWIFI_DEBUG disabled
[    3.214597] iwlwifi 0000:02:00.0: CONFIG_IWLWIFI_DEBUGFS enabled
[    3.214600] iwlwifi 0000:02:00.0: CONFIG_IWLWIFI_DEVICE_TRACING enabled
[    3.214604] iwlwifi 0000:02:00.0: Detected Intel(R) Centrino(R) Advanced-N 6235 AGN, REV=0xB0
[    3.214668] iwlwifi 0000:02:00.0: L1 Disabled; Enabling L0S
[    3.259469] usbcore: registered new interface driver usbhid
[    3.259473] usbhid: USB HID core driver
[    3.272028] ieee80211 phy0: Selected rate control algorithm 'iwl-agn-rs'
[    3.323089] fbcon: inteldrmfb (fb0) is primary device
[    3.404321] Bluetooth: Core ver 2.17
[    3.404342] NET: Registered protocol family 31
[    3.404343] Bluetooth: HCI device and connection manager initialized
[    3.404350] Bluetooth: HCI socket layer initialized
[    3.404353] Bluetooth: L2CAP socket layer initialized
[    3.404358] Bluetooth: SCO socket layer initialized
[    3.413189] Bluetooth: BNEP (Ethernet Emulation) ver 1.3
[    3.413190] Bluetooth: BNEP filters: protocol multicast
[    3.413199] Bluetooth: BNEP socket layer initialized
[    3.414446] usbcore: registered new interface driver btusb
[    3.432442] cfg80211: World regulatory domain updated:
[    3.432443] cfg80211:   (start_freq - end_freq @ bandwidth), (max_antenna_gain, max_eirp)
[    3.432445] cfg80211:   (2402000 KHz - 2472000 KHz @ 40000 KHz), (300 mBi, 2000 mBm)
[    3.432446] cfg80211:   (2457000 KHz - 2482000 KHz @ 40000 KHz), (300 mBi, 2000 mBm)
[    3.432447] cfg80211:   (2474000 KHz - 2494000 KHz @ 20000 KHz), (300 mBi, 2000 mBm)
[    3.432448] cfg80211:   (5170000 KHz - 5250000 KHz @ 40000 KHz), (300 mBi, 2000 mBm)
[    3.432448] cfg80211:   (5735000 KHz - 5835000 KHz @ 40000 KHz), (300 mBi, 2000 mBm)
[    3.436851] input: Lite-On Technology Corp. USB Multimedia Keyboard as /devices/pci0000:00/0000:00:1d.0/usb2/2-1/2-1.1/2-1.1:1.0/input/input2
[    3.436989] hid-generic 0003:04CA:0027.0001: input,hidraw0: USB HID v1.10 Keyboard [Lite-On Technology Corp. USB Multimedia Keyboard] on usb-0000:00:1d.0-1.1/input0
[    3.438769] input: Lite-On Technology Corp. USB Multimedia Keyboard as /devices/pci0000:00/0000:00:1d.0/usb2/2-1/2-1.1/2-1.1:1.1/input/input3
[    3.438950] hid-generic 0003:04CA:0027.0002: input,hiddev0,hidraw1: USB HID v1.10 Device [Lite-On Technology Corp. USB Multimedia Keyboard] on usb-0000:00:1d.0-1.1/input1
[    3.439113] input: USB Optical Mouse as /devices/pci0000:00/0000:00:1d.0/usb2/2-1/2-1.7/2-1.7:1.0/input/input4
[    3.439709] hid-generic 0003:0461:4D15.0003: input,hidraw2: USB HID v1.11 Mouse [USB Optical Mouse] on usb-0000:00:1d.0-1.7/input0
[    3.460085] intel_rapl: domain uncore energy ctr 20770:20770 not working, skip
[    3.529177] Console: switching to colour frame buffer device 240x67
[    3.535523] i915 0000:00:02.0: fb0: inteldrmfb frame buffer device
[    3.535525] i915 0000:00:02.0: registered panic notifier
[    3.543882] Bluetooth: RFCOMM TTY layer initialized
[    3.543894] Bluetooth: RFCOMM socket layer initialized
[    3.543902] Bluetooth: RFCOMM ver 1.11
[    3.547299] ACPI: Video Device [GFX0] (multi-head: yes  rom: no  post: no)
[    3.547556] input: Video Bus as /devices/LNXSYSTM:00/device:00/PNP0A08:00/LNXVIDEO:00/input/input5
[    3.551067] [drm] Initialized i915 1.6.0 20080730 for 0000:00:02.0 on minor 0
[    3.551149] snd_hda_intel 0000:00:1b.0: enabling device (0000 -> 0002)
[    3.551349] snd_hda_intel 0000:00:1b.0: irq 52 for MSI/MSI-X
[    3.574134] input: HDA Intel PCH HDMI/DP,pcm=7 as /devices/pci0000:00/0000:00:1b.0/sound/card0/input7
[    3.574546] input: HDA Intel PCH HDMI/DP,pcm=3 as /devices/pci0000:00/0000:00:1b.0/sound/card0/input6
[    3.575366] ACPI Warning: 0x0000000000000428-0x000000000000042f SystemIO conflicts with Region \PMIO 1 (20131115/utaddress-251)
[    3.575378] ACPI: If an ACPI driver is available for this device, you should use it instead of the native driver
[    3.575383] ACPI Warning: 0x0000000000000530-0x000000000000053f SystemIO conflicts with Region \GPIO 1 (20131115/utaddress-251)
[    3.575389] ACPI: If an ACPI driver is available for this device, you should use it instead of the native driver
[    3.575392] ACPI Warning: 0x0000000000000500-0x000000000000052f SystemIO conflicts with Region \GPIO 1 (20131115/utaddress-251)
[    3.575397] ACPI: If an ACPI driver is available for this device, you should use it instead of the native driver
[    3.575400] lpc_ich: Resource conflict(s) found affecting gpio_ich
[    3.592157] type=1400 audit(1409654962.276:8): apparmor="STATUS" operation="profile_load" profile="unconfined" name="/usr/lib/cups/backend/cups-pdf" pid=594 comm="apparmor_parser"
[    3.592166] type=1400 audit(1409654962.276:9): apparmor="STATUS" operation="profile_load" profile="unconfined" name="/usr/sbin/cupsd" pid=594 comm="apparmor_parser"
[    3.592739] type=1400 audit(1409654962.276:10): apparmor="STATUS" operation="profile_replace" profile="unconfined" name="/usr/sbin/cupsd" pid=594 comm="apparmor_parser"
[    3.649754] init: udev-fallback-graphics main process (607) terminated with status 1
[    3.752053] init: cups main process (595) killed by HUP signal
[    3.752073] init: cups main process ended, respawning
[    4.087052] iwlwifi 0000:02:00.0: L1 Disabled; Enabling L0S
[    4.093818] iwlwifi 0000:02:00.0: Radio type=0x2-0x1-0x0
[    4.376080] iwlwifi 0000:02:00.0: L1 Disabled; Enabling L0S
[    4.382824] iwlwifi 0000:02:00.0: Radio type=0x2-0x1-0x0
[    4.471114] IPv6: ADDRCONF(NETDEV_UP): wlan0: link is not ready
[    4.471577] IPv6: ADDRCONF(NETDEV_UP): wlan0: link is not ready
[    4.476129] tg3 0000:08:00.0: irq 53 for MSI/MSI-X
[    4.476139] tg3 0000:08:00.0: irq 54 for MSI/MSI-X
[    4.476145] tg3 0000:08:00.0: irq 55 for MSI/MSI-X
[    4.476155] tg3 0000:08:00.0: irq 56 for MSI/MSI-X
[    4.476161] tg3 0000:08:00.0: irq 57 for MSI/MSI-X
[    4.644899] IPv6: ADDRCONF(NETDEV_UP): p9p1: link is not ready
[    4.645414] IPv6: ADDRCONF(NETDEV_UP): p9p1: link is not ready
[    4.736492] random: nonblocking pool is initialized
[    4.826390] [drm] Enabling RC6 states: RC6 on, RC6p on, RC6pp off
[    5.346718] init: plymouth-upstart-bridge main process ended, respawning
[   33.774020] audit_printk_skb: 108 callbacks suppressed
[   33.774025] type=1400 audit(1409654992.440:47): apparmor="STATUS" operation="profile_replace" profile="unconfined" name="/usr/lib/cups/backend/cups-pdf" pid=2060 comm="apparmor_parser"
[   33.774032] type=1400 audit(1409654992.440:48): apparmor="STATUS" operation="profile_replace" profile="unconfined" name="/usr/sbin/cupsd" pid=2060 comm="apparmor_parser"
[   33.774546] type=1400 audit(1409654992.440:49): apparmor="STATUS" operation="profile_replace" profile="unconfined" name="/usr/sbin/cupsd" pid=2060 comm="apparmor_parser"
[   70.015853] tg3 0000:08:00.0: tg3_abort_hw timed out, TX_MODE_ENABLE will not clear MAC_TX_MODE=ffffffff
[   70.257692] pci_bus 0000:05: busn_res: [bus 05] is released
[   70.289054] pci_bus 0000:08: busn_res: [bus 08] is released
[   70.289144] pci_bus 0000:07: busn_res: [bus 07-30] is released
[   70.289212] pci_bus 0000:06: busn_res: [bus 06-30] is released
[   70.289272] pci_bus 0000:31: busn_res: [bus 31-39] is released
[   70.289333] pci_bus 0000:3a: busn_res: [bus 3a] is released
[   70.289393] pci_bus 0000:3b: busn_res: [bus 3b] is released
[   70.289451] pci_bus 0000:04: busn_res: [bus 04-3b] is released
[  124.943289] type=1400 audit(1409655083.548:50): apparmor="STATUS" operation="profile_replace" profile="unconfined" name="/usr/lib/lightdm/lightdm-guest-session" pid=2161 comm="apparmor_parser"
[  124.961050] type=1400 audit(1409655083.568:51): apparmor="STATUS" operation="profile_replace" profile="unconfined" name="chromium" pid=2161 comm="apparmor_parser"
[  124.961179] type=1400 audit(1409655083.568:52): apparmor="STATUS" operation="profile_replace" profile="unconfined" name="/sbin/dhclient" pid=2162 comm="apparmor_parser"
[  124.961192] type=1400 audit(1409655083.568:53): apparmor="STATUS" operation="profile_replace" profile="unconfined" name="/usr/lib/NetworkManager/nm-dhcp-client.action" pid=2162 comm="apparmor_parser"
[  124.961197] type=1400 audit(1409655083.568:54): apparmor="STATUS" operation="profile_replace" profile="unconfined" name="/usr/lib/connman/scripts/dhclient-script" pid=2162 comm="apparmor_parser"
[  124.961230] type=1400 audit(1409655083.568:55): apparmor="STATUS" operation="profile_replace" profile="unconfined" name="/usr/sbin/cups-browsed" pid=2165 comm="apparmor_parser"
[  124.961263] type=1400 audit(1409655083.568:56): apparmor="STATUS" operation="profile_replace" profile="unconfined" name="/usr/bin/evince" pid=2163 comm="apparmor_parser"
[  124.973028] type=1400 audit(1409655083.580:57): apparmor="STATUS" operation="profile_replace" profile="unconfined" name="sanitized_helper" pid=2163 comm="apparmor_parser"
[  124.973057] type=1400 audit(1409655083.580:58): apparmor="STATUS" operation="profile_replace" profile="unconfined" name="/usr/bin/evince-previewer" pid=2163 comm="apparmor_parser"
[  124.985092] type=1400 audit(1409655083.592:59): apparmor="STATUS" operation="profile_replace" profile="unconfined" name="sanitized_helper" pid=2163 comm="apparmor_parser"
[  125.320824] init: plymouth-stop pre-start process (2285) terminated with status 1
[  367.985476] pci 0000:03:00.0: [8086:1548] type 01 class 0x060400
[  367.985819] pci 0000:03:00.0: supports D1 D2
[  367.985824] pci 0000:03:00.0: PME# supported from D0 D1 D2 D3hot D3cold
[  367.985929] pci 0000:03:00.0: System wakeup disabled by ACPI
[  367.992696] pci 0000:04:00.0: [8086:1548] type 01 class 0x060400
[  367.993013] pci 0000:04:00.0: supports D1 D2
[  367.993016] pci 0000:04:00.0: PME# supported from D0 D1 D2 D3hot D3cold
[  367.993209] pci 0000:04:03.0: [8086:1548] type 01 class 0x060400
[  367.993515] pci 0000:04:03.0: supports D1 D2
[  367.993517] pci 0000:04:03.0: PME# supported from D0 D1 D2 D3hot D3cold
[  367.993668] pci 0000:04:04.0: [8086:1548] type 01 class 0x060400
[  367.993975] pci 0000:04:04.0: supports D1 D2
[  367.993976] pci 0000:04:04.0: PME# supported from D0 D1 D2 D3hot D3cold
[  367.994122] pci 0000:04:05.0: [8086:1548] type 01 class 0x060400
[  367.994407] pci 0000:04:05.0: supports D1 D2
[  367.994408] pci 0000:04:05.0: PME# supported from D0 D1 D2 D3hot D3cold
[  367.994561] pci 0000:04:06.0: [8086:1548] type 01 class 0x060400
[  367.994844] pci 0000:04:06.0: supports D1 D2
[  367.994846] pci 0000:04:06.0: PME# supported from D0 D1 D2 D3hot D3cold
[  367.995048] pci 0000:03:00.0: PCI bridge to [bus 04-3b]
[  367.995075] pci 0000:03:00.0:   bridge window [mem 0xe0000000-0xf60fffff]
[  367.995094] pci 0000:03:00.0:   bridge window [mem 0xb0000000-0xd1ffffff 64bit pref]
[  367.995258] pci 0000:04:00.0: PCI bridge to [bus 05]
[  367.995284] pci 0000:04:00.0:   bridge window [mem 0xf6000000-0xf60fffff]
[  367.995461] pci 0000:04:03.0: PCI bridge to [bus 06-30]
[  367.995486] pci 0000:04:03.0:   bridge window [mem 0xe0000000-0xedffffff]
[  367.995506] pci 0000:04:03.0:   bridge window [mem 0xb0000000-0xc9ffffff 64bit pref]
[  367.995671] pci 0000:04:04.0: PCI bridge to [bus 31-39]
[  367.995699] pci 0000:04:04.0:   bridge window [mem 0xee000000-0xf5ffffff]
[  367.995718] pci 0000:04:04.0:   bridge window [mem 0xca000000-0xd1ffffff 64bit pref]
[  367.995888] pci 0000:04:05.0: PCI bridge to [bus 3a]
[  367.996100] pci 0000:04:06.0: PCI bridge to [bus 3b]
[  367.996251] pci_bus 0000:04: Allocating resources
[  367.996344] pci 0000:04:00.0: bridge window [io  0x1000-0x0fff] to [bus 05] add_size 1000
[  367.996351] pci 0000:04:00.0: bridge window [mem 0x00100000-0x000fffff 64bit pref] to [bus 05] add_size 200000
[  367.996380] pci 0000:04:03.0: bridge window [io  0x1000-0x0fff] to [bus 06-30] add_size 1000
[  367.996411] pci 0000:04:04.0: bridge window [io  0x1000-0x0fff] to [bus 31-39] add_size 1000
[  367.996443] pci 0000:04:05.0: bridge window [io  0x1000-0x0fff] to [bus 3a] add_size 1000
[  367.996447] pci 0000:04:05.0: bridge window [mem 0x00100000-0x000fffff 64bit pref] to [bus 3a] add_size 200000
[  367.996451] pci 0000:04:05.0: bridge window [mem 0x00100000-0x000fffff] to [bus 3a] add_size 200000
[  367.996483] pci 0000:04:06.0: bridge window [io  0x1000-0x0fff] to [bus 3b] add_size 1000
[  367.996488] pci 0000:04:06.0: bridge window [mem 0x00100000-0x000fffff 64bit pref] to [bus 3b] add_size 200000
[  367.996492] pci 0000:04:06.0: bridge window [mem 0x00100000-0x000fffff] to [bus 3b] add_size 200000
[  367.996524] pci 0000:04:00.0: res[13]=[io  0x1000-0x0fff] get_res_add_size add_size 1000
[  367.996528] pci 0000:04:03.0: res[13]=[io  0x1000-0x0fff] get_res_add_size add_size 1000
[  367.996532] pci 0000:04:04.0: res[13]=[io  0x1000-0x0fff] get_res_add_size add_size 1000
[  367.996536] pci 0000:04:05.0: res[13]=[io  0x1000-0x0fff] get_res_add_size add_size 1000
[  367.996540] pci 0000:04:06.0: res[13]=[io  0x1000-0x0fff] get_res_add_size add_size 1000
[  367.996544] pci 0000:03:00.0: bridge window [io  0x1000-0x0fff] to [bus 04-3b] add_size 5000
[  367.996549] pci 0000:03:00.0: res[13]=[io  0x1000-0x0fff] get_res_add_size add_size 5000
[  367.996554] pci 0000:03:00.0: BAR 13: assigned [io  0x2000-0x6fff]
[  367.996563] pci 0000:04:00.0: res[15]=[mem 0x00100000-0x000fffff 64bit pref] get_res_add_size add_size 200000
[  367.996567] pci 0000:04:05.0: res[14]=[mem 0x00100000-0x000fffff] get_res_add_size add_size 200000
[  367.996571] pci 0000:04:05.0: res[15]=[mem 0x00100000-0x000fffff 64bit pref] get_res_add_size add_size 200000
[  367.996575] pci 0000:04:06.0: res[14]=[mem 0x00100000-0x000fffff] get_res_add_size add_size 200000
[  367.996580] pci 0000:04:06.0: res[15]=[mem 0x00100000-0x000fffff 64bit pref] get_res_add_size add_size 200000
[  367.996584] pci 0000:04:00.0: res[13]=[io  0x1000-0x0fff] get_res_add_size add_size 1000
[  367.996588] pci 0000:04:03.0: res[13]=[io  0x1000-0x0fff] get_res_add_size add_size 1000
[  367.996592] pci 0000:04:04.0: res[13]=[io  0x1000-0x0fff] get_res_add_size add_size 1000
[  367.996595] pci 0000:04:05.0: res[13]=[io  0x1000-0x0fff] get_res_add_size add_size 1000
[  367.996599] pci 0000:04:06.0: res[13]=[io  0x1000-0x0fff] get_res_add_size add_size 1000
[  367.996604] pci 0000:04:00.0: BAR 15: can't assign mem pref (size 0x200000)
[  367.996608] pci 0000:04:05.0: BAR 14: can't assign mem (size 0x200000)
[  367.996613] pci 0000:04:05.0: BAR 15: can't assign mem pref (size 0x200000)
[  367.996616] pci 0000:04:06.0: BAR 14: can't assign mem (size 0x200000)
[  367.996620] pci 0000:04:06.0: BAR 15: can't assign mem pref (size 0x200000)
[  367.996626] pci 0000:04:00.0: BAR 13: assigned [io  0x2000-0x2fff]
[  367.996628] pci 0000:04:03.0: BAR 13: assigned [io  0x3000-0x3fff]
[  367.996630] pci 0000:04:04.0: BAR 13: assigned [io  0x4000-0x4fff]
[  367.996633] pci 0000:04:05.0: BAR 13: assigned [io  0x5000-0x5fff]
[  367.996635] pci 0000:04:06.0: BAR 13: assigned [io  0x6000-0x6fff]
[  367.996639] pci 0000:04:06.0: BAR 14: can't assign mem (size 0x200000)
[  367.996642] pci 0000:04:06.0: BAR 15: can't assign mem pref (size 0x200000)
[  367.996644] pci 0000:04:05.0: BAR 14: can't assign mem (size 0x200000)
[  367.996646] pci 0000:04:05.0: BAR 15: can't assign mem pref (size 0x200000)
[  367.996648] pci 0000:04:00.0: BAR 15: can't assign mem pref (size 0x200000)
[  367.996651] pci 0000:04:00.0: PCI bridge to [bus 05]
[  367.996665] pci 0000:04:00.0:   bridge window [io  0x2000-0x2fff]
[  367.996680] pci 0000:04:00.0:   bridge window [mem 0xf6000000-0xf60fffff]
[  367.996708] pci 0000:04:03.0: PCI bridge to [bus 06-30]
[  367.996714] pci 0000:04:03.0:   bridge window [io  0x3000-0x3fff]
[  367.996729] pci 0000:04:03.0:   bridge window [mem 0xe0000000-0xedffffff]
[  367.996740] pci 0000:04:03.0:   bridge window [mem 0xb0000000-0xc9ffffff 64bit pref]
[  367.996759] pci 0000:04:04.0: PCI bridge to [bus 31-39]
[  367.996765] pci 0000:04:04.0:   bridge window [io  0x4000-0x4fff]
[  367.996780] pci 0000:04:04.0:   bridge window [mem 0xee000000-0xf5ffffff]
[  367.996792] pci 0000:04:04.0:   bridge window [mem 0xca000000-0xd1ffffff 64bit pref]
[  367.996811] pci 0000:04:05.0: PCI bridge to [bus 3a]
[  367.996817] pci 0000:04:05.0:   bridge window [io  0x5000-0x5fff]
[  367.996857] pci 0000:04:06.0: PCI bridge to [bus 3b]
[  367.996863] pci 0000:04:06.0:   bridge window [io  0x6000-0x6fff]
[  367.996903] pci 0000:03:00.0: PCI bridge to [bus 04-3b]
[  367.996910] pci 0000:03:00.0:   bridge window [io  0x2000-0x6fff]
[  367.996925] pci 0000:03:00.0:   bridge window [mem 0xe0000000-0xf60fffff]
[  367.996935] pci 0000:03:00.0:   bridge window [mem 0xb0000000-0xd1ffffff 64bit pref]
[  367.997523] pcieport 0000:03:00.0: enabling device (0106 -> 0107)
[  367.997672] pcieport 0000:03:00.0: irq 40 for MSI/MSI-X
[  367.997922] pcieport 0000:04:00.0: enabling device (0106 -> 0107)
[  367.998043] pcieport 0000:04:00.0: irq 41 for MSI/MSI-X
[  367.998285] pcieport 0000:04:03.0: enabling device (0106 -> 0107)
[  367.998403] pcieport 0000:04:03.0: irq 42 for MSI/MSI-X
[  367.998652] pcieport 0000:04:04.0: enabling device (0106 -> 0107)
[  367.998757] pcieport 0000:04:04.0: irq 43 for MSI/MSI-X
[  367.999005] pcieport 0000:04:05.0: enabling device (0104 -> 0105)
[  367.999116] pcieport 0000:04:05.0: irq 44 for MSI/MSI-X
[  367.999367] pcieport 0000:04:06.0: enabling device (0104 -> 0105)
[  367.999480] pcieport 0000:04:06.0: irq 45 for MSI/MSI-X
[  368.146835] shpchp: Standard Hot Plug PCI Controller Driver version: 0.4
[  371.673613] pci 0000:06:00.0: [8086:1549] type 01 class 0x060400
[  371.673906] pci 0000:06:00.0: supports D1 D2
[  371.673912] pci 0000:06:00.0: PME# supported from D0 D1 D2 D3hot D3cold
[  371.674426] pci 0000:07:00.0: [8086:1549] type 01 class 0x060400
[  371.674732] pci 0000:07:00.0: supports D1 D2
[  371.674737] pci 0000:07:00.0: PME# supported from D0 D1 D2 D3hot D3cold
[  371.675022] pci 0000:06:00.0: PCI bridge to [bus 07-30]
[  371.675058] pci 0000:06:00.0:   bridge window [mem 0xe0000000-0xedffffff]
[  371.675080] pci 0000:06:00.0:   bridge window [mem 0xb0000000-0xc9ffffff 64bit pref]
[  371.675359] pci 0000:08:00.0: [14e4:1682] type 00 class 0x020000
[  371.675443] pci 0000:08:00.0: reg 0x10: [mem 0xb0000000-0xb000ffff 64bit pref]
[  371.675507] pci 0000:08:00.0: reg 0x18: [mem 0xb0010000-0xb001ffff 64bit pref]
[  371.675622] pci 0000:08:00.0: reg 0x30: [mem 0xe0100000-0xe010ffff pref]
[  371.675887] pci 0000:08:00.0: PME# supported from D0 D3hot D3cold
[  371.676147] pci 0000:07:00.0: PCI bridge to [bus 08]
[  371.676169] pci 0000:07:00.0:   bridge window [io  0xf000-0xe0000fff]
[  371.676182] pci 0000:07:00.0:   bridge window [mem 0xe0000000-0xe3ffffff]
[  371.676201] pci 0000:07:00.0:   bridge window [mem 0xb0000000-0xbfffffff 64bit pref]
[  371.676355] pci_bus 0000:04: Allocating resources
[  371.676363] pci 0000:07:00.0: no compatible bridge window for [io  0xf000-0xe0000fff]
[  371.676446] pcieport 0000:04:00.0: bridge window [mem 0x00100000-0x000fffff 64bit pref] to [bus 05] add_size 200000
[  371.676476] pci 0000:07:00.0: bridge window [io  0x1000-0x0fff] to [bus 08] add_size 1000
[  371.676505] pci 0000:07:00.0: res[13]=[io  0x1000-0x0fff] get_res_add_size add_size 1000
[  371.676511] pci 0000:06:00.0: bridge window [io  0x1000-0x0fff] to [bus 07-30] add_size 1000
[  371.676564] pcieport 0000:04:05.0: bridge window [mem 0x00100000-0x000fffff 64bit pref] to [bus 3a] add_size 200000
[  371.676569] pcieport 0000:04:05.0: bridge window [mem 0x00100000-0x000fffff] to [bus 3a] add_size 200000
[  371.676591] pcieport 0000:04:06.0: bridge window [mem 0x00100000-0x000fffff 64bit pref] to [bus 3b] add_size 200000
[  371.676597] pcieport 0000:04:06.0: bridge window [mem 0x00100000-0x000fffff] to [bus 3b] add_size 200000
[  371.676624] pcieport 0000:04:00.0: res[15]=[mem 0x00100000-0x000fffff 64bit pref] get_res_add_size add_size 200000
[  371.676630] pcieport 0000:04:05.0: res[14]=[mem 0x00100000-0x000fffff] get_res_add_size add_size 200000
[  371.676635] pcieport 0000:04:05.0: res[15]=[mem 0x00100000-0x000fffff 64bit pref] get_res_add_size add_size 200000
[  371.676640] pcieport 0000:04:06.0: res[14]=[mem 0x00100000-0x000fffff] get_res_add_size add_size 200000
[  371.676646] pcieport 0000:04:06.0: res[15]=[mem 0x00100000-0x000fffff 64bit pref] get_res_add_size add_size 200000
[  371.676654] pcieport 0000:04:00.0: BAR 15: can't assign mem pref (size 0x200000)
[  371.676659] pcieport 0000:04:05.0: BAR 14: can't assign mem (size 0x200000)
[  371.676665] pcieport 0000:04:05.0: BAR 15: can't assign mem pref (size 0x200000)
[  371.676670] pcieport 0000:04:06.0: BAR 14: can't assign mem (size 0x200000)
[  371.676674] pcieport 0000:04:06.0: BAR 15: can't assign mem pref (size 0x200000)
[  371.676681] pcieport 0000:04:06.0: BAR 14: can't assign mem (size 0x200000)
[  371.676687] pcieport 0000:04:06.0: BAR 15: can't assign mem pref (size 0x200000)
[  371.676692] pcieport 0000:04:05.0: BAR 14: can't assign mem (size 0x200000)
[  371.676697] pcieport 0000:04:05.0: BAR 15: can't assign mem pref (size 0x200000)
[  371.676702] pcieport 0000:04:00.0: BAR 15: can't assign mem pref (size 0x200000)
[  371.676709] pci 0000:06:00.0: res[13]=[io  0x1000-0x0fff] get_res_add_size add_size 1000
[  371.676716] pci 0000:06:00.0: BAR 13: assigned [io  0x3000-0x3fff]
[  371.676722] pci 0000:07:00.0: res[13]=[io  0x1000-0x0fff] get_res_add_size add_size 1000
[  371.676727] pci 0000:07:00.0: BAR 13: assigned [io  0x3000-0x3fff]
[  371.676732] pci 0000:07:00.0: PCI bridge to [bus 08]
[  371.676740] pci 0000:07:00.0:   bridge window [io  0x3000-0x3fff]
[  371.676756] pci 0000:07:00.0:   bridge window [mem 0xe0000000-0xe3ffffff]
[  371.676769] pci 0000:07:00.0:   bridge window [mem 0xb0000000-0xbfffffff 64bit pref]
[  371.676788] pci 0000:06:00.0: PCI bridge to [bus 07-30]
[  371.676797] pci 0000:06:00.0:   bridge window [io  0x3000-0x3fff]
[  371.676812] pci 0000:06:00.0:   bridge window [mem 0xe0000000-0xedffffff]
[  371.676825] pci 0000:06:00.0:   bridge window [mem 0xb0000000-0xc9ffffff 64bit pref]
[  371.677588] pcieport 0000:06:00.0: enabling device (0106 -> 0107)
[  371.677787] pcieport 0000:06:00.0: irq 46 for MSI/MSI-X
[  371.678072] pcieport 0000:07:00.0: enabling device (0106 -> 0107)
[  371.678238] pcieport 0000:07:00.0: irq 47 for MSI/MSI-X
[  371.735795] tg3 0000:08:00.0 eth0: Tigon3 [partno(BCM957762) rev 57766000] (PCI Express) MAC address 40:6c:8f:39:1b:19
[  371.735802] tg3 0000:08:00.0 eth0: attached PHY is 57765 (10/100/1000Base-T Ethernet) (WireSpeed[1], EEE[1])
[  371.735806] tg3 0000:08:00.0 eth0: RXcsums[1] LinkChgREG[0] MIirq[0] ASF[0] TSOcap[1]
[  371.735809] tg3 0000:08:00.0 eth0: dma_rwctrl[00000001] dma_mask[64-bit]
[  371.736396] pci_bus 0000:04: Allocating resources
[  371.736467] pcieport 0000:04:00.0: bridge window [mem 0x00100000-0x000fffff 64bit pref] to [bus 05] add_size 200000
[  371.736547] pcieport 0000:04:05.0: bridge window [mem 0x00100000-0x000fffff 64bit pref] to [bus 3a] add_size 200000
[  371.736552] pcieport 0000:04:05.0: bridge window [mem 0x00100000-0x000fffff] to [bus 3a] add_size 200000
[  371.736569] pcieport 0000:04:06.0: bridge window [mem 0x00100000-0x000fffff 64bit pref] to [bus 3b] add_size 200000
[  371.736573] pcieport 0000:04:06.0: bridge window [mem 0x00100000-0x000fffff] to [bus 3b] add_size 200000
[  371.736594] pcieport 0000:04:00.0: res[15]=[mem 0x00100000-0x000fffff 64bit pref] get_res_add_size add_size 200000
[  371.736597] pcieport 0000:04:05.0: res[14]=[mem 0x00100000-0x000fffff] get_res_add_size add_size 200000
[  371.736601] pcieport 0000:04:05.0: res[15]=[mem 0x00100000-0x000fffff 64bit pref] get_res_add_size add_size 200000
[  371.736605] pcieport 0000:04:06.0: res[14]=[mem 0x00100000-0x000fffff] get_res_add_size add_size 200000
[  371.736608] pcieport 0000:04:06.0: res[15]=[mem 0x00100000-0x000fffff 64bit pref] get_res_add_size add_size 200000
[  371.736614] pcieport 0000:04:00.0: BAR 15: can't assign mem pref (size 0x200000)
[  371.736618] pcieport 0000:04:05.0: BAR 14: can't assign mem (size 0x200000)
[  371.736622] pcieport 0000:04:05.0: BAR 15: can't assign mem pref (size 0x200000)
[  371.736625] pcieport 0000:04:06.0: BAR 14: can't assign mem (size 0x200000)
[  371.736629] pcieport 0000:04:06.0: BAR 15: can't assign mem pref (size 0x200000)
[  371.736634] pcieport 0000:04:06.0: BAR 14: can't assign mem (size 0x200000)
[  371.736637] pcieport 0000:04:06.0: BAR 15: can't assign mem pref (size 0x200000)
[  371.736641] pcieport 0000:04:05.0: BAR 14: can't assign mem (size 0x200000)
[  371.736644] pcieport 0000:04:05.0: BAR 15: can't assign mem pref (size 0x200000)
[  371.736648] pcieport 0000:04:00.0: BAR 15: can't assign mem pref (size 0x200000)
[  371.759248] systemd-udevd[2390]: renamed network interface eth0 to p9p1
[  371.766238] tg3 0000:08:00.0: irq 53 for MSI/MSI-X
[  371.766268] tg3 0000:08:00.0: irq 54 for MSI/MSI-X
[  371.766291] tg3 0000:08:00.0: irq 55 for MSI/MSI-X
[  371.766315] tg3 0000:08:00.0: irq 56 for MSI/MSI-X
[  371.766337] tg3 0000:08:00.0: irq 57 for MSI/MSI-X
[  371.933849] IPv6: ADDRCONF(NETDEV_UP): p9p1: link is not ready
[  371.934215] IPv6: ADDRCONF(NETDEV_UP): p9p1: link is not ready
