[    0.000000] Initializing cgroup subsys cpuset
[    0.000000] Initializing cgroup subsys cpu
[    0.000000] Initializing cgroup subsys cpuacct
[    0.000000] Linux version 3.17.0-rc3minimal-tbhack-00002-g7505cea-dirty (larsbk@nuc) (gcc version 4.8.2 (Ubuntu 4.8.2-19ubuntu1) ) #6 SMP Tue Sep 9 17:39:46 CEST 2014
[    0.000000] Command line: BOOT_IMAGE=/boot/vmlinuz-3.17.0-rc3minimal-tbhack-00002-g7505cea-dirty root=UUID=f54f0253-3e5a-4046-afe7-62f154b956d9 ro splash quiet crashkernel=384M-:128M vt.handoff=7
[    0.000000] KERNEL supported cpus:
[    0.000000]   Intel GenuineIntel
[    0.000000] e820: BIOS-provided physical RAM map:
[    0.000000] BIOS-e820: [mem 0x0000000000000000-0x000000000009efff] usable
[    0.000000] BIOS-e820: [mem 0x000000000009f000-0x000000000009ffff] reserved
[    0.000000] BIOS-e820: [mem 0x0000000000100000-0x000000001fffffff] usable
[    0.000000] BIOS-e820: [mem 0x0000000020000000-0x00000000201fffff] reserved
[    0.000000] BIOS-e820: [mem 0x0000000020200000-0x0000000040003fff] usable
[    0.000000] BIOS-e820: [mem 0x0000000040004000-0x0000000040004fff] reserved
[    0.000000] BIOS-e820: [mem 0x0000000040005000-0x000000007dfdcfff] usable
[    0.000000] BIOS-e820: [mem 0x000000007dfdd000-0x000000007e301fff] reserved
[    0.000000] BIOS-e820: [mem 0x000000007e302000-0x000000007e311fff] ACPI data
[    0.000000] BIOS-e820: [mem 0x000000007e312000-0x000000007e427fff] ACPI NVS
[    0.000000] BIOS-e820: [mem 0x000000007e428000-0x000000007e60afff] reserved
[    0.000000] BIOS-e820: [mem 0x000000007e60b000-0x000000007e69bfff] type 20
[    0.000000] BIOS-e820: [mem 0x000000007e69c000-0x000000007e69cfff] usable
[    0.000000] BIOS-e820: [mem 0x000000007e69d000-0x000000007e6dffff] ACPI NVS
[    0.000000] BIOS-e820: [mem 0x000000007e6e0000-0x000000007effffff] usable
[    0.000000] BIOS-e820: [mem 0x000000007f800000-0x000000009f9fffff] reserved
[    0.000000] BIOS-e820: [mem 0x00000000f8000000-0x00000000fbffffff] reserved
[    0.000000] BIOS-e820: [mem 0x00000000fec00000-0x00000000fec00fff] reserved
[    0.000000] BIOS-e820: [mem 0x00000000fed00000-0x00000000fed03fff] reserved
[    0.000000] BIOS-e820: [mem 0x00000000fed1c000-0x00000000fed1ffff] reserved
[    0.000000] BIOS-e820: [mem 0x00000000fee00000-0x00000000fee00fff] reserved
[    0.000000] BIOS-e820: [mem 0x00000000ff000000-0x00000000ffffffff] reserved
[    0.000000] BIOS-e820: [mem 0x0000000100000000-0x000000025f5fffff] usable
[    0.000000] NX (Execute Disable) protection: active
[    0.000000] efi: EFI v2.31 by American Megatrends
[    0.000000] efi:  ACPI=0x7e307000  ACPI 2.0=0x7e307000  SMBIOS=0xf04c0  MPS=0xfd440 
[    0.000000] efi: mem00: type=3, attr=0xf, range=[0x0000000000000000-0x0000000000008000) (0MB)
[    0.000000] efi: mem01: type=7, attr=0xf, range=[0x0000000000008000-0x000000000005e000) (0MB)
[    0.000000] efi: mem02: type=4, attr=0xf, range=[0x000000000005e000-0x0000000000060000) (0MB)
[    0.000000] efi: mem03: type=3, attr=0xf, range=[0x0000000000060000-0x000000000009f000) (0MB)
[    0.000000] efi: mem04: type=6, attr=0x800000000000000f, range=[0x000000000009f000-0x00000000000a0000) (0MB)
[    0.000000] efi: mem05: type=7, attr=0xf, range=[0x0000000000100000-0x0000000001000000) (15MB)
[    0.000000] efi: mem06: type=2, attr=0xf, range=[0x0000000001000000-0x000000000235c000) (19MB)
[    0.000000] efi: mem07: type=7, attr=0xf, range=[0x000000000235c000-0x0000000020000000) (476MB)
[    0.000000] efi: mem08: type=0, attr=0xf, range=[0x0000000020000000-0x0000000020200000) (2MB)
[    0.000000] efi: mem09: type=7, attr=0xf, range=[0x0000000020200000-0x00000000379fc000) (375MB)
[    0.000000] efi: mem10: type=2, attr=0xf, range=[0x00000000379fc000-0x0000000037cf6000) (2MB)
[    0.000000] efi: mem11: type=7, attr=0xf, range=[0x0000000037cf6000-0x0000000040004000) (131MB)
[    0.000000] efi: mem12: type=0, attr=0xf, range=[0x0000000040004000-0x0000000040005000) (0MB)
[    0.000000] efi: mem13: type=7, attr=0xf, range=[0x0000000040005000-0x0000000051fd1000) (287MB)
[    0.000000] efi: mem14: type=2, attr=0xf, range=[0x0000000051fd1000-0x000000006e74e000) (455MB)
[    0.000000] efi: mem15: type=7, attr=0xf, range=[0x000000006e74e000-0x000000006e754000) (0MB)
[    0.000000] efi: mem16: type=2, attr=0xf, range=[0x000000006e754000-0x000000006e92a000) (1MB)
[    0.000000] efi: mem17: type=1, attr=0xf, range=[0x000000006e92a000-0x000000006eb48000) (2MB)
[    0.000000] efi: mem18: type=7, attr=0xf, range=[0x000000006eb48000-0x0000000072057000) (53MB)
[    0.000000] efi: mem19: type=4, attr=0xf, range=[0x0000000072057000-0x0000000072072000) (0MB)
[    0.000000] efi: mem20: type=7, attr=0xf, range=[0x0000000072072000-0x0000000072075000) (0MB)
[    0.000000] efi: mem21: type=4, attr=0xf, range=[0x0000000072075000-0x0000000072076000) (0MB)
[    0.000000] efi: mem22: type=7, attr=0xf, range=[0x0000000072076000-0x0000000072078000) (0MB)
[    0.000000] efi: mem23: type=4, attr=0xf, range=[0x0000000072078000-0x0000000072079000) (0MB)
[    0.000000] efi: mem24: type=7, attr=0xf, range=[0x0000000072079000-0x000000007207b000) (0MB)
[    0.000000] efi: mem25: type=4, attr=0xf, range=[0x000000007207b000-0x000000007207c000) (0MB)
[    0.000000] efi: mem26: type=7, attr=0xf, range=[0x000000007207c000-0x000000007208b000) (0MB)
[    0.000000] efi: mem27: type=4, attr=0xf, range=[0x000000007208b000-0x000000007208c000) (0MB)
[    0.000000] efi: mem28: type=7, attr=0xf, range=[0x000000007208c000-0x00000000720c0000) (0MB)
[    0.000000] efi: mem29: type=4, attr=0xf, range=[0x00000000720c0000-0x00000000720ee000) (0MB)
[    0.000000] efi: mem30: type=7, attr=0xf, range=[0x00000000720ee000-0x00000000720ff000) (0MB)
[    0.000000] efi: mem31: type=4, attr=0xf, range=[0x00000000720ff000-0x000000007225b000) (1MB)
[    0.000000] efi: mem32: type=7, attr=0xf, range=[0x000000007225b000-0x0000000072270000) (0MB)
[    0.000000] efi: mem33: type=4, attr=0xf, range=[0x0000000072270000-0x0000000072558000) (2MB)
[    0.000000] efi: mem34: type=7, attr=0xf, range=[0x0000000072558000-0x0000000072559000) (0MB)
[    0.000000] efi: mem35: type=4, attr=0xf, range=[0x0000000072559000-0x0000000072563000) (0MB)
[    0.000000] efi: mem36: type=7, attr=0xf, range=[0x0000000072563000-0x0000000072566000) (0MB)
[    0.000000] efi: mem37: type=4, attr=0xf, range=[0x0000000072566000-0x0000000072568000) (0MB)
[    0.000000] efi: mem38: type=7, attr=0xf, range=[0x0000000072568000-0x0000000072569000) (0MB)
[    0.000000] efi: mem39: type=4, attr=0xf, range=[0x0000000072569000-0x000000007256c000) (0MB)
[    0.000000] efi: mem40: type=7, attr=0xf, range=[0x000000007256c000-0x0000000072573000) (0MB)
[    0.000000] efi: mem41: type=4, attr=0xf, range=[0x0000000072573000-0x0000000072574000) (0MB)
[    0.000000] efi: mem42: type=7, attr=0xf, range=[0x0000000072574000-0x000000007257d000) (0MB)
[    0.000000] efi: mem43: type=4, attr=0xf, range=[0x000000007257d000-0x000000007257e000) (0MB)
[    0.000000] efi: mem44: type=7, attr=0xf, range=[0x000000007257e000-0x0000000072581000) (0MB)
[    0.000000] efi: mem45: type=4, attr=0xf, range=[0x0000000072581000-0x0000000072582000) (0MB)
[    0.000000] efi: mem46: type=7, attr=0xf, range=[0x0000000072582000-0x000000007258e000) (0MB)
[    0.000000] efi: mem47: type=4, attr=0xf, range=[0x000000007258e000-0x000000007275c000) (1MB)
[    0.000000] efi: mem48: type=7, attr=0xf, range=[0x000000007275c000-0x0000000072760000) (0MB)
[    0.000000] efi: mem49: type=4, attr=0xf, range=[0x0000000072760000-0x000000007276b000) (0MB)
[    0.000000] efi: mem50: type=7, attr=0xf, range=[0x000000007276b000-0x0000000072774000) (0MB)
[    0.000000] efi: mem51: type=4, attr=0xf, range=[0x0000000072774000-0x000000007277d000) (0MB)
[    0.000000] efi: mem52: type=7, attr=0xf, range=[0x000000007277d000-0x000000007277f000) (0MB)
[    0.000000] efi: mem53: type=4, attr=0xf, range=[0x000000007277f000-0x000000007c1e6000) (154MB)
[    0.000000] efi: mem54: type=7, attr=0xf, range=[0x000000007c1e6000-0x000000007c1e9000) (0MB)
[    0.000000] efi: mem55: type=4, attr=0xf, range=[0x000000007c1e9000-0x000000007d5eb000) (20MB)
[    0.000000] efi: mem56: type=7, attr=0xf, range=[0x000000007d5eb000-0x000000007dad2000) (4MB)
[    0.000000] efi: mem57: type=2, attr=0xf, range=[0x000000007dad2000-0x000000007dadd000) (0MB)
[    0.000000] efi: mem58: type=3, attr=0xf, range=[0x000000007dadd000-0x000000007dfdd000) (5MB)
[    0.000000] efi: mem59: type=0, attr=0xf, range=[0x000000007dfdd000-0x000000007e269000) (2MB)
[    0.000000] efi: mem60: type=0, attr=0xf, range=[0x000000007e269000-0x000000007e297000) (0MB)
[    0.000000] efi: mem61: type=0, attr=0xf, range=[0x000000007e297000-0x000000007e2a6000) (0MB)
[    0.000000] efi: mem62: type=0, attr=0xf, range=[0x000000007e2a6000-0x000000007e2a8000) (0MB)
[    0.000000] efi: mem63: type=0, attr=0xf, range=[0x000000007e2a8000-0x000000007e2af000) (0MB)
[    0.000000] efi: mem64: type=0, attr=0xf, range=[0x000000007e2af000-0x000000007e302000) (0MB)
[    0.000000] efi: mem65: type=9, attr=0xf, range=[0x000000007e302000-0x000000007e307000) (0MB)
[    0.000000] efi: mem66: type=9, attr=0xf, range=[0x000000007e307000-0x000000007e312000) (0MB)
[    0.000000] efi: mem67: type=10, attr=0xf, range=[0x000000007e312000-0x000000007e38c000) (0MB)
[    0.000000] efi: mem68: type=10, attr=0xf, range=[0x000000007e38c000-0x000000007e428000) (0MB)
[    0.000000] efi: mem69: type=6, attr=0x800000000000000f, range=[0x000000007e428000-0x000000007e488000) (0MB)
[    0.000000] efi: mem70: type=6, attr=0x800000000000000f, range=[0x000000007e488000-0x000000007e56b000) (0MB)
[    0.000000] efi: mem71: type=6, attr=0x800000000000000f, range=[0x000000007e56b000-0x000000007e56d000) (0MB)
[    0.000000] efi: mem72: type=6, attr=0x800000000000000f, range=[0x000000007e56d000-0x000000007e60b000) (0MB)
[    0.000000] efi: mem73: type=5, attr=0x800000000000000f, range=[0x000000007e60b000-0x000000007e628000) (0MB)
[    0.000000] efi: mem74: type=5, attr=0x800000000000000f, range=[0x000000007e628000-0x000000007e69c000) (0MB)
[    0.000000] efi: mem75: type=4, attr=0xf, range=[0x000000007e69c000-0x000000007e69d000) (0MB)
[    0.000000] efi: mem76: type=10, attr=0xf, range=[0x000000007e69d000-0x000000007e6e0000) (0MB)
[    0.000000] efi: mem77: type=4, attr=0xf, range=[0x000000007e6e0000-0x000000007ed2e000) (6MB)
[    0.000000] efi: mem78: type=3, attr=0xf, range=[0x000000007ed2e000-0x000000007efca000) (2MB)
[    0.000000] efi: mem79: type=4, attr=0xf, range=[0x000000007efca000-0x000000007efd9000) (0MB)
[    0.000000] efi: mem80: type=3, attr=0xf, range=[0x000000007efd9000-0x000000007efeb000) (0MB)
[    0.000000] efi: mem81: type=4, attr=0xf, range=[0x000000007efeb000-0x000000007f000000) (0MB)
[    0.000000] efi: mem82: type=7, attr=0xf, range=[0x0000000100000000-0x000000025f600000) (5622MB)
[    0.000000] efi: mem83: type=0, attr=0x8000000000000000, range=[0x000000007f800000-0x000000009fa00000) (514MB)
[    0.000000] efi: mem84: type=11, attr=0x8000000000000001, range=[0x00000000f8000000-0x00000000fc000000) (64MB)
[    0.000000] efi: mem85: type=11, attr=0x8000000000000001, range=[0x00000000fec00000-0x00000000fec01000) (0MB)
[    0.000000] efi: mem86: type=11, attr=0x8000000000000001, range=[0x00000000fed00000-0x00000000fed04000) (0MB)
[    0.000000] efi: mem87: type=11, attr=0x8000000000000001, range=[0x00000000fed1c000-0x00000000fed20000) (0MB)
[    0.000000] efi: mem88: type=11, attr=0x8000000000000001, range=[0x00000000fee00000-0x00000000fee01000) (0MB)
[    0.000000] efi: mem89: type=11, attr=0x8000000000000001, range=[0x00000000ff000000-0x0000000100000000) (16MB)
[    0.000000] SMBIOS 2.7 present.
[    0.000000] DMI:                  /D33217CK, BIOS GKPPT10H.86A.0032.2012.1127.1710 11/27/2012
[    0.000000] e820: update [mem 0x00000000-0x00000fff] usable ==> reserved
[    0.000000] e820: remove [mem 0x000a0000-0x000fffff] usable
[    0.000000] e820: last_pfn = 0x25f600 max_arch_pfn = 0x400000000
[    0.000000] MTRR default type: uncachable
[    0.000000] MTRR fixed ranges enabled:
[    0.000000]   00000-9FFFF write-back
[    0.000000]   A0000-BFFFF uncachable
[    0.000000]   C0000-CFFFF write-protect
[    0.000000]   D0000-DFFFF uncachable
[    0.000000]   E0000-FFFFF write-protect
[    0.000000] MTRR variable ranges enabled:
[    0.000000]   0 base 000000000 mask E00000000 write-back
[    0.000000]   1 base 200000000 mask FC0000000 write-back
[    0.000000]   2 base 240000000 mask FE0000000 write-back
[    0.000000]   3 base 080000000 mask F80000000 uncachable
[    0.000000]   4 base 07F800000 mask FFF800000 uncachable
[    0.000000]   5 base 25F800000 mask FFF800000 uncachable
[    0.000000]   6 base 25F600000 mask FFFE00000 uncachable
[    0.000000]   7 disabled
[    0.000000]   8 disabled
[    0.000000]   9 disabled
[    0.000000] x86 PAT enabled: cpu 0, old 0x7040600070406, new 0x7010600070106
[    0.000000] original variable MTRRs
[    0.000000] reg 0, base: 0GB, range: 8GB, type WB
[    0.000000] reg 1, base: 8GB, range: 1GB, type WB
[    0.000000] reg 2, base: 9GB, range: 512MB, type WB
[    0.000000] reg 3, base: 2GB, range: 2GB, type UC
[    0.000000] reg 4, base: 2040MB, range: 8MB, type UC
[    0.000000] reg 5, base: 9720MB, range: 8MB, type UC
[    0.000000] reg 6, base: 9718MB, range: 2MB, type UC
[    0.000000] total RAM covered: 7662M
[    0.000000] Found optimal setting for mtrr clean up
[    0.000000]  gran_size: 64K 	chunk_size: 16M 	num_reg: 7  	lose cover RAM: 0G
[    0.000000] New variable MTRRs
[    0.000000] reg 0, base: 0GB, range: 2GB, type WB
[    0.000000] reg 1, base: 2040MB, range: 8MB, type UC
[    0.000000] reg 2, base: 4GB, range: 4GB, type WB
[    0.000000] reg 3, base: 8GB, range: 1GB, type WB
[    0.000000] reg 4, base: 9GB, range: 512MB, type WB
[    0.000000] reg 5, base: 9718MB, range: 2MB, type UC
[    0.000000] reg 6, base: 9720MB, range: 8MB, type UC
[    0.000000] e820: update [mem 0x7f800000-0xffffffff] usable ==> reserved
[    0.000000] e820: last_pfn = 0x7f000 max_arch_pfn = 0x400000000
[    0.000000] found SMP MP-table at [mem 0x000fd730-0x000fd73f] mapped at [ffff8800000fd730]
[    0.000000] Scanning 1 areas for low memory corruption
[    0.000000] Base memory trampoline at [ffff880000097000] 97000 size 24576
[    0.000000] init_memory_mapping: [mem 0x00000000-0x000fffff]
[    0.000000]  [mem 0x00000000-0x000fffff] page 4k
[    0.000000] BRK [0x01f6a000, 0x01f6afff] PGTABLE
[    0.000000] BRK [0x01f6b000, 0x01f6bfff] PGTABLE
[    0.000000] BRK [0x01f6c000, 0x01f6cfff] PGTABLE
[    0.000000] init_memory_mapping: [mem 0x25f400000-0x25f5fffff]
[    0.000000]  [mem 0x25f400000-0x25f5fffff] page 2M
[    0.000000] BRK [0x01f6d000, 0x01f6dfff] PGTABLE
[    0.000000] init_memory_mapping: [mem 0x25c000000-0x25f3fffff]
[    0.000000]  [mem 0x25c000000-0x25f3fffff] page 2M
[    0.000000] init_memory_mapping: [mem 0x200000000-0x25bffffff]
[    0.000000]  [mem 0x200000000-0x25bffffff] page 2M
[    0.000000] BRK [0x01f6e000, 0x01f6efff] PGTABLE
[    0.000000] init_memory_mapping: [mem 0x00100000-0x1fffffff]
[    0.000000]  [mem 0x00100000-0x001fffff] page 4k
[    0.000000]  [mem 0x00200000-0x1fffffff] page 2M
[    0.000000] init_memory_mapping: [mem 0x20200000-0x40003fff]
[    0.000000]  [mem 0x20200000-0x3fffffff] page 2M
[    0.000000]  [mem 0x40000000-0x40003fff] page 4k
[    0.000000] BRK [0x01f6f000, 0x01f6ffff] PGTABLE
[    0.000000] init_memory_mapping: [mem 0x40005000-0x7dfdcfff]
[    0.000000]  [mem 0x40005000-0x401fffff] page 4k
[    0.000000]  [mem 0x40200000-0x7ddfffff] page 2M
[    0.000000]  [mem 0x7de00000-0x7dfdcfff] page 4k
[    0.000000] init_memory_mapping: [mem 0x7e69c000-0x7e69cfff]
[    0.000000]  [mem 0x7e69c000-0x7e69cfff] page 4k
[    0.000000] init_memory_mapping: [mem 0x7e6e0000-0x7effffff]
[    0.000000]  [mem 0x7e6e0000-0x7e7fffff] page 4k
[    0.000000]  [mem 0x7e800000-0x7effffff] page 2M
[    0.000000] init_memory_mapping: [mem 0x100000000-0x1ffffffff]
[    0.000000]  [mem 0x100000000-0x1ffffffff] page 2M
[    0.000000] RAMDISK: [mem 0x379fc000-0x37cf5fff]
[    0.000000] ACPI: Early table checksum verification disabled
[    0.000000] ACPI: RSDP 0x000000007E307000 000024 (v02 INTEL )
[    0.000000] ACPI: XSDT 0x000000007E307078 00006C (v01 INTEL  DQS77CL  00000020 AMI  00010013)
[    0.000000] ACPI: FACP 0x000000007E3106A8 00010C (v05 INTEL  DQS77CL  00000020 AMI  00010013)
[    0.000000] ACPI: DSDT 0x000000007E307170 009532 (v02 INTEL  DQS77CL  00000020 INTL 20051117)
[    0.000000] ACPI: FACS 0x000000007E426080 000040
[    0.000000] ACPI: APIC 0x000000007E3107B8 000072 (v03 INTEL  DQS77CL  00000020 AMI  00010013)
[    0.000000] ACPI: FPDT 0x000000007E310830 000044 (v01 INTEL  DQS77CL  00000020 AMI  00010013)
[    0.000000] ACPI: MCFG 0x000000007E310878 00003C (v01 INTEL  DQS77CL  00000020 MSFT 00000097)
[    0.000000] ACPI: HPET 0x000000007E3108B8 000038 (v01 INTEL  DQS77CL  00000020 AMI. 00000005)
[    0.000000] ACPI: SSDT 0x000000007E3108F0 000315 (v01 INTEL  DQS77CL  00000020 INTL 20091112)
[    0.000000] ACPI: SSDT 0x000000007E310C08 0008A2 (v01 INTEL  DQS77CL  00000020 INTL 20051117)
[    0.000000] ACPI: SSDT 0x000000007E3114B0 000A92 (v01 INTEL  DQS77CL  00000020 INTL 20051117)
[    0.000000] ACPI: BGRT 0x000000007E311F48 000038 (v00 INTEL  DQS77CL  00000020 AMI  00010013)
[    0.000000] ACPI: Local APIC address 0xfee00000
[    0.000000] No NUMA configuration found
[    0.000000] Faking a node at [mem 0x0000000000000000-0x000000025f5fffff]
[    0.000000] Initmem setup node 0 [mem 0x00000000-0x25f5fffff]
[    0.000000]   NODE_DATA [mem 0x25f5f4000-0x25f5f8fff]
[    0.000000] Reserving 128MB of memory at 752MB for crashkernel (System RAM: 7644MB)
[    0.000000]  [ffffea0000000000-ffffea00097fffff] PMD -> [ffff880257400000-ffff88025ebfffff] on node 0
[    0.000000] Zone ranges:
[    0.000000]   DMA      [mem 0x00001000-0x00ffffff]
[    0.000000]   DMA32    [mem 0x01000000-0xffffffff]
[    0.000000]   Normal   [mem 0x100000000-0x25f5fffff]
[    0.000000] Movable zone start for each node
[    0.000000] Early memory node ranges
[    0.000000]   node   0: [mem 0x00001000-0x0009efff]
[    0.000000]   node   0: [mem 0x00100000-0x1fffffff]
[    0.000000]   node   0: [mem 0x20200000-0x40003fff]
[    0.000000]   node   0: [mem 0x40005000-0x7dfdcfff]
[    0.000000]   node   0: [mem 0x7e69c000-0x7e69cfff]
[    0.000000]   node   0: [mem 0x7e6e0000-0x7effffff]
[    0.000000]   node   0: [mem 0x100000000-0x25f5fffff]
[    0.000000] On node 0 totalpages: 1957019
[    0.000000]   DMA zone: 64 pages used for memmap
[    0.000000]   DMA zone: 27 pages reserved
[    0.000000]   DMA zone: 3998 pages, LIFO batch:0
[    0.000000]   DMA32 zone: 8028 pages used for memmap
[    0.000000]   DMA32 zone: 513789 pages, LIFO batch:31
[    0.000000]   Normal zone: 22488 pages used for memmap
[    0.000000]   Normal zone: 1439232 pages, LIFO batch:31
[    0.000000] Reserving Intel graphics stolen memory at 0x7fa00000-0x9f9fffff
[    0.000000] ACPI: PM-Timer IO Port: 0x408
[    0.000000] ACPI: Local APIC address 0xfee00000
[    0.000000] ACPI: LAPIC (acpi_id[0x01] lapic_id[0x00] enabled)
[    0.000000] ACPI: LAPIC (acpi_id[0x02] lapic_id[0x02] enabled)
[    0.000000] ACPI: LAPIC (acpi_id[0x03] lapic_id[0x01] enabled)
[    0.000000] ACPI: LAPIC (acpi_id[0x04] lapic_id[0x03] enabled)
[    0.000000] ACPI: LAPIC_NMI (acpi_id[0xff] high edge lint[0x1])
[    0.000000] ACPI: IOAPIC (id[0x02] address[0xfec00000] gsi_base[0])
[    0.000000] IOAPIC[0]: apic_id 2, version 32, address 0xfec00000, GSI 0-23
[    0.000000] ACPI: INT_SRC_OVR (bus 0 bus_irq 0 global_irq 2 dfl dfl)
[    0.000000] ACPI: INT_SRC_OVR (bus 0 bus_irq 9 global_irq 9 high level)
[    0.000000] ACPI: IRQ0 used by override.
[    0.000000] ACPI: IRQ9 used by override.
[    0.000000] Using ACPI (MADT) for SMP configuration information
[    0.000000] ACPI: HPET id: 0x8086a701 base: 0xfed00000
[    0.000000] smpboot: Allowing 4 CPUs, 0 hotplug CPUs
[    0.000000] e820: [mem 0x9fa00000-0xf7ffffff] available for PCI devices
[    0.000000] setup_percpu: NR_CPUS:256 nr_cpumask_bits:256 nr_cpu_ids:4 nr_node_ids:1
[    0.000000] PERCPU: Embedded 27 pages/cpu @ffff88025f200000 s81408 r8192 d20992 u524288
[    0.000000] pcpu-alloc: s81408 r8192 d20992 u524288 alloc=1*2097152
[    0.000000] pcpu-alloc: [0] 0 1 2 3 
[    0.000000] Built 1 zonelists in Zone order, mobility grouping on.  Total pages: 1926412
[    0.000000] Policy zone: Normal
[    0.000000] Kernel command line: BOOT_IMAGE=/boot/vmlinuz-3.17.0-rc3minimal-tbhack-00002-g7505cea-dirty root=UUID=f54f0253-3e5a-4046-afe7-62f154b956d9 ro splash quiet crashkernel=384M-:128M vt.handoff=7
[    0.000000] PID hash table entries: 4096 (order: 3, 32768 bytes)
[    0.000000] xsave: enabled xstate_bv 0x7, cntxt size 0x340 using standard form
[    0.000000] Memory: 7288636K/7828076K available (6509K kernel code, 1041K rwdata, 3112K rodata, 1160K init, 1260K bss, 539440K reserved)
[    0.000000] SLUB: HWalign=64, Order=0-3, MinObjects=0, CPUs=4, Nodes=1
[    0.000000] Hierarchical RCU implementation.
[    0.000000] 	RCU dyntick-idle grace-period acceleration is enabled.
[    0.000000] 	RCU restricting CPUs from NR_CPUS=256 to nr_cpu_ids=4.
[    0.000000] 	Offload RCU callbacks from all CPUs
[    0.000000] 	Offload RCU callbacks from CPUs: 0-3.
[    0.000000] RCU: Adjusting geometry for rcu_fanout_leaf=16, nr_cpu_ids=4
[    0.000000] NR_IRQS:16640 nr_irqs:456 0
[    0.000000] Console: colour dummy device 80x25
[    0.000000] console [tty0] enabled
[    0.000000] allocated 31457280 bytes of page_cgroup
[    0.000000] please try 'cgroup_disable=memory' option if you don't want memory cgroups
[    0.000000] hpet clockevent registered
[    0.000000] tsc: Fast TSC calibration using PIT
[    0.000000] tsc: Detected 1797.725 MHz processor
[    0.000043] Calibrating delay loop (skipped), value calculated using timer frequency.. 3595.45 BogoMIPS (lpj=7190900)
[    0.000046] pid_max: default: 32768 minimum: 301
[    0.000054] ACPI: Core revision 20140724
[    0.008582] ACPI: All ACPI Tables successfully acquired
[    0.009922] Security Framework initialized
[    0.009930] SELinux:  Disabled at boot.
[    0.010626] Dentry cache hash table entries: 1048576 (order: 11, 8388608 bytes)
[    0.013497] Inode-cache hash table entries: 524288 (order: 10, 4194304 bytes)
[    0.014770] Mount-cache hash table entries: 16384 (order: 5, 131072 bytes)
[    0.014784] Mountpoint-cache hash table entries: 16384 (order: 5, 131072 bytes)
[    0.015033] Initializing cgroup subsys memory
[    0.015039] Initializing cgroup subsys devices
[    0.015042] Initializing cgroup subsys freezer
[    0.015044] Initializing cgroup subsys net_cls
[    0.015046] Initializing cgroup subsys blkio
[    0.015049] Initializing cgroup subsys perf_event
[    0.015051] Initializing cgroup subsys hugetlb
[    0.015079] CPU: Physical Processor ID: 0
[    0.015080] CPU: Processor Core ID: 0
[    0.015086] ENERGY_PERF_BIAS: Set to 'normal', was 'performance'
[    0.015086] ENERGY_PERF_BIAS: View and update with x86_energy_perf_policy(8)
[    0.015090] mce: CPU supports 7 MCE banks
[    0.015104] CPU0: Thermal monitoring enabled (TM1)
[    0.015116] Last level iTLB entries: 4KB 512, 2MB 8, 4MB 8
[    0.015116] Last level dTLB entries: 4KB 512, 2MB 32, 4MB 32, 1GB 0
[    0.015272] Freeing SMP alternatives memory: 24K (ffffffff81e28000 - ffffffff81e2e000)
[    0.023398] ftrace: allocating 25300 entries in 99 pages
[    0.039355] ..TIMER: vector=0x30 apic1=0 pin1=2 apic2=-1 pin2=-1
[    0.079068] smpboot: CPU0: Intel(R) Core(TM) i3-3217U CPU @ 1.80GHz (fam: 06, model: 3a, stepping: 09)
[    0.079077] TSC deadline timer enabled
[    0.079107] Performance Events: PEBS fmt1+, 16-deep LBR, IvyBridge events, full-width counters, Intel PMU driver.
[    0.079133] ... version:                3
[    0.079134] ... bit width:              48
[    0.079135] ... generic registers:      4
[    0.079137] ... value mask:             0000ffffffffffff
[    0.079138] ... max period:             0000ffffffffffff
[    0.079139] ... fixed-purpose events:   3
[    0.079140] ... event mask:             000000070000000f
[    0.081162] NMI watchdog: enabled on all CPUs, permanently consumes one hw-PMU counter.
[    0.081241] x86: Booting SMP configuration:
[    0.081243] .... node  #0, CPUs:      #1 #2 #3
[    0.120778] x86: Booted up 1 node, 4 CPUs
[    0.120782] smpboot: Total of 4 processors activated (14381.80 BogoMIPS)
[    0.124598] devtmpfs: initialized
[    0.128680] evm: security.selinux
[    0.128682] evm: security.SMACK64
[    0.128683] evm: security.ima
[    0.128684] evm: security.capability
[    0.129945] pinctrl core: initialized pinctrl subsystem
[    0.130021] regulator-dummy: no parameters
[    0.130132] NET: Registered protocol family 16
[    0.130305] cpuidle: using governor ladder
[    0.130310] cpuidle: using governor menu
[    0.130367] ACPI FADT declares the system doesn't support PCIe ASPM, so disable it
[    0.130369] ACPI: bus type PCI registered
[    0.130371] acpiphp: ACPI Hot Plug PCI Controller Driver version: 0.5
[    0.130446] PCI: MMCONFIG for domain 0000 [bus 00-3f] at [mem 0xf8000000-0xfbffffff] (base 0xf8000000)
[    0.130449] PCI: MMCONFIG at [mem 0xf8000000-0xfbffffff] reserved in E820
[    0.130520] PCI: Using configuration type 1 for base access
[    0.133221] ACPI: Added _OSI(Module Device)
[    0.133224] ACPI: Added _OSI(Processor Device)
[    0.133226] ACPI: Added _OSI(3.0 _SCP Extensions)
[    0.133227] ACPI: Added _OSI(Processor Aggregator Device)
[    0.136681] ACPI: Executed 1 blocks of module-level executable AML code
[    0.141272] ACPI: Dynamic OEM Table Load:
[    0.141282] ACPI: SSDT 0xFFFF880253F30000 00083B (v01 PmRef  Cpu0Cst  00003001 INTL 20051117)
[    0.145080] ACPI: Dynamic OEM Table Load:
[    0.145086] ACPI: SSDT 0xFFFF880253EE2400 000303 (v01 PmRef  ApIst    00003000 INTL 20051117)
[    0.148925] ACPI: Dynamic OEM Table Load:
[    0.148930] ACPI: SSDT 0xFFFF880253EDEE00 000119 (v01 PmRef  ApCst    00003000 INTL 20051117)
[    0.153478] ACPI: Interpreter enabled
[    0.153486] ACPI: (supports S0 S5)
[    0.153487] ACPI: Using IOAPIC for interrupt routing
[    0.153519] PCI: Using host bridge windows from ACPI; if necessary, use "pci=nocrs" and report a bug
[    0.160967] ACPI: Power Resource [FN00] (off)
[    0.161067] ACPI: Power Resource [FN01] (off)
[    0.161162] ACPI: Power Resource [FN02] (off)
[    0.161256] ACPI: Power Resource [FN03] (off)
[    0.161350] ACPI: Power Resource [FN04] (off)
[    0.162064] ACPI: PCI Root Bridge [PCI0] (domain 0000 [bus 00-3e])
[    0.162070] acpi PNP0A08:00: _OSC: OS supports [ExtendedConfig ASPM ClockPM Segments MSI]
[    0.162269] acpi PNP0A08:00: _OSC: platform does not support [PCIeHotplug PME]
[    0.162428] acpi PNP0A08:00: _OSC: OS now controls [AER PCIeCapability]
[    0.163232] PCI host bridge to bus 0000:00
[    0.163236] pci_bus 0000:00: root bus resource [bus 00-3e]
[    0.163239] pci_bus 0000:00: root bus resource [io  0x0000-0x0cf7]
[    0.163241] pci_bus 0000:00: root bus resource [io  0x0d00-0xffff]
[    0.163243] pci_bus 0000:00: root bus resource [mem 0x000a0000-0x000bffff]
[    0.163245] pci_bus 0000:00: root bus resource [mem 0x000d0000-0x000d3fff]
[    0.163247] pci_bus 0000:00: root bus resource [mem 0x000d4000-0x000d7fff]
[    0.163249] pci_bus 0000:00: root bus resource [mem 0x000d8000-0x000dbfff]
[    0.163251] pci_bus 0000:00: root bus resource [mem 0x000dc000-0x000dffff]
[    0.163254] pci_bus 0000:00: root bus resource [mem 0x9fa00000-0xfeafffff]
[    0.163263] pci 0000:00:00.0: [8086:0154] type 00 class 0x060000
[    0.163382] pci 0000:00:02.0: [8086:0166] type 00 class 0x030000
[    0.163396] pci 0000:00:02.0: reg 0x10: [mem 0xf6400000-0xf67fffff 64bit]
[    0.163404] pci 0000:00:02.0: reg 0x18: [mem 0xa0000000-0xafffffff 64bit pref]
[    0.163410] pci 0000:00:02.0: reg 0x20: [io  0xf000-0xf03f]
[    0.163548] pci 0000:00:16.0: [8086:1e3a] type 00 class 0x078000
[    0.163577] pci 0000:00:16.0: reg 0x10: [mem 0xf690b000-0xf690b00f 64bit]
[    0.163664] pci 0000:00:16.0: PME# supported from D0 D3hot D3cold
[    0.163777] pci 0000:00:1a.0: [8086:1e2d] type 00 class 0x0c0320
[    0.163803] pci 0000:00:1a.0: reg 0x10: [mem 0xf6908000-0xf69083ff]
[    0.163906] pci 0000:00:1a.0: PME# supported from D0 D3hot D3cold
[    0.164005] pci 0000:00:1b.0: [8086:1e20] type 00 class 0x040300
[    0.164024] pci 0000:00:1b.0: reg 0x10: [mem 0xf6900000-0xf6903fff 64bit]
[    0.164102] pci 0000:00:1b.0: PME# supported from D0 D3hot D3cold
[    0.164201] pci 0000:00:1c.0: [8086:1e10] type 01 class 0x060400
[    0.164341] pci 0000:00:1c.0: PME# supported from D0 D3hot D3cold
[    0.164449] pci 0000:00:1c.2: [8086:1e14] type 01 class 0x060400
[    0.164591] pci 0000:00:1c.2: PME# supported from D0 D3hot D3cold
[    0.164700] pci 0000:00:1c.4: [8086:1e18] type 01 class 0x060400
[    0.164848] pci 0000:00:1c.4: PME# supported from D0 D3hot D3cold
[    0.164962] pci 0000:00:1d.0: [8086:1e26] type 00 class 0x0c0320
[    0.164988] pci 0000:00:1d.0: reg 0x10: [mem 0xf6907000-0xf69073ff]
[    0.165092] pci 0000:00:1d.0: PME# supported from D0 D3hot D3cold
[    0.165188] pci 0000:00:1f.0: [8086:1e56] type 00 class 0x060100
[    0.165393] pci 0000:00:1f.2: [8086:1e03] type 00 class 0x010601
[    0.165417] pci 0000:00:1f.2: reg 0x10: [io  0xf0b0-0xf0b7]
[    0.165427] pci 0000:00:1f.2: reg 0x14: [io  0xf0a0-0xf0a3]
[    0.165438] pci 0000:00:1f.2: reg 0x18: [io  0xf090-0xf097]
[    0.165449] pci 0000:00:1f.2: reg 0x1c: [io  0xf080-0xf083]
[    0.165458] pci 0000:00:1f.2: reg 0x20: [io  0xf060-0xf07f]
[    0.165469] pci 0000:00:1f.2: reg 0x24: [mem 0xf6906000-0xf69067ff]
[    0.165523] pci 0000:00:1f.2: PME# supported from D3hot
[    0.165611] pci 0000:00:1f.3: [8086:1e22] type 00 class 0x0c0500
[    0.165631] pci 0000:00:1f.3: reg 0x10: [mem 0xf6905000-0xf69050ff 64bit]
[    0.165656] pci 0000:00:1f.3: reg 0x20: [io  0xf040-0xf05f]
[    0.165852] pci 0000:00:1c.0: PCI bridge to [bus 01]
[    0.166148] pci 0000:02:00.0: [8086:088e] type 00 class 0x028000
[    0.166316] pci 0000:02:00.0: reg 0x10: [mem 0xf6800000-0xf6801fff 64bit]
[    0.166996] pci 0000:02:00.0: PME# supported from D0 D3hot D3cold
[    0.172997] pci 0000:00:1c.2: PCI bridge to [bus 02]
[    0.173009] pci 0000:00:1c.2:   bridge window [mem 0xf6800000-0xf68fffff]
[    0.173124] pci 0000:00:1c.4: PCI bridge to [bus 03-3b]
[    0.173133] pci 0000:00:1c.4:   bridge window [mem 0xe0000000-0xf60fffff]
[    0.173143] pci 0000:00:1c.4:   bridge window [mem 0xb0000000-0xd1ffffff 64bit pref]
[    0.173197] acpi PNP0A08:00: Disabling ASPM (FADT indicates it is unsupported)
[    0.173717] ACPI: PCI Interrupt Link [LNKA] (IRQs 3 4 5 6 10 *11 12 14 15)
[    0.173778] ACPI: PCI Interrupt Link [LNKB] (IRQs 3 4 5 6 10 11 12 14 15) *0, disabled.
[    0.173838] ACPI: PCI Interrupt Link [LNKC] (IRQs *3 4 5 6 10 11 12 14 15)
[    0.173896] ACPI: PCI Interrupt Link [LNKD] (IRQs 3 4 5 6 *10 11 12 14 15)
[    0.173954] ACPI: PCI Interrupt Link [LNKE] (IRQs 3 4 5 6 10 11 12 14 15) *0, disabled.
[    0.174011] ACPI: PCI Interrupt Link [LNKF] (IRQs 3 4 5 6 10 11 12 14 15) *0, disabled.
[    0.174070] ACPI: PCI Interrupt Link [LNKG] (IRQs 3 4 *5 6 10 11 12 14 15)
[    0.174128] ACPI: PCI Interrupt Link [LNKH] (IRQs 3 *4 5 6 10 11 12 14 15)
[    0.174397] ACPI: Enabled 7 GPEs in block 00 to 3F
[    0.174524] vgaarb: device added: PCI:0000:00:02.0,decodes=io+mem,owns=io+mem,locks=none
[    0.174528] vgaarb: loaded
[    0.174529] vgaarb: bridge control possible 0000:00:02.0
[    0.174745] SCSI subsystem initialized
[    0.174801] libata version 3.00 loaded.
[    0.174833] ACPI: bus type USB registered
[    0.174857] usbcore: registered new interface driver usbfs
[    0.174868] usbcore: registered new interface driver hub
[    0.174907] usbcore: registered new device driver usb
[    0.175107] PCI: Using ACPI for IRQ routing
[    0.178336] PCI: pci_cache_line_size set to 64 bytes
[    0.178394] e820: reserve RAM buffer [mem 0x0009f000-0x0009ffff]
[    0.178396] e820: reserve RAM buffer [mem 0x40004000-0x43ffffff]
[    0.178398] e820: reserve RAM buffer [mem 0x7dfdd000-0x7fffffff]
[    0.178401] e820: reserve RAM buffer [mem 0x7e69d000-0x7fffffff]
[    0.178403] e820: reserve RAM buffer [mem 0x7f000000-0x7fffffff]
[    0.178404] e820: reserve RAM buffer [mem 0x25f600000-0x25fffffff]
[    0.178533] NetLabel: Initializing
[    0.178535] NetLabel:  domain hash size = 128
[    0.178536] NetLabel:  protocols = UNLABELED CIPSOv4
[    0.178551] NetLabel:  unlabeled traffic allowed by default
[    0.178637] hpet0: at MMIO 0xfed00000, IRQs 2, 8, 0, 0, 0, 0, 0, 0
[    0.178643] hpet0: 8 comparators, 64-bit 14.318180 MHz counter
[    0.180670] Switched to clocksource hpet
[    0.186966] pnp: PnP ACPI init
[    0.187081] system 00:00: [mem 0xfed40000-0xfed44fff] has been reserved
[    0.187086] system 00:00: Plug and Play ACPI device, IDs PNP0c01 (active)
[    0.187176] system 00:01: [io  0x0680-0x069f] has been reserved
[    0.187179] system 00:01: [io  0x1000-0x100f] has been reserved
[    0.187181] system 00:01: [io  0xffff] has been reserved
[    0.187183] system 00:01: [io  0xffff] has been reserved
[    0.187186] system 00:01: [io  0x0400-0x0453] could not be reserved
[    0.187188] system 00:01: [io  0x0458-0x047f] has been reserved
[    0.187190] system 00:01: [io  0x0500-0x057f] has been reserved
[    0.187193] system 00:01: [io  0x164e-0x164f] has been reserved
[    0.187196] system 00:01: Plug and Play ACPI device, IDs PNP0c02 (active)
[    0.187232] pnp 00:02: Plug and Play ACPI device, IDs PNP0b00 (active)
[    0.187290] system 00:03: [io  0x0454-0x0457] has been reserved
[    0.187293] system 00:03: Plug and Play ACPI device, IDs INT3f0d PNP0c02 (active)
[    0.187442] system 00:04: [io  0x0a00-0x0a1f] has been reserved
[    0.187444] system 00:04: [io  0x0a30-0x0a3f] has been reserved
[    0.187447] system 00:04: [io  0x0a20-0x0a2f] has been reserved
[    0.187450] system 00:04: Plug and Play ACPI device, IDs PNP0c02 (active)
[    0.187532] system 00:05: [io  0x04d0-0x04d1] has been reserved
[    0.187535] system 00:05: Plug and Play ACPI device, IDs PNP0c02 (active)
[    0.187787] system 00:06: [mem 0xfed1c000-0xfed1ffff] has been reserved
[    0.187790] system 00:06: [mem 0xfed10000-0xfed17fff] has been reserved
[    0.187792] system 00:06: [mem 0xfed18000-0xfed18fff] has been reserved
[    0.187795] system 00:06: [mem 0xfed19000-0xfed19fff] has been reserved
[    0.187797] system 00:06: [mem 0xf8000000-0xfbffffff] has been reserved
[    0.187799] system 00:06: [mem 0xfed20000-0xfed3ffff] has been reserved
[    0.187802] system 00:06: [mem 0xfed90000-0xfed93fff] has been reserved
[    0.187804] system 00:06: [mem 0xfed45000-0xfed8ffff] has been reserved
[    0.187807] system 00:06: [mem 0xff000000-0xffffffff] has been reserved
[    0.187809] system 00:06: [mem 0xfee00000-0xfeefffff] could not be reserved
[    0.187812] system 00:06: [mem 0x9fa00000-0x9fa00fff] has been reserved
[    0.187815] system 00:06: Plug and Play ACPI device, IDs PNP0c02 (active)
[    0.187981] system 00:07: [mem 0x20000000-0x201fffff] has been reserved
[    0.187983] system 00:07: [mem 0x40004000-0x40004fff] has been reserved
[    0.187986] system 00:07: Plug and Play ACPI device, IDs PNP0c01 (active)
[    0.188012] pnp: PnP ACPI: found 8 devices
[    0.194931] pci 0000:00:1c.4: bridge window [io  0x1000-0x0fff] to [bus 03-3b] add_size 1000
[    0.194936] pci 0000:00:1c.4: res[13]=[io  0x1000-0x0fff] get_res_add_size add_size 1000
[    0.194942] pci 0000:00:1c.4: BAR 13: assigned [io  0x2000-0x2fff]
[    0.194945] pci 0000:00:1c.0: PCI bridge to [bus 01]
[    0.194961] pci 0000:00:1c.2: PCI bridge to [bus 02]
[    0.194968] pci 0000:00:1c.2:   bridge window [mem 0xf6800000-0xf68fffff]
[    0.194979] pci 0000:00:1c.4: PCI bridge to [bus 03-3b]
[    0.194983] pci 0000:00:1c.4:   bridge window [io  0x2000-0x2fff]
[    0.194991] pci 0000:00:1c.4:   bridge window [mem 0xe0000000-0xf60fffff]
[    0.194997] pci 0000:00:1c.4:   bridge window [mem 0xb0000000-0xd1ffffff 64bit pref]
[    0.195007] pci_bus 0000:00: resource 4 [io  0x0000-0x0cf7]
[    0.195009] pci_bus 0000:00: resource 5 [io  0x0d00-0xffff]
[    0.195012] pci_bus 0000:00: resource 6 [mem 0x000a0000-0x000bffff]
[    0.195014] pci_bus 0000:00: resource 7 [mem 0x000d0000-0x000d3fff]
[    0.195016] pci_bus 0000:00: resource 8 [mem 0x000d4000-0x000d7fff]
[    0.195018] pci_bus 0000:00: resource 9 [mem 0x000d8000-0x000dbfff]
[    0.195020] pci_bus 0000:00: resource 10 [mem 0x000dc000-0x000dffff]
[    0.195022] pci_bus 0000:00: resource 11 [mem 0x9fa00000-0xfeafffff]
[    0.195025] pci_bus 0000:02: resource 1 [mem 0xf6800000-0xf68fffff]
[    0.195027] pci_bus 0000:03: resource 0 [io  0x2000-0x2fff]
[    0.195029] pci_bus 0000:03: resource 1 [mem 0xe0000000-0xf60fffff]
[    0.195032] pci_bus 0000:03: resource 2 [mem 0xb0000000-0xd1ffffff 64bit pref]
[    0.195064] NET: Registered protocol family 2
[    0.195266] TCP established hash table entries: 65536 (order: 7, 524288 bytes)
[    0.195466] TCP bind hash table entries: 65536 (order: 8, 1048576 bytes)
[    0.195599] TCP: Hash tables configured (established 65536 bind 65536)
[    0.195619] TCP: reno registered
[    0.195633] UDP hash table entries: 4096 (order: 5, 131072 bytes)
[    0.195671] UDP-Lite hash table entries: 4096 (order: 5, 131072 bytes)
[    0.195743] NET: Registered protocol family 1
[    0.195761] pci 0000:00:02.0: Boot video device
[    0.232845] PCI: CLS 64 bytes, default 64
[    0.232907] Trying to unpack rootfs image as initramfs...
[    0.303551] Freeing initrd memory: 3048K (ffff8800379fc000 - ffff880037cf6000)
[    0.303563] PCI-DMA: Using software bounce buffering for IO (SWIOTLB)
[    0.303566] software IO TLB [mem 0x6e057000-0x72057000] (64MB) mapped at [ffff88006e057000-ffff880072056fff]
[    0.303872] RAPL PMU detected, hw unit 2^-16 Joules, API unit is 2^-32 Joules, 3 fixed counters 163840 ms ovfl timer
[    0.303927] microcode: CPU0 sig=0x306a9, pf=0x10, revision=0x15
[    0.303942] microcode: CPU1 sig=0x306a9, pf=0x10, revision=0x15
[    0.303949] microcode: CPU2 sig=0x306a9, pf=0x10, revision=0x15
[    0.303956] microcode: CPU3 sig=0x306a9, pf=0x10, revision=0x15
[    0.304008] microcode: Microcode Update Driver: v2.00 <tigran@aivazian.fsnet.co.uk>, Peter Oruba
[    0.304174] Scanning for low memory corruption every 60 seconds
[    0.304513] futex hash table entries: 1024 (order: 4, 65536 bytes)
[    0.304533] Initialise system trusted keyring
[    0.304562] audit: initializing netlink subsys (disabled)
[    0.304584] audit: type=2000 audit(1410278159.292:1): initialized
[    0.304988] HugeTLB registered 2 MB page size, pre-allocated 0 pages
[    0.306742] zpool: loaded
[    0.306747] zbud: loaded
[    0.306941] VFS: Disk quotas dquot_6.5.2
[    0.306983] Dquot-cache hash table entries: 512 (order 0, 4096 bytes)
[    0.307383] fuse init (API version 7.23)
[    0.307500] msgmni has been set to 14631
[    0.307570] Key type big_key registered
[    0.308057] Key type asymmetric registered
[    0.308062] Asymmetric key parser 'x509' registered
[    0.308104] Block layer SCSI generic (bsg) driver version 0.4 loaded (major 252)
[    0.308151] io scheduler noop registered (default)
[    0.308718] pci_hotplug: PCI Hot Plug PCI Core version: 0.5
[    0.308738] pciehp: PCI Express Hot Plug Controller Driver version: 0.4
[    0.308814] efifb: probing for efifb
[    0.308829] efifb: framebuffer at 0xa0000000, mapped to 0xffffc90004e80000, using 3072k, total 3072k
[    0.308830] efifb: mode is 1024x768x32, linelength=4096, pages=1
[    0.308832] efifb: scrolling: redraw
[    0.308834] efifb: Truecolor: size=8:8:8:8, shift=24:16:8:0
[    0.311369] Console: switching to colour frame buffer device 128x48
[    0.313816] fb0: EFI VGA frame buffer device
[    0.313839] intel_idle: MWAIT substates: 0x21120
[    0.313840] intel_idle: v0.4 model 0x3A
[    0.313841] intel_idle: lapic_timer_reliable_states 0xffffffff
[    0.314037] ipmi message handler version 39.2
[    0.314140] input: Power Button as /devices/LNXSYSTM:00/LNXSYBUS:00/PNP0C0C:00/input/input0
[    0.314145] ACPI: Power Button [PWRB]
[    0.314192] input: Power Button as /devices/LNXSYSTM:00/LNXPWRBN:00/input/input1
[    0.314194] ACPI: Power Button [PWRF]
[    0.314271] ACPI: Fan [FAN0] (off)
[    0.314304] ACPI: Fan [FAN1] (off)
[    0.314337] ACPI: Fan [FAN2] (off)
[    0.314369] ACPI: Fan [FAN3] (off)
[    0.314400] ACPI: Fan [FAN4] (off)
[    0.321188] thermal LNXTHERM:00: registered as thermal_zone0
[    0.321190] ACPI: Thermal Zone [TZ00] (28 C)
[    0.321439] thermal LNXTHERM:01: registered as thermal_zone1
[    0.321440] ACPI: Thermal Zone [TZ01] (30 C)
[    0.321491] GHES: HEST is not enabled!
[    0.321575] Serial: 8250/16550 driver, 32 ports, IRQ sharing enabled
[    0.323404] Linux agpgart interface v0.103
[    0.324971] brd: module loaded
[    0.325771] loop: module loaded
[    0.326243] libphy: Fixed MDIO Bus: probed
[    0.326363] tun: Universal TUN/TAP device driver, 1.6
[    0.326365] tun: (C) 1999-2004 Max Krasnyansky <maxk@qualcomm.com>
[    0.326423] ehci_hcd: USB 2.0 'Enhanced' Host Controller (EHCI) Driver
[    0.326429] ehci-pci: EHCI PCI platform driver
[    0.326560] ehci-pci 0000:00:1a.0: EHCI Host Controller
[    0.326567] ehci-pci 0000:00:1a.0: new USB bus registered, assigned bus number 1
[    0.326584] ehci-pci 0000:00:1a.0: debug port 2
[    0.330493] ehci-pci 0000:00:1a.0: cache line size of 64 is not supported
[    0.330511] ehci-pci 0000:00:1a.0: irq 16, io mem 0xf6908000
[    0.340795] ehci-pci 0000:00:1a.0: USB 2.0 started, EHCI 1.00
[    0.340850] usb usb1: New USB device found, idVendor=1d6b, idProduct=0002
[    0.340853] usb usb1: New USB device strings: Mfr=3, Product=2, SerialNumber=1
[    0.340855] usb usb1: Product: EHCI Host Controller
[    0.340857] usb usb1: Manufacturer: Linux 3.17.0-rc3minimal-tbhack-00002-g7505cea-dirty ehci_hcd
[    0.340859] usb usb1: SerialNumber: 0000:00:1a.0
[    0.340998] hub 1-0:1.0: USB hub found
[    0.341005] hub 1-0:1.0: 2 ports detected
[    0.341259] ehci-pci 0000:00:1d.0: EHCI Host Controller
[    0.341266] ehci-pci 0000:00:1d.0: new USB bus registered, assigned bus number 2
[    0.341281] ehci-pci 0000:00:1d.0: debug port 2
[    0.345182] ehci-pci 0000:00:1d.0: cache line size of 64 is not supported
[    0.345198] ehci-pci 0000:00:1d.0: irq 23, io mem 0xf6907000
[    0.356805] ehci-pci 0000:00:1d.0: USB 2.0 started, EHCI 1.00
[    0.356851] usb usb2: New USB device found, idVendor=1d6b, idProduct=0002
[    0.356854] usb usb2: New USB device strings: Mfr=3, Product=2, SerialNumber=1
[    0.356856] usb usb2: Product: EHCI Host Controller
[    0.356858] usb usb2: Manufacturer: Linux 3.17.0-rc3minimal-tbhack-00002-g7505cea-dirty ehci_hcd
[    0.356860] usb usb2: SerialNumber: 0000:00:1d.0
[    0.356988] hub 2-0:1.0: USB hub found
[    0.356995] hub 2-0:1.0: 2 ports detected
[    0.357129] ehci-platform: EHCI generic platform driver
[    0.357142] ohci_hcd: USB 1.1 'Open' Host Controller (OHCI) Driver
[    0.357148] ohci-pci: OHCI PCI platform driver
[    0.357160] ohci-platform: OHCI generic platform driver
[    0.357171] uhci_hcd: USB Universal Host Controller Interface driver
[    0.357237] i8042: PNP: No PS/2 controller found. Probing ports directly.
[    1.085314] usb 1-1: new high-speed USB device number 2 using ehci-pci
[    1.217760] usb 1-1: New USB device found, idVendor=8087, idProduct=0024
[    1.217764] usb 1-1: New USB device strings: Mfr=0, Product=0, SerialNumber=0
[    1.218041] hub 1-1:1.0: USB hub found
[    1.218134] hub 1-1:1.0: 6 ports detected
[    1.301439] tsc: Refined TSC clocksource calibration: 1797.671 MHz
[    1.329476] usb 2-1: new high-speed USB device number 2 using ehci-pci
[    1.396874] i8042: No controller found
[    1.397067] mousedev: PS/2 mouse device common for all mice
[    1.397335] rtc_cmos 00:02: RTC can wake from S4
[    1.397515] rtc_cmos 00:02: rtc core: registered rtc_cmos as rtc0
[    1.397547] rtc_cmos 00:02: alarms up to one month, y3k, 242 bytes nvram, hpet irqs
[    1.397636] device-mapper: uevent: version 1.0.3
[    1.397725] device-mapper: ioctl: 4.27.0-ioctl (2013-10-30) initialised: dm-devel@redhat.com
[    1.397750] Intel P-state driver initializing.
[    1.397900] EFI Variables Facility v0.08 2004-May-17
[    1.402024] Not Apple hardware. Shark attack imminent
[    1.402099] TCP: cubic registered
[    1.402244] NET: Registered protocol family 10
[    1.402501] NET: Registered protocol family 17
[    1.402514] Key type dns_resolver registered
[    1.402946] Loading compiled-in X.509 certificates
[    1.404070] Loaded X.509 cert 'Magrathea: Glacier signing key: 9b30699888c785d0395063f7dc93ec4c9ed48a43'
[    1.404088] registered taskstats version 1
[    1.406620] Key type trusted registered
[    1.408721] Key type encrypted registered
[    1.410654] ima: No TPM chip found, activating TPM-bypass!
[    1.410688] evm: HMAC attrs: 0x1
[    1.411091] rtc_cmos 00:02: setting system clock to 2014-09-09 15:56:00 UTC (1410278160)
[    1.412154] Freeing unused kernel memory: 1160K (ffffffff81d06000 - ffffffff81e28000)
[    1.412156] Write protecting the kernel read-only data: 12288k
[    1.417499] Freeing unused kernel memory: 1672K (ffff88000165e000 - ffff880001800000)
[    1.420138] Freeing unused kernel memory: 984K (ffff880001b0a000 - ffff880001c00000)
[    1.432565] systemd-udevd[114]: starting version 204
[    1.458739] libahci: module verification failed: signature and/or  required key missing - tainting kernel
[    1.459529] ahci 0000:00:1f.2: version 3.0
[    1.459743] ahci 0000:00:1f.2: irq 24 for MSI/MSI-X
[    1.459798] ahci 0000:00:1f.2: AHCI 0001.0300 32 slots 6 ports 6 Gbps 0x1 impl SATA mode
[    1.459803] ahci 0000:00:1f.2: flags: 64bit ncq pm led clo pio slum part ems apst 
[    1.460878] scsi host0: ahci
[    1.461201] scsi host1: ahci
[    1.461332] scsi host2: ahci
[    1.461682] scsi host3: ahci
[    1.461828] scsi host4: ahci
[    1.461920] usb 2-1: New USB device found, idVendor=8087, idProduct=0024
[    1.461924] usb 2-1: New USB device strings: Mfr=0, Product=0, SerialNumber=0
[    1.462095] scsi host5: ahci
[    1.462160] ata1: SATA max UDMA/133 abar m2048@0xf6906000 port 0xf6906100 irq 24
[    1.462163] ata2: DUMMY
[    1.462165] ata3: DUMMY
[    1.462167] ata4: DUMMY
[    1.462168] ata5: DUMMY
[    1.462170] ata6: DUMMY
[    1.462219] hub 2-1:1.0: USB hub found
[    1.462293] hub 2-1:1.0: 8 ports detected
[    1.733918] usb 2-1.1: new low-speed USB device number 3 using ehci-pci
[    1.781832] ata1: SATA link up 6.0 Gbps (SStatus 133 SControl 300)
[    1.794706] ata1.00: ACPI cmd ef/10:06:00:00:00:00 (SET FEATURES) succeeded
[    1.794712] ata1.00: ACPI cmd f5/00:00:00:00:00:00 (SECURITY FREEZE LOCK) filtered out
[    1.794715] ata1.00: ACPI cmd b1/c1:00:00:00:00:00 (DEVICE CONFIGURATION OVERLAY) filtered out
[    1.806501] ata1.00: ATA-9: INTEL SSDMCEAW120A4, DC33, max UDMA/133
[    1.806509] ata1.00: 234441648 sectors, multi 16: LBA48 NCQ (depth 31/32), AA
[    1.824708] ata1.00: ACPI cmd ef/10:06:00:00:00:00 (SET FEATURES) succeeded
[    1.824714] ata1.00: ACPI cmd f5/00:00:00:00:00:00 (SECURITY FREEZE LOCK) filtered out
[    1.824717] ata1.00: ACPI cmd b1/c1:00:00:00:00:00 (DEVICE CONFIGURATION OVERLAY) filtered out
[    1.834993] usb 2-1.1: New USB device found, idVendor=04ca, idProduct=0027
[    1.834998] usb 2-1.1: New USB device strings: Mfr=1, Product=2, SerialNumber=0
[    1.835000] usb 2-1.1: Product: USB Multimedia Keyboard
[    1.835002] usb 2-1.1: Manufacturer: Lite-On Technology Corp.
[    1.837219] hidraw: raw HID events driver (C) Jiri Kosina
[    1.842807] ata1.00: configured for UDMA/133
[    1.843016] scsi 0:0:0:0: Direct-Access     ATA      INTEL SSDMCEAW12 DC33 PQ: 0 ANSI: 5
[    1.843442] sd 0:0:0:0: Attached scsi generic sg0 type 0
[    1.843447] sd 0:0:0:0: [sda] 234441648 512-byte logical blocks: (120 GB/111 GiB)
[    1.843698] sd 0:0:0:0: [sda] Write Protect is off
[    1.843703] sd 0:0:0:0: [sda] Mode Sense: 00 3a 00 00
[    1.843814] sd 0:0:0:0: [sda] Write cache: enabled, read cache: enabled, doesn't support DPO or FUA
[    1.844856]  sda: sda1 sda2 sda3
[    1.845358] sd 0:0:0:0: [sda] Attached SCSI disk
[    1.847354] usbcore: registered new interface driver usbhid
[    1.847357] usbhid: USB HID core driver
[    1.848671] input: Lite-On Technology Corp. USB Multimedia Keyboard as /devices/pci0000:00/0000:00:1d.0/usb2/2-1/2-1.1/2-1.1:1.0/0003:04CA:0027.0001/input/input2
[    1.848781] hid-generic 0003:04CA:0027.0001: input,hidraw0: USB HID v1.10 Keyboard [Lite-On Technology Corp. USB Multimedia Keyboard] on usb-0000:00:1d.0-1.1/input0
[    1.850905] input: Lite-On Technology Corp. USB Multimedia Keyboard as /devices/pci0000:00/0000:00:1d.0/usb2/2-1/2-1.1/2-1.1:1.1/0003:04CA:0027.0002/input/input3
[    1.851141] hid-generic 0003:04CA:0027.0002: input,hiddev0,hidraw1: USB HID v1.10 Device [Lite-On Technology Corp. USB Multimedia Keyboard] on usb-0000:00:1d.0-1.1/input1
[    1.906028] usb 2-1.2: new low-speed USB device number 4 using ehci-pci
[    1.919318] EXT4-fs (sda2): mounted filesystem with ordered data mode. Opts: (null)
[    2.001916] usb 2-1.2: New USB device found, idVendor=0461, idProduct=4d15
[    2.001921] usb 2-1.2: New USB device strings: Mfr=0, Product=2, SerialNumber=0
[    2.001923] usb 2-1.2: Product: USB Optical Mouse
[    2.004679] input: USB Optical Mouse as /devices/pci0000:00/0000:00:1d.0/usb2/2-1/2-1.2/2-1.2:1.0/0003:0461:4D15.0003/input/input4
[    2.005074] hid-generic 0003:0461:4D15.0003: input,hidraw2: USB HID v1.11 Mouse [USB Optical Mouse] on usb-0000:00:1d.0-1.2/input0
[    2.060652] random: init urandom read with 29 bits of entropy available
[    2.074087] usb 2-1.4: new full-speed USB device number 5 using ehci-pci
[    2.087388] init: plymouth-upstart-bridge main process (184) terminated with status 1
[    2.087402] init: plymouth-upstart-bridge main process ended, respawning
[    2.094347] init: plymouth-upstart-bridge main process (194) terminated with status 1
[    2.094364] init: plymouth-upstart-bridge main process ended, respawning
[    2.099709] init: plymouth-upstart-bridge main process (197) terminated with status 1
[    2.099728] init: plymouth-upstart-bridge main process ended, respawning
[    2.170272] usb 2-1.4: New USB device found, idVendor=8087, idProduct=07da
[    2.170278] usb 2-1.4: New USB device strings: Mfr=0, Product=0, SerialNumber=0
[    2.202298] Adding 7826428k swap on /dev/sda3.  Priority:-1 extents:1 across:7826428k SSFS
[    2.302147] Switched to clocksource tsc
[    2.330555] systemd-udevd[323]: starting version 204
[    2.377218] lp: driver loaded but no devices found
[    2.397885] ppdev: user-space parallel port driver
[    2.405499] EXT4-fs (sda2): re-mounted. Opts: errors=remount-ro
[    2.498338] [drm] Initialized drm 1.1.0 20060810
[    2.520301] mei_me 0000:00:16.0: irq 25 for MSI/MSI-X
[    2.568693] ACPI Warning: SystemIO range 0x0000000000000428-0x000000000000042f conflicts with OpRegion 0x0000000000000400-0x000000000000047f (\PMIO) (20140724/utaddress-258)
[    2.568703] ACPI: If an ACPI driver is available for this device, you should use it instead of the native driver
[    2.568707] ACPI Warning: SystemIO range 0x0000000000000540-0x000000000000054f conflicts with OpRegion 0x0000000000000500-0x0000000000000563 (\GPIO) (20140724/utaddress-258)
[    2.568713] ACPI: If an ACPI driver is available for this device, you should use it instead of the native driver
[    2.568714] ACPI Warning: SystemIO range 0x0000000000000530-0x000000000000053f conflicts with OpRegion 0x0000000000000500-0x0000000000000563 (\GPIO) (20140724/utaddress-258)
[    2.568719] ACPI: If an ACPI driver is available for this device, you should use it instead of the native driver
[    2.568721] ACPI Warning: SystemIO range 0x0000000000000500-0x000000000000052f conflicts with OpRegion 0x0000000000000500-0x0000000000000563 (\GPIO) (20140724/utaddress-258)
[    2.568726] ACPI: If an ACPI driver is available for this device, you should use it instead of the native driver
[    2.568728] lpc_ich: Resource conflict(s) found affecting gpio_ich
[    2.572031] Bluetooth: Core ver 2.19
[    2.572059] NET: Registered protocol family 31
[    2.572062] Bluetooth: HCI device and connection manager initialized
[    2.572071] Bluetooth: HCI socket layer initialized
[    2.572075] Bluetooth: L2CAP socket layer initialized
[    2.572084] Bluetooth: SCO socket layer initialized
[    2.579713] cfg80211: Calling CRDA to update world regulatory domain
[    2.595408] [drm] Memory usable by graphics device = 2048M
[    2.595413] [drm] Replacing VGA console driver
[    2.595419] checking generic (a0000000 300000) vs hw (a0000000 10000000)
[    2.595421] fb: switching to inteldrmfb from EFI VGA
[    2.595454] Console: switching to colour dummy device 80x25
[    2.596166] Intel(R) Wireless WiFi driver for Linux, in-tree:
[    2.596169] Copyright(c) 2003- 2014 Intel Corporation
[    2.596227] iwlwifi 0000:02:00.0: enabling device (0000 -> 0002)
[    2.596311] iwlwifi 0000:02:00.0: can't disable ASPM; OS doesn't have ASPM control
[    2.596384] iwlwifi 0000:02:00.0: irq 26 for MSI/MSI-X
[    2.604004] iwlwifi 0000:02:00.0: loaded firmware version 18.168.6.1 op_mode iwldvm
[    2.624301] iwlwifi 0000:02:00.0: CONFIG_IWLWIFI_DEBUG disabled
[    2.624306] iwlwifi 0000:02:00.0: CONFIG_IWLWIFI_DEBUGFS enabled
[    2.624309] iwlwifi 0000:02:00.0: CONFIG_IWLWIFI_DEVICE_TRACING enabled
[    2.624313] iwlwifi 0000:02:00.0: Detected Intel(R) Centrino(R) Advanced-N 6235 AGN, REV=0xB0
[    2.624374] iwlwifi 0000:02:00.0: L1 Disabled; Enabling L0S
[    2.626733] usbcore: registered new interface driver btusb
[    2.630678] i915 0000:00:02.0: irq 27 for MSI/MSI-X
[    2.630694] [drm] Supports vblank timestamp caching Rev 2 (21.10.2013).
[    2.630696] [drm] Driver supports precise vblank timestamp query.
[    2.630826] vgaarb: device changed decodes: PCI:0000:00:02.0,olddecodes=io+mem,decodes=io+mem:owns=io+mem
[    2.667168] ieee80211 phy0: Selected rate control algorithm 'iwl-agn-rs'
[    2.712866] Bluetooth: BNEP (Ethernet Emulation) ver 1.3
[    2.712871] Bluetooth: BNEP filters: protocol multicast
[    2.712880] Bluetooth: BNEP socket layer initialized
[    2.713050] intel_rapl: RAPL domain dram detection failed
[    2.722383] [drm] GMBUS [i915 gmbus vga] timed out, falling back to bit banging on pin 2
[    2.745540] Bluetooth: RFCOMM TTY layer initialized
[    2.745552] Bluetooth: RFCOMM socket layer initialized
[    2.745560] Bluetooth: RFCOMM ver 1.11
[    2.779362] fbcon: inteldrmfb (fb0) is primary device
[    2.813643] Console: switching to colour frame buffer device 240x67
[    2.813658] [drm:cpt_set_fifo_underrun_reporting] *ERROR* uncleared pch fifo underrun on pch transcoder A
[    2.813659] [drm:cpt_serr_int_handler] *ERROR* PCH transcoder A FIFO underrun
[    2.820733] cfg80211: World regulatory domain updated:
[    2.820735] cfg80211:  DFS Master region: unset
[    2.820735] cfg80211:   (start_freq - end_freq @ bandwidth), (max_antenna_gain, max_eirp), (dfs_cac_time)
[    2.820738] cfg80211:   (2402000 KHz - 2472000 KHz @ 40000 KHz), (300 mBi, 2000 mBm), (N/A)
[    2.820739] cfg80211:   (2457000 KHz - 2482000 KHz @ 40000 KHz), (300 mBi, 2000 mBm), (N/A)
[    2.820740] cfg80211:   (2474000 KHz - 2494000 KHz @ 20000 KHz), (300 mBi, 2000 mBm), (N/A)
[    2.820741] cfg80211:   (5170000 KHz - 5250000 KHz @ 40000 KHz), (300 mBi, 2000 mBm), (N/A)
[    2.820742] cfg80211:   (5735000 KHz - 5835000 KHz @ 40000 KHz), (300 mBi, 2000 mBm), (N/A)
[    2.824463] i915 0000:00:02.0: fb0: inteldrmfb frame buffer device
[    2.824465] i915 0000:00:02.0: registered panic notifier
[    2.875417] init: cups main process (583) killed by HUP signal
[    2.875430] init: cups main process ended, respawning
[    2.891306] ACPI: Video Device [GFX0] (multi-head: yes  rom: no  post: no)
[    2.891560] input: Video Bus as /devices/LNXSYSTM:00/LNXSYBUS:00/PNP0A08:00/LNXVIDEO:00/input/input5
[    2.891882] [drm] Initialized i915 1.6.0 20140725 for 0000:00:02.0 on minor 0
[    2.892463] snd_hda_intel 0000:00:1b.0: enabling device (0000 -> 0002)
[    2.892655] snd_hda_intel 0000:00:1b.0: irq 28 for MSI/MSI-X
[    2.910455] input: HDA Intel PCH HDMI/DP,pcm=3 as /devices/pci0000:00/0000:00:1b.0/sound/card0/input6
[    2.910678] input: HDA Intel PCH HDMI/DP,pcm=7 as /devices/pci0000:00/0000:00:1b.0/sound/card0/input7
[    2.928346] init: udev-fallback-graphics main process (602) terminated with status 1
[    3.152485] init: failsafe main process (682) killed by TERM signal
[    3.426395] iwlwifi 0000:02:00.0: L1 Disabled; Enabling L0S
[    3.433190] iwlwifi 0000:02:00.0: Radio type=0x2-0x1-0x0
[    3.704482] iwlwifi 0000:02:00.0: L1 Disabled; Enabling L0S
[    3.711202] iwlwifi 0000:02:00.0: Radio type=0x2-0x1-0x0
[    3.799958] IPv6: ADDRCONF(NETDEV_UP): wlan0: link is not ready
[    4.013706] random: nonblocking pool is initialized
[    4.378615] init: plymouth-upstart-bridge main process ended, respawning
[    4.580136] init: plymouth-stop pre-start process (1095) terminated with status 1
[    9.934853] wlan0: authenticate with 00:0b:86:75:77:21
[    9.941150] wlan0: direct probe to 00:0b:86:75:77:21 (try 1/3)
[   10.143232] wlan0: direct probe to 00:0b:86:75:77:21 (try 2/3)
[   10.347373] wlan0: direct probe to 00:0b:86:75:77:21 (try 3/3)
[   10.551506] wlan0: authentication with 00:0b:86:75:77:21 timed out
[   10.578130] wlan0: authenticate with 00:0b:86:75:76:79
[   10.583168] wlan0: send auth to 00:0b:86:75:76:79 (try 1/3)
[   10.634344] wlan0: authenticated
[   10.634551] iwlwifi 0000:02:00.0 wlan0: disabling HT/VHT due to WEP/TKIP use
[   10.634556] iwlwifi 0000:02:00.0 wlan0: disabling HT as WMM/QoS is not supported by the AP
[   10.634559] iwlwifi 0000:02:00.0 wlan0: disabling VHT as WMM/QoS is not supported by the AP
[   10.635682] wlan0: associate with 00:0b:86:75:76:79 (try 1/3)
[   10.636925] wlan0: RX AssocResp from 00:0b:86:75:76:79 (capab=0x511 status=0 aid=5)
[   10.638876] wlan0: associated
[   10.638917] IPv6: ADDRCONF(NETDEV_CHANGE): wlan0: link becomes ready
[   10.638984] cfg80211: Calling CRDA for country: NO
[   10.642064] cfg80211: Regulatory domain changed to country: NO
[   10.642070] cfg80211:  DFS Master region: unset
[   10.642072] cfg80211:   (start_freq - end_freq @ bandwidth), (max_antenna_gain, max_eirp), (dfs_cac_time)
[   10.642076] cfg80211:   (2402000 KHz - 2482000 KHz @ 40000 KHz), (N/A, 2000 mBm), (N/A)
[   10.642079] cfg80211:   (5170000 KHz - 5250000 KHz @ 40000 KHz), (N/A, 2000 mBm), (N/A)
[   10.642082] cfg80211:   (5250000 KHz - 5330000 KHz @ 40000 KHz), (N/A, 2000 mBm), (0 s)
[   10.642085] cfg80211:   (5490000 KHz - 5710000 KHz @ 40000 KHz), (N/A, 2700 mBm), (0 s)
[   10.642088] cfg80211:   (57240000 KHz - 65880000 KHz @ 2160000 KHz), (N/A, 4000 mBm), (N/A)
[   10.734457] wlan0: Limiting TX power to 23 (23 - 0) dBm as advertised by 00:0b:86:75:76:79
[   48.671716] pci 0000:03:00.0: [8086:1548] type 01 class 0x060400
[   48.672066] pci 0000:03:00.0: supports D1 D2
[   48.672069] pci 0000:03:00.0: PME# supported from D0 D1 D2 D3hot D3cold
[   48.678053] pci 0000:04:00.0: [8086:1548] type 01 class 0x060400
[   48.678504] pci 0000:04:00.0: supports D1 D2
[   48.678512] pci 0000:04:00.0: PME# supported from D0 D1 D2 D3hot D3cold
[   48.678743] pci 0000:04:03.0: [8086:1548] type 01 class 0x060400
[   48.679122] pci 0000:04:03.0: supports D1 D2
[   48.679125] pci 0000:04:03.0: PME# supported from D0 D1 D2 D3hot D3cold
[   48.679305] pci 0000:04:04.0: [8086:1548] type 01 class 0x060400
[   48.679705] pci 0000:04:04.0: supports D1 D2
[   48.679709] pci 0000:04:04.0: PME# supported from D0 D1 D2 D3hot D3cold
[   48.679920] pci 0000:04:05.0: [8086:1548] type 01 class 0x060400
[   48.680307] pci 0000:04:05.0: supports D1 D2
[   48.680311] pci 0000:04:05.0: PME# supported from D0 D1 D2 D3hot D3cold
[   48.680530] pci 0000:04:06.0: [8086:1548] type 01 class 0x060400
[   48.680911] pci 0000:04:06.0: supports D1 D2
[   48.680916] pci 0000:04:06.0: PME# supported from D0 D1 D2 D3hot D3cold
[   48.681181] pci 0000:03:00.0: PCI bridge to [bus 04-3b]
[   48.681215] pci 0000:03:00.0:   bridge window [mem 0xe0000000-0xf60fffff]
[   48.681238] pci 0000:03:00.0:   bridge window [mem 0xb0000000-0xd1ffffff 64bit pref]
[   48.681457] pci 0000:04:00.0: PCI bridge to [bus 05]
[   48.681491] pci 0000:04:00.0:   bridge window [mem 0xf6000000-0xf60fffff]
[   48.681819] pci 0000:04:03.0: PCI bridge to [bus 06-30]
[   48.681851] pci 0000:04:03.0:   bridge window [mem 0xe0000000-0xedffffff]
[   48.681875] pci 0000:04:03.0:   bridge window [mem 0xb0000000-0xc9ffffff 64bit pref]
[   48.682097] pci 0000:04:04.0: PCI bridge to [bus 31-39]
[   48.682127] pci 0000:04:04.0:   bridge window [mem 0xee000000-0xf5ffffff]
[   48.682150] pci 0000:04:04.0:   bridge window [mem 0xca000000-0xd1ffffff 64bit pref]
[   48.682372] pci 0000:04:05.0: PCI bridge to [bus 3a]
[   48.682632] pci 0000:04:06.0: PCI bridge to [bus 3b]
[   48.682800] pci_bus 0000:04: Allocating resources
[   48.682884] pci 0000:04:00.0: bridge window [io  0x1000-0x0fff] to [bus 05] add_size 1000
[   48.682890] pci 0000:04:00.0: bridge window [mem 0x00100000-0x000fffff 64bit pref] to [bus 05] add_size 200000
[   48.682922] pci 0000:04:03.0: bridge window [io  0x1000-0x0fff] to [bus 06-30] add_size 1000
[   48.682956] pci 0000:04:04.0: bridge window [io  0x1000-0x0fff] to [bus 31-39] add_size 1000
[   48.682988] pci 0000:04:05.0: bridge window [io  0x1000-0x0fff] to [bus 3a] add_size 1000
[   48.682993] pci 0000:04:05.0: bridge window [mem 0x00100000-0x000fffff 64bit pref] to [bus 3a] add_size 200000
[   48.682997] pci 0000:04:05.0: bridge window [mem 0x00100000-0x000fffff] to [bus 3a] add_size 200000
[   48.683029] pci 0000:04:06.0: bridge window [io  0x1000-0x0fff] to [bus 3b] add_size 1000
[   48.683033] pci 0000:04:06.0: bridge window [mem 0x00100000-0x000fffff 64bit pref] to [bus 3b] add_size 200000
[   48.683037] pci 0000:04:06.0: bridge window [mem 0x00100000-0x000fffff] to [bus 3b] add_size 200000
[   48.683071] pci 0000:04:00.0: res[13]=[io  0x1000-0x0fff] get_res_add_size add_size 1000
[   48.683075] pci 0000:04:03.0: res[13]=[io  0x1000-0x0fff] get_res_add_size add_size 1000
[   48.683078] pci 0000:04:04.0: res[13]=[io  0x1000-0x0fff] get_res_add_size add_size 1000
[   48.683082] pci 0000:04:05.0: res[13]=[io  0x1000-0x0fff] get_res_add_size add_size 1000
[   48.683085] pci 0000:04:06.0: res[13]=[io  0x1000-0x0fff] get_res_add_size add_size 1000
[   48.683089] pci 0000:03:00.0: bridge window [io  0x1000-0x0fff] to [bus 04-3b] add_size 5000
[   48.683095] pci 0000:03:00.0: res[13]=[io  0x1000-0x0fff] get_res_add_size add_size 5000
[   48.683101] pci 0000:03:00.0: BAR 13: no space for [io  size 0x5000]
[   48.683104] pci 0000:03:00.0: BAR 13: failed to assign [io  size 0x5000]
[   48.683109] pci 0000:03:00.0: BAR 13: no space for [io  size 0x5000]
[   48.683113] pci 0000:03:00.0: BAR 13: failed to assign [io  size 0x5000]
[   48.683122] pci 0000:04:00.0: res[15]=[mem 0x00100000-0x000fffff 64bit pref] get_res_add_size add_size 200000
[   48.683125] pci 0000:04:05.0: res[14]=[mem 0x00100000-0x000fffff] get_res_add_size add_size 200000
[   48.683129] pci 0000:04:05.0: res[15]=[mem 0x00100000-0x000fffff 64bit pref] get_res_add_size add_size 200000
[   48.683133] pci 0000:04:06.0: res[14]=[mem 0x00100000-0x000fffff] get_res_add_size add_size 200000
[   48.683137] pci 0000:04:06.0: res[15]=[mem 0x00100000-0x000fffff 64bit pref] get_res_add_size add_size 200000
[   48.683140] pci 0000:04:00.0: res[13]=[io  0x1000-0x0fff] get_res_add_size add_size 1000
[   48.683144] pci 0000:04:03.0: res[13]=[io  0x1000-0x0fff] get_res_add_size add_size 1000
[   48.683147] pci 0000:04:04.0: res[13]=[io  0x1000-0x0fff] get_res_add_size add_size 1000
[   48.683151] pci 0000:04:05.0: res[13]=[io  0x1000-0x0fff] get_res_add_size add_size 1000
[   48.683154] pci 0000:04:06.0: res[13]=[io  0x1000-0x0fff] get_res_add_size add_size 1000
[   48.683162] pci 0000:04:00.0: BAR 15: no space for [mem size 0x00200000 64bit pref]
[   48.683166] pci 0000:04:00.0: BAR 15: failed to assign [mem size 0x00200000 64bit pref]
[   48.683171] pci 0000:04:05.0: BAR 14: no space for [mem size 0x00200000]
[   48.683174] pci 0000:04:05.0: BAR 14: failed to assign [mem size 0x00200000]
[   48.683180] pci 0000:04:05.0: BAR 15: no space for [mem size 0x00200000 64bit pref]
[   48.683184] pci 0000:04:05.0: BAR 15: failed to assign [mem size 0x00200000 64bit pref]
[   48.683188] pci 0000:04:06.0: BAR 14: no space for [mem size 0x00200000]
[   48.683191] pci 0000:04:06.0: BAR 14: failed to assign [mem size 0x00200000]
[   48.683196] pci 0000:04:06.0: BAR 15: no space for [mem size 0x00200000 64bit pref]
[   48.683199] pci 0000:04:06.0: BAR 15: failed to assign [mem size 0x00200000 64bit pref]
[   48.683202] pci 0000:04:00.0: BAR 13: no space for [io  size 0x1000]
[   48.683205] pci 0000:04:00.0: BAR 13: failed to assign [io  size 0x1000]
[   48.683208] pci 0000:04:03.0: BAR 13: no space for [io  size 0x1000]
[   48.683212] pci 0000:04:03.0: BAR 13: failed to assign [io  size 0x1000]
[   48.683215] pci 0000:04:04.0: BAR 13: no space for [io  size 0x1000]
[   48.683219] pci 0000:04:04.0: BAR 13: failed to assign [io  size 0x1000]
[   48.683222] pci 0000:04:05.0: BAR 13: no space for [io  size 0x1000]
[   48.683225] pci 0000:04:05.0: BAR 13: failed to assign [io  size 0x1000]
[   48.683228] pci 0000:04:06.0: BAR 13: no space for [io  size 0x1000]
[   48.683231] pci 0000:04:06.0: BAR 13: failed to assign [io  size 0x1000]
[   48.683238] pci 0000:04:06.0: BAR 14: no space for [mem size 0x00200000]
[   48.683241] pci 0000:04:06.0: BAR 14: failed to assign [mem size 0x00200000]
[   48.683246] pci 0000:04:06.0: BAR 15: no space for [mem size 0x00200000 64bit pref]
[   48.683249] pci 0000:04:06.0: BAR 15: failed to assign [mem size 0x00200000 64bit pref]
[   48.683253] pci 0000:04:06.0: BAR 13: no space for [io  size 0x1000]
[   48.683256] pci 0000:04:06.0: BAR 13: failed to assign [io  size 0x1000]
[   48.683260] pci 0000:04:05.0: BAR 14: no space for [mem size 0x00200000]
[   48.683263] pci 0000:04:05.0: BAR 14: failed to assign [mem size 0x00200000]
[   48.683269] pci 0000:04:05.0: BAR 15: no space for [mem size 0x00200000 64bit pref]
[   48.683272] pci 0000:04:05.0: BAR 15: failed to assign [mem size 0x00200000 64bit pref]
[   48.683276] pci 0000:04:05.0: BAR 13: no space for [io  size 0x1000]
[   48.683278] pci 0000:04:05.0: BAR 13: failed to assign [io  size 0x1000]
[   48.683281] pci 0000:04:04.0: BAR 13: no space for [io  size 0x1000]
[   48.683284] pci 0000:04:04.0: BAR 13: failed to assign [io  size 0x1000]
[   48.683287] pci 0000:04:03.0: BAR 13: no space for [io  size 0x1000]
[   48.683289] pci 0000:04:03.0: BAR 13: failed to assign [io  size 0x1000]
[   48.683294] pci 0000:04:00.0: BAR 15: no space for [mem size 0x00200000 64bit pref]
[   48.683298] pci 0000:04:00.0: BAR 15: failed to assign [mem size 0x00200000 64bit pref]
[   48.683301] pci 0000:04:00.0: BAR 13: no space for [io  size 0x1000]
[   48.683304] pci 0000:04:00.0: BAR 13: failed to assign [io  size 0x1000]
[   48.683309] pci 0000:04:00.0: PCI bridge to [bus 05]
[   48.683335] pci 0000:04:00.0:   bridge window [mem 0xf6000000-0xf60fffff]
[   48.683363] pci 0000:04:03.0: PCI bridge to [bus 06-30]
[   48.683380] pci 0000:04:03.0:   bridge window [mem 0xe0000000-0xedffffff]
[   48.683393] pci 0000:04:03.0:   bridge window [mem 0xb0000000-0xc9ffffff 64bit pref]
[   48.683413] pci 0000:04:04.0: PCI bridge to [bus 31-39]
[   48.683430] pci 0000:04:04.0:   bridge window [mem 0xee000000-0xf5ffffff]
[   48.683443] pci 0000:04:04.0:   bridge window [mem 0xca000000-0xd1ffffff 64bit pref]
[   48.683466] pci 0000:04:05.0: PCI bridge to [bus 3a]
[   48.683510] pci 0000:04:06.0: PCI bridge to [bus 3b]
[   48.683553] pci 0000:03:00.0: PCI bridge to [bus 04-3b]
[   48.683571] pci 0000:03:00.0:   bridge window [mem 0xe0000000-0xf60fffff]
[   48.683585] pci 0000:03:00.0:   bridge window [mem 0xb0000000-0xd1ffffff 64bit pref]
[   48.684457] pcieport 0000:03:00.0: irq 29 for MSI/MSI-X
[   48.685004] pcieport 0000:04:00.0: irq 30 for MSI/MSI-X
[   48.685545] pcieport 0000:04:03.0: irq 31 for MSI/MSI-X
[   48.686106] pcieport 0000:04:04.0: irq 32 for MSI/MSI-X
[   48.686647] pcieport 0000:04:05.0: irq 33 for MSI/MSI-X
[   48.687183] pcieport 0000:04:06.0: irq 34 for MSI/MSI-X
[   52.268176] pci 0000:06:00.0: [8086:1549] type 01 class 0x060400
[   52.268526] pci 0000:06:00.0: supports D1 D2
[   52.268528] pci 0000:06:00.0: PME# supported from D0 D1 D2 D3hot D3cold
[   52.268922] pci 0000:07:00.0: [8086:1549] type 01 class 0x060400
[   52.269279] pci 0000:07:00.0: supports D1 D2
[   52.269281] pci 0000:07:00.0: PME# supported from D0 D1 D2 D3hot D3cold
[   52.269518] pci 0000:06:00.0: PCI bridge to [bus 07-30]
[   52.269547] pci 0000:06:00.0:   bridge window [mem 0xe0000000-0xedffffff]
[   52.269565] pci 0000:06:00.0:   bridge window [mem 0xb0000000-0xc9ffffff 64bit pref]
[   52.269793] pci 0000:08:00.0: [14e4:1682] type 00 class 0x020000
[   52.269882] pci 0000:08:00.0: reg 0x10: [mem 0xb0000000-0xb000ffff 64bit pref]
[   52.269945] pci 0000:08:00.0: reg 0x18: [mem 0xb0010000-0xb001ffff 64bit pref]
[   52.270060] pci 0000:08:00.0: reg 0x30: [mem 0xe0100000-0xe010ffff pref]
[   52.270440] pci 0000:08:00.0: PME# supported from D0 D3hot D3cold
[   52.270695] pci 0000:07:00.0: PCI bridge to [bus 08]
[   52.270715] pci 0000:07:00.0:   bridge window [io  0xf000-0xe0000fff]
[   52.270725] pci 0000:07:00.0:   bridge window [mem 0xe0000000-0xe3ffffff]
[   52.270742] pci 0000:07:00.0:   bridge window [mem 0xb0000000-0xbfffffff 64bit pref]
[   52.270870] pci_bus 0000:04: Allocating resources
[   52.270877] pci 0000:07:00.0: can't claim BAR 13 [io  0xf000-0xe0000fff]: no compatible bridge window
[   52.270944] pcieport 0000:04:00.0: bridge window [io  0x1000-0x0fff] to [bus 05] add_size 1000
[   52.270950] pcieport 0000:04:00.0: bridge window [mem 0x00100000-0x000fffff 64bit pref] to [bus 05] add_size 200000
[   52.270973] pci 0000:07:00.0: bridge window [io  0x1000-0x0fff] to [bus 08] add_size 1000
[   52.270996] pci 0000:07:00.0: res[13]=[io  0x1000-0x0fff] get_res_add_size add_size 1000
[   52.271000] pci 0000:06:00.0: bridge window [io  0x1000-0x0fff] to [bus 07-30] add_size 1000
[   52.271017] pci 0000:06:00.0: res[13]=[io  0x1000-0x0fff] get_res_add_size add_size 1000
[   52.271021] pcieport 0000:04:03.0: bridge window [io  0x1000-0x0fff] to [bus 06-30] add_size 1000
[   52.271041] pcieport 0000:04:04.0: bridge window [io  0x1000-0x0fff] to [bus 31-39] add_size 1000
[   52.271059] pcieport 0000:04:05.0: bridge window [io  0x1000-0x0fff] to [bus 3a] add_size 1000
[   52.271064] pcieport 0000:04:05.0: bridge window [mem 0x00100000-0x000fffff 64bit pref] to [bus 3a] add_size 200000
[   52.271068] pcieport 0000:04:05.0: bridge window [mem 0x00100000-0x000fffff] to [bus 3a] add_size 200000
[   52.271085] pcieport 0000:04:06.0: bridge window [io  0x1000-0x0fff] to [bus 3b] add_size 1000
[   52.271090] pcieport 0000:04:06.0: bridge window [mem 0x00100000-0x000fffff 64bit pref] to [bus 3b] add_size 200000
[   52.271094] pcieport 0000:04:06.0: bridge window [mem 0x00100000-0x000fffff] to [bus 3b] add_size 200000
[   52.271111] pcieport 0000:04:00.0: res[13]=[io  0x1000-0x0fff] get_res_add_size add_size 1000
[   52.271116] pcieport 0000:04:03.0: res[13]=[io  0x1000-0x0fff] get_res_add_size add_size 1000
[   52.271119] pcieport 0000:04:04.0: res[13]=[io  0x1000-0x0fff] get_res_add_size add_size 1000
[   52.271123] pcieport 0000:04:05.0: res[13]=[io  0x1000-0x0fff] get_res_add_size add_size 1000
[   52.271126] pcieport 0000:04:06.0: res[13]=[io  0x1000-0x0fff] get_res_add_size add_size 1000
[   52.271130] pcieport 0000:03:00.0: bridge window [io  0x1000-0x0fff] to [bus 04-3b] add_size 5000
[   52.271136] pcieport 0000:03:00.0: res[13]=[io  0x1000-0x0fff] get_res_add_size add_size 5000
[   52.271142] pcieport 0000:03:00.0: BAR 13: no space for [io  size 0x5000]
[   52.271146] pcieport 0000:03:00.0: BAR 13: failed to assign [io  size 0x5000]
[   52.271151] pcieport 0000:03:00.0: BAR 13: no space for [io  size 0x5000]
[   52.271154] pcieport 0000:03:00.0: BAR 13: failed to assign [io  size 0x5000]
[   52.271163] pcieport 0000:04:00.0: res[15]=[mem 0x00100000-0x000fffff 64bit pref] get_res_add_size add_size 200000
[   52.271167] pcieport 0000:04:05.0: res[14]=[mem 0x00100000-0x000fffff] get_res_add_size add_size 200000
[   52.271171] pcieport 0000:04:05.0: res[15]=[mem 0x00100000-0x000fffff 64bit pref] get_res_add_size add_size 200000
[   52.271174] pcieport 0000:04:06.0: res[14]=[mem 0x00100000-0x000fffff] get_res_add_size add_size 200000
[   52.271178] pcieport 0000:04:06.0: res[15]=[mem 0x00100000-0x000fffff 64bit pref] get_res_add_size add_size 200000
[   52.271181] pcieport 0000:04:00.0: res[13]=[io  0x1000-0x0fff] get_res_add_size add_size 1000
[   52.271185] pcieport 0000:04:03.0: res[13]=[io  0x1000-0x0fff] get_res_add_size add_size 1000
[   52.271189] pcieport 0000:04:04.0: res[13]=[io  0x1000-0x0fff] get_res_add_size add_size 1000
[   52.271193] pcieport 0000:04:05.0: res[13]=[io  0x1000-0x0fff] get_res_add_size add_size 1000
[   52.271196] pcieport 0000:04:06.0: res[13]=[io  0x1000-0x0fff] get_res_add_size add_size 1000
[   52.271203] pcieport 0000:04:00.0: BAR 15: no space for [mem size 0x00200000 64bit pref]
[   52.271207] pcieport 0000:04:00.0: BAR 15: failed to assign [mem size 0x00200000 64bit pref]
[   52.271212] pcieport 0000:04:05.0: BAR 14: no space for [mem size 0x00200000]
[   52.271215] pcieport 0000:04:05.0: BAR 14: failed to assign [mem size 0x00200000]
[   52.271220] pcieport 0000:04:05.0: BAR 15: no space for [mem size 0x00200000 64bit pref]
[   52.271224] pcieport 0000:04:05.0: BAR 15: failed to assign [mem size 0x00200000 64bit pref]
[   52.271228] pcieport 0000:04:06.0: BAR 14: no space for [mem size 0x00200000]
[   52.271232] pcieport 0000:04:06.0: BAR 14: failed to assign [mem size 0x00200000]
[   52.271237] pcieport 0000:04:06.0: BAR 15: no space for [mem size 0x00200000 64bit pref]
[   52.271241] pcieport 0000:04:06.0: BAR 15: failed to assign [mem size 0x00200000 64bit pref]
[   52.271245] pcieport 0000:04:00.0: BAR 13: no space for [io  size 0x1000]
[   52.271248] pcieport 0000:04:00.0: BAR 13: failed to assign [io  size 0x1000]
[   52.271252] pcieport 0000:04:03.0: BAR 13: no space for [io  size 0x1000]
[   52.271255] pcieport 0000:04:03.0: BAR 13: failed to assign [io  size 0x1000]
[   52.271258] pcieport 0000:04:04.0: BAR 13: no space for [io  size 0x1000]
[   52.271262] pcieport 0000:04:04.0: BAR 13: failed to assign [io  size 0x1000]
[   52.271265] pcieport 0000:04:05.0: BAR 13: no space for [io  size 0x1000]
[   52.271268] pcieport 0000:04:05.0: BAR 13: failed to assign [io  size 0x1000]
[   52.271272] pcieport 0000:04:06.0: BAR 13: no space for [io  size 0x1000]
[   52.271275] pcieport 0000:04:06.0: BAR 13: failed to assign [io  size 0x1000]
[   52.271280] pcieport 0000:04:06.0: BAR 14: no space for [mem size 0x00200000]
[   52.271282] pcieport 0000:04:06.0: BAR 14: failed to assign [mem size 0x00200000]
[   52.271286] pcieport 0000:04:06.0: BAR 15: no space for [mem size 0x00200000 64bit pref]
[   52.271288] pcieport 0000:04:06.0: BAR 15: failed to assign [mem size 0x00200000 64bit pref]
[   52.271290] pcieport 0000:04:06.0: BAR 13: no space for [io  size 0x1000]
[   52.271292] pcieport 0000:04:06.0: BAR 13: failed to assign [io  size 0x1000]
[   52.271294] pcieport 0000:04:05.0: BAR 14: no space for [mem size 0x00200000]
[   52.271297] pcieport 0000:04:05.0: BAR 14: failed to assign [mem size 0x00200000]
[   52.271300] pcieport 0000:04:05.0: BAR 15: no space for [mem size 0x00200000 64bit pref]
[   52.271302] pcieport 0000:04:05.0: BAR 15: failed to assign [mem size 0x00200000 64bit pref]
[   52.271304] pcieport 0000:04:05.0: BAR 13: no space for [io  size 0x1000]
[   52.271306] pcieport 0000:04:05.0: BAR 13: failed to assign [io  size 0x1000]
[   52.271308] pcieport 0000:04:04.0: BAR 13: no space for [io  size 0x1000]
[   52.271310] pcieport 0000:04:04.0: BAR 13: failed to assign [io  size 0x1000]
[   52.271312] pcieport 0000:04:03.0: BAR 13: no space for [io  size 0x1000]
[   52.271314] pcieport 0000:04:03.0: BAR 13: failed to assign [io  size 0x1000]
[   52.271318] pcieport 0000:04:00.0: BAR 15: no space for [mem size 0x00200000 64bit pref]
[   52.271320] pcieport 0000:04:00.0: BAR 15: failed to assign [mem size 0x00200000 64bit pref]
[   52.271322] pcieport 0000:04:00.0: BAR 13: no space for [io  size 0x1000]
[   52.271324] pcieport 0000:04:00.0: BAR 13: failed to assign [io  size 0x1000]
[   52.271327] pci 0000:06:00.0: res[13]=[io  0x1000-0x0fff] get_res_add_size add_size 1000
[   52.271330] pci 0000:06:00.0: BAR 13: no space for [io  size 0x1000]
[   52.271331] pci 0000:06:00.0: BAR 13: failed to assign [io  size 0x1000]
[   52.271334] pci 0000:06:00.0: BAR 13: no space for [io  size 0x1000]
[   52.271336] pci 0000:06:00.0: BAR 13: failed to assign [io  size 0x1000]
[   52.271338] pci 0000:07:00.0: res[13]=[io  0x1000-0x0fff] get_res_add_size add_size 1000
[   52.271340] pci 0000:07:00.0: BAR 13: no space for [io  size 0x1000]
[   52.271342] pci 0000:07:00.0: BAR 13: failed to assign [io  size 0x1000]
[   52.271344] pci 0000:07:00.0: BAR 13: no space for [io  size 0x1000]
[   52.271346] pci 0000:07:00.0: BAR 13: failed to assign [io  size 0x1000]
[   52.271349] pci 0000:07:00.0: PCI bridge to [bus 08]
[   52.271361] pci 0000:07:00.0:   bridge window [mem 0xe0000000-0xe3ffffff]
[   52.271369] pci 0000:07:00.0:   bridge window [mem 0xb0000000-0xbfffffff 64bit pref]
[   52.271384] pci 0000:06:00.0: PCI bridge to [bus 07-30]
[   52.271395] pci 0000:06:00.0:   bridge window [mem 0xe0000000-0xedffffff]
[   52.271403] pci 0000:06:00.0:   bridge window [mem 0xb0000000-0xc9ffffff 64bit pref]
[   52.272135] pcieport 0000:06:00.0: irq 35 for MSI/MSI-X
[   52.272550] pcieport 0000:07:00.0: irq 36 for MSI/MSI-X
[   52.273181] pci_bus 0000:04: Allocating resources
[   52.273240] pcieport 0000:04:00.0: bridge window [io  0x1000-0x0fff] to [bus 05] add_size 1000
[   52.273243] pcieport 0000:04:00.0: bridge window [mem 0x00100000-0x000fffff 64bit pref] to [bus 05] add_size 200000
[   52.273264] pcieport 0000:07:00.0: bridge window [io  0x1000-0x0fff] to [bus 08] add_size 1000
[   52.273285] pcieport 0000:07:00.0: res[13]=[io  0x1000-0x0fff] get_res_add_size add_size 1000
[   52.273288] pcieport 0000:06:00.0: bridge window [io  0x1000-0x0fff] to [bus 07-30] add_size 1000
[   52.273301] pcieport 0000:06:00.0: res[13]=[io  0x1000-0x0fff] get_res_add_size add_size 1000
[   52.273303] pcieport 0000:04:03.0: bridge window [io  0x1000-0x0fff] to [bus 06-30] add_size 1000
[   52.273317] pcieport 0000:04:04.0: bridge window [io  0x1000-0x0fff] to [bus 31-39] add_size 1000
[   52.273331] pcieport 0000:04:05.0: bridge window [io  0x1000-0x0fff] to [bus 3a] add_size 1000
[   52.273334] pcieport 0000:04:05.0: bridge window [mem 0x00100000-0x000fffff 64bit pref] to [bus 3a] add_size 200000
[   52.273336] pcieport 0000:04:05.0: bridge window [mem 0x00100000-0x000fffff] to [bus 3a] add_size 200000
[   52.273350] pcieport 0000:04:06.0: bridge window [io  0x1000-0x0fff] to [bus 3b] add_size 1000
[   52.273352] pcieport 0000:04:06.0: bridge window [mem 0x00100000-0x000fffff 64bit pref] to [bus 3b] add_size 200000
[   52.273355] pcieport 0000:04:06.0: bridge window [mem 0x00100000-0x000fffff] to [bus 3b] add_size 200000
[   52.273368] pcieport 0000:04:00.0: res[13]=[io  0x1000-0x0fff] get_res_add_size add_size 1000
[   52.273370] pcieport 0000:04:03.0: res[13]=[io  0x1000-0x0fff] get_res_add_size add_size 1000
[   52.273373] pcieport 0000:04:04.0: res[13]=[io  0x1000-0x0fff] get_res_add_size add_size 1000
[   52.273375] pcieport 0000:04:05.0: res[13]=[io  0x1000-0x0fff] get_res_add_size add_size 1000
[   52.273377] pcieport 0000:04:06.0: res[13]=[io  0x1000-0x0fff] get_res_add_size add_size 1000
[   52.273380] pcieport 0000:03:00.0: bridge window [io  0x1000-0x0fff] to [bus 04-3b] add_size 5000
[   52.273383] pcieport 0000:03:00.0: res[13]=[io  0x1000-0x0fff] get_res_add_size add_size 5000
[   52.273387] pcieport 0000:03:00.0: BAR 13: no space for [io  size 0x5000]
[   52.273389] pcieport 0000:03:00.0: BAR 13: failed to assign [io  size 0x5000]
[   52.273392] pcieport 0000:03:00.0: BAR 13: no space for [io  size 0x5000]
[   52.273394] pcieport 0000:03:00.0: BAR 13: failed to assign [io  size 0x5000]
[   52.273399] pcieport 0000:04:00.0: res[15]=[mem 0x00100000-0x000fffff 64bit pref] get_res_add_size add_size 200000
[   52.273401] pcieport 0000:04:05.0: res[14]=[mem 0x00100000-0x000fffff] get_res_add_size add_size 200000
[   52.273404] pcieport 0000:04:05.0: res[15]=[mem 0x00100000-0x000fffff 64bit pref] get_res_add_size add_size 200000
[   52.273406] pcieport 0000:04:06.0: res[14]=[mem 0x00100000-0x000fffff] get_res_add_size add_size 200000
[   52.273408] pcieport 0000:04:06.0: res[15]=[mem 0x00100000-0x000fffff 64bit pref] get_res_add_size add_size 200000
[   52.273410] pcieport 0000:04:00.0: res[13]=[io  0x1000-0x0fff] get_res_add_size add_size 1000
[   52.273413] pcieport 0000:04:03.0: res[13]=[io  0x1000-0x0fff] get_res_add_size add_size 1000
[   52.273415] pcieport 0000:04:04.0: res[13]=[io  0x1000-0x0fff] get_res_add_size add_size 1000
[   52.273417] pcieport 0000:04:05.0: res[13]=[io  0x1000-0x0fff] get_res_add_size add_size 1000
[   52.273419] pcieport 0000:04:06.0: res[13]=[io  0x1000-0x0fff] get_res_add_size add_size 1000
[   52.273423] pcieport 0000:04:00.0: BAR 15: no space for [mem size 0x00200000 64bit pref]
[   52.273425] pcieport 0000:04:00.0: BAR 15: failed to assign [mem size 0x00200000 64bit pref]
[   52.273428] pcieport 0000:04:05.0: BAR 14: no space for [mem size 0x00200000]
[   52.273430] pcieport 0000:04:05.0: BAR 14: failed to assign [mem size 0x00200000]
[   52.273433] pcieport 0000:04:05.0: BAR 15: no space for [mem size 0x00200000 64bit pref]
[   52.273435] pcieport 0000:04:05.0: BAR 15: failed to assign [mem size 0x00200000 64bit pref]
[   52.273438] pcieport 0000:04:06.0: BAR 14: no space for [mem size 0x00200000]
[   52.273440] pcieport 0000:04:06.0: BAR 14: failed to assign [mem size 0x00200000]
[   52.273443] pcieport 0000:04:06.0: BAR 15: no space for [mem size 0x00200000 64bit pref]
[   52.273445] pcieport 0000:04:06.0: BAR 15: failed to assign [mem size 0x00200000 64bit pref]
[   52.273447] pcieport 0000:04:00.0: BAR 13: no space for [io  size 0x1000]
[   52.273449] pcieport 0000:04:00.0: BAR 13: failed to assign [io  size 0x1000]
[   52.273452] pcieport 0000:04:03.0: BAR 13: no space for [io  size 0x1000]
[   52.273454] pcieport 0000:04:03.0: BAR 13: failed to assign [io  size 0x1000]
[   52.273456] pcieport 0000:04:04.0: BAR 13: no space for [io  size 0x1000]
[   52.273458] pcieport 0000:04:04.0: BAR 13: failed to assign [io  size 0x1000]
[   52.273460] pcieport 0000:04:05.0: BAR 13: no space for [io  size 0x1000]
[   52.273462] pcieport 0000:04:05.0: BAR 13: failed to assign [io  size 0x1000]
[   52.273464] pcieport 0000:04:06.0: BAR 13: no space for [io  size 0x1000]
[   52.273466] pcieport 0000:04:06.0: BAR 13: failed to assign [io  size 0x1000]
[   52.273470] pcieport 0000:04:06.0: BAR 14: no space for [mem size 0x00200000]
[   52.273472] pcieport 0000:04:06.0: BAR 14: failed to assign [mem size 0x00200000]
[   52.273475] pcieport 0000:04:06.0: BAR 15: no space for [mem size 0x00200000 64bit pref]
[   52.273477] pcieport 0000:04:06.0: BAR 15: failed to assign [mem size 0x00200000 64bit pref]
[   52.273480] pcieport 0000:04:06.0: BAR 13: no space for [io  size 0x1000]
[   52.273482] pcieport 0000:04:06.0: BAR 13: failed to assign [io  size 0x1000]
[   52.273484] pcieport 0000:04:05.0: BAR 14: no space for [mem size 0x00200000]
[   52.273486] pcieport 0000:04:05.0: BAR 14: failed to assign [mem size 0x00200000]
[   52.273489] pcieport 0000:04:05.0: BAR 15: no space for [mem size 0x00200000 64bit pref]
[   52.273492] pcieport 0000:04:05.0: BAR 15: failed to assign [mem size 0x00200000 64bit pref]
[   52.273494] pcieport 0000:04:05.0: BAR 13: no space for [io  size 0x1000]
[   52.273496] pcieport 0000:04:05.0: BAR 13: failed to assign [io  size 0x1000]
[   52.273498] pcieport 0000:04:04.0: BAR 13: no space for [io  size 0x1000]
[   52.273500] pcieport 0000:04:04.0: BAR 13: failed to assign [io  size 0x1000]
[   52.273502] pcieport 0000:04:03.0: BAR 13: no space for [io  size 0x1000]
[   52.273504] pcieport 0000:04:03.0: BAR 13: failed to assign [io  size 0x1000]
[   52.273507] pcieport 0000:04:00.0: BAR 15: no space for [mem size 0x00200000 64bit pref]
[   52.273510] pcieport 0000:04:00.0: BAR 15: failed to assign [mem size 0x00200000 64bit pref]
[   52.273512] pcieport 0000:04:00.0: BAR 13: no space for [io  size 0x1000]
[   52.273514] pcieport 0000:04:00.0: BAR 13: failed to assign [io  size 0x1000]
[   52.273517] pcieport 0000:06:00.0: res[13]=[io  0x1000-0x0fff] get_res_add_size add_size 1000
[   52.273519] pcieport 0000:06:00.0: BAR 13: no space for [io  size 0x1000]
[   52.273521] pcieport 0000:06:00.0: BAR 13: failed to assign [io  size 0x1000]
[   52.273523] pcieport 0000:06:00.0: BAR 13: no space for [io  size 0x1000]
[   52.273525] pcieport 0000:06:00.0: BAR 13: failed to assign [io  size 0x1000]
[   52.273528] pcieport 0000:07:00.0: res[13]=[io  0x1000-0x0fff] get_res_add_size add_size 1000
[   52.273530] pcieport 0000:07:00.0: BAR 13: no space for [io  size 0x1000]
[   52.273532] pcieport 0000:07:00.0: BAR 13: failed to assign [io  size 0x1000]
[   52.273534] pcieport 0000:07:00.0: BAR 13: no space for [io  size 0x1000]
[   52.273536] pcieport 0000:07:00.0: BAR 13: failed to assign [io  size 0x1000]
[   52.281153] pps_core: LinuxPPS API ver. 1 registered
[   52.281158] pps_core: Software ver. 5.3.6 - Copyright 2005-2007 Rodolfo Giometti <giometti@linux.it>
[   52.281840] PTP clock support registered
[   52.284097] tg3.c:v3.137 (May 11, 2014)
[   52.320288] tg3 0000:08:00.0 eth0: Tigon3 [partno(BCM957762) rev 57766000] (PCI Express) MAC address 40:6c:8f:39:1b:19
[   52.320294] tg3 0000:08:00.0 eth0: attached PHY is 57765 (10/100/1000Base-T Ethernet) (WireSpeed[1], EEE[1])
[   52.320297] tg3 0000:08:00.0 eth0: RXcsums[1] LinkChgREG[0] MIirq[0] ASF[0] TSOcap[1]
[   52.320300] tg3 0000:08:00.0 eth0: dma_rwctrl[00000001] dma_mask[64-bit]
[   52.331414] tg3 0000:08:00.0 p9p1: renamed from eth0
[   52.346444] systemd-udevd[2516]: renamed network interface eth0 to p9p1
[   52.383526] tg3 0000:08:00.0: irq 37 for MSI/MSI-X
[   52.383533] tg3 0000:08:00.0: irq 38 for MSI/MSI-X
[   52.383537] tg3 0000:08:00.0: irq 39 for MSI/MSI-X
[   52.383541] tg3 0000:08:00.0: irq 40 for MSI/MSI-X
[   52.383544] tg3 0000:08:00.0: irq 41 for MSI/MSI-X
[   52.550466] IPv6: ADDRCONF(NETDEV_UP): p9p1: link is not ready
